Archive member included to satisfy reference by file (symbol)

C:/Users/basat/Downloads/uart/uart/libdriver.a(gpio.o)
                              ./main.o (GPIOPinTypeUART)
C:/Users/basat/Downloads/uart/uart/libdriver.a(interrupt.o)
                              C:/Users/basat/Downloads/uart/uart/libdriver.a(gpio.o) (IntRegister)
C:/Users/basat/Downloads/uart/uart/libdriver.a(sysctl.o)
                              ./main.o (SysCtlPeripheralEnable)
C:/Users/basat/Downloads/uart/uart/libdriver.a(systick.o)
                              ./main.o (SysTickEnable)
C:/Users/basat/Downloads/uart/uart/libdriver.a(uart.o)
                              ./main.o (UARTConfigSetExpClk)
C:/Users/basat/Downloads/uart/uart/libdriver.a(cpu.o)
                              C:/Users/basat/Downloads/uart/uart/libdriver.a(interrupt.o) (CPUcpsid)
c:/ti/ccs1250/ccs/tools/compiler/gcc-arm-none-eabi-9-2019-q4-major/bin/../lib/gcc/arm-none-eabi/9.2.1/thumb/v7e-m/nofp\libgcc.a(_arm_muldf3.o)
                              ./main.o (__aeabi_dmul)
c:/ti/ccs1250/ccs/tools/compiler/gcc-arm-none-eabi-9-2019-q4-major/bin/../lib/gcc/arm-none-eabi/9.2.1/thumb/v7e-m/nofp\libgcc.a(_arm_addsubdf3.o)
                              ./main.o (__aeabi_i2d)
c:/ti/ccs1250/ccs/tools/compiler/gcc-arm-none-eabi-9-2019-q4-major/bin/../lib/gcc/arm-none-eabi/9.2.1/thumb/v7e-m/nofp\libgcc.a(_arm_muldivdf3.o)
                              ./main.o (__aeabi_ddiv)
c:/ti/ccs1250/ccs/tools/compiler/gcc-arm-none-eabi-9-2019-q4-major/bin/../lib/gcc/arm-none-eabi/9.2.1/thumb/v7e-m/nofp\libgcc.a(_arm_truncdfsf2.o)
                              ./main.o (__aeabi_d2f)
c:/ti/ccs1250/ccs/tools/compiler/gcc-arm-none-eabi-9-2019-q4-major/bin/../lib/gcc/arm-none-eabi/9.2.1/thumb/v7e-m/nofp\libgcc.a(_arm_fixsfsi.o)
                              ./main.o (__aeabi_f2iz)
c:/ti/ccs1250/ccs/tools/compiler/gcc-arm-none-eabi-9-2019-q4-major/bin/../lib/gcc/arm-none-eabi/9.2.1/../../../../arm-none-eabi/lib/thumb/v7e-m/nofp\libg.a(lib_a-atoi.o)
                              ./main.o (atoi)
c:/ti/ccs1250/ccs/tools/compiler/gcc-arm-none-eabi-9-2019-q4-major/bin/../lib/gcc/arm-none-eabi/9.2.1/../../../../arm-none-eabi/lib/thumb/v7e-m/nofp\libg.a(lib_a-exit.o)
                              c:/ti/ccs1250/ccs/tools/compiler/gcc-arm-none-eabi-9-2019-q4-major/bin/../lib/gcc/arm-none-eabi/9.2.1/../../../../arm-none-eabi/lib/thumb/v7e-m/nofp/crt0.o (exit)
c:/ti/ccs1250/ccs/tools/compiler/gcc-arm-none-eabi-9-2019-q4-major/bin/../lib/gcc/arm-none-eabi/9.2.1/../../../../arm-none-eabi/lib/thumb/v7e-m/nofp\libg.a(lib_a-impure.o)
                              c:/ti/ccs1250/ccs/tools/compiler/gcc-arm-none-eabi-9-2019-q4-major/bin/../lib/gcc/arm-none-eabi/9.2.1/../../../../arm-none-eabi/lib/thumb/v7e-m/nofp\libg.a(lib_a-exit.o) (_global_impure_ptr)
c:/ti/ccs1250/ccs/tools/compiler/gcc-arm-none-eabi-9-2019-q4-major/bin/../lib/gcc/arm-none-eabi/9.2.1/../../../../arm-none-eabi/lib/thumb/v7e-m/nofp\libg.a(lib_a-init.o)
                              c:/ti/ccs1250/ccs/tools/compiler/gcc-arm-none-eabi-9-2019-q4-major/bin/../lib/gcc/arm-none-eabi/9.2.1/../../../../arm-none-eabi/lib/thumb/v7e-m/nofp/crt0.o (__libc_init_array)
c:/ti/ccs1250/ccs/tools/compiler/gcc-arm-none-eabi-9-2019-q4-major/bin/../lib/gcc/arm-none-eabi/9.2.1/../../../../arm-none-eabi/lib/thumb/v7e-m/nofp\libg.a(lib_a-memcpy.o)
                              ./main.o (memcpy)
c:/ti/ccs1250/ccs/tools/compiler/gcc-arm-none-eabi-9-2019-q4-major/bin/../lib/gcc/arm-none-eabi/9.2.1/../../../../arm-none-eabi/lib/thumb/v7e-m/nofp\libg.a(lib_a-memset.o)
                              c:/ti/ccs1250/ccs/tools/compiler/gcc-arm-none-eabi-9-2019-q4-major/bin/../lib/gcc/arm-none-eabi/9.2.1/../../../../arm-none-eabi/lib/thumb/v7e-m/nofp/crt0.o (memset)
c:/ti/ccs1250/ccs/tools/compiler/gcc-arm-none-eabi-9-2019-q4-major/bin/../lib/gcc/arm-none-eabi/9.2.1/../../../../arm-none-eabi/lib/thumb/v7e-m/nofp\libg.a(lib_a-strcmp.o)
                              ./main.o (strcmp)
c:/ti/ccs1250/ccs/tools/compiler/gcc-arm-none-eabi-9-2019-q4-major/bin/../lib/gcc/arm-none-eabi/9.2.1/../../../../arm-none-eabi/lib/thumb/v7e-m/nofp\libg.a(lib_a-strtol.o)
                              c:/ti/ccs1250/ccs/tools/compiler/gcc-arm-none-eabi-9-2019-q4-major/bin/../lib/gcc/arm-none-eabi/9.2.1/../../../../arm-none-eabi/lib/thumb/v7e-m/nofp\libg.a(lib_a-atoi.o) (_strtol_r)
c:/ti/ccs1250/ccs/tools/compiler/gcc-arm-none-eabi-9-2019-q4-major/bin/../lib/gcc/arm-none-eabi/9.2.1/../../../../arm-none-eabi/lib/thumb/v7e-m/nofp\libg.a(lib_a-__call_atexit.o)
                              c:/ti/ccs1250/ccs/tools/compiler/gcc-arm-none-eabi-9-2019-q4-major/bin/../lib/gcc/arm-none-eabi/9.2.1/../../../../arm-none-eabi/lib/thumb/v7e-m/nofp\libg.a(lib_a-exit.o) (__call_exitprocs)
c:/ti/ccs1250/ccs/tools/compiler/gcc-arm-none-eabi-9-2019-q4-major/bin/../lib/gcc/arm-none-eabi/9.2.1/../../../../arm-none-eabi/lib/thumb/v7e-m/nofp\libg.a(lib_a-atexit.o)
[...]
Memory Configuration

Name             Origin             Length             Attributes
FLASH            0x00000000         0x00040000         xr
SRAM             0x20000000         0x00008000         xw
*default*        0x00000000         0xffffffff

Linker script and memory map

LOAD c:/ti/ccs1250/ccs/tools/compiler/gcc-arm-none-eabi-9-2019-q4-major/bin/../lib/gcc/arm-none-eabi/9.2.1/thumb/v7e-m/nofp/crti.o
LOAD c:/ti/ccs1250/ccs/tools/compiler/gcc-arm-none-eabi-9-2019-q4-major/bin/../lib/gcc/arm-none-eabi/9.2.1/thumb/v7e-m/nofp/crtbegin.o
LOAD c:/ti/ccs1250/ccs/tools/compiler/gcc-arm-none-eabi-9-2019-q4-major/bin/../lib/gcc/arm-none-eabi/9.2.1/../../../../arm-none-eabi/lib/thumb/v7e-m/nofp/crt0.o
LOAD ./GPIO.o
LOAD ./keypad.o
LOAD ./main.o
LOAD ./tm4c123gh6pm_startup_ccs_gcc.o
                0x00000000                PROVIDE (_intvecs_base_address = 0x0)

.intvecs        0x00000000      0x26c
 *(.intvecs)
 .intvecs       0x00000000      0x26c ./tm4c123gh6pm_startup_ccs_gcc.o
                0x00000000                g_pfnVectors
                0x20000000                PROVIDE (_vtable_base_address = 0x20000000)

.vtable
 *(.vtable)

.text           0x00000280     0x46cc
 CREATE_OBJECT_SYMBOLS
 *(.text)
 .text          0x00000280        0x0 c:/ti/ccs1250/ccs/tools/compiler/gcc-arm-none-eabi-9-2019-q4-major/bin/../lib/gcc/arm-none-eabi/9.2.1/thumb/v7e-m/nofp/crti.o
 .text          0x00000280       0x40 c:/ti/ccs1250/ccs/tools/compiler/gcc-arm-none-eabi-9-2019-q4-major/bin/../lib/gcc/arm-none-eabi/9.2.1/thumb/v7e-m/nofp/crtbegin.o
 .text          0x000002c0       0x74 c:/ti/ccs1250/ccs/tools/compiler/gcc-arm-none-eabi-9-2019-q4-major/bin/../lib/gcc/arm-none-eabi/9.2.1/../../../../arm-none-eabi/lib/thumb/v7e-m/nofp/crt0.o
                0x000002c0                _start
                0x000002c0                _mainCRTStartup
 .text          0x00000334        0x0 ./GPIO.o
 .text          0x00000334        0x0 ./keypad.o
 .text          0x00000334        0x0 ./main.o
 .text          0x00000334        0x0 ./tm4c123gh6pm_startup_ccs_gcc.o
 .text          0x00000334        0x0 C:/Users/basat/Downloads/uart/uart/libdriver.a(gpio.o)
 .text          0x00000334        0x0 C:/Users/basat/Downloads/uart/uart/libdriver.a(interrupt.o)
 .text          0x00000334        0x0 C:/Users/basat/Downloads/uart/uart/libdriver.a(sysctl.o)
 .text          0x00000334        0x0 C:/Users/basat/Downloads/uart/uart/libdriver.a(systick.o)
 .text          0x00000334        0x0 C:/Users/basat/Downloads/uart/uart/libdriver.a(uart.o)
 .text          0x00000334        0x0 C:/Users/basat/Downloads/uart/uart/libdriver.a(cpu.o)
 .text          0x00000334      0x254 c:/ti/ccs1250/ccs/tools/compiler/gcc-arm-none-eabi-9-2019-q4-major/bin/../lib/gcc/arm-none-eabi/9.2.1/thumb/v7e-m/nofp\libgcc.a(_arm_muldf3.o)
 .text          0x00000588      0x378 c:/ti/ccs1250/ccs/tools/compiler/gcc-arm-none-eabi-9-2019-q4-major/bin/../lib/gcc/arm-none-eabi/9.2.1/thumb/v7e-m/nofp\libgcc.a(_arm_addsubdf3.o)
                0x00000588                __aeabi_drsub
                0x00000590                __aeabi_dsub
                0x00000590                __subdf3
                0x00000594                __aeabi_dadd
                0x00000594                __adddf3
                0x0000080c                __floatunsidf
                0x0000080c                __aeabi_ui2d
                0x0000082c                __floatsidf
                0x0000082c                __aeabi_i2d
                0x00000850                __aeabi_f2d
                0x00000850                __extendsfdf2
                0x00000894                __floatundidf
                0x00000894                __aeabi_ul2d
                0x000008a4                __floatdidf
                0x000008a4                __aeabi_l2d
 .text          0x00000900      0x424 c:/ti/ccs1250/ccs/tools/compiler/gcc-arm-none-eabi-9-2019-q4-major/bin/../lib/gcc/arm-none-eabi/9.2.1/thumb/v7e-m/nofp\libgcc.a(_arm_muldivdf3.o)
                0x00000900                __aeabi_dmul
                0x00000900                __muldf3
                0x00000b54                __divdf3
                0x00000b54                __aeabi_ddiv
 .text          0x00000d24       0xa0 c:/ti/ccs1250/ccs/tools/compiler/gcc-arm-none-eabi-9-2019-q4-major/bin/../lib/gcc/arm-none-eabi/9.2.1/thumb/v7e-m/nofp\libgcc.a(_arm_truncdfsf2.o)
                0x00000d24                __truncdfsf2
                0x00000d24                __aeabi_d2f
 .text          0x00000dc4       0x4c c:/ti/ccs1250/ccs/tools/compiler/gcc-arm-none-eabi-9-2019-q4-major/bin/../lib/gcc/arm-none-eabi/9.2.1/thumb/v7e-m/nofp\libgcc.a(_arm_fixsfsi.o)
                0x00000dc4                __aeabi_f2iz
                0x00000dc4                __fixsfsi
 .text          0x00000e10        0x0 c:/ti/ccs1250/ccs/tools/compiler/gcc-arm-none-eabi-9-2019-q4-major/bin/../lib/gcc/arm-none-eabi/9.2.1/../../../../arm-none-eabi/lib/thumb/v7e-m/nofp\libg.a(lib_a-atoi.o)
 .text          0x00000e10        0x0 c:/ti/ccs1250/ccs/tools/compiler/gcc-arm-none-eabi-9-2019-q4-major/bin/../lib/gcc/arm-none-eabi/9.2.1/../../../../arm-none-eabi/lib/thumb/v7e-m/nofp\libg.a(lib_a-exit.o)
 .text          0x00000e10        0x0 c:/ti/ccs1250/ccs/tools/compiler/gcc-arm-none-eabi-9-2019-q4-major/bin/../lib/gcc/arm-none-eabi/9.2.1/../../../../arm-none-eabi/lib/thumb/v7e-m/nofp\libg.a(lib_a-impure.o)
 .text          0x00000e10        0x0 c:/ti/ccs1250/ccs/tools/compiler/gcc-arm-none-eabi-9-2019-q4-major/bin/../lib/gcc/arm-none-eabi/9.2.1/../../../../arm-none-eabi/lib/thumb/v7e-m/nofp\libg.a(lib_a-init.o)
 .text          0x00000e10      0x134 c:/ti/ccs1250/ccs/tools/compiler/gcc-arm-none-eabi-9-2019-q4-major/bin/../lib/gcc/arm-none-eabi/9.2.1/../../../../arm-none-eabi/lib/thumb/v7e-m/nofp\libg.a(lib_a-memcpy.o)
                0x00000e10                memcpy
 .text          0x00000f44        0x0 c:/ti/ccs1250/ccs/tools/compiler/gcc-arm-none-eabi-9-2019-q4-major/bin/../lib/gcc/arm-none-eabi/9.2.1/../../../../arm-none-eabi/lib/thumb/v7e-m/nofp\libg.a(lib_a-memset.o)
 *fill*         0x00000f44       0x1c 
 .text          0x00000f60      0x2dc c:/ti/ccs1250/ccs/tools/compiler/gcc-arm-none-eabi-9-2019-q4-major/bin/../lib/gcc/arm-none-eabi/9.2.1/../../../../arm-none-eabi/lib/thumb/v7e-m/nofp\libg.a(lib_a-strcmp.o)
                0x00000f68                strcmp
 .text          0x0000123c        0x0 c:/ti/ccs1250/ccs/tools/compiler/gcc-arm-none-eabi-9-2019-q4-major/bin/../lib/gcc/arm-none-eabi/9.2.1/../../../../arm-none-eabi/lib/thumb/v7e-m/nofp\libg.a(lib_a-strtol.o)
 .text          0x0000123c        0x0 c:/ti/ccs1250/ccs/tools/compiler/gcc-arm-none-eabi-9-2019-q4-major/bin/../lib/gcc/arm-none-eabi/9.2.1/../../../../arm-none-eabi/lib/thumb/v7e-m/nofp\libg.a(lib_a-__call_atexit.o)
 .text          0x0000123c        0x0 c:/ti/ccs1250/ccs/tools/compiler/gcc-arm-none-eabi-9-2019-q4-major/bin/../lib/gcc/arm-none-eabi/9.2.1/../../../../arm-none-eabi/lib/thumb/v7e-m/nofp\libg.a(lib_a-atexit.o)
 .text          0x0000123c        0x0 c:/ti/ccs1250/ccs/tools/compiler/gcc-arm-none-eabi-9-2019-q4-major/bin/../lib/gcc/arm-none-eabi/9.2.1/../../../../arm-none-eabi/lib/thumb/v7e-m/nofp\libg.a(lib_a-ctype_.o)
 .text          0x0000123c        0x0 c:/ti/ccs1250/ccs/tools/compiler/gcc-arm-none-eabi-9-2019-q4-major/bin/../lib/gcc/arm-none-eabi/9.2.1/../../../../arm-none-eabi/lib/thumb/v7e-m/nofp\libg.a(lib_a-fini.o)
 .text          0x0000123c        0x0 c:/ti/ccs1250/ccs/tools/compiler/gcc-arm-none-eabi-9-2019-q4-major/bin/../lib/gcc/arm-none-eabi/9.2.1/../../../../arm-none-eabi/lib/thumb/v7e-m/nofp\libg.a(lib_a-lock.o)
 .text          0x0000123c        0x0 c:/ti/ccs1250/ccs/tools/compiler/gcc-arm-none-eabi-9-2019-q4-major/bin/../lib/gcc/arm-none-eabi/9.2.1/../../../../arm-none-eabi/lib/thumb/v7e-m/nofp\libg.a(lib_a-__atexit.o)
 .text          0x0000123c        0x0 c:/ti/ccs1250/ccs/tools/compiler/gcc-arm-none-eabi-9-2019-q4-major/bin/../lib/gcc/arm-none-eabi/9.2.1/../../../../arm-none-eabi/lib/thumb/v7e-m/nofp\libnosys.a(_exit.o)
 .text          0x0000123c        0x0 c:/ti/ccs1250/ccs/tools/compiler/gcc-arm-none-eabi-9-2019-q4-major/bin/../lib/gcc/arm-none-eabi/9.2.1/thumb/v7e-m/nofp/crtend.o
 .text          0x0000123c        0x0 c:/ti/ccs1250/ccs/tools/compiler/gcc-arm-none-eabi-9-2019-q4-major/bin/../lib/gcc/arm-none-eabi/9.2.1/thumb/v7e-m/nofp/crtn.o
 *(.text.*)
 .text.GPIOA_INIT
                0x0000123c       0x90 ./GPIO.o
                0x0000123c                GPIOA_INIT
 .text.GPIOB_INIT
                0x000012cc       0x98 ./GPIO.o
                0x000012cc                GPIOB_INIT
 .text.GPIOC_INIT
                0x00001364       0x6c ./GPIO.o
                0x00001364                GPIOC_INIT
 .text.GPIOD_INIT
                0x000013d0       0x84 ./GPIO.o
                0x000013d0                GPIOD_INIT
 .text.GPIOE_INIT
                0x00001454       0x58 ./GPIO.o
                0x00001454                GPIOE_INIT
 .text.GPIOF_INIT
                0x000014ac       0xc0 ./GPIO.o
                0x000014ac                GPIOF_INIT
 .text.GPIOPortA_Handler
                0x0000156c        0xc ./GPIO.o
                0x0000156c                GPIOPortA_Handler
 .text.GPIOPortB_Handler
                0x00001578        0xc ./GPIO.o
                0x00001578                GPIOPortB_Handler
 .text.GPIOPortC_Handler
                0x00001584        0xc ./GPIO.o
                0x00001584                GPIOPortC_Handler
 .text.GPIOPortF_Handler
                0x00001590        0xc ./GPIO.o
                0x00001590                GPIOPortF_Handler
 .text.keypad_init
                0x0000159c       0x1c ./keypad.o
                0x0000159c                keypad_init
 .text.isKeyPressed
                0x000015b8       0x2c ./keypad.o
                0x000015b8                isKeyPressed
 .text.readkey  0x000015e4       0xb8 ./keypad.o
                0x000015e4                readkey
 .text.delay_1_Ms
                0x0000169c       0x3a ./keypad.o
                0x0000169c                delay_1_Ms
 *fill*         0x000016d6        0x2 
 .text.SysTick_Handler
                0x000016d8       0xd0 ./main.o
                0x000016d8                SysTick_Handler
 .text.SSD_init
                0x000017a8       0x5c ./main.o
                0x000017a8                SSD_init
 .text.check_win
                0x00001804      0x14c ./main.o
                0x00001804                check_win
 .text.Timer1_Handler
                0x00001950       0x64 ./main.o
                0x00001950                Timer1_Handler
 .text.map      0x000019b4       0x36 ./main.o
                0x000019b4                map
 *fill*         0x000019ea        0x6 
 .text.main     0x000019f0      0x588 ./main.o
                0x000019f0                main
 .text.SSD_Display
                0x00001f78      0x354 ./main.o
                0x00001f78                SSD_Display
 .text.UART0_Transmitter
                0x000022cc       0x30 ./main.o
                0x000022cc                UART0_Transmitter
 .text.printstring
                0x000022fc       0x2a ./main.o
                0x000022fc                printstring
 *fill*         0x00002326        0x2 
 .text.command_parser
                0x00002328      0x62c ./main.o
                0x00002328                command_parser
 .text.delayMs  0x00002954      0x1ec ./main.o
                0x00002954                delayMs
 .text.wait     0x00002b40       0x3e ./main.o
                0x00002b40                wait
 .text.delay_lcd
                0x00002b7e       0x3e ./main.o
                0x00002b7e                delay_lcd
 .text.LCD_Initialization
                0x00002bbc       0xe4 ./main.o
                0x00002bbc                LCD_Initialization
 .text.writeStringLCD
                0x00002ca0       0x9c ./main.o
                0x00002ca0                writeStringLCD
 .text.InstrEnablePulse
                0x00002d3c       0x24 ./main.o
                0x00002d3c                InstrEnablePulse
 .text.DataEnablePulse
                0x00002d60       0x24 ./main.o
                0x00002d60                DataEnablePulse
 .text.ClearLCD
                0x00002d84       0x18 ./main.o
                0x00002d84                ClearLCD
 .text.ResetISR
                0x00002d9c       0x6c ./tm4c123gh6pm_startup_ccs_gcc.o
                0x00002d9c                ResetISR
 .text.NmiSR    0x00002e08        0x6 ./tm4c123gh6pm_startup_ccs_gcc.o
 .text.FaultISR
                0x00002e0e        0x6 ./tm4c123gh6pm_startup_ccs_gcc.o
 .text.IntDefaultHandler
                0x00002e14        0x6 ./tm4c123gh6pm_startup_ccs_gcc.o
 *fill*         0x00002e1a        0x2 
 .text.GPIOPortF_Handler
                0x00002e1c       0xdc ./tm4c123gh6pm_startup_ccs_gcc.o
 .text.GPIOPortC_Handler
                0x00002ef8       0x7c ./tm4c123gh6pm_startup_ccs_gcc.o
 .text._GPIOIntNumberGet
                0x00002f74       0x44 C:/Users/basat/Downloads/uart/uart/libdriver.a(gpio.o)
 .text.GPIODirModeSet
                0x00002fb8       0x26 C:/Users/basat/Downloads/uart/uart/libdriver.a(gpio.o)
                0x00002fb8                GPIODirModeSet
 .text.GPIODirModeGet
                0x00002fde       0x26 C:/Users/basat/Downloads/uart/uart/libdriver.a(gpio.o)
                0x00002fde                GPIODirModeGet
 .text.GPIOIntTypeSet
                0x00003004       0x4e C:/Users/basat/Downloads/uart/uart/libdriver.a(gpio.o)
                0x00003004                GPIOIntTypeSet
 .text.GPIOIntTypeGet
                0x00003052       0x40 C:/Users/basat/Downloads/uart/uart/libdriver.a(gpio.o)
                0x00003052                GPIOIntTypeGet
 .text.GPIOPadConfigSet
                0x00003092      0x106 C:/Users/basat/Downloads/uart/uart/libdriver.a(gpio.o)
                0x00003092                GPIOPadConfigSet
 .text.GPIOPadConfigGet
                0x00003198       0xd0 C:/Users/basat/Downloads/uart/uart/libdriver.a(gpio.o)
                0x00003198                GPIOPadConfigGet
 .text.GPIOIntEnable
                0x00003268        0xc C:/Users/basat/Downloads/uart/uart/libdriver.a(gpio.o)
                0x00003268                GPIOIntEnable
 .text.GPIOIntDisable
                0x00003274        0xe C:/Users/basat/Downloads/uart/uart/libdriver.a(gpio.o)
                0x00003274                GPIOIntDisable
 .text.GPIOIntStatus
                0x00003282        0xe C:/Users/basat/Downloads/uart/uart/libdriver.a(gpio.o)
                0x00003282                GPIOIntStatus
 .text.GPIOIntClear
                0x00003290        0x6 C:/Users/basat/Downloads/uart/uart/libdriver.a(gpio.o)
                0x00003290                GPIOIntClear
 .text.GPIOIntRegister
                0x00003296       0x1c C:/Users/basat/Downloads/uart/uart/libdriver.a(gpio.o)
                0x00003296                GPIOIntRegister
 .text.GPIOIntUnregister
                0x000032b2       0x16 C:/Users/basat/Downloads/uart/uart/libdriver.a(gpio.o)
                0x000032b2                GPIOIntUnregister
 .text.GPIOPinRead
                0x000032c8        0x6 C:/Users/basat/Downloads/uart/uart/libdriver.a(gpio.o)
                0x000032c8                GPIOPinRead
 .text.GPIOPinWrite
                0x000032ce        0x6 C:/Users/basat/Downloads/uart/uart/libdriver.a(gpio.o)
                0x000032ce                GPIOPinWrite
 .text.GPIOPinTypeADC
                0x000032d4       0x18 C:/Users/basat/Downloads/uart/uart/libdriver.a(gpio.o)
                0x000032d4                GPIOPinTypeADC
 .text.GPIOPinTypeCAN
                0x000032ec       0x18 C:/Users/basat/Downloads/uart/uart/libdriver.a(gpio.o)
                0x000032ec                GPIOPinTypeCAN
 .text.GPIOPinTypeComparator
                0x00003304        0x4 C:/Users/basat/Downloads/uart/uart/libdriver.a(gpio.o)
                0x00003304                GPIOPinTypeComparator
 .text.GPIOPinTypeEPI
                0x00003308        0x4 C:/Users/basat/Downloads/uart/uart/libdriver.a(gpio.o)
                0x00003308                GPIOPinTypeEPI
 .text.GPIOPinTypeEthernetLED
                0x0000330c        0x4 C:/Users/basat/Downloads/uart/uart/libdriver.a(gpio.o)
                0x0000330c                GPIOPinTypeEthernetLED
 .text.GPIOPinTypeEthernetMII
                0x00003310        0x4 C:/Users/basat/Downloads/uart/uart/libdriver.a(gpio.o)
                0x00003310                GPIOPinTypeEthernetMII
 .text.GPIOPinTypeGPIOInput
                0x00003314       0x18 C:/Users/basat/Downloads/uart/uart/libdriver.a(gpio.o)
                0x00003314                GPIOPinTypeGPIOInput
 .text.GPIOPinTypeGPIOOutput
                0x0000332c       0x18 C:/Users/basat/Downloads/uart/uart/libdriver.a(gpio.o)
                0x0000332c                GPIOPinTypeGPIOOutput
 .text.GPIOPinTypeGPIOOutputOD
                0x00003344       0x18 C:/Users/basat/Downloads/uart/uart/libdriver.a(gpio.o)
                0x00003344                GPIOPinTypeGPIOOutputOD
 .text.GPIOPinTypeI2C
                0x0000335c       0x18 C:/Users/basat/Downloads/uart/uart/libdriver.a(gpio.o)
                0x0000335c                GPIOPinTypeI2C
 .text.GPIOPinTypeI2CSCL
                0x00003374       0x18 C:/Users/basat/Downloads/uart/uart/libdriver.a(gpio.o)
                0x00003374                GPIOPinTypeI2CSCL
 .text.GPIOPinTypeLCD
                0x0000338c        0x4 C:/Users/basat/Downloads/uart/uart/libdriver.a(gpio.o)
                0x0000338c                GPIOPinTypeLCD
 .text.GPIOPinTypeLPC
                0x00003390        0x4 C:/Users/basat/Downloads/uart/uart/libdriver.a(gpio.o)
                0x00003390                GPIOPinTypeLPC
 .text.GPIOPinTypePECIRx
                0x00003394        0x4 C:/Users/basat/Downloads/uart/uart/libdriver.a(gpio.o)
                0x00003394                GPIOPinTypePECIRx
 .text.GPIOPinTypePECITx
                0x00003398        0x4 C:/Users/basat/Downloads/uart/uart/libdriver.a(gpio.o)
                0x00003398                GPIOPinTypePECITx
 .text.GPIOPinTypePWM
                0x0000339c        0x4 C:/Users/basat/Downloads/uart/uart/libdriver.a(gpio.o)
                0x0000339c                GPIOPinTypePWM
 .text.GPIOPinTypeQEI
                0x000033a0       0x18 C:/Users/basat/Downloads/uart/uart/libdriver.a(gpio.o)
                0x000033a0                GPIOPinTypeQEI
 .text.GPIOPinTypeSSI
                0x000033b8        0x4 C:/Users/basat/Downloads/uart/uart/libdriver.a(gpio.o)
                0x000033b8                GPIOPinTypeSSI
 .text.GPIOPinTypeTimer
                0x000033bc        0x4 C:/Users/basat/Downloads/uart/uart/libdriver.a(gpio.o)
                0x000033bc                GPIOPinTypeTimer
 .text.GPIOPinTypeUART
                0x000033c0        0x4 C:/Users/basat/Downloads/uart/uart/libdriver.a(gpio.o)
                0x000033c0                GPIOPinTypeUART
 .text.GPIOPinTypeUSBAnalog
                0x000033c4        0x4 C:/Users/basat/Downloads/uart/uart/libdriver.a(gpio.o)
                0x000033c4                GPIOPinTypeUSBAnalog
 .text.GPIOPinTypeUSBDigital
                0x000033c8        0x4 C:/Users/basat/Downloads/uart/uart/libdriver.a(gpio.o)
                0x000033c8                GPIOPinTypeUSBDigital
 .text.GPIOPinTypeWakeHigh
                0x000033cc       0x1a C:/Users/basat/Downloads/uart/uart/libdriver.a(gpio.o)
                0x000033cc                GPIOPinTypeWakeHigh
 .text.GPIOPinTypeWakeLow
                0x000033e6       0x1a C:/Users/basat/Downloads/uart/uart/libdriver.a(gpio.o)
                0x000033e6                GPIOPinTypeWakeLow
 .text.GPIOPinTypeKBRow
                0x00003400        0x4 C:/Users/basat/Downloads/uart/uart/libdriver.a(gpio.o)
                0x00003400                GPIOPinTypeKBRow
 .text.GPIOPinTypeKBColumn
                0x00003404        0x4 C:/Users/basat/Downloads/uart/uart/libdriver.a(gpio.o)
                0x00003404                GPIOPinTypeKBColumn
 .text.GPIOPinTypeLEDSeq
                0x00003408        0x4 C:/Users/basat/Downloads/uart/uart/libdriver.a(gpio.o)
                0x00003408                GPIOPinTypeLEDSeq
 .text.GPIOPinTypeCIR
                0x0000340c        0x4 C:/Users/basat/Downloads/uart/uart/libdriver.a(gpio.o)
                0x0000340c                GPIOPinTypeCIR
 .text.GPIOPinWakeStatus
                0x00003410        0x6 C:/Users/basat/Downloads/uart/uart/libdriver.a(gpio.o)
                0x00003410                GPIOPinWakeStatus
 *fill*         0x00003416        0x2 
 .text.GPIOPinConfigure
                0x00003418       0x44 C:/Users/basat/Downloads/uart/uart/libdriver.a(gpio.o)
                0x00003418                GPIOPinConfigure
 .text.GPIODMATriggerEnable
                0x0000345c        0xc C:/Users/basat/Downloads/uart/uart/libdriver.a(gpio.o)
                0x0000345c                GPIODMATriggerEnable
 .text.GPIODMATriggerDisable
                0x00003468        0xe C:/Users/basat/Downloads/uart/uart/libdriver.a(gpio.o)
                0x00003468                GPIODMATriggerDisable
 .text.GPIOADCTriggerEnable
                0x00003476        0xc C:/Users/basat/Downloads/uart/uart/libdriver.a(gpio.o)
                0x00003476                GPIOADCTriggerEnable
 .text.GPIOADCTriggerDisable
                0x00003482        0xe C:/Users/basat/Downloads/uart/uart/libdriver.a(gpio.o)
                0x00003482                GPIOADCTriggerDisable
 .text._IntDefaultHandler
                0x00003490        0x2 C:/Users/basat/Downloads/uart/uart/libdriver.a(interrupt.o)
 .text.IntMasterEnable
                0x00003492        0xe C:/Users/basat/Downloads/uart/uart/libdriver.a(interrupt.o)
                0x00003492                IntMasterEnable
 .text.IntMasterDisable
                0x000034a0        0xe C:/Users/basat/Downloads/uart/uart/libdriver.a(interrupt.o)
                0x000034a0                IntMasterDisable
 *fill*         0x000034ae        0x2 
 .text.IntRegister
                0x000034b0       0x38 C:/Users/basat/Downloads/uart/uart/libdriver.a(interrupt.o)
                0x000034b0                IntRegister
 .text.IntUnregister
                0x000034e8       0x14 C:/Users/basat/Downloads/uart/uart/libdriver.a(interrupt.o)
                0x000034e8                IntUnregister
 .text.IntPriorityGroupingSet
                0x000034fc       0x1c C:/Users/basat/Downloads/uart/uart/libdriver.a(interrupt.o)
                0x000034fc                IntPriorityGroupingSet
 .text.IntPriorityGroupingGet
                0x00003518       0x24 C:/Users/basat/Downloads/uart/uart/libdriver.a(interrupt.o)
                0x00003518                IntPriorityGroupingGet
 .text.IntPrioritySet
                0x0000353c       0x28 C:/Users/basat/Downloads/uart/uart/libdriver.a(interrupt.o)
                0x0000353c                IntPrioritySet
 .text.IntPriorityGet
                0x00003564       0x1c C:/Users/basat/Downloads/uart/uart/libdriver.a(interrupt.o)
                0x00003564                IntPriorityGet
 .text.IntEnable
                0x00003580       0x60 C:/Users/basat/Downloads/uart/uart/libdriver.a(interrupt.o)
                0x00003580                IntEnable
 .text.IntDisable
                0x000035e0       0x60 C:/Users/basat/Downloads/uart/uart/libdriver.a(interrupt.o)
                0x000035e0                IntDisable
 .text.IntIsEnabled
                0x00003640       0x64 C:/Users/basat/Downloads/uart/uart/libdriver.a(interrupt.o)
                0x00003640                IntIsEnabled
 .text.IntPendSet
                0x000036a4       0x50 C:/Users/basat/Downloads/uart/uart/libdriver.a(interrupt.o)
                0x000036a4                IntPendSet
 .text.IntPendClear
                0x000036f4       0x40 C:/Users/basat/Downloads/uart/uart/libdriver.a(interrupt.o)
                0x000036f4                IntPendClear
 .text.IntPriorityMaskSet
                0x00003734        0x4 C:/Users/basat/Downloads/uart/uart/libdriver.a(interrupt.o)
                0x00003734                IntPriorityMaskSet
 .text.IntPriorityMaskGet
                0x00003738        0x4 C:/Users/basat/Downloads/uart/uart/libdriver.a(interrupt.o)
                0x00003738                IntPriorityMaskGet
 .text.IntTrigger
                0x0000373c        0xc C:/Users/basat/Downloads/uart/uart/libdriver.a(interrupt.o)
                0x0000373c                IntTrigger
 .text._SysCtlMemTimingGet
                0x00003748       0x64 C:/Users/basat/Downloads/uart/uart/libdriver.a(sysctl.o)
 .text.SysCtlSRAMSizeGet
                0x000037ac       0x10 C:/Users/basat/Downloads/uart/uart/libdriver.a(sysctl.o)
                0x000037ac                SysCtlSRAMSizeGet
 .text.SysCtlFlashSizeGet
                0x000037bc       0x44 C:/Users/basat/Downloads/uart/uart/libdriver.a(sysctl.o)
                0x000037bc                SysCtlFlashSizeGet
 .text.SysCtlFlashSectorSizeGet
                0x00003800       0x38 C:/Users/basat/Downloads/uart/uart/libdriver.a(sysctl.o)
                0x00003800                SysCtlFlashSectorSizeGet
 .text.SysCtlPeripheralPresent
                0x00003838       0x24 C:/Users/basat/Downloads/uart/uart/libdriver.a(sysctl.o)
                0x00003838                SysCtlPeripheralPresent
 .text.SysCtlPeripheralReady
                0x0000385c       0x24 C:/Users/basat/Downloads/uart/uart/libdriver.a(sysctl.o)
                0x0000385c                SysCtlPeripheralReady
 .text.SysCtlPeripheralPowerOn
                0x00003880       0x20 C:/Users/basat/Downloads/uart/uart/libdriver.a(sysctl.o)
                0x00003880                SysCtlPeripheralPowerOn
 .text.SysCtlPeripheralPowerOff
                0x000038a0       0x20 C:/Users/basat/Downloads/uart/uart/libdriver.a(sysctl.o)
                0x000038a0                SysCtlPeripheralPowerOff
 .text.SysCtlPeripheralReset
                0x000038c0       0x38 C:/Users/basat/Downloads/uart/uart/libdriver.a(sysctl.o)
                0x000038c0                SysCtlPeripheralReset
 .text.SysCtlPeripheralEnable
                0x000038f8       0x20 C:/Users/basat/Downloads/uart/uart/libdriver.a(sysctl.o)
                0x000038f8                SysCtlPeripheralEnable
 .text.SysCtlPeripheralDisable
                0x00003918       0x20 C:/Users/basat/Downloads/uart/uart/libdriver.a(sysctl.o)
                0x00003918                SysCtlPeripheralDisable
 .text.SysCtlPeripheralSleepEnable
                0x00003938       0x20 C:/Users/basat/Downloads/uart/uart/libdriver.a(sysctl.o)
                0x00003938                SysCtlPeripheralSleepEnable
 .text.SysCtlPeripheralSleepDisable
                0x00003958       0x20 C:/Users/basat/Downloads/uart/uart/libdriver.a(sysctl.o)
                0x00003958                SysCtlPeripheralSleepDisable
 .text.SysCtlPeripheralDeepSleepEnable
                0x00003978       0x20 C:/Users/basat/Downloads/uart/uart/libdriver.a(sysctl.o)
                0x00003978                SysCtlPeripheralDeepSleepEnable
 .text.SysCtlPeripheralDeepSleepDisable
                0x00003998       0x20 C:/Users/basat/Downloads/uart/uart/libdriver.a(sysctl.o)
                0x00003998                SysCtlPeripheralDeepSleepDisable
 .text.SysCtlPeripheralClockGating
                0x000039b8       0x48 C:/Users/basat/Downloads/uart/uart/libdriver.a(sysctl.o)
                0x000039b8                SysCtlPeripheralClockGating
 .text.SysCtlIntRegister
                0x00003a00       0x14 C:/Users/basat/Downloads/uart/uart/libdriver.a(sysctl.o)
                0x00003a00                SysCtlIntRegister
 .text.SysCtlIntUnregister
                0x00003a14       0x12 C:/Users/basat/Downloads/uart/uart/libdriver.a(sysctl.o)
                0x00003a14                SysCtlIntUnregister
 *fill*         0x00003a26        0x2 
 .text.SysCtlIntEnable
                0x00003a28       0x10 C:/Users/basat/Downloads/uart/uart/libdriver.a(sysctl.o)
                0x00003a28                SysCtlIntEnable
 .text.SysCtlIntDisable
                0x00003a38       0x10 C:/Users/basat/Downloads/uart/uart/libdriver.a(sysctl.o)
                0x00003a38                SysCtlIntDisable
 .text.SysCtlIntClear
                0x00003a48        0xc C:/Users/basat/Downloads/uart/uart/libdriver.a(sysctl.o)
                0x00003a48                SysCtlIntClear
 .text.SysCtlIntStatus
                0x00003a54       0x14 C:/Users/basat/Downloads/uart/uart/libdriver.a(sysctl.o)
                0x00003a54                SysCtlIntStatus
 .text.SysCtlLDOSleepSet
                0x00003a68        0xc C:/Users/basat/Downloads/uart/uart/libdriver.a(sysctl.o)
                0x00003a68                SysCtlLDOSleepSet
 .text.SysCtlLDOSleepGet
                0x00003a74        0xc C:/Users/basat/Downloads/uart/uart/libdriver.a(sysctl.o)
                0x00003a74                SysCtlLDOSleepGet
 .text.SysCtlLDODeepSleepSet
                0x00003a80        0xc C:/Users/basat/Downloads/uart/uart/libdriver.a(sysctl.o)
                0x00003a80                SysCtlLDODeepSleepSet
 .text.SysCtlLDODeepSleepGet
                0x00003a8c        0xc C:/Users/basat/Downloads/uart/uart/libdriver.a(sysctl.o)
                0x00003a8c                SysCtlLDODeepSleepGet
 .text.SysCtlSleepPowerSet
                0x00003a98        0xc C:/Users/basat/Downloads/uart/uart/libdriver.a(sysctl.o)
                0x00003a98                SysCtlSleepPowerSet
 .text.SysCtlDeepSleepPowerSet
                0x00003aa4        0xc C:/Users/basat/Downloads/uart/uart/libdriver.a(sysctl.o)
                0x00003aa4                SysCtlDeepSleepPowerSet
 .text.SysCtlReset
                0x00003ab0       0x10 C:/Users/basat/Downloads/uart/uart/libdriver.a(sysctl.o)
                0x00003ab0                SysCtlReset
 .text.SysCtlSleep
                0x00003ac0        0x4 C:/Users/basat/Downloads/uart/uart/libdriver.a(sysctl.o)
                0x00003ac0                SysCtlSleep
 .text.SysCtlDeepSleep
                0x00003ac4       0x20 C:/Users/basat/Downloads/uart/uart/libdriver.a(sysctl.o)
                0x00003ac4                SysCtlDeepSleep
 .text.SysCtlResetCauseGet
                0x00003ae4        0xc C:/Users/basat/Downloads/uart/uart/libdriver.a(sysctl.o)
                0x00003ae4                SysCtlResetCauseGet
 .text.SysCtlResetCauseClear
                0x00003af0       0x10 C:/Users/basat/Downloads/uart/uart/libdriver.a(sysctl.o)
                0x00003af0                SysCtlResetCauseClear
 .text.SysCtlDelay
                0x00003b00        0x8 C:/Users/basat/Downloads/uart/uart/libdriver.a(sysctl.o)
                0x00003b00                SysCtlDelay
 .text.SysCtlMOSCConfigSet
                0x00003b08        0xc C:/Users/basat/Downloads/uart/uart/libdriver.a(sysctl.o)
                0x00003b08                SysCtlMOSCConfigSet
 .text.SysCtlPIOSCCalibrate
                0x00003b14       0x48 C:/Users/basat/Downloads/uart/uart/libdriver.a(sysctl.o)
                0x00003b14                SysCtlPIOSCCalibrate
 .text.SysCtlResetBehaviorSet
                0x00003b5c        0xc C:/Users/basat/Downloads/uart/uart/libdriver.a(sysctl.o)
                0x00003b5c                SysCtlResetBehaviorSet
 .text.SysCtlResetBehaviorGet
                0x00003b68        0xc C:/Users/basat/Downloads/uart/uart/libdriver.a(sysctl.o)
                0x00003b68                SysCtlResetBehaviorGet
 .text.SysCtlClockFreqSet
                0x00003b74      0x234 C:/Users/basat/Downloads/uart/uart/libdriver.a(sysctl.o)
                0x00003b74                SysCtlClockFreqSet
 .text.SysCtlClockSet
                0x00003da8      0x114 C:/Users/basat/Downloads/uart/uart/libdriver.a(sysctl.o)
                0x00003da8                SysCtlClockSet
 .text.SysCtlClockGet
                0x00003ebc      0x160 C:/Users/basat/Downloads/uart/uart/libdriver.a(sysctl.o)
                0x00003ebc                SysCtlClockGet
 .text.SysCtlDeepSleepClockSet
                0x0000401c        0xc C:/Users/basat/Downloads/uart/uart/libdriver.a(sysctl.o)
                0x0000401c                SysCtlDeepSleepClockSet
 .text.SysCtlDeepSleepClockConfigSet
                0x00004028       0x60 C:/Users/basat/Downloads/uart/uart/libdriver.a(sysctl.o)
                0x00004028                SysCtlDeepSleepClockConfigSet
 .text.SysCtlPWMClockSet
                0x00004088       0x14 C:/Users/basat/Downloads/uart/uart/libdriver.a(sysctl.o)
                0x00004088                SysCtlPWMClockSet
 .text.SysCtlPWMClockGet
                0x0000409c       0x18 C:/Users/basat/Downloads/uart/uart/libdriver.a(sysctl.o)
                0x0000409c                SysCtlPWMClockGet
 .text.SysCtlGPIOAHBEnable
                0x000040b4       0x18 C:/Users/basat/Downloads/uart/uart/libdriver.a(sysctl.o)
                0x000040b4                SysCtlGPIOAHBEnable
 .text.SysCtlGPIOAHBDisable
                0x000040cc       0x1c C:/Users/basat/Downloads/uart/uart/libdriver.a(sysctl.o)
                0x000040cc                SysCtlGPIOAHBDisable
 .text.SysCtlUSBPLLEnable
                0x000040e8       0x10 C:/Users/basat/Downloads/uart/uart/libdriver.a(sysctl.o)
                0x000040e8                SysCtlUSBPLLEnable
 .text.SysCtlUSBPLLDisable
                0x000040f8       0x10 C:/Users/basat/Downloads/uart/uart/libdriver.a(sysctl.o)
                0x000040f8                SysCtlUSBPLLDisable
 .text.SysCtlVoltageEventConfig
                0x00004108        0xc C:/Users/basat/Downloads/uart/uart/libdriver.a(sysctl.o)
                0x00004108                SysCtlVoltageEventConfig
 .text.SysCtlVoltageEventStatus
                0x00004114        0xc C:/Users/basat/Downloads/uart/uart/libdriver.a(sysctl.o)
                0x00004114                SysCtlVoltageEventStatus
 .text.SysCtlVoltageEventClear
                0x00004120       0x10 C:/Users/basat/Downloads/uart/uart/libdriver.a(sysctl.o)
                0x00004120                SysCtlVoltageEventClear
 .text.SysCtlNMIStatus
                0x00004130        0xc C:/Users/basat/Downloads/uart/uart/libdriver.a(sysctl.o)
                0x00004130                SysCtlNMIStatus
 .text.SysCtlNMIClear
                0x0000413c       0x10 C:/Users/basat/Downloads/uart/uart/libdriver.a(sysctl.o)
                0x0000413c                SysCtlNMIClear
 .text.SysCtlClockOutConfig
                0x0000414c       0x10 C:/Users/basat/Downloads/uart/uart/libdriver.a(sysctl.o)
                0x0000414c                SysCtlClockOutConfig
 .text.SysCtlAltClkConfig
                0x0000415c        0xc C:/Users/basat/Downloads/uart/uart/libdriver.a(sysctl.o)
                0x0000415c                SysCtlAltClkConfig
 .text.SysTickEnable
                0x00004168       0x10 C:/Users/basat/Downloads/uart/uart/libdriver.a(systick.o)
                0x00004168                SysTickEnable
 .text.SysTickDisable
                0x00004178       0x10 C:/Users/basat/Downloads/uart/uart/libdriver.a(systick.o)
                0x00004178                SysTickDisable
 .text.SysTickIntRegister
                0x00004188       0x1c C:/Users/basat/Downloads/uart/uart/libdriver.a(systick.o)
                0x00004188                SysTickIntRegister
 .text.SysTickIntUnregister
                0x000041a4       0x14 C:/Users/basat/Downloads/uart/uart/libdriver.a(systick.o)
                0x000041a4                SysTickIntUnregister
 .text.SysTickIntEnable
                0x000041b8       0x10 C:/Users/basat/Downloads/uart/uart/libdriver.a(systick.o)
                0x000041b8                SysTickIntEnable
 .text.SysTickIntDisable
                0x000041c8       0x10 C:/Users/basat/Downloads/uart/uart/libdriver.a(systick.o)
                0x000041c8                SysTickIntDisable
 .text.SysTickPeriodSet
                0x000041d8        0xc C:/Users/basat/Downloads/uart/uart/libdriver.a(systick.o)
                0x000041d8                SysTickPeriodSet
 .text.SysTickPeriodGet
                0x000041e4        0xc C:/Users/basat/Downloads/uart/uart/libdriver.a(systick.o)
                0x000041e4                SysTickPeriodGet
 .text.SysTickValueGet
                0x000041f0        0xc C:/Users/basat/Downloads/uart/uart/libdriver.a(systick.o)
                0x000041f0                SysTickValueGet
 .text._UARTIntNumberGet
                0x000041fc       0x44 C:/Users/basat/Downloads/uart/uart/libdriver.a(uart.o)
 .text.UARTParityModeSet
                0x00004240        0xc C:/Users/basat/Downloads/uart/uart/libdriver.a(uart.o)
                0x00004240                UARTParityModeSet
 .text.UARTParityModeGet
                0x0000424c        0x8 C:/Users/basat/Downloads/uart/uart/libdriver.a(uart.o)
                0x0000424c                UARTParityModeGet
 .text.UARTFIFOLevelSet
                0x00004254        0x6 C:/Users/basat/Downloads/uart/uart/libdriver.a(uart.o)
                0x00004254                UARTFIFOLevelSet
 .text.UARTFIFOLevelGet
                0x0000425a       0x10 C:/Users/basat/Downloads/uart/uart/libdriver.a(uart.o)
                0x0000425a                UARTFIFOLevelGet
 .text.UARTConfigGetExpClk
                0x0000426a       0x26 C:/Users/basat/Downloads/uart/uart/libdriver.a(uart.o)
                0x0000426a                UARTConfigGetExpClk
 .text.UARTEnable
                0x00004290       0x16 C:/Users/basat/Downloads/uart/uart/libdriver.a(uart.o)
                0x00004290                UARTEnable
 .text.UARTDisable
                0x000042a6       0x1c C:/Users/basat/Downloads/uart/uart/libdriver.a(uart.o)
                0x000042a6                UARTDisable
 .text.UARTConfigSetExpClk
                0x000042c2       0x46 C:/Users/basat/Downloads/uart/uart/libdriver.a(uart.o)
                0x000042c2                UARTConfigSetExpClk
 .text.UARTFIFOEnable
                0x00004308        0xa C:/Users/basat/Downloads/uart/uart/libdriver.a(uart.o)
                0x00004308                UARTFIFOEnable
 .text.UARTFIFODisable
                0x00004312        0xa C:/Users/basat/Downloads/uart/uart/libdriver.a(uart.o)
                0x00004312                UARTFIFODisable
 .text.UARTEnableSIR
                0x0000431c       0x12 C:/Users/basat/Downloads/uart/uart/libdriver.a(uart.o)
                0x0000431c                UARTEnableSIR
 .text.UARTDisableSIR
                0x0000432e        0xa C:/Users/basat/Downloads/uart/uart/libdriver.a(uart.o)
                0x0000432e                UARTDisableSIR
 .text.UARTSmartCardEnable
                0x00004338       0x16 C:/Users/basat/Downloads/uart/uart/libdriver.a(uart.o)
                0x00004338                UARTSmartCardEnable
 .text.UARTSmartCardDisable
                0x0000434e        0xa C:/Users/basat/Downloads/uart/uart/libdriver.a(uart.o)
                0x0000434e                UARTSmartCardDisable
 .text.UARTModemControlSet
                0x00004358        0xc C:/Users/basat/Downloads/uart/uart/libdriver.a(uart.o)
                0x00004358                UARTModemControlSet
 .text.UARTModemControlClear
                0x00004364        0xe C:/Users/basat/Downloads/uart/uart/libdriver.a(uart.o)
                0x00004364                UARTModemControlClear
 .text.UARTModemControlGet
                0x00004372        0x8 C:/Users/basat/Downloads/uart/uart/libdriver.a(uart.o)
                0x00004372                UARTModemControlGet
 .text.UARTModemStatusGet
                0x0000437a        0xc C:/Users/basat/Downloads/uart/uart/libdriver.a(uart.o)
                0x0000437a                UARTModemStatusGet
 .text.UARTFlowControlSet
                0x00004386        0xc C:/Users/basat/Downloads/uart/uart/libdriver.a(uart.o)
                0x00004386                UARTFlowControlSet
 .text.UARTFlowControlGet
                0x00004392        0x8 C:/Users/basat/Downloads/uart/uart/libdriver.a(uart.o)
                0x00004392                UARTFlowControlGet
 .text.UARTTxIntModeSet
                0x0000439a        0xc C:/Users/basat/Downloads/uart/uart/libdriver.a(uart.o)
                0x0000439a                UARTTxIntModeSet
 .text.UARTTxIntModeGet
                0x000043a6        0x8 C:/Users/basat/Downloads/uart/uart/libdriver.a(uart.o)
                0x000043a6                UARTTxIntModeGet
 .text.UARTCharsAvail
                0x000043ae        0xc C:/Users/basat/Downloads/uart/uart/libdriver.a(uart.o)
                0x000043ae                UARTCharsAvail
 .text.UARTSpaceAvail
                0x000043ba        0xc C:/Users/basat/Downloads/uart/uart/libdriver.a(uart.o)
                0x000043ba                UARTSpaceAvail
 .text.UARTCharGetNonBlocking
                0x000043c6        0xe C:/Users/basat/Downloads/uart/uart/libdriver.a(uart.o)
                0x000043c6                UARTCharGetNonBlocking
 .text.UARTCharGet
                0x000043d4        0xa C:/Users/basat/Downloads/uart/uart/libdriver.a(uart.o)
                0x000043d4                UARTCharGet
 .text.UARTCharPutNonBlocking
                0x000043de        0xe C:/Users/basat/Downloads/uart/uart/libdriver.a(uart.o)
                0x000043de                UARTCharPutNonBlocking
 .text.UARTCharPut
                0x000043ec        0xa C:/Users/basat/Downloads/uart/uart/libdriver.a(uart.o)
                0x000043ec                UARTCharPut
 .text.UARTBreakCtl
                0x000043f6       0x12 C:/Users/basat/Downloads/uart/uart/libdriver.a(uart.o)
                0x000043f6                UARTBreakCtl
 .text.UARTBusy
                0x00004408        0x8 C:/Users/basat/Downloads/uart/uart/libdriver.a(uart.o)
                0x00004408                UARTBusy
 .text.UARTIntRegister
                0x00004410       0x1c C:/Users/basat/Downloads/uart/uart/libdriver.a(uart.o)
                0x00004410                UARTIntRegister
 .text.UARTIntUnregister
                0x0000442c       0x16 C:/Users/basat/Downloads/uart/uart/libdriver.a(uart.o)
                0x0000442c                UARTIntUnregister
 .text.UARTIntEnable
                0x00004442        0x8 C:/Users/basat/Downloads/uart/uart/libdriver.a(uart.o)
                0x00004442                UARTIntEnable
 .text.UARTIntDisable
                0x0000444a        0xa C:/Users/basat/Downloads/uart/uart/libdriver.a(uart.o)
                0x0000444a                UARTIntDisable
 .text.UARTIntStatus
                0x00004454        0xa C:/Users/basat/Downloads/uart/uart/libdriver.a(uart.o)
                0x00004454                UARTIntStatus
 .text.UARTIntClear
                0x0000445e        0x4 C:/Users/basat/Downloads/uart/uart/libdriver.a(uart.o)
                0x0000445e                UARTIntClear
 .text.UARTDMAEnable
                0x00004462        0x8 C:/Users/basat/Downloads/uart/uart/libdriver.a(uart.o)
                0x00004462                UARTDMAEnable
 .text.UARTDMADisable
                0x0000446a        0xa C:/Users/basat/Downloads/uart/uart/libdriver.a(uart.o)
                0x0000446a                UARTDMADisable
 .text.UARTRxErrorGet
                0x00004474        0x8 C:/Users/basat/Downloads/uart/uart/libdriver.a(uart.o)
                0x00004474                UARTRxErrorGet
 .text.UARTRxErrorClear
                0x0000447c        0x6 C:/Users/basat/Downloads/uart/uart/libdriver.a(uart.o)
                0x0000447c                UARTRxErrorClear
 .text.UARTClockSourceSet
                0x00004482        0x6 C:/Users/basat/Downloads/uart/uart/libdriver.a(uart.o)
                0x00004482                UARTClockSourceSet
 .text.UARTClockSourceGet
                0x00004488        0x6 C:/Users/basat/Downloads/uart/uart/libdriver.a(uart.o)
                0x00004488                UARTClockSourceGet
 .text.UART9BitEnable
                0x0000448e        0xe C:/Users/basat/Downloads/uart/uart/libdriver.a(uart.o)
                0x0000448e                UART9BitEnable
 .text.UART9BitDisable
                0x0000449c        0xe C:/Users/basat/Downloads/uart/uart/libdriver.a(uart.o)
                0x0000449c                UART9BitDisable
 .text.UART9BitAddrSet
                0x000044aa        0xa C:/Users/basat/Downloads/uart/uart/libdriver.a(uart.o)
                0x000044aa                UART9BitAddrSet
 .text.UART9BitAddrSend
                0x000044b4       0x2c C:/Users/basat/Downloads/uart/uart/libdriver.a(uart.o)
                0x000044b4                UART9BitAddrSend
 .text.CPUcpsid
                0x000044e0        0x8 C:/Users/basat/Downloads/uart/uart/libdriver.a(cpu.o)
                0x000044e0                CPUcpsid
 .text.CPUprimask
                0x000044e8        0x6 C:/Users/basat/Downloads/uart/uart/libdriver.a(cpu.o)
                0x000044e8                CPUprimask
 .text.CPUcpsie
                0x000044ee        0x8 C:/Users/basat/Downloads/uart/uart/libdriver.a(cpu.o)
                0x000044ee                CPUcpsie
 .text.CPUwfi   0x000044f6        0x4 C:/Users/basat/Downloads/uart/uart/libdriver.a(cpu.o)
                0x000044f6                CPUwfi
 .text.CPUbasepriSet
                0x000044fa        0x6 C:/Users/basat/Downloads/uart/uart/libdriver.a(cpu.o)
                0x000044fa                CPUbasepriSet
 .text.CPUbasepriGet
                0x00004500        0x6 C:/Users/basat/Downloads/uart/uart/libdriver.a(cpu.o)
                0x00004500                CPUbasepriGet
 *fill*         0x00004506        0x2 
 .text.atoi     0x00004508        0x8 c:/ti/ccs1250/ccs/tools/compiler/gcc-arm-none-eabi-9-2019-q4-major/bin/../lib/gcc/arm-none-eabi/9.2.1/../../../../arm-none-eabi/lib/thumb/v7e-m/nofp\libg.a(lib_a-atoi.o)
                0x00004508                atoi
 .text._atoi_r  0x00004510        0x8 c:/ti/ccs1250/ccs/tools/compiler/gcc-arm-none-eabi-9-2019-q4-major/bin/../lib/gcc/arm-none-eabi/9.2.1/../../../../arm-none-eabi/lib/thumb/v7e-m/nofp\libg.a(lib_a-atoi.o)
                0x00004510                _atoi_r
 .text.exit     0x00004518       0x20 c:/ti/ccs1250/ccs/tools/compiler/gcc-arm-none-eabi-9-2019-q4-major/bin/../lib/gcc/arm-none-eabi/9.2.1/../../../../arm-none-eabi/lib/thumb/v7e-m/nofp\libg.a(lib_a-exit.o)
                0x00004518                exit
 .text.__libc_init_array
                0x00004538       0x48 c:/ti/ccs1250/ccs/tools/compiler/gcc-arm-none-eabi-9-2019-q4-major/bin/../lib/gcc/arm-none-eabi/9.2.1/../../../../arm-none-eabi/lib/thumb/v7e-m/nofp\libg.a(lib_a-init.o)
                0x00004538                __libc_init_array
 .text.memset   0x00004580       0xa0 c:/ti/ccs1250/ccs/tools/compiler/gcc-arm-none-eabi-9-2019-q4-major/bin/../lib/gcc/arm-none-eabi/9.2.1/../../../../arm-none-eabi/lib/thumb/v7e-m/nofp\libg.a(lib_a-memset.o)
                0x00004580                memset
 .text._strtol_l.isra.0
                0x00004620      0x10c c:/ti/ccs1250/ccs/tools/compiler/gcc-arm-none-eabi-9-2019-q4-major/bin/../lib/gcc/arm-none-eabi/9.2.1/../../../../arm-none-eabi/lib/thumb/v7e-m/nofp\libg.a(lib_a-strtol.o)
 .text._strtol_r
                0x0000472c        0x4 c:/ti/ccs1250/ccs/tools/compiler/gcc-arm-none-eabi-9-2019-q4-major/bin/../lib/gcc/arm-none-eabi/9.2.1/../../../../arm-none-eabi/lib/thumb/v7e-m/nofp\libg.a(lib_a-strtol.o)
                0x0000472c                _strtol_r
 .text.strtol_l
                0x00004730       0x18 c:/ti/ccs1250/ccs/tools/compiler/gcc-arm-none-eabi-9-2019-q4-major/bin/../lib/gcc/arm-none-eabi/9.2.1/../../../../arm-none-eabi/lib/thumb/v7e-m/nofp\libg.a(lib_a-strtol.o)
                0x00004730                strtol_l
 .text.strtol   0x00004748       0x18 c:/ti/ccs1250/ccs/tools/compiler/gcc-arm-none-eabi-9-2019-q4-major/bin/../lib/gcc/arm-none-eabi/9.2.1/../../../../arm-none-eabi/lib/thumb/v7e-m/nofp\libg.a(lib_a-strtol.o)
                0x00004748                strtol
 .text.startup.register_fini
                0x00004760       0x14 c:/ti/ccs1250/ccs/tools/compiler/gcc-arm-none-eabi-9-2019-q4-major/bin/../lib/gcc/arm-none-eabi/9.2.1/../../../../arm-none-eabi/lib/thumb/v7e-m/nofp\libg.a(lib_a-__call_atexit.o)
 .text.__call_exitprocs
                0x00004774       0xc4 c:/ti/ccs1250/ccs/tools/compiler/gcc-arm-none-eabi-9-2019-q4-major/bin/../lib/gcc/arm-none-eabi/9.2.1/../../../../arm-none-eabi/lib/thumb/v7e-m/nofp\libg.a(lib_a-__call_atexit.o)
                0x00004774                __call_exitprocs
 .text.atexit   0x00004838        0xc c:/ti/ccs1250/ccs/tools/compiler/gcc-arm-none-eabi-9-2019-q4-major/bin/../lib/gcc/arm-none-eabi/9.2.1/../../../../arm-none-eabi/lib/thumb/v7e-m/nofp\libg.a(lib_a-atexit.o)
                0x00004838                atexit
 .text.__libc_fini_array
                0x00004844       0x2c c:/ti/ccs1250/ccs/tools/compiler/gcc-arm-none-eabi-9-2019-q4-major/bin/../lib/gcc/arm-none-eabi/9.2.1/../../../../arm-none-eabi/lib/thumb/v7e-m/nofp\libg.a(lib_a-fini.o)
                0x00004844                __libc_fini_array
 .text.__retarget_lock_init
                0x00004870        0x4 c:/ti/ccs1250/ccs/tools/compiler/gcc-arm-none-eabi-9-2019-q4-major/bin/../lib/gcc/arm-none-eabi/9.2.1/../../../../arm-none-eabi/lib/thumb/v7e-m/nofp\libg.a(lib_a-lock.o)
                0x00004870                __retarget_lock_init
 .text.__retarget_lock_init_recursive
                0x00004874        0x4 c:/ti/ccs1250/ccs/tools/compiler/gcc-arm-none-eabi-9-2019-q4-major/bin/../lib/gcc/arm-none-eabi/9.2.1/../../../../arm-none-eabi/lib/thumb/v7e-m/nofp\libg.a(lib_a-lock.o)
                0x00004874                __retarget_lock_init_recursive
 .text.__retarget_lock_close
                0x00004878        0x4 c:/ti/ccs1250/ccs/tools/compiler/gcc-arm-none-eabi-9-2019-q4-major/bin/../lib/gcc/arm-none-eabi/9.2.1/../../../../arm-none-eabi/lib/thumb/v7e-m/nofp\libg.a(lib_a-lock.o)
                0x00004878                __retarget_lock_close
 .text.__retarget_lock_close_recursive
                0x0000487c        0x4 c:/ti/ccs1250/ccs/tools/compiler/gcc-arm-none-eabi-9-2019-q4-major/bin/../lib/gcc/arm-none-eabi/9.2.1/../../../../arm-none-eabi/lib/thumb/v7e-m/nofp\libg.a(lib_a-lock.o)
                0x0000487c                __retarget_lock_close_recursive
 .text.__retarget_lock_acquire
                0x00004880        0x4 c:/ti/ccs1250/ccs/tools/compiler/gcc-arm-none-eabi-9-2019-q4-major/bin/../lib/gcc/arm-none-eabi/9.2.1/../../../../arm-none-eabi/lib/thumb/v7e-m/nofp\libg.a(lib_a-lock.o)
                0x00004880                __retarget_lock_acquire
 .text.__retarget_lock_acquire_recursive
                0x00004884        0x4 c:/ti/ccs1250/ccs/tools/compiler/gcc-arm-none-eabi-9-2019-q4-major/bin/../lib/gcc/arm-none-eabi/9.2.1/../../../../arm-none-eabi/lib/thumb/v7e-m/nofp\libg.a(lib_a-lock.o)
                0x00004884                __retarget_lock_acquire_recursive
 .text.__retarget_lock_try_acquire
                0x00004888        0x4 c:/ti/ccs1250/ccs/tools/compiler/gcc-arm-none-eabi-9-2019-q4-major/bin/../lib/gcc/arm-none-eabi/9.2.1/../../../../arm-none-eabi/lib/thumb/v7e-m/nofp\libg.a(lib_a-lock.o)
                0x00004888                __retarget_lock_try_acquire
 .text.__retarget_lock_try_acquire_recursive
                0x0000488c        0x4 c:/ti/ccs1250/ccs/tools/compiler/gcc-arm-none-eabi-9-2019-q4-major/bin/../lib/gcc/arm-none-eabi/9.2.1/../../../../arm-none-eabi/lib/thumb/v7e-m/nofp\libg.a(lib_a-lock.o)
                0x0000488c                __retarget_lock_try_acquire_recursive
 .text.__retarget_lock_release
                0x00004890        0x4 c:/ti/ccs1250/ccs/tools/compiler/gcc-arm-none-eabi-9-2019-q4-major/bin/../lib/gcc/arm-none-eabi/9.2.1/../../../../arm-none-eabi/lib/thumb/v7e-m/nofp\libg.a(lib_a-lock.o)
                0x00004890                __retarget_lock_release
 .text.__retarget_lock_release_recursive
                0x00004894        0x4 c:/ti/ccs1250/ccs/tools/compiler/gcc-arm-none-eabi-9-2019-q4-major/bin/../lib/gcc/arm-none-eabi/9.2.1/../../../../arm-none-eabi/lib/thumb/v7e-m/nofp\libg.a(lib_a-lock.o)
                0x00004894                __retarget_lock_release_recursive
 .text.__register_exitproc
                0x00004898       0x8c c:/ti/ccs1250/ccs/tools/compiler/gcc-arm-none-eabi-9-2019-q4-major/bin/../lib/gcc/arm-none-eabi/9.2.1/../../../../arm-none-eabi/lib/thumb/v7e-m/nofp\libg.a(lib_a-__atexit.o)
                0x00004898                __register_exitproc
 .text._exit    0x00004924        0x4 c:/ti/ccs1250/ccs/tools/compiler/gcc-arm-none-eabi-9-2019-q4-major/bin/../lib/gcc/arm-none-eabi/9.2.1/../../../../arm-none-eabi/lib/thumb/v7e-m/nofp\libnosys.a(_exit.o)
                0x00004924                _exit
                0x00004928                . = ALIGN (0x4)
 *(.ctors)
                0x00004928                . = ALIGN (0x4)
 *(.dtors)
                0x00004928                . = ALIGN (0x4)
                0x00004928                __init_array_start = .
 *(.init_array*)
 .init_array    0x00004928        0x4 c:/ti/ccs1250/ccs/tools/compiler/gcc-arm-none-eabi-9-2019-q4-major/bin/../lib/gcc/arm-none-eabi/9.2.1/thumb/v7e-m/nofp/crtbegin.o
 .init_array.00000
                0x0000492c        0x4 c:/ti/ccs1250/ccs/tools/compiler/gcc-arm-none-eabi-9-2019-q4-major/bin/../lib/gcc/arm-none-eabi/9.2.1/../../../../arm-none-eabi/lib/thumb/v7e-m/nofp\libg.a(lib_a-__call_atexit.o)
                0x00004930                __init_array_end = .
 *(.init)
 .init          0x00004930        0x4 c:/ti/ccs1250/ccs/tools/compiler/gcc-arm-none-eabi-9-2019-q4-major/bin/../lib/gcc/arm-none-eabi/9.2.1/thumb/v7e-m/nofp/crti.o
                0x00004930                _init
 .init          0x00004934        0x8 c:/ti/ccs1250/ccs/tools/compiler/gcc-arm-none-eabi-9-2019-q4-major/bin/../lib/gcc/arm-none-eabi/9.2.1/thumb/v7e-m/nofp/crtn.o
 *(.fini*)
 .fini          0x0000493c        0x4 c:/ti/ccs1250/ccs/tools/compiler/gcc-arm-none-eabi-9-2019-q4-major/bin/../lib/gcc/arm-none-eabi/9.2.1/thumb/v7e-m/nofp/crti.o
                0x0000493c                _fini
 .fini_array    0x00004940        0x4 c:/ti/ccs1250/ccs/tools/compiler/gcc-arm-none-eabi-9-2019-q4-major/bin/../lib/gcc/arm-none-eabi/9.2.1/thumb/v7e-m/nofp/crtbegin.o
 .fini          0x00004944        0x8 c:/ti/ccs1250/ccs/tools/compiler/gcc-arm-none-eabi-9-2019-q4-major/bin/../lib/gcc/arm-none-eabi/9.2.1/thumb/v7e-m/nofp/crtn.o
                [!provide]                PROVIDE (__etext = .)
                [!provide]                PROVIDE (_etext = .)
                [!provide]                PROVIDE (etext = .)

.glue_7         0x0000494c        0x0
 .glue_7        0x0000494c        0x0 linker stubs

.glue_7t        0x0000494c        0x0
 .glue_7t       0x0000494c        0x0 linker stubs

.vfp11_veneer   0x0000494c        0x0
 .vfp11_veneer  0x0000494c        0x0 linker stubs

.v4_bx          0x0000494c        0x0
 .v4_bx         0x0000494c        0x0 linker stubs

.iplt           0x0000494c        0x0
 .iplt          0x0000494c        0x0 c:/ti/ccs1250/ccs/tools/compiler/gcc-arm-none-eabi-9-2019-q4-major/bin/../lib/gcc/arm-none-eabi/9.2.1/thumb/v7e-m/nofp/crtbegin.o

.rodata         0x0000494c      0x941
 *(.rodata)
 .rodata        0x0000494c      0x2dc ./main.o
 *(.rodata*)
 .rodata.g_ppui32GPIOIntMapBlizzard
                0x00004c28       0xc0 C:/Users/basat/Downloads/uart/uart/libdriver.a(gpio.o)
 .rodata.g_ppui32GPIOIntMapSnowflake
                0x00004ce8       0xc0 C:/Users/basat/Downloads/uart/uart/libdriver.a(gpio.o)
 .rodata.g_pui32GPIOBaseAddrs
                0x00004da8       0x90 C:/Users/basat/Downloads/uart/uart/libdriver.a(gpio.o)
 .rodata.g_pui32Dii16Regs
                0x00004e38       0x14 C:/Users/basat/Downloads/uart/uart/libdriver.a(interrupt.o)
 .rodata.g_pui32EnRegs
                0x00004e4c       0x14 C:/Users/basat/Downloads/uart/uart/libdriver.a(interrupt.o)
 .rodata.g_pui32PendRegs
                0x00004e60       0x14 C:/Users/basat/Downloads/uart/uart/libdriver.a(interrupt.o)
 .rodata.g_pui32Priority
                0x00004e74       0x20 C:/Users/basat/Downloads/uart/uart/libdriver.a(interrupt.o)
 .rodata.g_pui32Regs
                0x00004e94       0x9c C:/Users/basat/Downloads/uart/uart/libdriver.a(interrupt.o)
 .rodata.g_pui32UnpendRegs
                0x00004f30       0x14 C:/Users/basat/Downloads/uart/uart/libdriver.a(interrupt.o)
 .rodata.g_pppui32XTALtoVCO
                0x00004f44      0x120 C:/Users/basat/Downloads/uart/uart/libdriver.a(sysctl.o)
 .rodata.g_pui32VCOFrequencies
                0x00005064        0x8 C:/Users/basat/Downloads/uart/uart/libdriver.a(sysctl.o)
 .rodata.g_pui32Xtals
                0x0000506c       0x6c C:/Users/basat/Downloads/uart/uart/libdriver.a(sysctl.o)
 .rodata.g_sXTALtoMEMTIM
                0x000050d8       0x30 C:/Users/basat/Downloads/uart/uart/libdriver.a(sysctl.o)
 .rodata.g_ppui32UARTIntMap
                0x00005108       0x40 C:/Users/basat/Downloads/uart/uart/libdriver.a(uart.o)
 .rodata.g_ppui32UARTIntMapSnowflake
                0x00005148       0x40 C:/Users/basat/Downloads/uart/uart/libdriver.a(uart.o)
 .rodata._global_impure_ptr
                0x00005188        0x4 c:/ti/ccs1250/ccs/tools/compiler/gcc-arm-none-eabi-9-2019-q4-major/bin/../lib/gcc/arm-none-eabi/9.2.1/../../../../arm-none-eabi/lib/thumb/v7e-m/nofp\libg.a(lib_a-impure.o)
                0x00005188                _global_impure_ptr
 .rodata._ctype_
                0x0000518c      0x101 c:/ti/ccs1250/ccs/tools/compiler/gcc-arm-none-eabi-9-2019-q4-major/bin/../lib/gcc/arm-none-eabi/9.2.1/../../../../arm-none-eabi/lib/thumb/v7e-m/nofp\libg.a(lib_a-ctype_.o)
                0x0000518c                _ctype_

.eh_frame       0x00005290        0x4
 .eh_frame      0x00005290        0x0 c:/ti/ccs1250/ccs/tools/compiler/gcc-arm-none-eabi-9-2019-q4-major/bin/../lib/gcc/arm-none-eabi/9.2.1/thumb/v7e-m/nofp/crtbegin.o
 .eh_frame      0x00005290        0x4 c:/ti/ccs1250/ccs/tools/compiler/gcc-arm-none-eabi-9-2019-q4-major/bin/../lib/gcc/arm-none-eabi/9.2.1/thumb/v7e-m/nofp/crtend.o

.data           0x20000000      0x454 load address 0x00005294
                0x00005294                __data_load__ = LOADADDR (.data)
                0x20000000                __data_start__ = .
 *(.data)
 .data          0x20000000        0x0 c:/ti/ccs1250/ccs/tools/compiler/gcc-arm-none-eabi-9-2019-q4-major/bin/../lib/gcc/arm-none-eabi/9.2.1/thumb/v7e-m/nofp/crti.o
 .data          0x20000000        0x4 c:/ti/ccs1250/ccs/tools/compiler/gcc-arm-none-eabi-9-2019-q4-major/bin/../lib/gcc/arm-none-eabi/9.2.1/thumb/v7e-m/nofp/crtbegin.o
                0x20000000                __dso_handle
 .data          0x20000004        0x0 c:/ti/ccs1250/ccs/tools/compiler/gcc-arm-none-eabi-9-2019-q4-major/bin/../lib/gcc/arm-none-eabi/9.2.1/../../../../arm-none-eabi/lib/thumb/v7e-m/nofp/crt0.o
 .data          0x20000004        0x0 ./GPIO.o
 .data          0x20000004        0x0 ./keypad.o
 .data          0x20000004        0x0 ./main.o
 .data          0x20000004        0x0 ./tm4c123gh6pm_startup_ccs_gcc.o
 .data          0x20000004        0x0 C:/Users/basat/Downloads/uart/uart/libdriver.a(gpio.o)
 .data          0x20000004        0x0 C:/Users/basat/Downloads/uart/uart/libdriver.a(interrupt.o)
 .data          0x20000004        0x0 C:/Users/basat/Downloads/uart/uart/libdriver.a(sysctl.o)
 .data          0x20000004        0x0 C:/Users/basat/Downloads/uart/uart/libdriver.a(systick.o)
 .data          0x20000004        0x0 C:/Users/basat/Downloads/uart/uart/libdriver.a(uart.o)
 .data          0x20000004        0x0 C:/Users/basat/Downloads/uart/uart/libdriver.a(cpu.o)
 .data          0x20000004        0x0 c:/ti/ccs1250/ccs/tools/compiler/gcc-arm-none-eabi-9-2019-q4-major/bin/../lib/gcc/arm-none-eabi/9.2.1/thumb/v7e-m/nofp\libgcc.a(_arm_muldf3.o)
 .data          0x20000004        0x0 c:/ti/ccs1250/ccs/tools/compiler/gcc-arm-none-eabi-9-2019-q4-major/bin/../lib/gcc/arm-none-eabi/9.2.1/thumb/v7e-m/nofp\libgcc.a(_arm_addsubdf3.o)
 .data          0x20000004        0x0 c:/ti/ccs1250/ccs/tools/compiler/gcc-arm-none-eabi-9-2019-q4-major/bin/../lib/gcc/arm-none-eabi/9.2.1/thumb/v7e-m/nofp\libgcc.a(_arm_muldivdf3.o)
 .data          0x20000004        0x0 c:/ti/ccs1250/ccs/tools/compiler/gcc-arm-none-eabi-9-2019-q4-major/bin/../lib/gcc/arm-none-eabi/9.2.1/thumb/v7e-m/nofp\libgcc.a(_arm_truncdfsf2.o)
 .data          0x20000004        0x0 c:/ti/ccs1250/ccs/tools/compiler/gcc-arm-none-eabi-9-2019-q4-major/bin/../lib/gcc/arm-none-eabi/9.2.1/thumb/v7e-m/nofp\libgcc.a(_arm_fixsfsi.o)
 .data          0x20000004        0x0 c:/ti/ccs1250/ccs/tools/compiler/gcc-arm-none-eabi-9-2019-q4-major/bin/../lib/gcc/arm-none-eabi/9.2.1/../../../../arm-none-eabi/lib/thumb/v7e-m/nofp\libg.a(lib_a-atoi.o)
 .data          0x20000004        0x0 c:/ti/ccs1250/ccs/tools/compiler/gcc-arm-none-eabi-9-2019-q4-major/bin/../lib/gcc/arm-none-eabi/9.2.1/../../../../arm-none-eabi/lib/thumb/v7e-m/nofp\libg.a(lib_a-exit.o)
 .data          0x20000004        0x0 c:/ti/ccs1250/ccs/tools/compiler/gcc-arm-none-eabi-9-2019-q4-major/bin/../lib/gcc/arm-none-eabi/9.2.1/../../../../arm-none-eabi/lib/thumb/v7e-m/nofp\libg.a(lib_a-impure.o)
 .data          0x20000004        0x0 c:/ti/ccs1250/ccs/tools/compiler/gcc-arm-none-eabi-9-2019-q4-major/bin/../lib/gcc/arm-none-eabi/9.2.1/../../../../arm-none-eabi/lib/thumb/v7e-m/nofp\libg.a(lib_a-init.o)
 .data          0x20000004        0x0 c:/ti/ccs1250/ccs/tools/compiler/gcc-arm-none-eabi-9-2019-q4-major/bin/../lib/gcc/arm-none-eabi/9.2.1/../../../../arm-none-eabi/lib/thumb/v7e-m/nofp\libg.a(lib_a-memcpy.o)
 .data          0x20000004        0x0 c:/ti/ccs1250/ccs/tools/compiler/gcc-arm-none-eabi-9-2019-q4-major/bin/../lib/gcc/arm-none-eabi/9.2.1/../../../../arm-none-eabi/lib/thumb/v7e-m/nofp\libg.a(lib_a-memset.o)
 .data          0x20000004        0x0 c:/ti/ccs1250/ccs/tools/compiler/gcc-arm-none-eabi-9-2019-q4-major/bin/../lib/gcc/arm-none-eabi/9.2.1/../../../../arm-none-eabi/lib/thumb/v7e-m/nofp\libg.a(lib_a-strcmp.o)
 .data          0x20000004        0x0 c:/ti/ccs1250/ccs/tools/compiler/gcc-arm-none-eabi-9-2019-q4-major/bin/../lib/gcc/arm-none-eabi/9.2.1/../../../../arm-none-eabi/lib/thumb/v7e-m/nofp\libg.a(lib_a-strtol.o)
 .data          0x20000004        0x0 c:/ti/ccs1250/ccs/tools/compiler/gcc-arm-none-eabi-9-2019-q4-major/bin/../lib/gcc/arm-none-eabi/9.2.1/../../../../arm-none-eabi/lib/thumb/v7e-m/nofp\libg.a(lib_a-__call_atexit.o)
 .data          0x20000004        0x0 c:/ti/ccs1250/ccs/tools/compiler/gcc-arm-none-eabi-9-2019-q4-major/bin/../lib/gcc/arm-none-eabi/9.2.1/../../../../arm-none-eabi/lib/thumb/v7e-m/nofp\libg.a(lib_a-atexit.o)
 .data          0x20000004        0x0 c:/ti/ccs1250/ccs/tools/compiler/gcc-arm-none-eabi-9-2019-q4-major/bin/../lib/gcc/arm-none-eabi/9.2.1/../../../../arm-none-eabi/lib/thumb/v7e-m/nofp\libg.a(lib_a-ctype_.o)
 .data          0x20000004        0x0 c:/ti/ccs1250/ccs/tools/compiler/gcc-arm-none-eabi-9-2019-q4-major/bin/../lib/gcc/arm-none-eabi/9.2.1/../../../../arm-none-eabi/lib/thumb/v7e-m/nofp\libg.a(lib_a-fini.o)
 .data          0x20000004        0x0 c:/ti/ccs1250/ccs/tools/compiler/gcc-arm-none-eabi-9-2019-q4-major/bin/../lib/gcc/arm-none-eabi/9.2.1/../../../../arm-none-eabi/lib/thumb/v7e-m/nofp\libg.a(lib_a-lock.o)
 .data          0x20000004        0x0 c:/ti/ccs1250/ccs/tools/compiler/gcc-arm-none-eabi-9-2019-q4-major/bin/../lib/gcc/arm-none-eabi/9.2.1/../../../../arm-none-eabi/lib/thumb/v7e-m/nofp\libg.a(lib_a-__atexit.o)
 .data          0x20000004        0x0 c:/ti/ccs1250/ccs/tools/compiler/gcc-arm-none-eabi-9-2019-q4-major/bin/../lib/gcc/arm-none-eabi/9.2.1/../../../../arm-none-eabi/lib/thumb/v7e-m/nofp\libnosys.a(_exit.o)
 .data          0x20000004        0x0 c:/ti/ccs1250/ccs/tools/compiler/gcc-arm-none-eabi-9-2019-q4-major/bin/../lib/gcc/arm-none-eabi/9.2.1/thumb/v7e-m/nofp/crtend.o
 .data          0x20000004        0x0 c:/ti/ccs1250/ccs/tools/compiler/gcc-arm-none-eabi-9-2019-q4-major/bin/../lib/gcc/arm-none-eabi/9.2.1/thumb/v7e-m/nofp/crtn.o
 *(.data*)
 .data.ttt      0x20000004        0x9 ./main.o
                0x20000004                ttt
 *fill*         0x2000000d        0x3 
 .data.speed_count
                0x20000010        0x4 ./main.o
                0x20000010                speed_count
 .data.counter  0x20000014        0x4 ./main.o
                0x20000014                counter
 .data.pos0_data
                0x20000018        0x1 ./main.o
                0x20000018                pos0_data
 .data.pos1_data
                0x20000019        0x1 ./main.o
                0x20000019                pos1_data
 .data.pos2_data
                0x2000001a        0x1 ./main.o
                0x2000001a                pos2_data
 .data.pos3_data
                0x2000001b        0x1 ./main.o
                0x2000001b                pos3_data
 .data.data1    0x2000001c        0x1 ./main.o
                0x2000001c                data1
 .data.resume_pause
                0x2000001d        0x1 ./main.o
                0x2000001d                resume_pause
 *fill*         0x2000001e        0x2 
 .data._impure_ptr
                0x20000020        0x4 c:/ti/ccs1250/ccs/tools/compiler/gcc-arm-none-eabi-9-2019-q4-major/bin/../lib/gcc/arm-none-eabi/9.2.1/../../../../arm-none-eabi/lib/thumb/v7e-m/nofp\libg.a(lib_a-impure.o)
                0x20000020                _impure_ptr
 *fill*         0x20000024        0x4 
 .data.impure_data
                0x20000028      0x428 c:/ti/ccs1250/ccs/tools/compiler/gcc-arm-none-eabi-9-2019-q4-major/bin/../lib/gcc/arm-none-eabi/9.2.1/../../../../arm-none-eabi/lib/thumb/v7e-m/nofp\libg.a(lib_a-impure.o)
 .data.__atexit_recursive_mutex
                0x20000450        0x4 c:/ti/ccs1250/ccs/tools/compiler/gcc-arm-none-eabi-9-2019-q4-major/bin/../lib/gcc/arm-none-eabi/9.2.1/../../../../arm-none-eabi/lib/thumb/v7e-m/nofp\libg.a(lib_a-__call_atexit.o)
                0x20000450                __atexit_recursive_mutex
                0x20000454                . = ALIGN (0x4)
                0x20000454                __data_end__ = .

.igot.plt       0x20000454        0x0 load address 0x000056e8
 .igot.plt      0x20000454        0x0 c:/ti/ccs1250/ccs/tools/compiler/gcc-arm-none-eabi-9-2019-q4-major/bin/../lib/gcc/arm-none-eabi/9.2.1/thumb/v7e-m/nofp/crtbegin.o

vtable          0x20000800      0x26c load address 0x000056e8
 vtable         0x20000800      0x26c C:/Users/basat/Downloads/uart/uart/libdriver.a(interrupt.o)

.ARM.exidx      0x00005954        0x8
                0x00005954                __exidx_start = .
 *(.ARM.exidx* .gnu.linkonce.armexidx.*)
 .ARM.exidx     0x00005954        0x8 c:/ti/ccs1250/ccs/tools/compiler/gcc-arm-none-eabi-9-2019-q4-major/bin/../lib/gcc/arm-none-eabi/9.2.1/../../../../arm-none-eabi/lib/thumb/v7e-m/nofp/crt0.o
                0x0000595c                __exidx_end = .

.ARM.extab      0x0000595c        0x0
 *(.ARM.extab* .gnu.linkonce.armextab.*)
 .ARM.extab     0x0000595c        0x0 c:/ti/ccs1250/ccs/tools/compiler/gcc-arm-none-eabi-9-2019-q4-major/bin/../lib/gcc/arm-none-eabi/9.2.1/../../../../arm-none-eabi/lib/thumb/v7e-m/nofp/crt0.o

.rel.dyn        0x0000595c        0x0
 .rel.iplt      0x0000595c        0x0 c:/ti/ccs1250/ccs/tools/compiler/gcc-arm-none-eabi-9-2019-q4-major/bin/../lib/gcc/arm-none-eabi/9.2.1/thumb/v7e-m/nofp/crtbegin.o

.bss            0x20000a70      0x33c
                0x20000a70                __bss_start__ = .
 *(.shbss)
 *(.bss)
 .bss           0x20000a70        0x0 c:/ti/ccs1250/ccs/tools/compiler/gcc-arm-none-eabi-9-2019-q4-major/bin/../lib/gcc/arm-none-eabi/9.2.1/thumb/v7e-m/nofp/crti.o
 .bss           0x20000a70       0x1c c:/ti/ccs1250/ccs/tools/compiler/gcc-arm-none-eabi-9-2019-q4-major/bin/../lib/gcc/arm-none-eabi/9.2.1/thumb/v7e-m/nofp/crtbegin.o
 .bss           0x20000a8c        0x0 c:/ti/ccs1250/ccs/tools/compiler/gcc-arm-none-eabi-9-2019-q4-major/bin/../lib/gcc/arm-none-eabi/9.2.1/../../../../arm-none-eabi/lib/thumb/v7e-m/nofp/crt0.o
 .bss           0x20000a8c        0x0 ./GPIO.o
 .bss           0x20000a8c        0x0 ./keypad.o
 .bss           0x20000a8c        0x0 ./main.o
 .bss           0x20000a8c        0x0 ./tm4c123gh6pm_startup_ccs_gcc.o
 .bss           0x20000a8c        0x0 C:/Users/basat/Downloads/uart/uart/libdriver.a(gpio.o)
 .bss           0x20000a8c        0x0 C:/Users/basat/Downloads/uart/uart/libdriver.a(interrupt.o)
 .bss           0x20000a8c        0x0 C:/Users/basat/Downloads/uart/uart/libdriver.a(sysctl.o)
 .bss           0x20000a8c        0x0 C:/Users/basat/Downloads/uart/uart/libdriver.a(systick.o)
 .bss           0x20000a8c        0x0 C:/Users/basat/Downloads/uart/uart/libdriver.a(uart.o)
 .bss           0x20000a8c        0x0 C:/Users/basat/Downloads/uart/uart/libdriver.a(cpu.o)
 .bss           0x20000a8c        0x0 c:/ti/ccs1250/ccs/tools/compiler/gcc-arm-none-eabi-9-2019-q4-major/bin/../lib/gcc/arm-none-eabi/9.2.1/thumb/v7e-m/nofp\libgcc.a(_arm_muldf3.o)
 .bss           0x20000a8c        0x0 c:/ti/ccs1250/ccs/tools/compiler/gcc-arm-none-eabi-9-2019-q4-major/bin/../lib/gcc/arm-none-eabi/9.2.1/thumb/v7e-m/nofp\libgcc.a(_arm_addsubdf3.o)
 .bss           0x20000a8c        0x0 c:/ti/ccs1250/ccs/tools/compiler/gcc-arm-none-eabi-9-2019-q4-major/bin/../lib/gcc/arm-none-eabi/9.2.1/thumb/v7e-m/nofp\libgcc.a(_arm_muldivdf3.o)
 .bss           0x20000a8c        0x0 c:/ti/ccs1250/ccs/tools/compiler/gcc-arm-none-eabi-9-2019-q4-major/bin/../lib/gcc/arm-none-eabi/9.2.1/thumb/v7e-m/nofp\libgcc.a(_arm_truncdfsf2.o)
 .bss           0x20000a8c        0x0 c:/ti/ccs1250/ccs/tools/compiler/gcc-arm-none-eabi-9-2019-q4-major/bin/../lib/gcc/arm-none-eabi/9.2.1/thumb/v7e-m/nofp\libgcc.a(_arm_fixsfsi.o)
 .bss           0x20000a8c        0x0 c:/ti/ccs1250/ccs/tools/compiler/gcc-arm-none-eabi-9-2019-q4-major/bin/../lib/gcc/arm-none-eabi/9.2.1/../../../../arm-none-eabi/lib/thumb/v7e-m/nofp\libg.a(lib_a-atoi.o)
 .bss           0x20000a8c        0x0 c:/ti/ccs1250/ccs/tools/compiler/gcc-arm-none-eabi-9-2019-q4-major/bin/../lib/gcc/arm-none-eabi/9.2.1/../../../../arm-none-eabi/lib/thumb/v7e-m/nofp\libg.a(lib_a-exit.o)
 .bss           0x20000a8c        0x0 c:/ti/ccs1250/ccs/tools/compiler/gcc-arm-none-eabi-9-2019-q4-major/bin/../lib/gcc/arm-none-eabi/9.2.1/../../../../arm-none-eabi/lib/thumb/v7e-m/nofp\libg.a(lib_a-impure.o)
 .bss           0x20000a8c        0x0 c:/ti/ccs1250/ccs/tools/compiler/gcc-arm-none-eabi-9-2019-q4-major/bin/../lib/gcc/arm-none-eabi/9.2.1/../../../../arm-none-eabi/lib/thumb/v7e-m/nofp\libg.a(lib_a-init.o)
 .bss           0x20000a8c        0x0 c:/ti/ccs1250/ccs/tools/compiler/gcc-arm-none-eabi-9-2019-q4-major/bin/../lib/gcc/arm-none-eabi/9.2.1/../../../../arm-none-eabi/lib/thumb/v7e-m/nofp\libg.a(lib_a-memcpy.o)
 .bss           0x20000a8c        0x0 c:/ti/ccs1250/ccs/tools/compiler/gcc-arm-none-eabi-9-2019-q4-major/bin/../lib/gcc/arm-none-eabi/9.2.1/../../../../arm-none-eabi/lib/thumb/v7e-m/nofp\libg.a(lib_a-memset.o)
 .bss           0x20000a8c        0x0 c:/ti/ccs1250/ccs/tools/compiler/gcc-arm-none-eabi-9-2019-q4-major/bin/../lib/gcc/arm-none-eabi/9.2.1/../../../../arm-none-eabi/lib/thumb/v7e-m/nofp\libg.a(lib_a-strcmp.o)
 .bss           0x20000a8c        0x0 c:/ti/ccs1250/ccs/tools/compiler/gcc-arm-none-eabi-9-2019-q4-major/bin/../lib/gcc/arm-none-eabi/9.2.1/../../../../arm-none-eabi/lib/thumb/v7e-m/nofp\libg.a(lib_a-strtol.o)
 .bss           0x20000a8c        0x0 c:/ti/ccs1250/ccs/tools/compiler/gcc-arm-none-eabi-9-2019-q4-major/bin/../lib/gcc/arm-none-eabi/9.2.1/../../../../arm-none-eabi/lib/thumb/v7e-m/nofp\libg.a(lib_a-__call_atexit.o)
 .bss           0x20000a8c        0x0 c:/ti/ccs1250/ccs/tools/compiler/gcc-arm-none-eabi-9-2019-q4-major/bin/../lib/gcc/arm-none-eabi/9.2.1/../../../../arm-none-eabi/lib/thumb/v7e-m/nofp\libg.a(lib_a-atexit.o)
 .bss           0x20000a8c        0x0 c:/ti/ccs1250/ccs/tools/compiler/gcc-arm-none-eabi-9-2019-q4-major/bin/../lib/gcc/arm-none-eabi/9.2.1/../../../../arm-none-eabi/lib/thumb/v7e-m/nofp\libg.a(lib_a-ctype_.o)
 .bss           0x20000a8c        0x0 c:/ti/ccs1250/ccs/tools/compiler/gcc-arm-none-eabi-9-2019-q4-major/bin/../lib/gcc/arm-none-eabi/9.2.1/../../../../arm-none-eabi/lib/thumb/v7e-m/nofp\libg.a(lib_a-fini.o)
 .bss           0x20000a8c        0x0 c:/ti/ccs1250/ccs/tools/compiler/gcc-arm-none-eabi-9-2019-q4-major/bin/../lib/gcc/arm-none-eabi/9.2.1/../../../../arm-none-eabi/lib/thumb/v7e-m/nofp\libg.a(lib_a-lock.o)
 .bss           0x20000a8c        0x0 c:/ti/ccs1250/ccs/tools/compiler/gcc-arm-none-eabi-9-2019-q4-major/bin/../lib/gcc/arm-none-eabi/9.2.1/../../../../arm-none-eabi/lib/thumb/v7e-m/nofp\libg.a(lib_a-__atexit.o)
 .bss           0x20000a8c        0x0 c:/ti/ccs1250/ccs/tools/compiler/gcc-arm-none-eabi-9-2019-q4-major/bin/../lib/gcc/arm-none-eabi/9.2.1/../../../../arm-none-eabi/lib/thumb/v7e-m/nofp\libnosys.a(_exit.o)
 .bss           0x20000a8c        0x0 c:/ti/ccs1250/ccs/tools/compiler/gcc-arm-none-eabi-9-2019-q4-major/bin/../lib/gcc/arm-none-eabi/9.2.1/thumb/v7e-m/nofp/crtend.o
 .bss           0x20000a8c        0x0 c:/ti/ccs1250/ccs/tools/compiler/gcc-arm-none-eabi-9-2019-q4-major/bin/../lib/gcc/arm-none-eabi/9.2.1/thumb/v7e-m/nofp/crtn.o
 *(.bss.*)
 .bss.num       0x20000a8c        0x4 ./keypad.o
                0x20000a8c                num
 .bss.data      0x20000a90        0x4 ./main.o
                0x20000a90                data
 .bss.led_type  0x20000a94        0x4 ./main.o
                0x20000a94                led_type
 .bss.update    0x20000a98        0x4 ./main.o
                0x20000a98                update
 .bss.cmd_mode  0x20000a9c        0x4 ./main.o
                0x20000a9c                cmd_mode
 .bss.command_index
                0x20000aa0        0x4 ./main.o
                0x20000aa0                command_index
 .bss.led_cycle_count
                0x20000aa4        0x4 ./main.o
                0x20000aa4                led_cycle_count
 .bss.msec      0x20000aa8        0x4 ./main.o
                0x20000aa8                msec
 .bss.sec       0x20000aac        0x4 ./main.o
                0x20000aac                sec
 .bss.changed   0x20000ab0        0x4 ./main.o
                0x20000ab0                changed
 *fill*         0x20000ab4        0x4 
 .bss.millis    0x20000ab8        0x8 ./main.o
                0x20000ab8                millis
 .bss.coloumn_pressed
                0x20000ac0        0x4 ./main.o
                0x20000ac0                coloumn_pressed
 .bss.captured_time_sec
                0x20000ac4        0x4 ./main.o
                0x20000ac4                captured_time_sec
 .bss.captured_time_msec
                0x20000ac8        0x4 ./main.o
                0x20000ac8                captured_time_msec
 .bss.captured  0x20000acc        0x4 ./main.o
                0x20000acc                captured
 .bss.down_cnt  0x20000ad0        0x1 ./main.o
                0x20000ad0                down_cnt
 *fill*         0x20000ad1        0x3 
 .bss.d_msec    0x20000ad4        0x4 ./main.o
                0x20000ad4                d_msec
 .bss.d_sec     0x20000ad8        0x4 ./main.o
                0x20000ad8                d_sec
 .bss.flag      0x20000adc        0x4 ./main.o
                0x20000adc                flag
 .bss.valid     0x20000ae0        0x4 ./main.o
                0x20000ae0                valid
 .bss.inputs    0x20000ae4        0x4 ./main.o
                0x20000ae4                inputs
 .bss.command_type
                0x20000ae8        0x1 ./main.o
                0x20000ae8                command_type
 .bss.key_pressed
                0x20000ae9        0x1 ./main.o
                0x20000ae9                key_pressed
 .bss.start_stop
                0x20000aea        0x1 ./main.o
                0x20000aea                start_stop
 *fill*         0x20000aeb        0x1 
 .bss.mem_add   0x20000aec        0x4 ./main.o
                0x20000aec                mem_add
 .bss.user      0x20000af0        0x1 ./main.o
                0x20000af0                user
 .bss.full      0x20000af1        0x1 ./main.o
                0x20000af1                full
 .bss.empty     0x20000af2        0x1 ./main.o
                0x20000af2                empty
 *fill*         0x20000af3        0x1 
 .bss.new_game  0x20000af4        0x4 ./main.o
                0x20000af4                new_game
 .bss.pui32Stack
                0x20000af8      0x200 ./tm4c123gh6pm_startup_ccs_gcc.o
 *(COMMON)
 COMMON         0x20000cf8       0x14 ./keypad.o
                0x20000cf8                str
 COMMON         0x20000d0c       0x7a ./main.o
                0x20000d0c                parsed_cmnd1
                0x20000d14                start_version
                0x20000d18                mem_string
                0x20000d24                modify_cmnd
                0x20000d44                rx_val
                0x20000d64                parsed_cmnd2
                0x20000d6c                end_version
                0x20000d70                command_rxd
                0x20000d74                parsed_data
                0x20000d80                parsed_cmnd
 *fill*         0x20000d86        0x2 
 COMMON         0x20000d88       0x21 c:/ti/ccs1250/ccs/tools/compiler/gcc-arm-none-eabi-9-2019-q4-major/bin/../lib/gcc/arm-none-eabi/9.2.1/../../../../arm-none-eabi/lib/thumb/v7e-m/nofp\libg.a(lib_a-lock.o)
                0x20000d88                __lock___atexit_recursive_mutex
                0x20000d8c                __lock___arc4random_mutex
                0x20000d90                __lock___env_recursive_mutex
                0x20000d94                __lock___sinit_recursive_mutex
                0x20000d98                __lock___malloc_recursive_mutex
                0x20000d9c                __lock___at_quick_exit_mutex
                0x20000da0                __lock___dd_hash_mutex
                0x20000da4                __lock___tz_mutex
                0x20000da8                __lock___sfp_recursive_mutex
                0x20000dac                . = ALIGN (0x4)
 *fill*         0x20000da9        0x3 
                0x20000dac                __bss_end__ = .

.heap           0x20000dac        0x0
                0x20000dac                __heap_start__ = .
                0x20000dac                end = __heap_start__
                0x20000dac                _end = end
                0x20000dac                __end = end
 *(.heap)
                0x20000dac                __heap_end__ = .
                0x20000dac                __HeapLimit = __heap_end__

.stack          0x20000db0        0x0
                0x20000db0                _stack = .
                0x20000db0                __stack = .
 *(.stack)
START GROUP
LOAD C:/Users/basat/Downloads/uart/uart/libdriver.a
END GROUP
START GROUP
LOAD c:/ti/ccs1250/ccs/tools/compiler/gcc-arm-none-eabi-9-2019-q4-major/bin/../lib/gcc/arm-none-eabi/9.2.1/thumb/v7e-m/nofp\libgcc.a
LOAD c:/ti/ccs1250/ccs/tools/compiler/gcc-arm-none-eabi-9-2019-q4-major/bin/../lib/gcc/arm-none-eabi/9.2.1/../../../../arm-none-eabi/lib/thumb/v7e-m/nofp\libg.a
LOAD c:/ti/ccs1250/ccs/tools/compiler/gcc-arm-none-eabi-9-2019-q4-major/bin/../lib/gcc/arm-none-eabi/9.2.1/../../../../arm-none-eabi/lib/thumb/v7e-m/nofp\libc.a
END GROUP
START GROUP
LOAD c:/ti/ccs1250/ccs/tools/compiler/gcc-arm-none-eabi-9-2019-q4-major/bin/../lib/gcc/arm-none-eabi/9.2.1/thumb/v7e-m/nofp\libgcc.a
LOAD c:/ti/ccs1250/ccs/tools/compiler/gcc-arm-none-eabi-9-2019-q4-major/bin/../lib/gcc/arm-none-eabi/9.2.1/../../../../arm-none-eabi/lib/thumb/v7e-m/nofp\libc.a
LOAD c:/ti/ccs1250/ccs/tools/compiler/gcc-arm-none-eabi-9-2019-q4-major/bin/../lib/gcc/arm-none-eabi/9.2.1/../../../../arm-none-eabi/lib/thumb/v7e-m/nofp\libnosys.a
END GROUP
LOAD c:/ti/ccs1250/ccs/tools/compiler/gcc-arm-none-eabi-9-2019-q4-major/bin/../lib/gcc/arm-none-eabi/9.2.1/thumb/v7e-m/nofp/crtend.o
LOAD c:/ti/ccs1250/ccs/tools/compiler/gcc-arm-none-eabi-9-2019-q4-major/bin/../lib/gcc/arm-none-eabi/9.2.1/thumb/v7e-m/nofp/crtn.o
OUTPUT(adc_pwm_v2.out elf32-littlearm)

.ARM.attributes
                0x00000000       0x2e
 .ARM.attributes
                0x00000000       0x1e c:/ti/ccs1250/ccs/tools/compiler/gcc-arm-none-eabi-9-2019-q4-major/bin/../lib/gcc/arm-none-eabi/9.2.1/thumb/v7e-m/nofp/crti.o
 .ARM.attributes
                0x0000001e       0x2e c:/ti/ccs1250/ccs/tools/compiler/gcc-arm-none-eabi-9-2019-q4-major/bin/../lib/gcc/arm-none-eabi/9.2.1/thumb/v7e-m/nofp/crtbegin.o
 .ARM.attributes
                0x0000004c       0x1c c:/ti/ccs1250/ccs/tools/compiler/gcc-arm-none-eabi-9-2019-q4-major/bin/../lib/gcc/arm-none-eabi/9.2.1/../../../../arm-none-eabi/lib/thumb/v7e-m/nofp/crt0.o
 .ARM.attributes
                0x00000068       0x2e ./GPIO.o
 .ARM.attributes
                0x00000096       0x2e ./keypad.o
 .ARM.attributes
                0x000000c4       0x2e ./main.o
 .ARM.attributes
                0x000000f2       0x2e ./tm4c123gh6pm_startup_ccs_gcc.o
 .ARM.attributes
                0x00000120       0x32 C:/Users/basat/Downloads/uart/uart/libdriver.a(gpio.o)
 .ARM.attributes
                0x00000152       0x32 C:/Users/basat/Downloads/uart/uart/libdriver.a(interrupt.o)
 .ARM.attributes
                0x00000184       0x32 C:/Users/basat/Downloads/uart/uart/libdriver.a(sysctl.o)
 .ARM.attributes
                0x000001b6       0x32 C:/Users/basat/Downloads/uart/uart/libdriver.a(systick.o)
 .ARM.attributes
                0x000001e8       0x32 C:/Users/basat/Downloads/uart/uart/libdriver.a(uart.o)
 .ARM.attributes
                0x0000021a       0x32 C:/Users/basat/Downloads/uart/uart/libdriver.a(cpu.o)
 .ARM.attributes
                0x0000024c       0x1e c:/ti/ccs1250/ccs/tools/compiler/gcc-arm-none-eabi-9-2019-q4-major/bin/../lib/gcc/arm-none-eabi/9.2.1/thumb/v7e-m/nofp\libgcc.a(_arm_muldf3.o)
 .ARM.attributes
                0x0000026a       0x1e c:/ti/ccs1250/ccs/tools/compiler/gcc-arm-none-eabi-9-2019-q4-major/bin/../lib/gcc/arm-none-eabi/9.2.1/thumb/v7e-m/nofp\libgcc.a(_arm_addsubdf3.o)
 .ARM.attributes
                0x00000288       0x1e c:/ti/ccs1250/ccs/tools/compiler/gcc-arm-none-eabi-9-2019-q4-major/bin/../lib/gcc/arm-none-eabi/9.2.1/thumb/v7e-m/nofp\libgcc.a(_arm_muldivdf3.o)
 .ARM.attributes
                0x000002a6       0x1e c:/ti/ccs1250/ccs/tools/compiler/gcc-arm-none-eabi-9-2019-q4-major/bin/../lib/gcc/arm-none-eabi/9.2.1/thumb/v7e-m/nofp\libgcc.a(_arm_truncdfsf2.o)
 .ARM.attributes
                0x000002c4       0x1e c:/ti/ccs1250/ccs/tools/compiler/gcc-arm-none-eabi-9-2019-q4-major/bin/../lib/gcc/arm-none-eabi/9.2.1/thumb/v7e-m/nofp\libgcc.a(_arm_fixsfsi.o)
 .ARM.attributes
                0x000002e2       0x2e c:/ti/ccs1250/ccs/tools/compiler/gcc-arm-none-eabi-9-2019-q4-major/bin/../lib/gcc/arm-none-eabi/9.2.1/../../../../arm-none-eabi/lib/thumb/v7e-m/nofp\libg.a(lib_a-atoi.o)
 .ARM.attributes
                0x00000310       0x2e c:/ti/ccs1250/ccs/tools/compiler/gcc-arm-none-eabi-9-2019-q4-major/bin/../lib/gcc/arm-none-eabi/9.2.1/../../../../arm-none-eabi/lib/thumb/v7e-m/nofp\libg.a(lib_a-exit.o)
 .ARM.attributes
                0x0000033e       0x2e c:/ti/ccs1250/ccs/tools/compiler/gcc-arm-none-eabi-9-2019-q4-major/bin/../lib/gcc/arm-none-eabi/9.2.1/../../../../arm-none-eabi/lib/thumb/v7e-m/nofp\libg.a(lib_a-impure.o)
 .ARM.attributes
                0x0000036c       0x2e c:/ti/ccs1250/ccs/tools/compiler/gcc-arm-none-eabi-9-2019-q4-major/bin/../lib/gcc/arm-none-eabi/9.2.1/../../../../arm-none-eabi/lib/thumb/v7e-m/nofp\libg.a(lib_a-init.o)
 .ARM.attributes
                0x0000039a       0x1c c:/ti/ccs1250/ccs/tools/compiler/gcc-arm-none-eabi-9-2019-q4-major/bin/../lib/gcc/arm-none-eabi/9.2.1/../../../../arm-none-eabi/lib/thumb/v7e-m/nofp\libg.a(lib_a-memcpy.o)
 .ARM.attributes
                0x000003b6       0x2e c:/ti/ccs1250/ccs/tools/compiler/gcc-arm-none-eabi-9-2019-q4-major/bin/../lib/gcc/arm-none-eabi/9.2.1/../../../../arm-none-eabi/lib/thumb/v7e-m/nofp\libg.a(lib_a-memset.o)
 .ARM.attributes
                0x000003e4       0x1c c:/ti/ccs1250/ccs/tools/compiler/gcc-arm-none-eabi-9-2019-q4-major/bin/../lib/gcc/arm-none-eabi/9.2.1/../../../../arm-none-eabi/lib/thumb/v7e-m/nofp\libg.a(lib_a-strcmp.o)
 .ARM.attributes
                0x00000400       0x2e c:/ti/ccs1250/ccs/tools/compiler/gcc-arm-none-eabi-9-2019-q4-major/bin/../lib/gcc/arm-none-eabi/9.2.1/../../../../arm-none-eabi/lib/thumb/v7e-m/nofp\libg.a(lib_a-strtol.o)
 .ARM.attributes
                0x0000042e       0x2e c:/ti/ccs1250/ccs/tools/compiler/gcc-arm-none-eabi-9-2019-q4-major/bin/../lib/gcc/arm-none-eabi/9.2.1/../../../../arm-none-eabi/lib/thumb/v7e-m/nofp\libg.a(lib_a-__call_atexit.o)
 .ARM.attributes
                0x0000045c       0x2e c:/ti/ccs1250/ccs/tools/compiler/gcc-arm-none-eabi-9-2019-q4-major/bin/../lib/gcc/arm-none-eabi/9.2.1/../../../../arm-none-eabi/lib/thumb/v7e-m/nofp\libg.a(lib_a-atexit.o)
 .ARM.attributes
                0x0000048a       0x2e c:/ti/ccs1250/ccs/tools/compiler/gcc-arm-none-eabi-9-2019-q4-major/bin/../lib/gcc/arm-none-eabi/9.2.1/../../../../arm-none-eabi/lib/thumb/v7e-m/nofp\libg.a(lib_a-ctype_.o)
 .ARM.attributes
                0x000004b8       0x2e c:/ti/ccs1250/ccs/tools/compiler/gcc-arm-none-eabi-9-2019-q4-major/bin/../lib/gcc/arm-none-eabi/9.2.1/../../../../arm-none-eabi/lib/thumb/v7e-m/nofp\libg.a(lib_a-fini.o)
 .ARM.attributes
                0x000004e6       0x2e c:/ti/ccs1250/ccs/tools/compiler/gcc-arm-none-eabi-9-2019-q4-major/bin/../lib/gcc/arm-none-eabi/9.2.1/../../../../arm-none-eabi/lib/thumb/v7e-m/nofp\libg.a(lib_a-lock.o)
 .ARM.attributes
                0x00000514       0x2e c:/ti/ccs1250/ccs/tools/compiler/gcc-arm-none-eabi-9-2019-q4-major/bin/../lib/gcc/arm-none-eabi/9.2.1/../../../../arm-none-eabi/lib/thumb/v7e-m/nofp\libg.a(lib_a-__atexit.o)
 .ARM.attributes
                0x00000542       0x2e c:/ti/ccs1250/ccs/tools/compiler/gcc-arm-none-eabi-9-2019-q4-major/bin/../lib/gcc/arm-none-eabi/9.2.1/../../../../arm-none-eabi/lib/thumb/v7e-m/nofp\libnosys.a(_exit.o)
 .ARM.attributes
                0x00000570       0x2e c:/ti/ccs1250/ccs/tools/compiler/gcc-arm-none-eabi-9-2019-q4-major/bin/../lib/gcc/arm-none-eabi/9.2.1/thumb/v7e-m/nofp/crtend.o
 .ARM.attributes
                0x0000059e       0x1e c:/ti/ccs1250/ccs/tools/compiler/gcc-arm-none-eabi-9-2019-q4-major/bin/../lib/gcc/arm-none-eabi/9.2.1/thumb/v7e-m/nofp/crtn.o

.comment        0x00000000       0x79
 .comment       0x00000000       0x79 ./GPIO.o
                                 0x7a (size before relaxing)
 .comment       0x00000079       0x7a ./keypad.o
 .comment       0x00000079       0x7a ./main.o
 .comment       0x00000079       0x7a ./tm4c123gh6pm_startup_ccs_gcc.o
 .comment       0x00000079       0x7a C:/Users/basat/Downloads/uart/uart/libdriver.a(gpio.o)
 .comment       0x00000079       0x7a C:/Users/basat/Downloads/uart/uart/libdriver.a(interrupt.o)
 .comment       0x00000079       0x7a C:/Users/basat/Downloads/uart/uart/libdriver.a(sysctl.o)
 .comment       0x00000079       0x7a C:/Users/basat/Downloads/uart/uart/libdriver.a(systick.o)
 .comment       0x00000079       0x7a C:/Users/basat/Downloads/uart/uart/libdriver.a(uart.o)
 .comment       0x00000079       0x7a C:/Users/basat/Downloads/uart/uart/libdriver.a(cpu.o)

.debug_info     0x00000000     0x29cc
 .debug_info    0x00000000      0xa08 ./GPIO.o
 .debug_info    0x00000a08      0xa18 ./keypad.o
 .debug_info    0x00001420     0x1305 ./main.o
 .debug_info    0x00002725      0x2a7 ./tm4c123gh6pm_startup_ccs_gcc.o

.debug_abbrev   0x00000000      0x852
 .debug_abbrev  0x00000000      0x1d0 ./GPIO.o
 .debug_abbrev  0x000001d0      0x23d ./keypad.o
 .debug_abbrev  0x0000040d      0x340 ./main.o
 .debug_abbrev  0x0000074d      0x105 ./tm4c123gh6pm_startup_ccs_gcc.o

.debug_aranges  0x00000000      0x190
 .debug_aranges
                0x00000000       0x68 ./GPIO.o
 .debug_aranges
                0x00000068       0x38 ./keypad.o
 .debug_aranges
                0x000000a0       0xa8 ./main.o
 .debug_aranges
                0x00000148       0x48 ./tm4c123gh6pm_startup_ccs_gcc.o

.debug_ranges   0x00000000      0x198
 .debug_ranges  0x00000000       0x58 ./GPIO.o
 .debug_ranges  0x00000058       0x28 ./keypad.o
 .debug_ranges  0x00000080       0xe0 ./main.o
 .debug_ranges  0x00000160       0x38 ./tm4c123gh6pm_startup_ccs_gcc.o

.debug_line     0x00000000     0x1559
 .debug_line    0x00000000      0x31d ./GPIO.o
 .debug_line    0x0000031d      0x2fe ./keypad.o
 .debug_line    0x0000061b      0xcd4 ./main.o
 .debug_line    0x000012ef      0x26a ./tm4c123gh6pm_startup_ccs_gcc.o

.debug_str      0x00000000      0x9a4
 .debug_str     0x00000000      0x5ae ./GPIO.o
                                0x61a (size before relaxing)
 .debug_str     0x000005ae       0x42 ./keypad.o
                                0x5c8 (size before relaxing)
 .debug_str     0x000005f0      0x2f9 ./main.o
                                0x8a8 (size before relaxing)
 .debug_str     0x000008e9       0xbb ./tm4c123gh6pm_startup_ccs_gcc.o
                                0x31a (size before relaxing)

.debug_frame    0x00000000      0x9f4
 .debug_frame   0x00000000      0x150 ./GPIO.o
 .debug_frame   0x00000150       0x98 ./keypad.o
 .debug_frame   0x000001e8      0x284 ./main.o
 .debug_frame   0x0000046c       0xbc ./tm4c123gh6pm_startup_ccs_gcc.o
 .debug_frame   0x00000528       0x30 c:/ti/ccs1250/ccs/tools/compiler/gcc-arm-none-eabi-9-2019-q4-major/bin/../lib/gcc/arm-none-eabi/9.2.1/thumb/v7e-m/nofp\libgcc.a(_arm_muldf3.o)
 .debug_frame   0x00000558       0xac c:/ti/ccs1250/ccs/tools/compiler/gcc-arm-none-eabi-9-2019-q4-major/bin/../lib/gcc/arm-none-eabi/9.2.1/thumb/v7e-m/nofp\libgcc.a(_arm_addsubdf3.o)
 .debug_frame   0x00000604       0x50 c:/ti/ccs1250/ccs/tools/compiler/gcc-arm-none-eabi-9-2019-q4-major/bin/../lib/gcc/arm-none-eabi/9.2.1/thumb/v7e-m/nofp\libgcc.a(_arm_muldivdf3.o)
 .debug_frame   0x00000654       0x24 c:/ti/ccs1250/ccs/tools/compiler/gcc-arm-none-eabi-9-2019-q4-major/bin/../lib/gcc/arm-none-eabi/9.2.1/thumb/v7e-m/nofp\libgcc.a(_arm_truncdfsf2.o)
 .debug_frame   0x00000678       0x24 c:/ti/ccs1250/ccs/tools/compiler/gcc-arm-none-eabi-9-2019-q4-major/bin/../lib/gcc/arm-none-eabi/9.2.1/thumb/v7e-m/nofp\libgcc.a(_arm_fixsfsi.o)
 .debug_frame   0x0000069c       0x30 c:/ti/ccs1250/ccs/tools/compiler/gcc-arm-none-eabi-9-2019-q4-major/bin/../lib/gcc/arm-none-eabi/9.2.1/../../../../arm-none-eabi/lib/thumb/v7e-m/nofp\libg.a(lib_a-atoi.o)
 .debug_frame   0x000006cc       0x28 c:/ti/ccs1250/ccs/tools/compiler/gcc-arm-none-eabi-9-2019-q4-major/bin/../lib/gcc/arm-none-eabi/9.2.1/../../../../arm-none-eabi/lib/thumb/v7e-m/nofp\libg.a(lib_a-exit.o)
 .debug_frame   0x000006f4       0x2c c:/ti/ccs1250/ccs/tools/compiler/gcc-arm-none-eabi-9-2019-q4-major/bin/../lib/gcc/arm-none-eabi/9.2.1/../../../../arm-none-eabi/lib/thumb/v7e-m/nofp\libg.a(lib_a-init.o)
 .debug_frame   0x00000720       0x38 c:/ti/ccs1250/ccs/tools/compiler/gcc-arm-none-eabi-9-2019-q4-major/bin/../lib/gcc/arm-none-eabi/9.2.1/../../../../arm-none-eabi/lib/thumb/v7e-m/nofp\libg.a(lib_a-memset.o)
 .debug_frame   0x00000758       0x68 c:/ti/ccs1250/ccs/tools/compiler/gcc-arm-none-eabi-9-2019-q4-major/bin/../lib/gcc/arm-none-eabi/9.2.1/../../../../arm-none-eabi/lib/thumb/v7e-m/nofp\libg.a(lib_a-strcmp.o)
 .debug_frame   0x000007c0       0x80 c:/ti/ccs1250/ccs/tools/compiler/gcc-arm-none-eabi-9-2019-q4-major/bin/../lib/gcc/arm-none-eabi/9.2.1/../../../../arm-none-eabi/lib/thumb/v7e-m/nofp\libg.a(lib_a-strtol.o)
 .debug_frame   0x00000840       0x5c c:/ti/ccs1250/ccs/tools/compiler/gcc-arm-none-eabi-9-2019-q4-major/bin/../lib/gcc/arm-none-eabi/9.2.1/../../../../arm-none-eabi/lib/thumb/v7e-m/nofp\libg.a(lib_a-__call_atexit.o)
 .debug_frame   0x0000089c       0x20 c:/ti/ccs1250/ccs/tools/compiler/gcc-arm-none-eabi-9-2019-q4-major/bin/../lib/gcc/arm-none-eabi/9.2.1/../../../../arm-none-eabi/lib/thumb/v7e-m/nofp\libg.a(lib_a-atexit.o)
 .debug_frame   0x000008bc       0x34 c:/ti/ccs1250/ccs/tools/compiler/gcc-arm-none-eabi-9-2019-q4-major/bin/../lib/gcc/arm-none-eabi/9.2.1/../../../../arm-none-eabi/lib/thumb/v7e-m/nofp\libg.a(lib_a-fini.o)
 .debug_frame   0x000008f0       0xb0 c:/ti/ccs1250/ccs/tools/compiler/gcc-arm-none-eabi-9-2019-q4-major/bin/../lib/gcc/arm-none-eabi/9.2.1/../../../../arm-none-eabi/lib/thumb/v7e-m/nofp\libg.a(lib_a-lock.o)
 .debug_frame   0x000009a0       0x34 c:/ti/ccs1250/ccs/tools/compiler/gcc-arm-none-eabi-9-2019-q4-major/bin/../lib/gcc/arm-none-eabi/9.2.1/../../../../arm-none-eabi/lib/thumb/v7e-m/nofp\libg.a(lib_a-__atexit.o)
 .debug_frame   0x000009d4       0x20 c:/ti/ccs1250/ccs/tools/compiler/gcc-arm-none-eabi-9-2019-q4-major/bin/../lib/gcc/arm-none-eabi/9.2.1/../../../../arm-none-eabi/lib/thumb/v7e-m/nofp\libnosys.a(_exit.o)