Archive member included to satisfy reference by file (symbol)

C:/Users/basat/Downloads/uart/uart/libdriver.a(gpio.o)
                              ./main.o (GPIOPinTypeUART)
C:/Users/basat/Downloads/uart/uart/libdriver.a(interrupt.o)
                              C:/Users/basat/Downloads/uart/uart/libdriver.a(gpio.o) (IntRegister)
C:/Users/basat/Downloads/uart/uart/libdriver.a(sysctl.o)
                              ./main.o (SysCtlPeripheralEnable)
C:/Users/basat/Downloads/uart/uart/libdriver.a(systick.o)
                              ./main.o (SysTickEnable)
C:/Users/basat/Downloads/uart/uart/libdriver.a(uart.o)
                              ./main.o (UARTConfigSetExpClk)
C:/Users/basat/Downloads/uart/uart/libdriver.a(cpu.o)
                              C:/Users/basat/Downloads/uart/uart/libdriver.a(interrupt.o) (CPUcpsid)
c:/ti/ccs1250/ccs/tools/compiler/gcc-arm-none-eabi-9-2019-q4-major/bin/../lib/gcc/arm-none-eabi/9.2.1/../../../../arm-none-eabi/lib/thumb/v7e-m/nofp\libg.a(lib_a-exit.o)
                              c:/ti/ccs1250/ccs/tools/compiler/gcc-arm-none-eabi-9-2019-q4-major/bin/../lib/gcc/arm-none-eabi/9.2.1/../../../../arm-none-eabi/lib/thumb/v7e-m/nofp/crt0.o (exit)
c:/ti/ccs1250/ccs/tools/compiler/gcc-arm-none-eabi-9-2019-q4-major/bin/../lib/gcc/arm-none-eabi/9.2.1/../../../../arm-none-eabi/lib/thumb/v7e-m/nofp\libg.a(lib_a-impure.o)
                              c:/ti/ccs1250/ccs/tools/compiler/gcc-arm-none-eabi-9-2019-q4-major/bin/../lib/gcc/arm-none-eabi/9.2.1/../../../../arm-none-eabi/lib/thumb/v7e-m/nofp\libg.a(lib_a-exit.o) (_global_impure_ptr)
c:/ti/ccs1250/ccs/tools/compiler/gcc-arm-none-eabi-9-2019-q4-major/bin/../lib/gcc/arm-none-eabi/9.2.1/../../../../arm-none-eabi/lib/thumb/v7e-m/nofp\libg.a(lib_a-init.o)
                              c:/ti/ccs1250/ccs/tools/compiler/gcc-arm-none-eabi-9-2019-q4-major/bin/../lib/gcc/arm-none-eabi/9.2.1/../../../../arm-none-eabi/lib/thumb/v7e-m/nofp/crt0.o (__libc_init_array)
c:/ti/ccs1250/ccs/tools/compiler/gcc-arm-none-eabi-9-2019-q4-major/bin/../lib/gcc/arm-none-eabi/9.2.1/../../../../arm-none-eabi/lib/thumb/v7e-m/nofp\libg.a(lib_a-malloc.o)
                              ./bare_rtos_queue.o (malloc)
c:/ti/ccs1250/ccs/tools/compiler/gcc-arm-none-eabi-9-2019-q4-major/bin/../lib/gcc/arm-none-eabi/9.2.1/../../../../arm-none-eabi/lib/thumb/v7e-m/nofp\libg.a(lib_a-mallocr.o)
                              c:/ti/ccs1250/ccs/tools/compiler/gcc-arm-none-eabi-9-2019-q4-major/bin/../lib/gcc/arm-none-eabi/9.2.1/../../../../arm-none-eabi/lib/thumb/v7e-m/nofp\libg.a(lib_a-malloc.o) (_malloc_r)
c:/ti/ccs1250/ccs/tools/compiler/gcc-arm-none-eabi-9-2019-q4-major/bin/../lib/gcc/arm-none-eabi/9.2.1/../../../../arm-none-eabi/lib/thumb/v7e-m/nofp\libg.a(lib_a-memset.o)
                              c:/ti/ccs1250/ccs/tools/compiler/gcc-arm-none-eabi-9-2019-q4-major/bin/../lib/gcc/arm-none-eabi/9.2.1/../../../../arm-none-eabi/lib/thumb/v7e-m/nofp/crt0.o (memset)
c:/ti/ccs1250/ccs/tools/compiler/gcc-arm-none-eabi-9-2019-q4-major/bin/../lib/gcc/arm-none-eabi/9.2.1/../../../../arm-none-eabi/lib/thumb/v7e-m/nofp\libg.a(lib_a-mlock.o)
                              c:/ti/ccs1250/ccs/tools/compiler/gcc-arm-none-eabi-9-2019-q4-major/bin/../lib/gcc/arm-none-eabi/9.2.1/../../../../arm-none-eabi/lib/thumb/v7e-m/nofp\libg.a(lib_a-mallocr.o) (__malloc_lock)
c:/ti/ccs1250/ccs/tools/compiler/gcc-arm-none-eabi-9-2019-q4-major/bin/../lib/gcc/arm-none-eabi/9.2.1/../../../../arm-none-eabi/lib/thumb/v7e-m/nofp\libg.a(lib_a-sbrkr.o)
                              c:/ti/ccs1250/ccs/tools/compiler/gcc-arm-none-eabi-9-2019-q4-major/bin/../lib/gcc/arm-none-eabi/9.2.1/../../../../arm-none-eabi/lib/thumb/v7e-m/nofp\libg.a(lib_a-mallocr.o) (_sbrk_r)
c:/ti/ccs1250/ccs/tools/compiler/gcc-arm-none-eabi-9-2019-q4-major/bin/../lib/gcc/arm-none-eabi/9.2.1/../../../../arm-none-eabi/lib/thumb/v7e-m/nofp\libg.a(lib_a-__call_atexit.o)
                              c:/ti/ccs1250/ccs/tools/compiler/gcc-arm-none-eabi-9-2019-q4-major/bin/../lib/gcc/arm-none-eabi/9.2.1/../../../../arm-none-eabi/lib/thumb/v7e-m/nofp\libg.a(lib_a-exit.o) (__call_exitprocs)
c:/ti/ccs1250/ccs/tools/compiler/gcc-arm-none-eabi-9-2019-q4-major/bin/../lib/gcc/arm-none-eabi/9.2.1/../../../../arm-none-eabi/lib/thumb/v7e-m/nofp\libg.a(lib_a-atexit.o)
                              c:/ti/ccs1250/ccs/tools/compiler/gcc-arm-none-eabi-9-2019-q4-major/bin/../lib/gcc/arm-none-eabi/9.2.1/../../../../arm-none-eabi/lib/thumb/v7e-m/nofp\libg.a(lib_a-__call_atexit.o) (atexit)
c:/ti/ccs1250/ccs/tools/compiler/gcc-arm-none-eabi-9-2019-q4-major/bin/../lib/gcc/arm-none-eabi/9.2.1/../../../../arm-none-eabi/lib/thumb/v7e-m/nofp\libg.a(lib_a-fini.o)
                              c:/ti/ccs1250/ccs/tools/compiler/gcc-arm-none-eabi-9-2019-q4-major/bin/../lib/gcc/arm-none-eabi/9.2.1/../../../../arm-none-eabi/lib/thumb/v7e-m/nofp\libg.a(lib_a-__call_atexit.o) (__libc_fini_array)
c:/ti/ccs1250/ccs/tools/compiler/gcc-arm-none-eabi-9-2019-q4-major/bin/../lib/gcc/arm-none-eabi/9.2.1/../../../../arm-none-eabi/lib/thumb/v7e-m/nofp\libg.a(lib_a-freer.o)
                              c:/ti/ccs1250/ccs/tools/compiler/gcc-arm-none-eabi-9-2019-q4-major/bin/../lib/gcc/arm-none-eabi/9.2.1/../../../../arm-none-eabi/lib/thumb/v7e-m/nofp\libg.a(lib_a-malloc.o) (_free_r)
c:/ti/ccs1250/ccs/tools/compiler/gcc-arm-none-eabi-9-2019-q4-major/bin/../lib/gcc/arm-none-eabi/9.2.1/../../../../arm-none-eabi/lib/thumb/v7e-m/nofp\libg.a(lib_a-lock.o)
                              c:/ti/ccs1250/ccs/tools/compiler/gcc-arm-none-eabi-9-2019-q4-major/bin/../lib/gcc/arm-none-eabi/9.2.1/../../../../arm-none-eabi/lib/thumb/v7e-m/nofp\libg.a(lib_a-mlock.o) (__retarget_lock_acquire_recursive)
c:/ti/ccs1250/ccs/tools/compiler/gcc-arm-none-eabi-9-2019-q4-major/bin/../lib/gcc/arm-none-eabi/9.2.1/../../../../arm-none-eabi/lib/thumb/v7e-m/nofp\libg.a(lib_a-reent.o)
                              c:/ti/ccs1250/ccs/tools/compiler/gcc-arm-none-eabi-9-2019-q4-major/bin/../lib/gcc/arm-none-eabi/9.2.1/../../../../arm-none-eabi/lib/thumb/v7e-m/nofp\libg.a(lib_a-sbrkr.o) (errno)
c:/ti/ccs1250/ccs/tools/compiler/gcc-arm-none-eabi-9-2019-q4-major/bin/../lib/gcc/arm-none-eabi/9.2.1/../../../../arm-none-eabi/lib/thumb/v7e-m/nofp\libg.a(lib_a-__atexit.o)
                              c:/ti/ccs1250/ccs/tools/compiler/gcc-arm-none-eabi-9-2019-q4-major/bin/../lib/gcc/arm-none-eabi/9.2.1/../../../../arm-none-eabi/lib/thumb/v7e-m/nofp\libg.a(lib_a-atexit.o) (__register_exitproc)
c:/ti/ccs1250/ccs/tools/compiler/gcc-arm-none-eabi-9-2019-q4-major/bin/../lib/gcc/arm-none-eabi/9.2.1/../../../../arm-none-eabi/lib/thumb/v7e-m/nofp\libnosys.a(sbrk.o)
                              c:/ti/ccs1250/ccs/tools/compiler/gcc-arm-none-eabi-9-2019-q4-major/bin/../lib/gcc/arm-none-eabi/9.2.1/../../../../arm-none-eabi/lib/thumb/v7e-m/nofp\libg.a(lib_a-sbrkr.o) (_sbrk)
c:/ti/ccs1250/ccs/tools/compiler/gcc-arm-none-eabi-9-2019-q4-major/bin/../lib/gcc/arm-none-eabi/9.2.1/../../../../arm-none-eabi/lib/thumb/v7e-m/nofp\libnosys.a(_exit.o)
                              c:/ti/ccs1250/ccs/tools/compiler/gcc-arm-none-eabi-9-2019-q4-major/bin/../lib/gcc/arm-none-eabi/9.2.1/../../../../arm-none-eabi/lib/thumb/v7e-m/nofp\libg.a(lib_a-exit.o) (_exit)

Allocating common symbols
Common symbol       size              file

__lock___atexit_recursive_mutex
                    0x1               c:/ti/ccs1250/ccs/tools/compiler/gcc-arm-none-eabi-9-2019-q4-major/bin/../lib/gcc/arm-none-eabi/9.2.1/../../../../arm-none-eabi/lib/thumb/v7e-m/nofp\libg.a(lib_a-lock.o)
__lock___arc4random_mutex
                    0x1               c:/ti/ccs1250/ccs/tools/compiler/gcc-arm-none-eabi-9-2019-q4-major/bin/../lib/gcc/arm-none-eabi/9.2.1/../../../../arm-none-eabi/lib/thumb/v7e-m/nofp\libg.a(lib_a-lock.o)
head_node           0x4               ./main.o
errno               0x4               c:/ti/ccs1250/ccs/tools/compiler/gcc-arm-none-eabi-9-2019-q4-major/bin/../lib/gcc/arm-none-eabi/9.2.1/../../../../arm-none-eabi/lib/thumb/v7e-m/nofp\libg.a(lib_a-reent.o)
__lock___env_recursive_mutex
                    0x1               c:/ti/ccs1250/ccs/tools/compiler/gcc-arm-none-eabi-9-2019-q4-major/bin/../lib/gcc/arm-none-eabi/9.2.1/../../../../arm-none-eabi/lib/thumb/v7e-m/nofp\libg.a(lib_a-lock.o)
__lock___sinit_recursive_mutex
                    0x1               c:/ti/ccs1250/ccs/tools/compiler/gcc-arm-none-eabi-9-2019-q4-major/bin/../lib/gcc/arm-none-eabi/9.2.1/../../../../arm-none-eabi/lib/thumb/v7e-m/nofp\libg.a(lib_a-lock.o)
__lock___malloc_recursive_mutex
                    0x1               c:/ti/ccs1250/ccs/tools/compiler/gcc-arm-none-eabi-9-2019-q4-major/bin/../lib/gcc/arm-none-eabi/9.2.1/../../../../arm-none-eabi/lib/thumb/v7e-m/nofp\libg.a(lib_a-lock.o)
pCurrentTask        0x4               ./main.o
KernelStack         0x190             ./main.o
OsReadyList         0xc               ./main.o
__lock___at_quick_exit_mutex
                    0x1               c:/ti/ccs1250/ccs/tools/compiler/gcc-arm-none-eabi-9-2019-q4-major/bin/../lib/gcc/arm-none-eabi/9.2.1/../../../../arm-none-eabi/lib/thumb/v7e-m/nofp\libg.a(lib_a-lock.o)
__lock___dd_hash_mutex
                    0x1               c:/ti/ccs1250/ccs/tools/compiler/gcc-arm-none-eabi-9-2019-q4-major/bin/../lib/gcc/arm-none-eabi/9.2.1/../../../../arm-none-eabi/lib/thumb/v7e-m/nofp\libg.a(lib_a-lock.o)
__lock___tz_mutex   0x1               c:/ti/ccs1250/ccs/tools/compiler/gcc-arm-none-eabi-9-2019-q4-major/bin/../lib/gcc/arm-none-eabi/9.2.1/../../../../arm-none-eabi/lib/thumb/v7e-m/nofp\libg.a(lib_a-lock.o)
__lock___sfp_recursive_mutex
                    0x1               c:/ti/ccs1250/ccs/tools/compiler/gcc-arm-none-eabi-9-2019-q4-major/bin/../lib/gcc/arm-none-eabi/9.2.1/../../../../arm-none-eabi/lib/thumb/v7e-m/nofp\libg.a(lib_a-lock.o)

Memory Configuration

Name             Origin             Length             Attributes
FLASH            0x00000000         0x00040000         xr
SRAM             0x20000000         0x00008000         xw
*default*        0x00000000         0xffffffff

Linker script and memory map

LOAD c:/ti/ccs1250/ccs/tools/compiler/gcc-arm-none-eabi-9-2019-q4-major/bin/../lib/gcc/arm-none-eabi/9.2.1/thumb/v7e-m/nofp/crti.o
LOAD c:/ti/ccs1250/ccs/tools/compiler/gcc-arm-none-eabi-9-2019-q4-major/bin/../lib/gcc/arm-none-eabi/9.2.1/thumb/v7e-m/nofp/crtbegin.o
LOAD c:/ti/ccs1250/ccs/tools/compiler/gcc-arm-none-eabi-9-2019-q4-major/bin/../lib/gcc/arm-none-eabi/9.2.1/../../../../arm-none-eabi/lib/thumb/v7e-m/nofp/crt0.o
LOAD ./bare_rtos_queue.o
LOAD ./main.o
LOAD ./tm4c123gh6pm_startup_ccs_gcc.o
                0x00000000                PROVIDE (_intvecs_base_address = 0x0)

.intvecs        0x00000000      0x26c
 *(.intvecs)
 .intvecs       0x00000000      0x26c ./tm4c123gh6pm_startup_ccs_gcc.o
                0x00000000                g_pfnVectors
                0x20000000                PROVIDE (_vtable_base_address = 0x20000000)

.vtable
 *(.vtable)

.text           0x0000026c     0x29a8
 CREATE_OBJECT_SYMBOLS
 *(.text)
 .text          0x0000026c        0x0 c:/ti/ccs1250/ccs/tools/compiler/gcc-arm-none-eabi-9-2019-q4-major/bin/../lib/gcc/arm-none-eabi/9.2.1/thumb/v7e-m/nofp/crti.o
 .text          0x0000026c       0x40 c:/ti/ccs1250/ccs/tools/compiler/gcc-arm-none-eabi-9-2019-q4-major/bin/../lib/gcc/arm-none-eabi/9.2.1/thumb/v7e-m/nofp/crtbegin.o
 .text          0x000002ac       0x74 c:/ti/ccs1250/ccs/tools/compiler/gcc-arm-none-eabi-9-2019-q4-major/bin/../lib/gcc/arm-none-eabi/9.2.1/../../../../arm-none-eabi/lib/thumb/v7e-m/nofp/crt0.o
                0x000002ac                _start
                0x000002ac                _mainCRTStartup
 .text          0x00000320        0x0 ./bare_rtos_queue.o
 .text          0x00000320        0x0 ./main.o
 .text          0x00000320        0x0 ./tm4c123gh6pm_startup_ccs_gcc.o
 .text          0x00000320        0x0 C:/Users/basat/Downloads/uart/uart/libdriver.a(gpio.o)
 .text          0x00000320        0x0 C:/Users/basat/Downloads/uart/uart/libdriver.a(interrupt.o)
 .text          0x00000320        0x0 C:/Users/basat/Downloads/uart/uart/libdriver.a(sysctl.o)
 .text          0x00000320        0x0 C:/Users/basat/Downloads/uart/uart/libdriver.a(systick.o)
 .text          0x00000320        0x0 C:/Users/basat/Downloads/uart/uart/libdriver.a(uart.o)
 .text          0x00000320        0x0 C:/Users/basat/Downloads/uart/uart/libdriver.a(cpu.o)
 .text          0x00000320        0x0 c:/ti/ccs1250/ccs/tools/compiler/gcc-arm-none-eabi-9-2019-q4-major/bin/../lib/gcc/arm-none-eabi/9.2.1/../../../../arm-none-eabi/lib/thumb/v7e-m/nofp\libg.a(lib_a-exit.o)
 .text          0x00000320        0x0 c:/ti/ccs1250/ccs/tools/compiler/gcc-arm-none-eabi-9-2019-q4-major/bin/../lib/gcc/arm-none-eabi/9.2.1/../../../../arm-none-eabi/lib/thumb/v7e-m/nofp\libg.a(lib_a-impure.o)
 .text          0x00000320        0x0 c:/ti/ccs1250/ccs/tools/compiler/gcc-arm-none-eabi-9-2019-q4-major/bin/../lib/gcc/arm-none-eabi/9.2.1/../../../../arm-none-eabi/lib/thumb/v7e-m/nofp\libg.a(lib_a-init.o)
 .text          0x00000320        0x0 c:/ti/ccs1250/ccs/tools/compiler/gcc-arm-none-eabi-9-2019-q4-major/bin/../lib/gcc/arm-none-eabi/9.2.1/../../../../arm-none-eabi/lib/thumb/v7e-m/nofp\libg.a(lib_a-malloc.o)
 .text          0x00000320        0x0 c:/ti/ccs1250/ccs/tools/compiler/gcc-arm-none-eabi-9-2019-q4-major/bin/../lib/gcc/arm-none-eabi/9.2.1/../../../../arm-none-eabi/lib/thumb/v7e-m/nofp\libg.a(lib_a-mallocr.o)
 .text          0x00000320        0x0 c:/ti/ccs1250/ccs/tools/compiler/gcc-arm-none-eabi-9-2019-q4-major/bin/../lib/gcc/arm-none-eabi/9.2.1/../../../../arm-none-eabi/lib/thumb/v7e-m/nofp\libg.a(lib_a-memset.o)
 .text          0x00000320        0x0 c:/ti/ccs1250/ccs/tools/compiler/gcc-arm-none-eabi-9-2019-q4-major/bin/../lib/gcc/arm-none-eabi/9.2.1/../../../../arm-none-eabi/lib/thumb/v7e-m/nofp\libg.a(lib_a-mlock.o)
 .text          0x00000320        0x0 c:/ti/ccs1250/ccs/tools/compiler/gcc-arm-none-eabi-9-2019-q4-major/bin/../lib/gcc/arm-none-eabi/9.2.1/../../../../arm-none-eabi/lib/thumb/v7e-m/nofp\libg.a(lib_a-sbrkr.o)
 .text          0x00000320        0x0 c:/ti/ccs1250/ccs/tools/compiler/gcc-arm-none-eabi-9-2019-q4-major/bin/../lib/gcc/arm-none-eabi/9.2.1/../../../../arm-none-eabi/lib/thumb/v7e-m/nofp\libg.a(lib_a-__call_atexit.o)
 .text          0x00000320        0x0 c:/ti/ccs1250/ccs/tools/compiler/gcc-arm-none-eabi-9-2019-q4-major/bin/../lib/gcc/arm-none-eabi/9.2.1/../../../../arm-none-eabi/lib/thumb/v7e-m/nofp\libg.a(lib_a-atexit.o)
 .text          0x00000320        0x0 c:/ti/ccs1250/ccs/tools/compiler/gcc-arm-none-eabi-9-2019-q4-major/bin/../lib/gcc/arm-none-eabi/9.2.1/../../../../arm-none-eabi/lib/thumb/v7e-m/nofp\libg.a(lib_a-fini.o)
 .text          0x00000320        0x0 c:/ti/ccs1250/ccs/tools/compiler/gcc-arm-none-eabi-9-2019-q4-major/bin/../lib/gcc/arm-none-eabi/9.2.1/../../../../arm-none-eabi/lib/thumb/v7e-m/nofp\libg.a(lib_a-freer.o)
 .text          0x00000320        0x0 c:/ti/ccs1250/ccs/tools/compiler/gcc-arm-none-eabi-9-2019-q4-major/bin/../lib/gcc/arm-none-eabi/9.2.1/../../../../arm-none-eabi/lib/thumb/v7e-m/nofp\libg.a(lib_a-lock.o)
 .text          0x00000320        0x0 c:/ti/ccs1250/ccs/tools/compiler/gcc-arm-none-eabi-9-2019-q4-major/bin/../lib/gcc/arm-none-eabi/9.2.1/../../../../arm-none-eabi/lib/thumb/v7e-m/nofp\libg.a(lib_a-reent.o)
 .text          0x00000320        0x0 c:/ti/ccs1250/ccs/tools/compiler/gcc-arm-none-eabi-9-2019-q4-major/bin/../lib/gcc/arm-none-eabi/9.2.1/../../../../arm-none-eabi/lib/thumb/v7e-m/nofp\libg.a(lib_a-__atexit.o)
 .text          0x00000320        0x0 c:/ti/ccs1250/ccs/tools/compiler/gcc-arm-none-eabi-9-2019-q4-major/bin/../lib/gcc/arm-none-eabi/9.2.1/../../../../arm-none-eabi/lib/thumb/v7e-m/nofp\libnosys.a(sbrk.o)
 .text          0x00000320        0x0 c:/ti/ccs1250/ccs/tools/compiler/gcc-arm-none-eabi-9-2019-q4-major/bin/../lib/gcc/arm-none-eabi/9.2.1/../../../../arm-none-eabi/lib/thumb/v7e-m/nofp\libnosys.a(_exit.o)
 .text          0x00000320        0x0 c:/ti/ccs1250/ccs/tools/compiler/gcc-arm-none-eabi-9-2019-q4-major/bin/../lib/gcc/arm-none-eabi/9.2.1/thumb/v7e-m/nofp/crtend.o
 .text          0x00000320        0x0 c:/ti/ccs1250/ccs/tools/compiler/gcc-arm-none-eabi-9-2019-q4-major/bin/../lib/gcc/arm-none-eabi/9.2.1/thumb/v7e-m/nofp/crtn.o
 *(.text.*)
 .text.bare_rtos_queue_create
                0x00000320       0x28 ./bare_rtos_queue.o
                0x00000320                bare_rtos_queue_create
 .text.bare_rtos_queue_insert
                0x00000348       0x3e ./bare_rtos_queue.o
                0x00000348                bare_rtos_queue_insert
 .text.bare_rtos_queue_get
                0x00000386       0x3c ./bare_rtos_queue.o
                0x00000386                bare_rtos_queue_get
 .text.bare_rtos_queue_insert_indx
                0x000003c2       0x38 ./bare_rtos_queue.o
                0x000003c2                bare_rtos_queue_insert_indx
 *fill*         0x000003fa        0x2 
 .text.user_mode
                0x000003fc       0x34 ./main.o
                0x000003fc                user_mode
 .text.launch_os
                0x00000430       0x30 ./main.o
                0x00000430                launch_os
 .text.task_yield
                0x00000460       0x20 ./main.o
                0x00000460                task_yield
 .text.vTask_Delay
                0x00000480       0x30 ./main.o
                0x00000480                vTask_Delay
 .text.delay_ms
                0x000004b0       0x3e ./main.o
                0x000004b0                delay_ms
 *fill*         0x000004ee        0x2 
 .text.UART0_Transmitter
                0x000004f0       0x30 ./main.o
                0x000004f0                UART0_Transmitter
 .text.printstring
                0x00000520       0x2a ./main.o
                0x00000520                printstring
 *fill*         0x0000054a        0x2 
 .text.uart_init
                0x0000054c       0x54 ./main.o
                0x0000054c                uart_init
 .text.task_0   0x000005a0        0xc ./main.o
                0x000005a0                task_0
 .text.task_1   0x000005ac       0x24 ./main.o
                0x000005ac                task_1
 .text.task_2   0x000005d0       0x24 ./main.o
                0x000005d0                task_2
 .text.task_3   0x000005f4       0x24 ./main.o
                0x000005f4                task_3
 .text.osRoundRobinScheduler
                0x00000618       0xb8 ./main.o
                0x00000618                osRoundRobinScheduler
 .text.systic_setup
                0x000006d0       0x18 ./main.o
                0x000006d0                systic_setup
 .text.PendSV_Handler
                0x000006e8       0x44 ./main.o
                0x000006e8                PendSV_Handler
 .text.SysTick_Handler
                0x0000072c       0x14 ./main.o
                0x0000072c                SysTick_Handler
 .text.main     0x00000740       0xe0 ./main.o
                0x00000740                main
 .text.bare_rtos_Addtask
                0x00000820       0x7c ./main.o
                0x00000820                bare_rtos_Addtask
 .text.OsInsertQueueHead
                0x0000089c       0x58 ./main.o
                0x0000089c                OsInsertQueueHead
 .text.OsKernelTaskInitDynamic
                0x000008f4       0xe4 ./main.o
                0x000008f4                OsKernelTaskInitDynamic
 .text.ResetISR
                0x000009d8       0x6c ./tm4c123gh6pm_startup_ccs_gcc.o
                0x000009d8                ResetISR
 .text.NmiSR    0x00000a44        0x6 ./tm4c123gh6pm_startup_ccs_gcc.o
 .text.FaultISR
                0x00000a4a        0x6 ./tm4c123gh6pm_startup_ccs_gcc.o
 .text.IntDefaultHandler
                0x00000a50        0x6 ./tm4c123gh6pm_startup_ccs_gcc.o
 *fill*         0x00000a56        0x2 
 .text._GPIOIntNumberGet
                0x00000a58       0x44 C:/Users/basat/Downloads/uart/uart/libdriver.a(gpio.o)
 .text.GPIODirModeSet
                0x00000a9c       0x26 C:/Users/basat/Downloads/uart/uart/libdriver.a(gpio.o)
                0x00000a9c                GPIODirModeSet
 .text.GPIODirModeGet
                0x00000ac2       0x26 C:/Users/basat/Downloads/uart/uart/libdriver.a(gpio.o)
                0x00000ac2                GPIODirModeGet
 .text.GPIOIntTypeSet
                0x00000ae8       0x4e C:/Users/basat/Downloads/uart/uart/libdriver.a(gpio.o)
                0x00000ae8                GPIOIntTypeSet
 .text.GPIOIntTypeGet
                0x00000b36       0x40 C:/Users/basat/Downloads/uart/uart/libdriver.a(gpio.o)
                0x00000b36                GPIOIntTypeGet
 .text.GPIOPadConfigSet
                0x00000b76      0x106 C:/Users/basat/Downloads/uart/uart/libdriver.a(gpio.o)
                0x00000b76                GPIOPadConfigSet
 .text.GPIOPadConfigGet
                0x00000c7c       0xd0 C:/Users/basat/Downloads/uart/uart/libdriver.a(gpio.o)
                0x00000c7c                GPIOPadConfigGet
 .text.GPIOIntEnable
                0x00000d4c        0xc C:/Users/basat/Downloads/uart/uart/libdriver.a(gpio.o)
                0x00000d4c                GPIOIntEnable
 .text.GPIOIntDisable
                0x00000d58        0xe C:/Users/basat/Downloads/uart/uart/libdriver.a(gpio.o)
                0x00000d58                GPIOIntDisable
 .text.GPIOIntStatus
                0x00000d66        0xe C:/Users/basat/Downloads/uart/uart/libdriver.a(gpio.o)
                0x00000d66                GPIOIntStatus
 .text.GPIOIntClear
                0x00000d74        0x6 C:/Users/basat/Downloads/uart/uart/libdriver.a(gpio.o)
                0x00000d74                GPIOIntClear
 .text.GPIOIntRegister
                0x00000d7a       0x1c C:/Users/basat/Downloads/uart/uart/libdriver.a(gpio.o)
                0x00000d7a                GPIOIntRegister
 .text.GPIOIntUnregister
                0x00000d96       0x16 C:/Users/basat/Downloads/uart/uart/libdriver.a(gpio.o)
                0x00000d96                GPIOIntUnregister
 .text.GPIOPinRead
                0x00000dac        0x6 C:/Users/basat/Downloads/uart/uart/libdriver.a(gpio.o)
                0x00000dac                GPIOPinRead
 .text.GPIOPinWrite
                0x00000db2        0x6 C:/Users/basat/Downloads/uart/uart/libdriver.a(gpio.o)
                0x00000db2                GPIOPinWrite
 .text.GPIOPinTypeADC
                0x00000db8       0x18 C:/Users/basat/Downloads/uart/uart/libdriver.a(gpio.o)
                0x00000db8                GPIOPinTypeADC
 .text.GPIOPinTypeCAN
                0x00000dd0       0x18 C:/Users/basat/Downloads/uart/uart/libdriver.a(gpio.o)
                0x00000dd0                GPIOPinTypeCAN
 .text.GPIOPinTypeComparator
                0x00000de8        0x4 C:/Users/basat/Downloads/uart/uart/libdriver.a(gpio.o)
                0x00000de8                GPIOPinTypeComparator
 .text.GPIOPinTypeEPI
                0x00000dec        0x4 C:/Users/basat/Downloads/uart/uart/libdriver.a(gpio.o)
                0x00000dec                GPIOPinTypeEPI
 .text.GPIOPinTypeEthernetLED
                0x00000df0        0x4 C:/Users/basat/Downloads/uart/uart/libdriver.a(gpio.o)
                0x00000df0                GPIOPinTypeEthernetLED
 .text.GPIOPinTypeEthernetMII
                0x00000df4        0x4 C:/Users/basat/Downloads/uart/uart/libdriver.a(gpio.o)
                0x00000df4                GPIOPinTypeEthernetMII
 .text.GPIOPinTypeGPIOInput
                0x00000df8       0x18 C:/Users/basat/Downloads/uart/uart/libdriver.a(gpio.o)
                0x00000df8                GPIOPinTypeGPIOInput
 .text.GPIOPinTypeGPIOOutput
                0x00000e10       0x18 C:/Users/basat/Downloads/uart/uart/libdriver.a(gpio.o)
                0x00000e10                GPIOPinTypeGPIOOutput
 .text.GPIOPinTypeGPIOOutputOD
                0x00000e28       0x18 C:/Users/basat/Downloads/uart/uart/libdriver.a(gpio.o)
                0x00000e28                GPIOPinTypeGPIOOutputOD
 .text.GPIOPinTypeI2C
                0x00000e40       0x18 C:/Users/basat/Downloads/uart/uart/libdriver.a(gpio.o)
                0x00000e40                GPIOPinTypeI2C
 .text.GPIOPinTypeI2CSCL
                0x00000e58       0x18 C:/Users/basat/Downloads/uart/uart/libdriver.a(gpio.o)
                0x00000e58                GPIOPinTypeI2CSCL
 .text.GPIOPinTypeLCD
                0x00000e70        0x4 C:/Users/basat/Downloads/uart/uart/libdriver.a(gpio.o)
                0x00000e70                GPIOPinTypeLCD
 .text.GPIOPinTypeLPC
                0x00000e74        0x4 C:/Users/basat/Downloads/uart/uart/libdriver.a(gpio.o)
                0x00000e74                GPIOPinTypeLPC
 .text.GPIOPinTypePECIRx
                0x00000e78        0x4 C:/Users/basat/Downloads/uart/uart/libdriver.a(gpio.o)
                0x00000e78                GPIOPinTypePECIRx
 .text.GPIOPinTypePECITx
                0x00000e7c        0x4 C:/Users/basat/Downloads/uart/uart/libdriver.a(gpio.o)
                0x00000e7c                GPIOPinTypePECITx
 .text.GPIOPinTypePWM
                0x00000e80        0x4 C:/Users/basat/Downloads/uart/uart/libdriver.a(gpio.o)
                0x00000e80                GPIOPinTypePWM
 .text.GPIOPinTypeQEI
                0x00000e84       0x18 C:/Users/basat/Downloads/uart/uart/libdriver.a(gpio.o)
                0x00000e84                GPIOPinTypeQEI
 .text.GPIOPinTypeSSI
                0x00000e9c        0x4 C:/Users/basat/Downloads/uart/uart/libdriver.a(gpio.o)
                0x00000e9c                GPIOPinTypeSSI
 .text.GPIOPinTypeTimer
                0x00000ea0        0x4 C:/Users/basat/Downloads/uart/uart/libdriver.a(gpio.o)
                0x00000ea0                GPIOPinTypeTimer
 .text.GPIOPinTypeUART
                0x00000ea4        0x4 C:/Users/basat/Downloads/uart/uart/libdriver.a(gpio.o)
                0x00000ea4                GPIOPinTypeUART
 .text.GPIOPinTypeUSBAnalog
                0x00000ea8        0x4 C:/Users/basat/Downloads/uart/uart/libdriver.a(gpio.o)
                0x00000ea8                GPIOPinTypeUSBAnalog
 .text.GPIOPinTypeUSBDigital
                0x00000eac        0x4 C:/Users/basat/Downloads/uart/uart/libdriver.a(gpio.o)
                0x00000eac                GPIOPinTypeUSBDigital
 .text.GPIOPinTypeWakeHigh
                0x00000eb0       0x1a C:/Users/basat/Downloads/uart/uart/libdriver.a(gpio.o)
                0x00000eb0                GPIOPinTypeWakeHigh
 .text.GPIOPinTypeWakeLow
                0x00000eca       0x1a C:/Users/basat/Downloads/uart/uart/libdriver.a(gpio.o)
                0x00000eca                GPIOPinTypeWakeLow
 .text.GPIOPinTypeKBRow
                0x00000ee4        0x4 C:/Users/basat/Downloads/uart/uart/libdriver.a(gpio.o)
                0x00000ee4                GPIOPinTypeKBRow
 .text.GPIOPinTypeKBColumn
                0x00000ee8        0x4 C:/Users/basat/Downloads/uart/uart/libdriver.a(gpio.o)
                0x00000ee8                GPIOPinTypeKBColumn
 .text.GPIOPinTypeLEDSeq
                0x00000eec        0x4 C:/Users/basat/Downloads/uart/uart/libdriver.a(gpio.o)
                0x00000eec                GPIOPinTypeLEDSeq
 .text.GPIOPinTypeCIR
                0x00000ef0        0x4 C:/Users/basat/Downloads/uart/uart/libdriver.a(gpio.o)
                0x00000ef0                GPIOPinTypeCIR
 .text.GPIOPinWakeStatus
                0x00000ef4        0x6 C:/Users/basat/Downloads/uart/uart/libdriver.a(gpio.o)
                0x00000ef4                GPIOPinWakeStatus
 *fill*         0x00000efa        0x2 
 .text.GPIOPinConfigure
                0x00000efc       0x44 C:/Users/basat/Downloads/uart/uart/libdriver.a(gpio.o)
                0x00000efc                GPIOPinConfigure
 .text.GPIODMATriggerEnable
                0x00000f40        0xc C:/Users/basat/Downloads/uart/uart/libdriver.a(gpio.o)
                0x00000f40                GPIODMATriggerEnable
 .text.GPIODMATriggerDisable
                0x00000f4c        0xe C:/Users/basat/Downloads/uart/uart/libdriver.a(gpio.o)
                0x00000f4c                GPIODMATriggerDisable
 .text.GPIOADCTriggerEnable
                0x00000f5a        0xc C:/Users/basat/Downloads/uart/uart/libdriver.a(gpio.o)
                0x00000f5a                GPIOADCTriggerEnable
 .text.GPIOADCTriggerDisable
                0x00000f66        0xe C:/Users/basat/Downloads/uart/uart/libdriver.a(gpio.o)
                0x00000f66                GPIOADCTriggerDisable
 .text._IntDefaultHandler
                0x00000f74        0x2 C:/Users/basat/Downloads/uart/uart/libdriver.a(interrupt.o)
 .text.IntMasterEnable
                0x00000f76        0xe C:/Users/basat/Downloads/uart/uart/libdriver.a(interrupt.o)
                0x00000f76                IntMasterEnable
 .text.IntMasterDisable
                0x00000f84        0xe C:/Users/basat/Downloads/uart/uart/libdriver.a(interrupt.o)
                0x00000f84                IntMasterDisable
 *fill*         0x00000f92        0x2 
 .text.IntRegister
                0x00000f94       0x38 C:/Users/basat/Downloads/uart/uart/libdriver.a(interrupt.o)
                0x00000f94                IntRegister
 .text.IntUnregister
                0x00000fcc       0x14 C:/Users/basat/Downloads/uart/uart/libdriver.a(interrupt.o)
                0x00000fcc                IntUnregister
 .text.IntPriorityGroupingSet
                0x00000fe0       0x1c C:/Users/basat/Downloads/uart/uart/libdriver.a(interrupt.o)
                0x00000fe0                IntPriorityGroupingSet
 .text.IntPriorityGroupingGet
                0x00000ffc       0x24 C:/Users/basat/Downloads/uart/uart/libdriver.a(interrupt.o)
                0x00000ffc                IntPriorityGroupingGet
 .text.IntPrioritySet
                0x00001020       0x28 C:/Users/basat/Downloads/uart/uart/libdriver.a(interrupt.o)
                0x00001020                IntPrioritySet
 .text.IntPriorityGet
                0x00001048       0x1c C:/Users/basat/Downloads/uart/uart/libdriver.a(interrupt.o)
                0x00001048                IntPriorityGet
 .text.IntEnable
                0x00001064       0x60 C:/Users/basat/Downloads/uart/uart/libdriver.a(interrupt.o)
                0x00001064                IntEnable
 .text.IntDisable
                0x000010c4       0x60 C:/Users/basat/Downloads/uart/uart/libdriver.a(interrupt.o)
                0x000010c4                IntDisable
 .text.IntIsEnabled
                0x00001124       0x64 C:/Users/basat/Downloads/uart/uart/libdriver.a(interrupt.o)
                0x00001124                IntIsEnabled
 .text.IntPendSet
                0x00001188       0x50 C:/Users/basat/Downloads/uart/uart/libdriver.a(interrupt.o)
                0x00001188                IntPendSet
 .text.IntPendClear
                0x000011d8       0x40 C:/Users/basat/Downloads/uart/uart/libdriver.a(interrupt.o)
                0x000011d8                IntPendClear
 .text.IntPriorityMaskSet
                0x00001218        0x4 C:/Users/basat/Downloads/uart/uart/libdriver.a(interrupt.o)
                0x00001218                IntPriorityMaskSet
 .text.IntPriorityMaskGet
                0x0000121c        0x4 C:/Users/basat/Downloads/uart/uart/libdriver.a(interrupt.o)
                0x0000121c                IntPriorityMaskGet
 .text.IntTrigger
                0x00001220        0xc C:/Users/basat/Downloads/uart/uart/libdriver.a(interrupt.o)
                0x00001220                IntTrigger
 .text._SysCtlMemTimingGet
                0x0000122c       0x64 C:/Users/basat/Downloads/uart/uart/libdriver.a(sysctl.o)
 .text.SysCtlSRAMSizeGet
                0x00001290       0x10 C:/Users/basat/Downloads/uart/uart/libdriver.a(sysctl.o)
                0x00001290                SysCtlSRAMSizeGet
 .text.SysCtlFlashSizeGet
                0x000012a0       0x44 C:/Users/basat/Downloads/uart/uart/libdriver.a(sysctl.o)
                0x000012a0                SysCtlFlashSizeGet
 .text.SysCtlFlashSectorSizeGet
                0x000012e4       0x38 C:/Users/basat/Downloads/uart/uart/libdriver.a(sysctl.o)
                0x000012e4                SysCtlFlashSectorSizeGet
 .text.SysCtlPeripheralPresent
                0x0000131c       0x24 C:/Users/basat/Downloads/uart/uart/libdriver.a(sysctl.o)
                0x0000131c                SysCtlPeripheralPresent
 .text.SysCtlPeripheralReady
                0x00001340       0x24 C:/Users/basat/Downloads/uart/uart/libdriver.a(sysctl.o)
                0x00001340                SysCtlPeripheralReady
 .text.SysCtlPeripheralPowerOn
                0x00001364       0x20 C:/Users/basat/Downloads/uart/uart/libdriver.a(sysctl.o)
                0x00001364                SysCtlPeripheralPowerOn
 .text.SysCtlPeripheralPowerOff
                0x00001384       0x20 C:/Users/basat/Downloads/uart/uart/libdriver.a(sysctl.o)
                0x00001384                SysCtlPeripheralPowerOff
 .text.SysCtlPeripheralReset
                0x000013a4       0x38 C:/Users/basat/Downloads/uart/uart/libdriver.a(sysctl.o)
                0x000013a4                SysCtlPeripheralReset
 .text.SysCtlPeripheralEnable
                0x000013dc       0x20 C:/Users/basat/Downloads/uart/uart/libdriver.a(sysctl.o)
                0x000013dc                SysCtlPeripheralEnable
 .text.SysCtlPeripheralDisable
                0x000013fc       0x20 C:/Users/basat/Downloads/uart/uart/libdriver.a(sysctl.o)
                0x000013fc                SysCtlPeripheralDisable
 .text.SysCtlPeripheralSleepEnable
                0x0000141c       0x20 C:/Users/basat/Downloads/uart/uart/libdriver.a(sysctl.o)
                0x0000141c                SysCtlPeripheralSleepEnable
 .text.SysCtlPeripheralSleepDisable
                0x0000143c       0x20 C:/Users/basat/Downloads/uart/uart/libdriver.a(sysctl.o)
                0x0000143c                SysCtlPeripheralSleepDisable
 .text.SysCtlPeripheralDeepSleepEnable
                0x0000145c       0x20 C:/Users/basat/Downloads/uart/uart/libdriver.a(sysctl.o)
                0x0000145c                SysCtlPeripheralDeepSleepEnable
 .text.SysCtlPeripheralDeepSleepDisable
                0x0000147c       0x20 C:/Users/basat/Downloads/uart/uart/libdriver.a(sysctl.o)
                0x0000147c                SysCtlPeripheralDeepSleepDisable
 .text.SysCtlPeripheralClockGating
                0x0000149c       0x48 C:/Users/basat/Downloads/uart/uart/libdriver.a(sysctl.o)
                0x0000149c                SysCtlPeripheralClockGating
 .text.SysCtlIntRegister
                0x000014e4       0x14 C:/Users/basat/Downloads/uart/uart/libdriver.a(sysctl.o)
                0x000014e4                SysCtlIntRegister
 .text.SysCtlIntUnregister
                0x000014f8       0x12 C:/Users/basat/Downloads/uart/uart/libdriver.a(sysctl.o)
                0x000014f8                SysCtlIntUnregister
 *fill*         0x0000150a        0x2 
 .text.SysCtlIntEnable
                0x0000150c       0x10 C:/Users/basat/Downloads/uart/uart/libdriver.a(sysctl.o)
                0x0000150c                SysCtlIntEnable
 .text.SysCtlIntDisable
                0x0000151c       0x10 C:/Users/basat/Downloads/uart/uart/libdriver.a(sysctl.o)
                0x0000151c                SysCtlIntDisable
 .text.SysCtlIntClear
                0x0000152c        0xc C:/Users/basat/Downloads/uart/uart/libdriver.a(sysctl.o)
                0x0000152c                SysCtlIntClear
 .text.SysCtlIntStatus
                0x00001538       0x14 C:/Users/basat/Downloads/uart/uart/libdriver.a(sysctl.o)
                0x00001538                SysCtlIntStatus
 .text.SysCtlLDOSleepSet
                0x0000154c        0xc C:/Users/basat/Downloads/uart/uart/libdriver.a(sysctl.o)
                0x0000154c                SysCtlLDOSleepSet
 .text.SysCtlLDOSleepGet
                0x00001558        0xc C:/Users/basat/Downloads/uart/uart/libdriver.a(sysctl.o)
                0x00001558                SysCtlLDOSleepGet
 .text.SysCtlLDODeepSleepSet
                0x00001564        0xc C:/Users/basat/Downloads/uart/uart/libdriver.a(sysctl.o)
                0x00001564                SysCtlLDODeepSleepSet
 .text.SysCtlLDODeepSleepGet
                0x00001570        0xc C:/Users/basat/Downloads/uart/uart/libdriver.a(sysctl.o)
                0x00001570                SysCtlLDODeepSleepGet
 .text.SysCtlSleepPowerSet
                0x0000157c        0xc C:/Users/basat/Downloads/uart/uart/libdriver.a(sysctl.o)
                0x0000157c                SysCtlSleepPowerSet
 .text.SysCtlDeepSleepPowerSet
                0x00001588        0xc C:/Users/basat/Downloads/uart/uart/libdriver.a(sysctl.o)
                0x00001588                SysCtlDeepSleepPowerSet
 .text.SysCtlReset
                0x00001594       0x10 C:/Users/basat/Downloads/uart/uart/libdriver.a(sysctl.o)
                0x00001594                SysCtlReset
 .text.SysCtlSleep
                0x000015a4        0x4 C:/Users/basat/Downloads/uart/uart/libdriver.a(sysctl.o)
                0x000015a4                SysCtlSleep
 .text.SysCtlDeepSleep
                0x000015a8       0x20 C:/Users/basat/Downloads/uart/uart/libdriver.a(sysctl.o)
                0x000015a8                SysCtlDeepSleep
 .text.SysCtlResetCauseGet
                0x000015c8        0xc C:/Users/basat/Downloads/uart/uart/libdriver.a(sysctl.o)
                0x000015c8                SysCtlResetCauseGet
 .text.SysCtlResetCauseClear
                0x000015d4       0x10 C:/Users/basat/Downloads/uart/uart/libdriver.a(sysctl.o)
                0x000015d4                SysCtlResetCauseClear
 .text.SysCtlDelay
                0x000015e4        0x8 C:/Users/basat/Downloads/uart/uart/libdriver.a(sysctl.o)
                0x000015e4                SysCtlDelay
 .text.SysCtlMOSCConfigSet
                0x000015ec        0xc C:/Users/basat/Downloads/uart/uart/libdriver.a(sysctl.o)
                0x000015ec                SysCtlMOSCConfigSet
 .text.SysCtlPIOSCCalibrate
                0x000015f8       0x48 C:/Users/basat/Downloads/uart/uart/libdriver.a(sysctl.o)
                0x000015f8                SysCtlPIOSCCalibrate
 .text.SysCtlResetBehaviorSet
                0x00001640        0xc C:/Users/basat/Downloads/uart/uart/libdriver.a(sysctl.o)
                0x00001640                SysCtlResetBehaviorSet
 .text.SysCtlResetBehaviorGet
                0x0000164c        0xc C:/Users/basat/Downloads/uart/uart/libdriver.a(sysctl.o)
                0x0000164c                SysCtlResetBehaviorGet
 .text.SysCtlClockFreqSet
                0x00001658      0x234 C:/Users/basat/Downloads/uart/uart/libdriver.a(sysctl.o)
                0x00001658                SysCtlClockFreqSet
 .text.SysCtlClockSet
                0x0000188c      0x114 C:/Users/basat/Downloads/uart/uart/libdriver.a(sysctl.o)
                0x0000188c                SysCtlClockSet
 .text.SysCtlClockGet
                0x000019a0      0x160 C:/Users/basat/Downloads/uart/uart/libdriver.a(sysctl.o)
                0x000019a0                SysCtlClockGet
 .text.SysCtlDeepSleepClockSet
                0x00001b00        0xc C:/Users/basat/Downloads/uart/uart/libdriver.a(sysctl.o)
                0x00001b00                SysCtlDeepSleepClockSet
 .text.SysCtlDeepSleepClockConfigSet
                0x00001b0c       0x60 C:/Users/basat/Downloads/uart/uart/libdriver.a(sysctl.o)
                0x00001b0c                SysCtlDeepSleepClockConfigSet
 .text.SysCtlPWMClockSet
                0x00001b6c       0x14 C:/Users/basat/Downloads/uart/uart/libdriver.a(sysctl.o)
                0x00001b6c                SysCtlPWMClockSet
 .text.SysCtlPWMClockGet
                0x00001b80       0x18 C:/Users/basat/Downloads/uart/uart/libdriver.a(sysctl.o)
                0x00001b80                SysCtlPWMClockGet
 .text.SysCtlGPIOAHBEnable
                0x00001b98       0x18 C:/Users/basat/Downloads/uart/uart/libdriver.a(sysctl.o)
                0x00001b98                SysCtlGPIOAHBEnable
 .text.SysCtlGPIOAHBDisable
                0x00001bb0       0x1c C:/Users/basat/Downloads/uart/uart/libdriver.a(sysctl.o)
                0x00001bb0                SysCtlGPIOAHBDisable
 .text.SysCtlUSBPLLEnable
                0x00001bcc       0x10 C:/Users/basat/Downloads/uart/uart/libdriver.a(sysctl.o)
                0x00001bcc                SysCtlUSBPLLEnable
 .text.SysCtlUSBPLLDisable
                0x00001bdc       0x10 C:/Users/basat/Downloads/uart/uart/libdriver.a(sysctl.o)
                0x00001bdc                SysCtlUSBPLLDisable
 .text.SysCtlVoltageEventConfig
                0x00001bec        0xc C:/Users/basat/Downloads/uart/uart/libdriver.a(sysctl.o)
                0x00001bec                SysCtlVoltageEventConfig
 .text.SysCtlVoltageEventStatus
                0x00001bf8        0xc C:/Users/basat/Downloads/uart/uart/libdriver.a(sysctl.o)
                0x00001bf8                SysCtlVoltageEventStatus
 .text.SysCtlVoltageEventClear
                0x00001c04       0x10 C:/Users/basat/Downloads/uart/uart/libdriver.a(sysctl.o)
                0x00001c04                SysCtlVoltageEventClear
 .text.SysCtlNMIStatus
                0x00001c14        0xc C:/Users/basat/Downloads/uart/uart/libdriver.a(sysctl.o)
                0x00001c14                SysCtlNMIStatus
 .text.SysCtlNMIClear
                0x00001c20       0x10 C:/Users/basat/Downloads/uart/uart/libdriver.a(sysctl.o)
                0x00001c20                SysCtlNMIClear
 .text.SysCtlClockOutConfig
                0x00001c30       0x10 C:/Users/basat/Downloads/uart/uart/libdriver.a(sysctl.o)
                0x00001c30                SysCtlClockOutConfig
 .text.SysCtlAltClkConfig
                0x00001c40        0xc C:/Users/basat/Downloads/uart/uart/libdriver.a(sysctl.o)
                0x00001c40                SysCtlAltClkConfig
 .text.SysTickEnable
                0x00001c4c       0x10 C:/Users/basat/Downloads/uart/uart/libdriver.a(systick.o)
                0x00001c4c                SysTickEnable
 .text.SysTickDisable
                0x00001c5c       0x10 C:/Users/basat/Downloads/uart/uart/libdriver.a(systick.o)
                0x00001c5c                SysTickDisable
 .text.SysTickIntRegister
                0x00001c6c       0x1c C:/Users/basat/Downloads/uart/uart/libdriver.a(systick.o)
                0x00001c6c                SysTickIntRegister
 .text.SysTickIntUnregister
                0x00001c88       0x14 C:/Users/basat/Downloads/uart/uart/libdriver.a(systick.o)
                0x00001c88                SysTickIntUnregister
 .text.SysTickIntEnable
                0x00001c9c       0x10 C:/Users/basat/Downloads/uart/uart/libdriver.a(systick.o)
                0x00001c9c                SysTickIntEnable
 .text.SysTickIntDisable
                0x00001cac       0x10 C:/Users/basat/Downloads/uart/uart/libdriver.a(systick.o)
                0x00001cac                SysTickIntDisable
 .text.SysTickPeriodSet
                0x00001cbc        0xc C:/Users/basat/Downloads/uart/uart/libdriver.a(systick.o)
                0x00001cbc                SysTickPeriodSet
 .text.SysTickPeriodGet
                0x00001cc8        0xc C:/Users/basat/Downloads/uart/uart/libdriver.a(systick.o)
                0x00001cc8                SysTickPeriodGet
 .text.SysTickValueGet
                0x00001cd4        0xc C:/Users/basat/Downloads/uart/uart/libdriver.a(systick.o)
                0x00001cd4                SysTickValueGet
 .text._UARTIntNumberGet
                0x00001ce0       0x44 C:/Users/basat/Downloads/uart/uart/libdriver.a(uart.o)
 .text.UARTParityModeSet
                0x00001d24        0xc C:/Users/basat/Downloads/uart/uart/libdriver.a(uart.o)
                0x00001d24                UARTParityModeSet
 .text.UARTParityModeGet
                0x00001d30        0x8 C:/Users/basat/Downloads/uart/uart/libdriver.a(uart.o)
                0x00001d30                UARTParityModeGet
 .text.UARTFIFOLevelSet
                0x00001d38        0x6 C:/Users/basat/Downloads/uart/uart/libdriver.a(uart.o)
                0x00001d38                UARTFIFOLevelSet
 .text.UARTFIFOLevelGet
                0x00001d3e       0x10 C:/Users/basat/Downloads/uart/uart/libdriver.a(uart.o)
                0x00001d3e                UARTFIFOLevelGet
 .text.UARTConfigGetExpClk
                0x00001d4e       0x26 C:/Users/basat/Downloads/uart/uart/libdriver.a(uart.o)
                0x00001d4e                UARTConfigGetExpClk
 .text.UARTEnable
                0x00001d74       0x16 C:/Users/basat/Downloads/uart/uart/libdriver.a(uart.o)
                0x00001d74                UARTEnable
 .text.UARTDisable
                0x00001d8a       0x1c C:/Users/basat/Downloads/uart/uart/libdriver.a(uart.o)
                0x00001d8a                UARTDisable
 .text.UARTConfigSetExpClk
                0x00001da6       0x46 C:/Users/basat/Downloads/uart/uart/libdriver.a(uart.o)
                0x00001da6                UARTConfigSetExpClk
 .text.UARTFIFOEnable
                0x00001dec        0xa C:/Users/basat/Downloads/uart/uart/libdriver.a(uart.o)
                0x00001dec                UARTFIFOEnable
 .text.UARTFIFODisable
                0x00001df6        0xa C:/Users/basat/Downloads/uart/uart/libdriver.a(uart.o)
                0x00001df6                UARTFIFODisable
 .text.UARTEnableSIR
                0x00001e00       0x12 C:/Users/basat/Downloads/uart/uart/libdriver.a(uart.o)
                0x00001e00                UARTEnableSIR
 .text.UARTDisableSIR
                0x00001e12        0xa C:/Users/basat/Downloads/uart/uart/libdriver.a(uart.o)
                0x00001e12                UARTDisableSIR
 .text.UARTSmartCardEnable
                0x00001e1c       0x16 C:/Users/basat/Downloads/uart/uart/libdriver.a(uart.o)
                0x00001e1c                UARTSmartCardEnable
 .text.UARTSmartCardDisable
                0x00001e32        0xa C:/Users/basat/Downloads/uart/uart/libdriver.a(uart.o)
                0x00001e32                UARTSmartCardDisable
 .text.UARTModemControlSet
                0x00001e3c        0xc C:/Users/basat/Downloads/uart/uart/libdriver.a(uart.o)
                0x00001e3c                UARTModemControlSet
 .text.UARTModemControlClear
                0x00001e48        0xe C:/Users/basat/Downloads/uart/uart/libdriver.a(uart.o)
                0x00001e48                UARTModemControlClear
 .text.UARTModemControlGet
                0x00001e56        0x8 C:/Users/basat/Downloads/uart/uart/libdriver.a(uart.o)
                0x00001e56                UARTModemControlGet
 .text.UARTModemStatusGet
                0x00001e5e        0xc C:/Users/basat/Downloads/uart/uart/libdriver.a(uart.o)
                0x00001e5e                UARTModemStatusGet
 .text.UARTFlowControlSet
                0x00001e6a        0xc C:/Users/basat/Downloads/uart/uart/libdriver.a(uart.o)
                0x00001e6a                UARTFlowControlSet
 .text.UARTFlowControlGet
                0x00001e76        0x8 C:/Users/basat/Downloads/uart/uart/libdriver.a(uart.o)
                0x00001e76                UARTFlowControlGet
 .text.UARTTxIntModeSet
                0x00001e7e        0xc C:/Users/basat/Downloads/uart/uart/libdriver.a(uart.o)
                0x00001e7e                UARTTxIntModeSet
 .text.UARTTxIntModeGet
                0x00001e8a        0x8 C:/Users/basat/Downloads/uart/uart/libdriver.a(uart.o)
                0x00001e8a                UARTTxIntModeGet
 .text.UARTCharsAvail
                0x00001e92        0xc C:/Users/basat/Downloads/uart/uart/libdriver.a(uart.o)
                0x00001e92                UARTCharsAvail
 .text.UARTSpaceAvail
                0x00001e9e        0xc C:/Users/basat/Downloads/uart/uart/libdriver.a(uart.o)
                0x00001e9e                UARTSpaceAvail
 .text.UARTCharGetNonBlocking
                0x00001eaa        0xe C:/Users/basat/Downloads/uart/uart/libdriver.a(uart.o)
                0x00001eaa                UARTCharGetNonBlocking
 .text.UARTCharGet
                0x00001eb8        0xa C:/Users/basat/Downloads/uart/uart/libdriver.a(uart.o)
                0x00001eb8                UARTCharGet
 .text.UARTCharPutNonBlocking
                0x00001ec2        0xe C:/Users/basat/Downloads/uart/uart/libdriver.a(uart.o)
                0x00001ec2                UARTCharPutNonBlocking
 .text.UARTCharPut
                0x00001ed0        0xa C:/Users/basat/Downloads/uart/uart/libdriver.a(uart.o)
                0x00001ed0                UARTCharPut
 .text.UARTBreakCtl
                0x00001eda       0x12 C:/Users/basat/Downloads/uart/uart/libdriver.a(uart.o)
                0x00001eda                UARTBreakCtl
 .text.UARTBusy
                0x00001eec        0x8 C:/Users/basat/Downloads/uart/uart/libdriver.a(uart.o)
                0x00001eec                UARTBusy
 .text.UARTIntRegister
                0x00001ef4       0x1c C:/Users/basat/Downloads/uart/uart/libdriver.a(uart.o)
                0x00001ef4                UARTIntRegister
 .text.UARTIntUnregister
                0x00001f10       0x16 C:/Users/basat/Downloads/uart/uart/libdriver.a(uart.o)
                0x00001f10                UARTIntUnregister
 .text.UARTIntEnable
                0x00001f26        0x8 C:/Users/basat/Downloads/uart/uart/libdriver.a(uart.o)
                0x00001f26                UARTIntEnable
 .text.UARTIntDisable
                0x00001f2e        0xa C:/Users/basat/Downloads/uart/uart/libdriver.a(uart.o)
                0x00001f2e                UARTIntDisable
 .text.UARTIntStatus
                0x00001f38        0xa C:/Users/basat/Downloads/uart/uart/libdriver.a(uart.o)
                0x00001f38                UARTIntStatus
 .text.UARTIntClear
                0x00001f42        0x4 C:/Users/basat/Downloads/uart/uart/libdriver.a(uart.o)
                0x00001f42                UARTIntClear
 .text.UARTDMAEnable
                0x00001f46        0x8 C:/Users/basat/Downloads/uart/uart/libdriver.a(uart.o)
                0x00001f46                UARTDMAEnable
 .text.UARTDMADisable
                0x00001f4e        0xa C:/Users/basat/Downloads/uart/uart/libdriver.a(uart.o)
                0x00001f4e                UARTDMADisable
 .text.UARTRxErrorGet
                0x00001f58        0x8 C:/Users/basat/Downloads/uart/uart/libdriver.a(uart.o)
                0x00001f58                UARTRxErrorGet
 .text.UARTRxErrorClear
                0x00001f60        0x6 C:/Users/basat/Downloads/uart/uart/libdriver.a(uart.o)
                0x00001f60                UARTRxErrorClear
 .text.UARTClockSourceSet
                0x00001f66        0x6 C:/Users/basat/Downloads/uart/uart/libdriver.a(uart.o)
                0x00001f66                UARTClockSourceSet
 .text.UARTClockSourceGet
                0x00001f6c        0x6 C:/Users/basat/Downloads/uart/uart/libdriver.a(uart.o)
                0x00001f6c                UARTClockSourceGet
 .text.UART9BitEnable
                0x00001f72        0xe C:/Users/basat/Downloads/uart/uart/libdriver.a(uart.o)
                0x00001f72                UART9BitEnable
 .text.UART9BitDisable
                0x00001f80        0xe C:/Users/basat/Downloads/uart/uart/libdriver.a(uart.o)
                0x00001f80                UART9BitDisable
 .text.UART9BitAddrSet
                0x00001f8e        0xa C:/Users/basat/Downloads/uart/uart/libdriver.a(uart.o)
                0x00001f8e                UART9BitAddrSet
 .text.UART9BitAddrSend
                0x00001f98       0x2c C:/Users/basat/Downloads/uart/uart/libdriver.a(uart.o)
                0x00001f98                UART9BitAddrSend
 .text.CPUcpsid
                0x00001fc4        0x8 C:/Users/basat/Downloads/uart/uart/libdriver.a(cpu.o)
                0x00001fc4                CPUcpsid
 .text.CPUprimask
                0x00001fcc        0x6 C:/Users/basat/Downloads/uart/uart/libdriver.a(cpu.o)
                0x00001fcc                CPUprimask
 .text.CPUcpsie
                0x00001fd2        0x8 C:/Users/basat/Downloads/uart/uart/libdriver.a(cpu.o)
                0x00001fd2                CPUcpsie
 .text.CPUwfi   0x00001fda        0x4 C:/Users/basat/Downloads/uart/uart/libdriver.a(cpu.o)
                0x00001fda                CPUwfi
 .text.CPUbasepriSet
                0x00001fde        0x6 C:/Users/basat/Downloads/uart/uart/libdriver.a(cpu.o)
                0x00001fde                CPUbasepriSet
 .text.CPUbasepriGet
                0x00001fe4        0x6 C:/Users/basat/Downloads/uart/uart/libdriver.a(cpu.o)
                0x00001fe4                CPUbasepriGet
 *fill*         0x00001fea        0x2 
 .text.exit     0x00001fec       0x20 c:/ti/ccs1250/ccs/tools/compiler/gcc-arm-none-eabi-9-2019-q4-major/bin/../lib/gcc/arm-none-eabi/9.2.1/../../../../arm-none-eabi/lib/thumb/v7e-m/nofp\libg.a(lib_a-exit.o)
                0x00001fec                exit
 .text.__libc_init_array
                0x0000200c       0x48 c:/ti/ccs1250/ccs/tools/compiler/gcc-arm-none-eabi-9-2019-q4-major/bin/../lib/gcc/arm-none-eabi/9.2.1/../../../../arm-none-eabi/lib/thumb/v7e-m/nofp\libg.a(lib_a-init.o)
                0x0000200c                __libc_init_array
 .text.malloc   0x00002054       0x10 c:/ti/ccs1250/ccs/tools/compiler/gcc-arm-none-eabi-9-2019-q4-major/bin/../lib/gcc/arm-none-eabi/9.2.1/../../../../arm-none-eabi/lib/thumb/v7e-m/nofp\libg.a(lib_a-malloc.o)
                0x00002054                malloc
 .text.free     0x00002064       0x10 c:/ti/ccs1250/ccs/tools/compiler/gcc-arm-none-eabi-9-2019-q4-major/bin/../lib/gcc/arm-none-eabi/9.2.1/../../../../arm-none-eabi/lib/thumb/v7e-m/nofp\libg.a(lib_a-malloc.o)
                0x00002064                free
 .text._malloc_r
                0x00002074      0x574 c:/ti/ccs1250/ccs/tools/compiler/gcc-arm-none-eabi-9-2019-q4-major/bin/../lib/gcc/arm-none-eabi/9.2.1/../../../../arm-none-eabi/lib/thumb/v7e-m/nofp\libg.a(lib_a-mallocr.o)
                0x00002074                _malloc_r
 .text.memset   0x000025e8       0xa0 c:/ti/ccs1250/ccs/tools/compiler/gcc-arm-none-eabi-9-2019-q4-major/bin/../lib/gcc/arm-none-eabi/9.2.1/../../../../arm-none-eabi/lib/thumb/v7e-m/nofp\libg.a(lib_a-memset.o)
                0x000025e8                memset
 .text.__malloc_lock
                0x00002688        0xc c:/ti/ccs1250/ccs/tools/compiler/gcc-arm-none-eabi-9-2019-q4-major/bin/../lib/gcc/arm-none-eabi/9.2.1/../../../../arm-none-eabi/lib/thumb/v7e-m/nofp\libg.a(lib_a-mlock.o)
                0x00002688                __malloc_lock
 .text.__malloc_unlock
                0x00002694        0xc c:/ti/ccs1250/ccs/tools/compiler/gcc-arm-none-eabi-9-2019-q4-major/bin/../lib/gcc/arm-none-eabi/9.2.1/../../../../arm-none-eabi/lib/thumb/v7e-m/nofp\libg.a(lib_a-mlock.o)
                0x00002694                __malloc_unlock
 .text._sbrk_r  0x000026a0       0x24 c:/ti/ccs1250/ccs/tools/compiler/gcc-arm-none-eabi-9-2019-q4-major/bin/../lib/gcc/arm-none-eabi/9.2.1/../../../../arm-none-eabi/lib/thumb/v7e-m/nofp\libg.a(lib_a-sbrkr.o)
                0x000026a0                _sbrk_r
 .text.startup.register_fini
                0x000026c4       0x14 c:/ti/ccs1250/ccs/tools/compiler/gcc-arm-none-eabi-9-2019-q4-major/bin/../lib/gcc/arm-none-eabi/9.2.1/../../../../arm-none-eabi/lib/thumb/v7e-m/nofp\libg.a(lib_a-__call_atexit.o)
 .text.__call_exitprocs
                0x000026d8       0xc4 c:/ti/ccs1250/ccs/tools/compiler/gcc-arm-none-eabi-9-2019-q4-major/bin/../lib/gcc/arm-none-eabi/9.2.1/../../../../arm-none-eabi/lib/thumb/v7e-m/nofp\libg.a(lib_a-__call_atexit.o)
                0x000026d8                __call_exitprocs
 .text.atexit   0x0000279c        0xc c:/ti/ccs1250/ccs/tools/compiler/gcc-arm-none-eabi-9-2019-q4-major/bin/../lib/gcc/arm-none-eabi/9.2.1/../../../../arm-none-eabi/lib/thumb/v7e-m/nofp\libg.a(lib_a-atexit.o)
                0x0000279c                atexit
 .text.__libc_fini_array
                0x000027a8       0x2c c:/ti/ccs1250/ccs/tools/compiler/gcc-arm-none-eabi-9-2019-q4-major/bin/../lib/gcc/arm-none-eabi/9.2.1/../../../../arm-none-eabi/lib/thumb/v7e-m/nofp\libg.a(lib_a-fini.o)
                0x000027a8                __libc_fini_array
 .text._malloc_trim_r
                0x000027d4       0xa0 c:/ti/ccs1250/ccs/tools/compiler/gcc-arm-none-eabi-9-2019-q4-major/bin/../lib/gcc/arm-none-eabi/9.2.1/../../../../arm-none-eabi/lib/thumb/v7e-m/nofp\libg.a(lib_a-freer.o)
                0x000027d4                _malloc_trim_r
 .text._free_r  0x00002874      0x208 c:/ti/ccs1250/ccs/tools/compiler/gcc-arm-none-eabi-9-2019-q4-major/bin/../lib/gcc/arm-none-eabi/9.2.1/../../../../arm-none-eabi/lib/thumb/v7e-m/nofp\libg.a(lib_a-freer.o)
                0x00002874                _free_r
 .text.__retarget_lock_init
                0x00002a7c        0x4 c:/ti/ccs1250/ccs/tools/compiler/gcc-arm-none-eabi-9-2019-q4-major/bin/../lib/gcc/arm-none-eabi/9.2.1/../../../../arm-none-eabi/lib/thumb/v7e-m/nofp\libg.a(lib_a-lock.o)
                0x00002a7c                __retarget_lock_init
 .text.__retarget_lock_init_recursive
                0x00002a80        0x4 c:/ti/ccs1250/ccs/tools/compiler/gcc-arm-none-eabi-9-2019-q4-major/bin/../lib/gcc/arm-none-eabi/9.2.1/../../../../arm-none-eabi/lib/thumb/v7e-m/nofp\libg.a(lib_a-lock.o)
                0x00002a80                __retarget_lock_init_recursive
 .text.__retarget_lock_close
                0x00002a84        0x4 c:/ti/ccs1250/ccs/tools/compiler/gcc-arm-none-eabi-9-2019-q4-major/bin/../lib/gcc/arm-none-eabi/9.2.1/../../../../arm-none-eabi/lib/thumb/v7e-m/nofp\libg.a(lib_a-lock.o)
                0x00002a84                __retarget_lock_close
 .text.__retarget_lock_close_recursive
                0x00002a88        0x4 c:/ti/ccs1250/ccs/tools/compiler/gcc-arm-none-eabi-9-2019-q4-major/bin/../lib/gcc/arm-none-eabi/9.2.1/../../../../arm-none-eabi/lib/thumb/v7e-m/nofp\libg.a(lib_a-lock.o)
                0x00002a88                __retarget_lock_close_recursive
 .text.__retarget_lock_acquire
                0x00002a8c        0x4 c:/ti/ccs1250/ccs/tools/compiler/gcc-arm-none-eabi-9-2019-q4-major/bin/../lib/gcc/arm-none-eabi/9.2.1/../../../../arm-none-eabi/lib/thumb/v7e-m/nofp\libg.a(lib_a-lock.o)
                0x00002a8c                __retarget_lock_acquire
 .text.__retarget_lock_acquire_recursive
                0x00002a90        0x4 c:/ti/ccs1250/ccs/tools/compiler/gcc-arm-none-eabi-9-2019-q4-major/bin/../lib/gcc/arm-none-eabi/9.2.1/../../../../arm-none-eabi/lib/thumb/v7e-m/nofp\libg.a(lib_a-lock.o)
                0x00002a90                __retarget_lock_acquire_recursive
 .text.__retarget_lock_try_acquire
                0x00002a94        0x4 c:/ti/ccs1250/ccs/tools/compiler/gcc-arm-none-eabi-9-2019-q4-major/bin/../lib/gcc/arm-none-eabi/9.2.1/../../../../arm-none-eabi/lib/thumb/v7e-m/nofp\libg.a(lib_a-lock.o)
                0x00002a94                __retarget_lock_try_acquire
 .text.__retarget_lock_try_acquire_recursive
                0x00002a98        0x4 c:/ti/ccs1250/ccs/tools/compiler/gcc-arm-none-eabi-9-2019-q4-major/bin/../lib/gcc/arm-none-eabi/9.2.1/../../../../arm-none-eabi/lib/thumb/v7e-m/nofp\libg.a(lib_a-lock.o)
                0x00002a98                __retarget_lock_try_acquire_recursive
 .text.__retarget_lock_release
                0x00002a9c        0x4 c:/ti/ccs1250/ccs/tools/compiler/gcc-arm-none-eabi-9-2019-q4-major/bin/../lib/gcc/arm-none-eabi/9.2.1/../../../../arm-none-eabi/lib/thumb/v7e-m/nofp\libg.a(lib_a-lock.o)
                0x00002a9c                __retarget_lock_release
 .text.__retarget_lock_release_recursive
                0x00002aa0        0x4 c:/ti/ccs1250/ccs/tools/compiler/gcc-arm-none-eabi-9-2019-q4-major/bin/../lib/gcc/arm-none-eabi/9.2.1/../../../../arm-none-eabi/lib/thumb/v7e-m/nofp\libg.a(lib_a-lock.o)
                0x00002aa0                __retarget_lock_release_recursive
 .text.cleanup_glue
                0x00002aa4       0x1c c:/ti/ccs1250/ccs/tools/compiler/gcc-arm-none-eabi-9-2019-q4-major/bin/../lib/gcc/arm-none-eabi/9.2.1/../../../../arm-none-eabi/lib/thumb/v7e-m/nofp\libg.a(lib_a-reent.o)
                0x00002aa4                cleanup_glue
 .text._reclaim_reent
                0x00002ac0       0x84 c:/ti/ccs1250/ccs/tools/compiler/gcc-arm-none-eabi-9-2019-q4-major/bin/../lib/gcc/arm-none-eabi/9.2.1/../../../../arm-none-eabi/lib/thumb/v7e-m/nofp\libg.a(lib_a-reent.o)
                0x00002ac0                _reclaim_reent
 .text.__register_exitproc
                0x00002b44       0x8c c:/ti/ccs1250/ccs/tools/compiler/gcc-arm-none-eabi-9-2019-q4-major/bin/../lib/gcc/arm-none-eabi/9.2.1/../../../../arm-none-eabi/lib/thumb/v7e-m/nofp\libg.a(lib_a-__atexit.o)
                0x00002b44                __register_exitproc
 .text._sbrk    0x00002bd0       0x1c c:/ti/ccs1250/ccs/tools/compiler/gcc-arm-none-eabi-9-2019-q4-major/bin/../lib/gcc/arm-none-eabi/9.2.1/../../../../arm-none-eabi/lib/thumb/v7e-m/nofp\libnosys.a(sbrk.o)
                0x00002bd0                _sbrk
 .text._exit    0x00002bec        0x4 c:/ti/ccs1250/ccs/tools/compiler/gcc-arm-none-eabi-9-2019-q4-major/bin/../lib/gcc/arm-none-eabi/9.2.1/../../../../arm-none-eabi/lib/thumb/v7e-m/nofp\libnosys.a(_exit.o)
                0x00002bec                _exit
                0x00002bf0                . = ALIGN (0x4)
 *(.ctors)
                0x00002bf0                . = ALIGN (0x4)
 *(.dtors)
                0x00002bf0                . = ALIGN (0x4)
                0x00002bf0                __init_array_start = .
 *(.init_array*)
 .init_array    0x00002bf0        0x4 c:/ti/ccs1250/ccs/tools/compiler/gcc-arm-none-eabi-9-2019-q4-major/bin/../lib/gcc/arm-none-eabi/9.2.1/thumb/v7e-m/nofp/crtbegin.o
 .init_array.00000
                0x00002bf4        0x4 c:/ti/ccs1250/ccs/tools/compiler/gcc-arm-none-eabi-9-2019-q4-major/bin/../lib/gcc/arm-none-eabi/9.2.1/../../../../arm-none-eabi/lib/thumb/v7e-m/nofp\libg.a(lib_a-__call_atexit.o)
                0x00002bf8                __init_array_end = .
 *(.init)
 .init          0x00002bf8        0x4 c:/ti/ccs1250/ccs/tools/compiler/gcc-arm-none-eabi-9-2019-q4-major/bin/../lib/gcc/arm-none-eabi/9.2.1/thumb/v7e-m/nofp/crti.o
                0x00002bf8                _init
 .init          0x00002bfc        0x8 c:/ti/ccs1250/ccs/tools/compiler/gcc-arm-none-eabi-9-2019-q4-major/bin/../lib/gcc/arm-none-eabi/9.2.1/thumb/v7e-m/nofp/crtn.o
 *(.fini*)
 .fini          0x00002c04        0x4 c:/ti/ccs1250/ccs/tools/compiler/gcc-arm-none-eabi-9-2019-q4-major/bin/../lib/gcc/arm-none-eabi/9.2.1/thumb/v7e-m/nofp/crti.o
                0x00002c04                _fini
 .fini_array    0x00002c08        0x4 c:/ti/ccs1250/ccs/tools/compiler/gcc-arm-none-eabi-9-2019-q4-major/bin/../lib/gcc/arm-none-eabi/9.2.1/thumb/v7e-m/nofp/crtbegin.o
 .fini          0x00002c0c        0x8 c:/ti/ccs1250/ccs/tools/compiler/gcc-arm-none-eabi-9-2019-q4-major/bin/../lib/gcc/arm-none-eabi/9.2.1/thumb/v7e-m/nofp/crtn.o
                [!provide]                PROVIDE (__etext = .)
                [!provide]                PROVIDE (_etext = .)
                [!provide]                PROVIDE (etext = .)

.glue_7         0x00002c14        0x0
 .glue_7        0x00002c14        0x0 linker stubs

.glue_7t        0x00002c14        0x0
 .glue_7t       0x00002c14        0x0 linker stubs

.vfp11_veneer   0x00002c14        0x0
 .vfp11_veneer  0x00002c14        0x0 linker stubs

.v4_bx          0x00002c14        0x0
 .v4_bx         0x00002c14        0x0 linker stubs

.iplt           0x00002c14        0x0
 .iplt          0x00002c14        0x0 c:/ti/ccs1250/ccs/tools/compiler/gcc-arm-none-eabi-9-2019-q4-major/bin/../lib/gcc/arm-none-eabi/9.2.1/thumb/v7e-m/nofp/crtbegin.o

.rodata         0x00002c14      0x57c
 *(.rodata)
 .rodata        0x00002c14       0x17 ./main.o
 *(.rodata*)
 *fill*         0x00002c2b        0x1 
 .rodata.g_ppui32GPIOIntMapBlizzard
                0x00002c2c       0xc0 C:/Users/basat/Downloads/uart/uart/libdriver.a(gpio.o)
 .rodata.g_ppui32GPIOIntMapSnowflake
                0x00002cec       0xc0 C:/Users/basat/Downloads/uart/uart/libdriver.a(gpio.o)
 .rodata.g_pui32GPIOBaseAddrs
                0x00002dac       0x90 C:/Users/basat/Downloads/uart/uart/libdriver.a(gpio.o)
 .rodata.g_pui32Dii16Regs
                0x00002e3c       0x14 C:/Users/basat/Downloads/uart/uart/libdriver.a(interrupt.o)
 .rodata.g_pui32EnRegs
                0x00002e50       0x14 C:/Users/basat/Downloads/uart/uart/libdriver.a(interrupt.o)
 .rodata.g_pui32PendRegs
                0x00002e64       0x14 C:/Users/basat/Downloads/uart/uart/libdriver.a(interrupt.o)
 .rodata.g_pui32Priority
                0x00002e78       0x20 C:/Users/basat/Downloads/uart/uart/libdriver.a(interrupt.o)
 .rodata.g_pui32Regs
                0x00002e98       0x9c C:/Users/basat/Downloads/uart/uart/libdriver.a(interrupt.o)
 .rodata.g_pui32UnpendRegs
                0x00002f34       0x14 C:/Users/basat/Downloads/uart/uart/libdriver.a(interrupt.o)
 .rodata.g_pppui32XTALtoVCO
                0x00002f48      0x120 C:/Users/basat/Downloads/uart/uart/libdriver.a(sysctl.o)
 .rodata.g_pui32VCOFrequencies
                0x00003068        0x8 C:/Users/basat/Downloads/uart/uart/libdriver.a(sysctl.o)
 .rodata.g_pui32Xtals
                0x00003070       0x6c C:/Users/basat/Downloads/uart/uart/libdriver.a(sysctl.o)
 .rodata.g_sXTALtoMEMTIM
                0x000030dc       0x30 C:/Users/basat/Downloads/uart/uart/libdriver.a(sysctl.o)
 .rodata.g_ppui32UARTIntMap
                0x0000310c       0x40 C:/Users/basat/Downloads/uart/uart/libdriver.a(uart.o)
 .rodata.g_ppui32UARTIntMapSnowflake
                0x0000314c       0x40 C:/Users/basat/Downloads/uart/uart/libdriver.a(uart.o)
 .rodata._global_impure_ptr
                0x0000318c        0x4 c:/ti/ccs1250/ccs/tools/compiler/gcc-arm-none-eabi-9-2019-q4-major/bin/../lib/gcc/arm-none-eabi/9.2.1/../../../../arm-none-eabi/lib/thumb/v7e-m/nofp\libg.a(lib_a-impure.o)
                0x0000318c                _global_impure_ptr

.eh_frame       0x00003190        0x4
 .eh_frame      0x00003190        0x0 c:/ti/ccs1250/ccs/tools/compiler/gcc-arm-none-eabi-9-2019-q4-major/bin/../lib/gcc/arm-none-eabi/9.2.1/thumb/v7e-m/nofp/crtbegin.o
 .eh_frame      0x00003190        0x4 c:/ti/ccs1250/ccs/tools/compiler/gcc-arm-none-eabi-9-2019-q4-major/bin/../lib/gcc/arm-none-eabi/9.2.1/thumb/v7e-m/nofp/crtend.o

.data           0x20000000      0x84c load address 0x00003194
                0x00003194                __data_load__ = LOADADDR (.data)
                0x20000000                __data_start__ = .
 *(.data)
 .data          0x20000000        0x0 c:/ti/ccs1250/ccs/tools/compiler/gcc-arm-none-eabi-9-2019-q4-major/bin/../lib/gcc/arm-none-eabi/9.2.1/thumb/v7e-m/nofp/crti.o
 .data          0x20000000        0x4 c:/ti/ccs1250/ccs/tools/compiler/gcc-arm-none-eabi-9-2019-q4-major/bin/../lib/gcc/arm-none-eabi/9.2.1/thumb/v7e-m/nofp/crtbegin.o
                0x20000000                __dso_handle
 .data          0x20000004        0x0 c:/ti/ccs1250/ccs/tools/compiler/gcc-arm-none-eabi-9-2019-q4-major/bin/../lib/gcc/arm-none-eabi/9.2.1/../../../../arm-none-eabi/lib/thumb/v7e-m/nofp/crt0.o
 .data          0x20000004        0x0 ./bare_rtos_queue.o
 .data          0x20000004        0x0 ./main.o
 .data          0x20000004        0x0 ./tm4c123gh6pm_startup_ccs_gcc.o
 .data          0x20000004        0x0 C:/Users/basat/Downloads/uart/uart/libdriver.a(gpio.o)
 .data          0x20000004        0x0 C:/Users/basat/Downloads/uart/uart/libdriver.a(interrupt.o)
 .data          0x20000004        0x0 C:/Users/basat/Downloads/uart/uart/libdriver.a(sysctl.o)
 .data          0x20000004        0x0 C:/Users/basat/Downloads/uart/uart/libdriver.a(systick.o)
 .data          0x20000004        0x0 C:/Users/basat/Downloads/uart/uart/libdriver.a(uart.o)
 .data          0x20000004        0x0 C:/Users/basat/Downloads/uart/uart/libdriver.a(cpu.o)
 .data          0x20000004        0x0 c:/ti/ccs1250/ccs/tools/compiler/gcc-arm-none-eabi-9-2019-q4-major/bin/../lib/gcc/arm-none-eabi/9.2.1/../../../../arm-none-eabi/lib/thumb/v7e-m/nofp\libg.a(lib_a-exit.o)
 .data          0x20000004        0x0 c:/ti/ccs1250/ccs/tools/compiler/gcc-arm-none-eabi-9-2019-q4-major/bin/../lib/gcc/arm-none-eabi/9.2.1/../../../../arm-none-eabi/lib/thumb/v7e-m/nofp\libg.a(lib_a-impure.o)
 .data          0x20000004        0x0 c:/ti/ccs1250/ccs/tools/compiler/gcc-arm-none-eabi-9-2019-q4-major/bin/../lib/gcc/arm-none-eabi/9.2.1/../../../../arm-none-eabi/lib/thumb/v7e-m/nofp\libg.a(lib_a-init.o)
 .data          0x20000004        0x0 c:/ti/ccs1250/ccs/tools/compiler/gcc-arm-none-eabi-9-2019-q4-major/bin/../lib/gcc/arm-none-eabi/9.2.1/../../../../arm-none-eabi/lib/thumb/v7e-m/nofp\libg.a(lib_a-malloc.o)
 .data          0x20000004        0x0 c:/ti/ccs1250/ccs/tools/compiler/gcc-arm-none-eabi-9-2019-q4-major/bin/../lib/gcc/arm-none-eabi/9.2.1/../../../../arm-none-eabi/lib/thumb/v7e-m/nofp\libg.a(lib_a-mallocr.o)
 .data          0x20000004        0x0 c:/ti/ccs1250/ccs/tools/compiler/gcc-arm-none-eabi-9-2019-q4-major/bin/../lib/gcc/arm-none-eabi/9.2.1/../../../../arm-none-eabi/lib/thumb/v7e-m/nofp\libg.a(lib_a-memset.o)
 .data          0x20000004        0x0 c:/ti/ccs1250/ccs/tools/compiler/gcc-arm-none-eabi-9-2019-q4-major/bin/../lib/gcc/arm-none-eabi/9.2.1/../../../../arm-none-eabi/lib/thumb/v7e-m/nofp\libg.a(lib_a-mlock.o)
 .data          0x20000004        0x0 c:/ti/ccs1250/ccs/tools/compiler/gcc-arm-none-eabi-9-2019-q4-major/bin/../lib/gcc/arm-none-eabi/9.2.1/../../../../arm-none-eabi/lib/thumb/v7e-m/nofp\libg.a(lib_a-sbrkr.o)
 .data          0x20000004        0x0 c:/ti/ccs1250/ccs/tools/compiler/gcc-arm-none-eabi-9-2019-q4-major/bin/../lib/gcc/arm-none-eabi/9.2.1/../../../../arm-none-eabi/lib/thumb/v7e-m/nofp\libg.a(lib_a-__call_atexit.o)
 .data          0x20000004        0x0 c:/ti/ccs1250/ccs/tools/compiler/gcc-arm-none-eabi-9-2019-q4-major/bin/../lib/gcc/arm-none-eabi/9.2.1/../../../../arm-none-eabi/lib/thumb/v7e-m/nofp\libg.a(lib_a-atexit.o)
 .data          0x20000004        0x0 c:/ti/ccs1250/ccs/tools/compiler/gcc-arm-none-eabi-9-2019-q4-major/bin/../lib/gcc/arm-none-eabi/9.2.1/../../../../arm-none-eabi/lib/thumb/v7e-m/nofp\libg.a(lib_a-fini.o)
 .data          0x20000004        0x0 c:/ti/ccs1250/ccs/tools/compiler/gcc-arm-none-eabi-9-2019-q4-major/bin/../lib/gcc/arm-none-eabi/9.2.1/../../../../arm-none-eabi/lib/thumb/v7e-m/nofp\libg.a(lib_a-freer.o)
 .data          0x20000004        0x0 c:/ti/ccs1250/ccs/tools/compiler/gcc-arm-none-eabi-9-2019-q4-major/bin/../lib/gcc/arm-none-eabi/9.2.1/../../../../arm-none-eabi/lib/thumb/v7e-m/nofp\libg.a(lib_a-lock.o)
 .data          0x20000004        0x0 c:/ti/ccs1250/ccs/tools/compiler/gcc-arm-none-eabi-9-2019-q4-major/bin/../lib/gcc/arm-none-eabi/9.2.1/../../../../arm-none-eabi/lib/thumb/v7e-m/nofp\libg.a(lib_a-reent.o)
 .data          0x20000004        0x0 c:/ti/ccs1250/ccs/tools/compiler/gcc-arm-none-eabi-9-2019-q4-major/bin/../lib/gcc/arm-none-eabi/9.2.1/../../../../arm-none-eabi/lib/thumb/v7e-m/nofp\libg.a(lib_a-__atexit.o)
 .data          0x20000004        0x0 c:/ti/ccs1250/ccs/tools/compiler/gcc-arm-none-eabi-9-2019-q4-major/bin/../lib/gcc/arm-none-eabi/9.2.1/../../../../arm-none-eabi/lib/thumb/v7e-m/nofp\libnosys.a(sbrk.o)
 .data          0x20000004        0x0 c:/ti/ccs1250/ccs/tools/compiler/gcc-arm-none-eabi-9-2019-q4-major/bin/../lib/gcc/arm-none-eabi/9.2.1/../../../../arm-none-eabi/lib/thumb/v7e-m/nofp\libnosys.a(_exit.o)
 .data          0x20000004        0x0 c:/ti/ccs1250/ccs/tools/compiler/gcc-arm-none-eabi-9-2019-q4-major/bin/../lib/gcc/arm-none-eabi/9.2.1/thumb/v7e-m/nofp/crtend.o
 .data          0x20000004        0x0 c:/ti/ccs1250/ccs/tools/compiler/gcc-arm-none-eabi-9-2019-q4-major/bin/../lib/gcc/arm-none-eabi/9.2.1/thumb/v7e-m/nofp/crtn.o
 *(.data*)
 .data.kernelStackPtr
                0x20000004        0x4 ./main.o
                0x20000004                kernelStackPtr
 .data._impure_ptr
                0x20000008        0x4 c:/ti/ccs1250/ccs/tools/compiler/gcc-arm-none-eabi-9-2019-q4-major/bin/../lib/gcc/arm-none-eabi/9.2.1/../../../../arm-none-eabi/lib/thumb/v7e-m/nofp\libg.a(lib_a-impure.o)
                0x20000008                _impure_ptr
 *fill*         0x2000000c        0x4 
 .data.impure_data
                0x20000010      0x428 c:/ti/ccs1250/ccs/tools/compiler/gcc-arm-none-eabi-9-2019-q4-major/bin/../lib/gcc/arm-none-eabi/9.2.1/../../../../arm-none-eabi/lib/thumb/v7e-m/nofp\libg.a(lib_a-impure.o)
 .data.__malloc_av_
                0x20000438      0x408 c:/ti/ccs1250/ccs/tools/compiler/gcc-arm-none-eabi-9-2019-q4-major/bin/../lib/gcc/arm-none-eabi/9.2.1/../../../../arm-none-eabi/lib/thumb/v7e-m/nofp\libg.a(lib_a-mallocr.o)
                0x20000438                __malloc_av_
 .data.__malloc_sbrk_base
                0x20000840        0x4 c:/ti/ccs1250/ccs/tools/compiler/gcc-arm-none-eabi-9-2019-q4-major/bin/../lib/gcc/arm-none-eabi/9.2.1/../../../../arm-none-eabi/lib/thumb/v7e-m/nofp\libg.a(lib_a-mallocr.o)
                0x20000840                __malloc_sbrk_base
 .data.__malloc_trim_threshold
                0x20000844        0x4 c:/ti/ccs1250/ccs/tools/compiler/gcc-arm-none-eabi-9-2019-q4-major/bin/../lib/gcc/arm-none-eabi/9.2.1/../../../../arm-none-eabi/lib/thumb/v7e-m/nofp\libg.a(lib_a-mallocr.o)
                0x20000844                __malloc_trim_threshold
 .data.__atexit_recursive_mutex
                0x20000848        0x4 c:/ti/ccs1250/ccs/tools/compiler/gcc-arm-none-eabi-9-2019-q4-major/bin/../lib/gcc/arm-none-eabi/9.2.1/../../../../arm-none-eabi/lib/thumb/v7e-m/nofp\libg.a(lib_a-__call_atexit.o)
                0x20000848                __atexit_recursive_mutex
                0x2000084c                . = ALIGN (0x4)
                0x2000084c                __data_end__ = .

.igot.plt       0x2000084c        0x0 load address 0x000039e0
 .igot.plt      0x2000084c        0x0 c:/ti/ccs1250/ccs/tools/compiler/gcc-arm-none-eabi-9-2019-q4-major/bin/../lib/gcc/arm-none-eabi/9.2.1/thumb/v7e-m/nofp/crtbegin.o

vtable          0x20000c00      0x26c load address 0x000039e0
 vtable         0x20000c00      0x26c C:/Users/basat/Downloads/uart/uart/libdriver.a(interrupt.o)

.ARM.exidx      0x00003c4c        0x8
                0x00003c4c                __exidx_start = .
 *(.ARM.exidx* .gnu.linkonce.armexidx.*)
 .ARM.exidx     0x00003c4c        0x8 c:/ti/ccs1250/ccs/tools/compiler/gcc-arm-none-eabi-9-2019-q4-major/bin/../lib/gcc/arm-none-eabi/9.2.1/../../../../arm-none-eabi/lib/thumb/v7e-m/nofp/crt0.o
                0x00003c54                __exidx_end = .

.ARM.extab      0x00003c54        0x0
 *(.ARM.extab* .gnu.linkonce.armextab.*)
 .ARM.extab     0x00003c54        0x0 c:/ti/ccs1250/ccs/tools/compiler/gcc-arm-none-eabi-9-2019-q4-major/bin/../lib/gcc/arm-none-eabi/9.2.1/../../../../arm-none-eabi/lib/thumb/v7e-m/nofp/crt0.o

.rel.dyn        0x00003c54        0x0
 .rel.iplt      0x00003c54        0x0 c:/ti/ccs1250/ccs/tools/compiler/gcc-arm-none-eabi-9-2019-q4-major/bin/../lib/gcc/arm-none-eabi/9.2.1/thumb/v7e-m/nofp/crtbegin.o

.bss            0x20000e70      0x43c
                0x20000e70                __bss_start__ = .
 *(.shbss)
 *(.bss)
 .bss           0x20000e70        0x0 c:/ti/ccs1250/ccs/tools/compiler/gcc-arm-none-eabi-9-2019-q4-major/bin/../lib/gcc/arm-none-eabi/9.2.1/thumb/v7e-m/nofp/crti.o
 .bss           0x20000e70       0x1c c:/ti/ccs1250/ccs/tools/compiler/gcc-arm-none-eabi-9-2019-q4-major/bin/../lib/gcc/arm-none-eabi/9.2.1/thumb/v7e-m/nofp/crtbegin.o
 .bss           0x20000e8c        0x0 c:/ti/ccs1250/ccs/tools/compiler/gcc-arm-none-eabi-9-2019-q4-major/bin/../lib/gcc/arm-none-eabi/9.2.1/../../../../arm-none-eabi/lib/thumb/v7e-m/nofp/crt0.o
 .bss           0x20000e8c        0x0 ./bare_rtos_queue.o
 .bss           0x20000e8c        0x0 ./main.o
 .bss           0x20000e8c        0x0 ./tm4c123gh6pm_startup_ccs_gcc.o
 .bss           0x20000e8c        0x0 C:/Users/basat/Downloads/uart/uart/libdriver.a(gpio.o)
 .bss           0x20000e8c        0x0 C:/Users/basat/Downloads/uart/uart/libdriver.a(interrupt.o)
 .bss           0x20000e8c        0x0 C:/Users/basat/Downloads/uart/uart/libdriver.a(sysctl.o)
 .bss           0x20000e8c        0x0 C:/Users/basat/Downloads/uart/uart/libdriver.a(systick.o)
 .bss           0x20000e8c        0x0 C:/Users/basat/Downloads/uart/uart/libdriver.a(uart.o)
 .bss           0x20000e8c        0x0 C:/Users/basat/Downloads/uart/uart/libdriver.a(cpu.o)
 .bss           0x20000e8c        0x0 c:/ti/ccs1250/ccs/tools/compiler/gcc-arm-none-eabi-9-2019-q4-major/bin/../lib/gcc/arm-none-eabi/9.2.1/../../../../arm-none-eabi/lib/thumb/v7e-m/nofp\libg.a(lib_a-exit.o)
 .bss           0x20000e8c        0x0 c:/ti/ccs1250/ccs/tools/compiler/gcc-arm-none-eabi-9-2019-q4-major/bin/../lib/gcc/arm-none-eabi/9.2.1/../../../../arm-none-eabi/lib/thumb/v7e-m/nofp\libg.a(lib_a-impure.o)
 .bss           0x20000e8c        0x0 c:/ti/ccs1250/ccs/tools/compiler/gcc-arm-none-eabi-9-2019-q4-major/bin/../lib/gcc/arm-none-eabi/9.2.1/../../../../arm-none-eabi/lib/thumb/v7e-m/nofp\libg.a(lib_a-init.o)
 .bss           0x20000e8c        0x0 c:/ti/ccs1250/ccs/tools/compiler/gcc-arm-none-eabi-9-2019-q4-major/bin/../lib/gcc/arm-none-eabi/9.2.1/../../../../arm-none-eabi/lib/thumb/v7e-m/nofp\libg.a(lib_a-malloc.o)
 .bss           0x20000e8c        0x0 c:/ti/ccs1250/ccs/tools/compiler/gcc-arm-none-eabi-9-2019-q4-major/bin/../lib/gcc/arm-none-eabi/9.2.1/../../../../arm-none-eabi/lib/thumb/v7e-m/nofp\libg.a(lib_a-mallocr.o)
 .bss           0x20000e8c        0x0 c:/ti/ccs1250/ccs/tools/compiler/gcc-arm-none-eabi-9-2019-q4-major/bin/../lib/gcc/arm-none-eabi/9.2.1/../../../../arm-none-eabi/lib/thumb/v7e-m/nofp\libg.a(lib_a-memset.o)
 .bss           0x20000e8c        0x0 c:/ti/ccs1250/ccs/tools/compiler/gcc-arm-none-eabi-9-2019-q4-major/bin/../lib/gcc/arm-none-eabi/9.2.1/../../../../arm-none-eabi/lib/thumb/v7e-m/nofp\libg.a(lib_a-mlock.o)
 .bss           0x20000e8c        0x0 c:/ti/ccs1250/ccs/tools/compiler/gcc-arm-none-eabi-9-2019-q4-major/bin/../lib/gcc/arm-none-eabi/9.2.1/../../../../arm-none-eabi/lib/thumb/v7e-m/nofp\libg.a(lib_a-sbrkr.o)
 .bss           0x20000e8c        0x0 c:/ti/ccs1250/ccs/tools/compiler/gcc-arm-none-eabi-9-2019-q4-major/bin/../lib/gcc/arm-none-eabi/9.2.1/../../../../arm-none-eabi/lib/thumb/v7e-m/nofp\libg.a(lib_a-__call_atexit.o)
 .bss           0x20000e8c        0x0 c:/ti/ccs1250/ccs/tools/compiler/gcc-arm-none-eabi-9-2019-q4-major/bin/../lib/gcc/arm-none-eabi/9.2.1/../../../../arm-none-eabi/lib/thumb/v7e-m/nofp\libg.a(lib_a-atexit.o)
 .bss           0x20000e8c        0x0 c:/ti/ccs1250/ccs/tools/compiler/gcc-arm-none-eabi-9-2019-q4-major/bin/../lib/gcc/arm-none-eabi/9.2.1/../../../../arm-none-eabi/lib/thumb/v7e-m/nofp\libg.a(lib_a-fini.o)
 .bss           0x20000e8c        0x0 c:/ti/ccs1250/ccs/tools/compiler/gcc-arm-none-eabi-9-2019-q4-major/bin/../lib/gcc/arm-none-eabi/9.2.1/../../../../arm-none-eabi/lib/thumb/v7e-m/nofp\libg.a(lib_a-freer.o)
 .bss           0x20000e8c        0x0 c:/ti/ccs1250/ccs/tools/compiler/gcc-arm-none-eabi-9-2019-q4-major/bin/../lib/gcc/arm-none-eabi/9.2.1/../../../../arm-none-eabi/lib/thumb/v7e-m/nofp\libg.a(lib_a-lock.o)
 .bss           0x20000e8c        0x0 c:/ti/ccs1250/ccs/tools/compiler/gcc-arm-none-eabi-9-2019-q4-major/bin/../lib/gcc/arm-none-eabi/9.2.1/../../../../arm-none-eabi/lib/thumb/v7e-m/nofp\libg.a(lib_a-reent.o)
 .bss           0x20000e8c        0x0 c:/ti/ccs1250/ccs/tools/compiler/gcc-arm-none-eabi-9-2019-q4-major/bin/../lib/gcc/arm-none-eabi/9.2.1/../../../../arm-none-eabi/lib/thumb/v7e-m/nofp\libg.a(lib_a-__atexit.o)
 .bss           0x20000e8c        0x0 c:/ti/ccs1250/ccs/tools/compiler/gcc-arm-none-eabi-9-2019-q4-major/bin/../lib/gcc/arm-none-eabi/9.2.1/../../../../arm-none-eabi/lib/thumb/v7e-m/nofp\libnosys.a(sbrk.o)
 .bss           0x20000e8c        0x0 c:/ti/ccs1250/ccs/tools/compiler/gcc-arm-none-eabi-9-2019-q4-major/bin/../lib/gcc/arm-none-eabi/9.2.1/../../../../arm-none-eabi/lib/thumb/v7e-m/nofp\libnosys.a(_exit.o)
 .bss           0x20000e8c        0x0 c:/ti/ccs1250/ccs/tools/compiler/gcc-arm-none-eabi-9-2019-q4-major/bin/../lib/gcc/arm-none-eabi/9.2.1/thumb/v7e-m/nofp/crtend.o
 .bss           0x20000e8c        0x0 c:/ti/ccs1250/ccs/tools/compiler/gcc-arm-none-eabi-9-2019-q4-major/bin/../lib/gcc/arm-none-eabi/9.2.1/thumb/v7e-m/nofp/crtn.o
 *(.bss.*)
 *fill*         0x20000e8c        0x4 
 .bss.task_1_var
                0x20000e90        0x8 ./main.o
                0x20000e90                task_1_var
 .bss.task_2_var
                0x20000e98        0x8 ./main.o
                0x20000e98                task_2_var
 .bss.task_3_var
                0x20000ea0        0x8 ./main.o
                0x20000ea0                task_3_var
 .bss.pui32Stack
                0x20000ea8      0x200 ./tm4c123gh6pm_startup_ccs_gcc.o
 .bss.__malloc_current_mallinfo
                0x200010a8       0x28 c:/ti/ccs1250/ccs/tools/compiler/gcc-arm-none-eabi-9-2019-q4-major/bin/../lib/gcc/arm-none-eabi/9.2.1/../../../../arm-none-eabi/lib/thumb/v7e-m/nofp\libg.a(lib_a-mallocr.o)
                0x200010a8                __malloc_current_mallinfo
 .bss.__malloc_max_sbrked_mem
                0x200010d0        0x4 c:/ti/ccs1250/ccs/tools/compiler/gcc-arm-none-eabi-9-2019-q4-major/bin/../lib/gcc/arm-none-eabi/9.2.1/../../../../arm-none-eabi/lib/thumb/v7e-m/nofp\libg.a(lib_a-mallocr.o)
                0x200010d0                __malloc_max_sbrked_mem
 .bss.__malloc_max_total_mem
                0x200010d4        0x4 c:/ti/ccs1250/ccs/tools/compiler/gcc-arm-none-eabi-9-2019-q4-major/bin/../lib/gcc/arm-none-eabi/9.2.1/../../../../arm-none-eabi/lib/thumb/v7e-m/nofp\libg.a(lib_a-mallocr.o)
                0x200010d4                __malloc_max_total_mem
 .bss.__malloc_top_pad
                0x200010d8        0x4 c:/ti/ccs1250/ccs/tools/compiler/gcc-arm-none-eabi-9-2019-q4-major/bin/../lib/gcc/arm-none-eabi/9.2.1/../../../../arm-none-eabi/lib/thumb/v7e-m/nofp\libg.a(lib_a-mallocr.o)
                0x200010d8                __malloc_top_pad
 .bss.heap_end.4144
                0x200010dc        0x4 c:/ti/ccs1250/ccs/tools/compiler/gcc-arm-none-eabi-9-2019-q4-major/bin/../lib/gcc/arm-none-eabi/9.2.1/../../../../arm-none-eabi/lib/thumb/v7e-m/nofp\libnosys.a(sbrk.o)
 *(COMMON)
 COMMON         0x200010e0      0x1a4 ./main.o
                0x200010e0                head_node
                0x200010e4                pCurrentTask
                0x200010e8                KernelStack
                0x20001278                OsReadyList
 COMMON         0x20001284       0x21 c:/ti/ccs1250/ccs/tools/compiler/gcc-arm-none-eabi-9-2019-q4-major/bin/../lib/gcc/arm-none-eabi/9.2.1/../../../../arm-none-eabi/lib/thumb/v7e-m/nofp\libg.a(lib_a-lock.o)
                0x20001284                __lock___atexit_recursive_mutex
                0x20001288                __lock___arc4random_mutex
                0x2000128c                __lock___env_recursive_mutex
                0x20001290                __lock___sinit_recursive_mutex
                0x20001294                __lock___malloc_recursive_mutex
                0x20001298                __lock___at_quick_exit_mutex
                0x2000129c                __lock___dd_hash_mutex
                0x200012a0                __lock___tz_mutex
                0x200012a4                __lock___sfp_recursive_mutex
 *fill*         0x200012a5        0x3 
 COMMON         0x200012a8        0x4 c:/ti/ccs1250/ccs/tools/compiler/gcc-arm-none-eabi-9-2019-q4-major/bin/../lib/gcc/arm-none-eabi/9.2.1/../../../../arm-none-eabi/lib/thumb/v7e-m/nofp\libg.a(lib_a-reent.o)
                0x200012a8                errno
                0x200012ac                . = ALIGN (0x4)
                0x200012ac                __bss_end__ = .

.heap           0x200012ac        0x0
                0x200012ac                __heap_start__ = .
                0x200012ac                end = __heap_start__
                0x200012ac                _end = end
                0x200012ac                __end = end
 *(.heap)
                0x200012ac                __heap_end__ = .
                0x200012ac                __HeapLimit = __heap_end__

.stack          0x200012b0        0x0
                0x200012b0                _stack = .
                0x200012b0                __stack = .
 *(.stack)
START GROUP
LOAD C:/Users/basat/Downloads/uart/uart/libdriver.a
END GROUP
START GROUP
LOAD c:/ti/ccs1250/ccs/tools/compiler/gcc-arm-none-eabi-9-2019-q4-major/bin/../lib/gcc/arm-none-eabi/9.2.1/thumb/v7e-m/nofp\libgcc.a
LOAD c:/ti/ccs1250/ccs/tools/compiler/gcc-arm-none-eabi-9-2019-q4-major/bin/../lib/gcc/arm-none-eabi/9.2.1/../../../../arm-none-eabi/lib/thumb/v7e-m/nofp\libg.a
LOAD c:/ti/ccs1250/ccs/tools/compiler/gcc-arm-none-eabi-9-2019-q4-major/bin/../lib/gcc/arm-none-eabi/9.2.1/../../../../arm-none-eabi/lib/thumb/v7e-m/nofp\libc.a
END GROUP
START GROUP
LOAD c:/ti/ccs1250/ccs/tools/compiler/gcc-arm-none-eabi-9-2019-q4-major/bin/../lib/gcc/arm-none-eabi/9.2.1/thumb/v7e-m/nofp\libgcc.a
LOAD c:/ti/ccs1250/ccs/tools/compiler/gcc-arm-none-eabi-9-2019-q4-major/bin/../lib/gcc/arm-none-eabi/9.2.1/../../../../arm-none-eabi/lib/thumb/v7e-m/nofp\libc.a
LOAD c:/ti/ccs1250/ccs/tools/compiler/gcc-arm-none-eabi-9-2019-q4-major/bin/../lib/gcc/arm-none-eabi/9.2.1/../../../../arm-none-eabi/lib/thumb/v7e-m/nofp\libnosys.a
END GROUP
LOAD c:/ti/ccs1250/ccs/tools/compiler/gcc-arm-none-eabi-9-2019-q4-major/bin/../lib/gcc/arm-none-eabi/9.2.1/thumb/v7e-m/nofp/crtend.o
LOAD c:/ti/ccs1250/ccs/tools/compiler/gcc-arm-none-eabi-9-2019-q4-major/bin/../lib/gcc/arm-none-eabi/9.2.1/thumb/v7e-m/nofp/crtn.o
OUTPUT(bare_rtos_v5_cts.out elf32-littlearm)

.ARM.attributes
                0x00000000       0x2e
 .ARM.attributes
                0x00000000       0x1e c:/ti/ccs1250/ccs/tools/compiler/gcc-arm-none-eabi-9-2019-q4-major/bin/../lib/gcc/arm-none-eabi/9.2.1/thumb/v7e-m/nofp/crti.o
 .ARM.attributes
                0x0000001e       0x2e c:/ti/ccs1250/ccs/tools/compiler/gcc-arm-none-eabi-9-2019-q4-major/bin/../lib/gcc/arm-none-eabi/9.2.1/thumb/v7e-m/nofp/crtbegin.o
 .ARM.attributes
                0x0000004c       0x1c c:/ti/ccs1250/ccs/tools/compiler/gcc-arm-none-eabi-9-2019-q4-major/bin/../lib/gcc/arm-none-eabi/9.2.1/../../../../arm-none-eabi/lib/thumb/v7e-m/nofp/crt0.o
 .ARM.attributes
                0x00000068       0x2e ./bare_rtos_queue.o
 .ARM.attributes
                0x00000096       0x2e ./main.o
 .ARM.attributes
                0x000000c4       0x2e ./tm4c123gh6pm_startup_ccs_gcc.o
 .ARM.attributes
                0x000000f2       0x32 C:/Users/basat/Downloads/uart/uart/libdriver.a(gpio.o)
 .ARM.attributes
                0x00000124       0x32 C:/Users/basat/Downloads/uart/uart/libdriver.a(interrupt.o)
 .ARM.attributes
                0x00000156       0x32 C:/Users/basat/Downloads/uart/uart/libdriver.a(sysctl.o)
 .ARM.attributes
                0x00000188       0x32 C:/Users/basat/Downloads/uart/uart/libdriver.a(systick.o)
 .ARM.attributes
                0x000001ba       0x32 C:/Users/basat/Downloads/uart/uart/libdriver.a(uart.o)
 .ARM.attributes
                0x000001ec       0x32 C:/Users/basat/Downloads/uart/uart/libdriver.a(cpu.o)
 .ARM.attributes
                0x0000021e       0x2e c:/ti/ccs1250/ccs/tools/compiler/gcc-arm-none-eabi-9-2019-q4-major/bin/../lib/gcc/arm-none-eabi/9.2.1/../../../../arm-none-eabi/lib/thumb/v7e-m/nofp\libg.a(lib_a-exit.o)
 .ARM.attributes
                0x0000024c       0x2e c:/ti/ccs1250/ccs/tools/compiler/gcc-arm-none-eabi-9-2019-q4-major/bin/../lib/gcc/arm-none-eabi/9.2.1/../../../../arm-none-eabi/lib/thumb/v7e-m/nofp\libg.a(lib_a-impure.o)
 .ARM.attributes
                0x0000027a       0x2e c:/ti/ccs1250/ccs/tools/compiler/gcc-arm-none-eabi-9-2019-q4-major/bin/../lib/gcc/arm-none-eabi/9.2.1/../../../../arm-none-eabi/lib/thumb/v7e-m/nofp\libg.a(lib_a-init.o)
 .ARM.attributes
                0x000002a8       0x2e c:/ti/ccs1250/ccs/tools/compiler/gcc-arm-none-eabi-9-2019-q4-major/bin/../lib/gcc/arm-none-eabi/9.2.1/../../../../arm-none-eabi/lib/thumb/v7e-m/nofp\libg.a(lib_a-malloc.o)
 .ARM.attributes
                0x000002d6       0x2e c:/ti/ccs1250/ccs/tools/compiler/gcc-arm-none-eabi-9-2019-q4-major/bin/../lib/gcc/arm-none-eabi/9.2.1/../../../../arm-none-eabi/lib/thumb/v7e-m/nofp\libg.a(lib_a-mallocr.o)
 .ARM.attributes
                0x00000304       0x2e c:/ti/ccs1250/ccs/tools/compiler/gcc-arm-none-eabi-9-2019-q4-major/bin/../lib/gcc/arm-none-eabi/9.2.1/../../../../arm-none-eabi/lib/thumb/v7e-m/nofp\libg.a(lib_a-memset.o)
 .ARM.attributes
                0x00000332       0x2e c:/ti/ccs1250/ccs/tools/compiler/gcc-arm-none-eabi-9-2019-q4-major/bin/../lib/gcc/arm-none-eabi/9.2.1/../../../../arm-none-eabi/lib/thumb/v7e-m/nofp\libg.a(lib_a-mlock.o)
 .ARM.attributes
                0x00000360       0x2e c:/ti/ccs1250/ccs/tools/compiler/gcc-arm-none-eabi-9-2019-q4-major/bin/../lib/gcc/arm-none-eabi/9.2.1/../../../../arm-none-eabi/lib/thumb/v7e-m/nofp\libg.a(lib_a-sbrkr.o)
 .ARM.attributes
                0x0000038e       0x2e c:/ti/ccs1250/ccs/tools/compiler/gcc-arm-none-eabi-9-2019-q4-major/bin/../lib/gcc/arm-none-eabi/9.2.1/../../../../arm-none-eabi/lib/thumb/v7e-m/nofp\libg.a(lib_a-__call_atexit.o)
 .ARM.attributes
                0x000003bc       0x2e c:/ti/ccs1250/ccs/tools/compiler/gcc-arm-none-eabi-9-2019-q4-major/bin/../lib/gcc/arm-none-eabi/9.2.1/../../../../arm-none-eabi/lib/thumb/v7e-m/nofp\libg.a(lib_a-atexit.o)
 .ARM.attributes
                0x000003ea       0x2e c:/ti/ccs1250/ccs/tools/compiler/gcc-arm-none-eabi-9-2019-q4-major/bin/../lib/gcc/arm-none-eabi/9.2.1/../../../../arm-none-eabi/lib/thumb/v7e-m/nofp\libg.a(lib_a-fini.o)
 .ARM.attributes
                0x00000418       0x2e c:/ti/ccs1250/ccs/tools/compiler/gcc-arm-none-eabi-9-2019-q4-major/bin/../lib/gcc/arm-none-eabi/9.2.1/../../../../arm-none-eabi/lib/thumb/v7e-m/nofp\libg.a(lib_a-freer.o)
 .ARM.attributes
                0x00000446       0x2e c:/ti/ccs1250/ccs/tools/compiler/gcc-arm-none-eabi-9-2019-q4-major/bin/../lib/gcc/arm-none-eabi/9.2.1/../../../../arm-none-eabi/lib/thumb/v7e-m/nofp\libg.a(lib_a-lock.o)
 .ARM.attributes
                0x00000474       0x2e c:/ti/ccs1250/ccs/tools/compiler/gcc-arm-none-eabi-9-2019-q4-major/bin/../lib/gcc/arm-none-eabi/9.2.1/../../../../arm-none-eabi/lib/thumb/v7e-m/nofp\libg.a(lib_a-reent.o)
 .ARM.attributes
                0x000004a2       0x2e c:/ti/ccs1250/ccs/tools/compiler/gcc-arm-none-eabi-9-2019-q4-major/bin/../lib/gcc/arm-none-eabi/9.2.1/../../../../arm-none-eabi/lib/thumb/v7e-m/nofp\libg.a(lib_a-__atexit.o)
 .ARM.attributes
                0x000004d0       0x2e c:/ti/ccs1250/ccs/tools/compiler/gcc-arm-none-eabi-9-2019-q4-major/bin/../lib/gcc/arm-none-eabi/9.2.1/../../../../arm-none-eabi/lib/thumb/v7e-m/nofp\libnosys.a(sbrk.o)
 .ARM.attributes
                0x000004fe       0x2e c:/ti/ccs1250/ccs/tools/compiler/gcc-arm-none-eabi-9-2019-q4-major/bin/../lib/gcc/arm-none-eabi/9.2.1/../../../../arm-none-eabi/lib/thumb/v7e-m/nofp\libnosys.a(_exit.o)
 .ARM.attributes
                0x0000052c       0x2e c:/ti/ccs1250/ccs/tools/compiler/gcc-arm-none-eabi-9-2019-q4-major/bin/../lib/gcc/arm-none-eabi/9.2.1/thumb/v7e-m/nofp/crtend.o
 .ARM.attributes
                0x0000055a       0x1e c:/ti/ccs1250/ccs/tools/compiler/gcc-arm-none-eabi-9-2019-q4-major/bin/../lib/gcc/arm-none-eabi/9.2.1/thumb/v7e-m/nofp/crtn.o

.comment        0x00000000       0x79
 .comment       0x00000000       0x79 ./bare_rtos_queue.o
                                 0x7a (size before relaxing)
 .comment       0x00000079       0x7a ./main.o
 .comment       0x00000079       0x7a ./tm4c123gh6pm_startup_ccs_gcc.o
 .comment       0x00000079       0x7a C:/Users/basat/Downloads/uart/uart/libdriver.a(gpio.o)
 .comment       0x00000079       0x7a C:/Users/basat/Downloads/uart/uart/libdriver.a(interrupt.o)
 .comment       0x00000079       0x7a C:/Users/basat/Downloads/uart/uart/libdriver.a(sysctl.o)
 .comment       0x00000079       0x7a C:/Users/basat/Downloads/uart/uart/libdriver.a(systick.o)
 .comment       0x00000079       0x7a C:/Users/basat/Downloads/uart/uart/libdriver.a(uart.o)
 .comment       0x00000079       0x7a C:/Users/basat/Downloads/uart/uart/libdriver.a(cpu.o)

.debug_info     0x00000000     0x1a80
 .debug_info    0x00000000      0xa6b ./bare_rtos_queue.o
 .debug_info    0x00000a6b      0xe78 ./main.o
 .debug_info    0x000018e3      0x19d ./tm4c123gh6pm_startup_ccs_gcc.o

.debug_abbrev   0x00000000      0x5ce
 .debug_abbrev  0x00000000      0x224 ./bare_rtos_queue.o
 .debug_abbrev  0x00000224      0x2d2 ./main.o
 .debug_abbrev  0x000004f6       0xd8 ./tm4c123gh6pm_startup_ccs_gcc.o

.debug_aranges  0x00000000      0x128
 .debug_aranges
                0x00000000       0x38 ./bare_rtos_queue.o
 .debug_aranges
                0x00000038       0xb8 ./main.o
 .debug_aranges
                0x000000f0       0x38 ./tm4c123gh6pm_startup_ccs_gcc.o

.debug_ranges   0x00000000       0xf8
 .debug_ranges  0x00000000       0x28 ./bare_rtos_queue.o
 .debug_ranges  0x00000028       0xa8 ./main.o
 .debug_ranges  0x000000d0       0x28 ./tm4c123gh6pm_startup_ccs_gcc.o

.debug_line     0x00000000      0x9e7
 .debug_line    0x00000000      0x26e ./bare_rtos_queue.o
 .debug_line    0x0000026e      0x5db ./main.o
 .debug_line    0x00000849      0x19e ./tm4c123gh6pm_startup_ccs_gcc.o

.debug_str      0x00000000      0x8db
 .debug_str     0x00000000      0x5d8 ./bare_rtos_queue.o
                                0x644 (size before relaxing)
 .debug_str     0x000005d8      0x248 ./main.o
                                0x81d (size before relaxing)
 .debug_str     0x00000820       0xbb ./tm4c123gh6pm_startup_ccs_gcc.o
                                0x25a (size before relaxing)

.debug_frame    0x00000000      0x7dc
 .debug_frame   0x00000000       0xa8 ./bare_rtos_queue.o
 .debug_frame   0x000000a8      0x294 ./main.o
 .debug_frame   0x0000033c       0x7c ./tm4c123gh6pm_startup_ccs_gcc.o
 .debug_frame   0x000003b8       0x28 c:/ti/ccs1250/ccs/tools/compiler/gcc-arm-none-eabi-9-2019-q4-major/bin/../lib/gcc/arm-none-eabi/9.2.1/../../../../arm-none-eabi/lib/thumb/v7e-m/nofp\libg.a(lib_a-exit.o)
 .debug_frame   0x000003e0       0x2c c:/ti/ccs1250/ccs/tools/compiler/gcc-arm-none-eabi-9-2019-q4-major/bin/../lib/gcc/arm-none-eabi/9.2.1/../../../../arm-none-eabi/lib/thumb/v7e-m/nofp\libg.a(lib_a-init.o)
 .debug_frame   0x0000040c       0x30 c:/ti/ccs1250/ccs/tools/compiler/gcc-arm-none-eabi-9-2019-q4-major/bin/../lib/gcc/arm-none-eabi/9.2.1/../../../../arm-none-eabi/lib/thumb/v7e-m/nofp\libg.a(lib_a-malloc.o)
 .debug_frame   0x0000043c       0x4c c:/ti/ccs1250/ccs/tools/compiler/gcc-arm-none-eabi-9-2019-q4-major/bin/../lib/gcc/arm-none-eabi/9.2.1/../../../../arm-none-eabi/lib/thumb/v7e-m/nofp\libg.a(lib_a-mallocr.o)
 .debug_frame   0x00000488       0x38 c:/ti/ccs1250/ccs/tools/compiler/gcc-arm-none-eabi-9-2019-q4-major/bin/../lib/gcc/arm-none-eabi/9.2.1/../../../../arm-none-eabi/lib/thumb/v7e-m/nofp\libg.a(lib_a-memset.o)
 .debug_frame   0x000004c0       0x30 c:/ti/ccs1250/ccs/tools/compiler/gcc-arm-none-eabi-9-2019-q4-major/bin/../lib/gcc/arm-none-eabi/9.2.1/../../../../arm-none-eabi/lib/thumb/v7e-m/nofp\libg.a(lib_a-mlock.o)
 .debug_frame   0x000004f0       0x2c c:/ti/ccs1250/ccs/tools/compiler/gcc-arm-none-eabi-9-2019-q4-major/bin/../lib/gcc/arm-none-eabi/9.2.1/../../../../arm-none-eabi/lib/thumb/v7e-m/nofp\libg.a(lib_a-sbrkr.o)
 .debug_frame   0x0000051c       0x5c c:/ti/ccs1250/ccs/tools/compiler/gcc-arm-none-eabi-9-2019-q4-major/bin/../lib/gcc/arm-none-eabi/9.2.1/../../../../arm-none-eabi/lib/thumb/v7e-m/nofp\libg.a(lib_a-__call_atexit.o)
 .debug_frame   0x00000578       0x20 c:/ti/ccs1250/ccs/tools/compiler/gcc-arm-none-eabi-9-2019-q4-major/bin/../lib/gcc/arm-none-eabi/9.2.1/../../../../arm-none-eabi/lib/thumb/v7e-m/nofp\libg.a(lib_a-atexit.o)
 .debug_frame   0x00000598       0x34 c:/ti/ccs1250/ccs/tools/compiler/gcc-arm-none-eabi-9-2019-q4-major/bin/../lib/gcc/arm-none-eabi/9.2.1/../../../../arm-none-eabi/lib/thumb/v7e-m/nofp\libg.a(lib_a-fini.o)
 .debug_frame   0x000005cc       0x8c c:/ti/ccs1250/ccs/tools/compiler/gcc-arm-none-eabi-9-2019-q4-major/bin/../lib/gcc/arm-none-eabi/9.2.1/../../../../arm-none-eabi/lib/thumb/v7e-m/nofp\libg.a(lib_a-freer.o)
 .debug_frame   0x00000658       0xb0 c:/ti/ccs1250/ccs/tools/compiler/gcc-arm-none-eabi-9-2019-q4-major/bin/../lib/gcc/arm-none-eabi/9.2.1/../../../../arm-none-eabi/lib/thumb/v7e-m/nofp\libg.a(lib_a-lock.o)
 .debug_frame   0x00000708       0x60 c:/ti/ccs1250/ccs/tools/compiler/gcc-arm-none-eabi-9-2019-q4-major/bin/../lib/gcc/arm-none-eabi/9.2.1/../../../../arm-none-eabi/lib/thumb/v7e-m/nofp\libg.a(lib_a-reent.o)
 .debug_frame   0x00000768       0x34 c:/ti/ccs1250/ccs/tools/compiler/gcc-arm-none-eabi-9-2019-q4-major/bin/../lib/gcc/arm-none-eabi/9.2.1/../../../../arm-none-eabi/lib/thumb/v7e-m/nofp\libg.a(lib_a-__atexit.o)
 .debug_frame   0x0000079c       0x20 c:/ti/ccs1250/ccs/tools/compiler/gcc-arm-none-eabi-9-2019-q4-major/bin/../lib/gcc/arm-none-eabi/9.2.1/../../../../arm-none-eabi/lib/thumb/v7e-m/nofp\libnosys.a(sbrk.o)
 .debug_frame   0x000007bc       0x20 c:/ti/ccs1250/ccs/tools/compiler/gcc-arm-none-eabi-9-2019-q4-major/bin/../lib/gcc/arm-none-eabi/9.2.1/../../../../arm-none-eabi/lib/thumb/v7e-m/nofp\libnosys.a(_exit.o)
