Archive member included to satisfy reference by file (symbol)

C:/Users/basat/Downloads/uart/uart/libdriver.a(gpio.o)
                              ./main.o (GPIOPinTypeUART)
C:/Users/basat/Downloads/uart/uart/libdriver.a(interrupt.o)
                              C:/Users/basat/Downloads/uart/uart/libdriver.a(gpio.o) (IntRegister)
C:/Users/basat/Downloads/uart/uart/libdriver.a(sysctl.o)
                              ./main.o (SysCtlPeripheralEnable)
C:/Users/basat/Downloads/uart/uart/libdriver.a(uart.o)
                              ./main.o (UARTConfigSetExpClk)
C:/Users/basat/Downloads/uart/uart/libdriver.a(cpu.o)
                              C:/Users/basat/Downloads/uart/uart/libdriver.a(interrupt.o) (CPUcpsid)
c:/ti/ccs1250/ccs/tools/compiler/gcc-arm-none-eabi-9-2019-q4-major/bin/../lib/gcc/arm-none-eabi/9.2.1/../../../../arm-none-eabi/lib/thumb/v7e-m/nofp\libg.a(lib_a-atoi.o)
                              ./main.o (atoi)
c:/ti/ccs1250/ccs/tools/compiler/gcc-arm-none-eabi-9-2019-q4-major/bin/../lib/gcc/arm-none-eabi/9.2.1/../../../../arm-none-eabi/lib/thumb/v7e-m/nofp\libg.a(lib_a-exit.o)
                              c:/ti/ccs1250/ccs/tools/compiler/gcc-arm-none-eabi-9-2019-q4-major/bin/../lib/gcc/arm-none-eabi/9.2.1/../../../../arm-none-eabi/lib/thumb/v7e-m/nofp/crt0.o (exit)
c:/ti/ccs1250/ccs/tools/compiler/gcc-arm-none-eabi-9-2019-q4-major/bin/../lib/gcc/arm-none-eabi/9.2.1/../../../../arm-none-eabi/lib/thumb/v7e-m/nofp\libg.a(lib_a-impure.o)
                              c:/ti/ccs1250/ccs/tools/compiler/gcc-arm-none-eabi-9-2019-q4-major/bin/../lib/gcc/arm-none-eabi/9.2.1/../../../../arm-none-eabi/lib/thumb/v7e-m/nofp\libg.a(lib_a-exit.o) (_global_impure_ptr)
c:/ti/ccs1250/ccs/tools/compiler/gcc-arm-none-eabi-9-2019-q4-major/bin/../lib/gcc/arm-none-eabi/9.2.1/../../../../arm-none-eabi/lib/thumb/v7e-m/nofp\libg.a(lib_a-init.o)
                              c:/ti/ccs1250/ccs/tools/compiler/gcc-arm-none-eabi-9-2019-q4-major/bin/../lib/gcc/arm-none-eabi/9.2.1/../../../../arm-none-eabi/lib/thumb/v7e-m/nofp/crt0.o (__libc_init_array)
c:/ti/ccs1250/ccs/tools/compiler/gcc-arm-none-eabi-9-2019-q4-major/bin/../lib/gcc/arm-none-eabi/9.2.1/../../../../arm-none-eabi/lib/thumb/v7e-m/nofp\libg.a(lib_a-memset.o)
                              c:/ti/ccs1250/ccs/tools/compiler/gcc-arm-none-eabi-9-2019-q4-major/bin/../lib/gcc/arm-none-eabi/9.2.1/../../../../arm-none-eabi/lib/thumb/v7e-m/nofp/crt0.o (memset)
c:/ti/ccs1250/ccs/tools/compiler/gcc-arm-none-eabi-9-2019-q4-major/bin/../lib/gcc/arm-none-eabi/9.2.1/../../../../arm-none-eabi/lib/thumb/v7e-m/nofp\libg.a(lib_a-strcmp.o)
                              ./main.o (strcmp)
c:/ti/ccs1250/ccs/tools/compiler/gcc-arm-none-eabi-9-2019-q4-major/bin/../lib/gcc/arm-none-eabi/9.2.1/../../../../arm-none-eabi/lib/thumb/v7e-m/nofp\libg.a(lib_a-strtol.o)
                              c:/ti/ccs1250/ccs/tools/compiler/gcc-arm-none-eabi-9-2019-q4-major/bin/../lib/gcc/arm-none-eabi/9.2.1/../../../../arm-none-eabi/lib/thumb/v7e-m/nofp\libg.a(lib_a-atoi.o) (_strtol_r)
c:/ti/ccs1250/ccs/tools/compiler/gcc-arm-none-eabi-9-2019-q4-major/bin/../lib/gcc/arm-none-eabi/9.2.1/../../../../arm-none-eabi/lib/thumb/v7e-m/nofp\libg.a(lib_a-__call_atexit.o)
                              c:/ti/ccs1250/ccs/tools/compiler/gcc-arm-none-eabi-9-2019-q4-major/bin/../lib/gcc/arm-none-eabi/9.2.1/../../../../arm-none-eabi/lib/thumb/v7e-m/nofp\libg.a(lib_a-exit.o) (__call_exitprocs)
c:/ti/ccs1250/ccs/tools/compiler/gcc-arm-none-eabi-9-2019-q4-major/bin/../lib/gcc/arm-none-eabi/9.2.1/../../../../arm-none-eabi/lib/thumb/v7e-m/nofp\libg.a(lib_a-atexit.o)
                              c:/ti/ccs1250/ccs/tools/compiler/gcc-arm-none-eabi-9-2019-q4-major/bin/../lib/gcc/arm-none-eabi/9.2.1/../../../../arm-none-eabi/lib/thumb/v7e-m/nofp\libg.a(lib_a-__call_atexit.o) (atexit)
c:/ti/ccs1250/ccs/tools/compiler/gcc-arm-none-eabi-9-2019-q4-major/bin/../lib/gcc/arm-none-eabi/9.2.1/../../../../arm-none-eabi/lib/thumb/v7e-m/nofp\libg.a(lib_a-ctype_.o)
                              c:/ti/ccs1250/ccs/tools/compiler/gcc-arm-none-eabi-9-2019-q4-major/bin/../lib/gcc/arm-none-eabi/9.2.1/../../../../arm-none-eabi/lib/thumb/v7e-m/nofp\libg.a(lib_a-strtol.o) (_ctype_)
c:/ti/ccs1250/ccs/tools/compiler/gcc-arm-none-eabi-9-2019-q4-major/bin/../lib/gcc/arm-none-eabi/9.2.1/../../../../arm-none-eabi/lib/thumb/v7e-m/nofp\libg.a(lib_a-fini.o)
                              c:/ti/ccs1250/ccs/tools/compiler/gcc-arm-none-eabi-9-2019-q4-major/bin/../lib/gcc/arm-none-eabi/9.2.1/../../../../arm-none-eabi/lib/thumb/v7e-m/nofp\libg.a(lib_a-__call_atexit.o) (__libc_fini_array)
c:/ti/ccs1250/ccs/tools/compiler/gcc-arm-none-eabi-9-2019-q4-major/bin/../lib/gcc/arm-none-eabi/9.2.1/../../../../arm-none-eabi/lib/thumb/v7e-m/nofp\libg.a(lib_a-lock.o)
                              c:/ti/ccs1250/ccs/tools/compiler/gcc-arm-none-eabi-9-2019-q4-major/bin/../lib/gcc/arm-none-eabi/9.2.1/../../../../arm-none-eabi/lib/thumb/v7e-m/nofp\libg.a(lib_a-__call_atexit.o) (__retarget_lock_acquire_recursive)
c:/ti/ccs1250/ccs/tools/compiler/gcc-arm-none-eabi-9-2019-q4-major/bin/../lib/gcc/arm-none-eabi/9.2.1/../../../../arm-none-eabi/lib/thumb/v7e-m/nofp\libg.a(lib_a-__atexit.o)
                              c:/ti/ccs1250/ccs/tools/compiler/gcc-arm-none-eabi-9-2019-q4-major/bin/../lib/gcc/arm-none-eabi/9.2.1/../../../../arm-none-eabi/lib/thumb/v7e-m/nofp\libg.a(lib_a-atexit.o) (__register_exitproc)
c:/ti/ccs1250/ccs/tools/compiler/gcc-arm-none-eabi-9-2019-q4-major/bin/../lib/gcc/arm-none-eabi/9.2.1/../../../../arm-none-eabi/lib/thumb/v7e-m/nofp\libnosys.a(_exit.o)
                              c:/ti/ccs1250/ccs/tools/compiler/gcc-arm-none-eabi-9-2019-q4-major/bin/../lib/gcc/arm-none-eabi/9.2.1/../../../../arm-none-eabi/lib/thumb/v7e-m/nofp\libg.a(lib_a-exit.o) (_exit)

Allocating common symbols
Common symbol       size              file

__lock___atexit_recursive_mutex
                    0x1               c:/ti/ccs1250/ccs/tools/compiler/gcc-arm-none-eabi-9-2019-q4-major/bin/../lib/gcc/arm-none-eabi/9.2.1/../../../../arm-none-eabi/lib/thumb/v7e-m/nofp\libg.a(lib_a-lock.o)
__lock___arc4random_mutex
                    0x1               c:/ti/ccs1250/ccs/tools/compiler/gcc-arm-none-eabi-9-2019-q4-major/bin/../lib/gcc/arm-none-eabi/9.2.1/../../../../arm-none-eabi/lib/thumb/v7e-m/nofp\libg.a(lib_a-lock.o)
parsed_cmnd1        0x5               ./main.o
__lock___env_recursive_mutex
                    0x1               c:/ti/ccs1250/ccs/tools/compiler/gcc-arm-none-eabi-9-2019-q4-major/bin/../lib/gcc/arm-none-eabi/9.2.1/../../../../arm-none-eabi/lib/thumb/v7e-m/nofp\libg.a(lib_a-lock.o)
__lock___sinit_recursive_mutex
                    0x1               c:/ti/ccs1250/ccs/tools/compiler/gcc-arm-none-eabi-9-2019-q4-major/bin/../lib/gcc/arm-none-eabi/9.2.1/../../../../arm-none-eabi/lib/thumb/v7e-m/nofp\libg.a(lib_a-lock.o)
modify_cmnd         0x1e              ./main.o
__lock___malloc_recursive_mutex
                    0x1               c:/ti/ccs1250/ccs/tools/compiler/gcc-arm-none-eabi-9-2019-q4-major/bin/../lib/gcc/arm-none-eabi/9.2.1/../../../../arm-none-eabi/lib/thumb/v7e-m/nofp\libg.a(lib_a-lock.o)
rx_val              0x1e              ./main.o
parsed_cmnd2        0x7               ./main.o
command_rxd         0x4               ./main.o
__lock___at_quick_exit_mutex
                    0x1               c:/ti/ccs1250/ccs/tools/compiler/gcc-arm-none-eabi-9-2019-q4-major/bin/../lib/gcc/arm-none-eabi/9.2.1/../../../../arm-none-eabi/lib/thumb/v7e-m/nofp\libg.a(lib_a-lock.o)
str                 0x14              ./keypad.o
parsed_data         0x6               ./main.o
__lock___dd_hash_mutex
                    0x1               c:/ti/ccs1250/ccs/tools/compiler/gcc-arm-none-eabi-9-2019-q4-major/bin/../lib/gcc/arm-none-eabi/9.2.1/../../../../arm-none-eabi/lib/thumb/v7e-m/nofp\libg.a(lib_a-lock.o)
__lock___tz_mutex   0x1               c:/ti/ccs1250/ccs/tools/compiler/gcc-arm-none-eabi-9-2019-q4-major/bin/../lib/gcc/arm-none-eabi/9.2.1/../../../../arm-none-eabi/lib/thumb/v7e-m/nofp\libg.a(lib_a-lock.o)
parsed_cmnd         0x6               ./main.o
__lock___sfp_recursive_mutex
                    0x1               c:/ti/ccs1250/ccs/tools/compiler/gcc-arm-none-eabi-9-2019-q4-major/bin/../lib/gcc/arm-none-eabi/9.2.1/../../../../arm-none-eabi/lib/thumb/v7e-m/nofp\libg.a(lib_a-lock.o)

Memory Configuration

Name             Origin             Length             Attributes
FLASH            0x00000000         0x00040000         xr
SRAM             0x20000000         0x00008000         xw
*default*        0x00000000         0xffffffff

Linker script and memory map

LOAD c:/ti/ccs1250/ccs/tools/compiler/gcc-arm-none-eabi-9-2019-q4-major/bin/../lib/gcc/arm-none-eabi/9.2.1/thumb/v7e-m/nofp/crti.o
LOAD c:/ti/ccs1250/ccs/tools/compiler/gcc-arm-none-eabi-9-2019-q4-major/bin/../lib/gcc/arm-none-eabi/9.2.1/thumb/v7e-m/nofp/crtbegin.o
LOAD c:/ti/ccs1250/ccs/tools/compiler/gcc-arm-none-eabi-9-2019-q4-major/bin/../lib/gcc/arm-none-eabi/9.2.1/../../../../arm-none-eabi/lib/thumb/v7e-m/nofp/crt0.o
LOAD ./GPIO.o
LOAD ./keypad.o
LOAD ./main.o
LOAD ./tm4c123gh6pm_startup_ccs_gcc.o
                0x00000000                PROVIDE (_intvecs_base_address = 0x0)

.intvecs        0x00000000      0x26c
 *(.intvecs)
 .intvecs       0x00000000      0x26c ./tm4c123gh6pm_startup_ccs_gcc.o
                0x00000000                g_pfnVectors
                0x20000000                PROVIDE (_vtable_base_address = 0x20000000)

.vtable
 *(.vtable)

.text           0x00000280     0x31e4
 CREATE_OBJECT_SYMBOLS
 *(.text)
 .text          0x00000280        0x0 c:/ti/ccs1250/ccs/tools/compiler/gcc-arm-none-eabi-9-2019-q4-major/bin/../lib/gcc/arm-none-eabi/9.2.1/thumb/v7e-m/nofp/crti.o
 .text          0x00000280       0x40 c:/ti/ccs1250/ccs/tools/compiler/gcc-arm-none-eabi-9-2019-q4-major/bin/../lib/gcc/arm-none-eabi/9.2.1/thumb/v7e-m/nofp/crtbegin.o
 .text          0x000002c0       0x74 c:/ti/ccs1250/ccs/tools/compiler/gcc-arm-none-eabi-9-2019-q4-major/bin/../lib/gcc/arm-none-eabi/9.2.1/../../../../arm-none-eabi/lib/thumb/v7e-m/nofp/crt0.o
                0x000002c0                _start
                0x000002c0                _mainCRTStartup
 .text          0x00000334        0x0 ./GPIO.o
 .text          0x00000334        0x0 ./keypad.o
 .text          0x00000334        0x0 ./main.o
 .text          0x00000334        0x0 ./tm4c123gh6pm_startup_ccs_gcc.o
 .text          0x00000334        0x0 C:/Users/basat/Downloads/uart/uart/libdriver.a(gpio.o)
 .text          0x00000334        0x0 C:/Users/basat/Downloads/uart/uart/libdriver.a(interrupt.o)
 .text          0x00000334        0x0 C:/Users/basat/Downloads/uart/uart/libdriver.a(sysctl.o)
 .text          0x00000334        0x0 C:/Users/basat/Downloads/uart/uart/libdriver.a(uart.o)
 .text          0x00000334        0x0 C:/Users/basat/Downloads/uart/uart/libdriver.a(cpu.o)
 .text          0x00000334        0x0 c:/ti/ccs1250/ccs/tools/compiler/gcc-arm-none-eabi-9-2019-q4-major/bin/../lib/gcc/arm-none-eabi/9.2.1/../../../../arm-none-eabi/lib/thumb/v7e-m/nofp\libg.a(lib_a-atoi.o)
 .text          0x00000334        0x0 c:/ti/ccs1250/ccs/tools/compiler/gcc-arm-none-eabi-9-2019-q4-major/bin/../lib/gcc/arm-none-eabi/9.2.1/../../../../arm-none-eabi/lib/thumb/v7e-m/nofp\libg.a(lib_a-exit.o)
 .text          0x00000334        0x0 c:/ti/ccs1250/ccs/tools/compiler/gcc-arm-none-eabi-9-2019-q4-major/bin/../lib/gcc/arm-none-eabi/9.2.1/../../../../arm-none-eabi/lib/thumb/v7e-m/nofp\libg.a(lib_a-impure.o)
 .text          0x00000334        0x0 c:/ti/ccs1250/ccs/tools/compiler/gcc-arm-none-eabi-9-2019-q4-major/bin/../lib/gcc/arm-none-eabi/9.2.1/../../../../arm-none-eabi/lib/thumb/v7e-m/nofp\libg.a(lib_a-init.o)
 .text          0x00000334        0x0 c:/ti/ccs1250/ccs/tools/compiler/gcc-arm-none-eabi-9-2019-q4-major/bin/../lib/gcc/arm-none-eabi/9.2.1/../../../../arm-none-eabi/lib/thumb/v7e-m/nofp\libg.a(lib_a-memset.o)
 *fill*         0x00000334        0xc 
 .text          0x00000340      0x2dc c:/ti/ccs1250/ccs/tools/compiler/gcc-arm-none-eabi-9-2019-q4-major/bin/../lib/gcc/arm-none-eabi/9.2.1/../../../../arm-none-eabi/lib/thumb/v7e-m/nofp\libg.a(lib_a-strcmp.o)
                0x00000348                strcmp
 .text          0x0000061c        0x0 c:/ti/ccs1250/ccs/tools/compiler/gcc-arm-none-eabi-9-2019-q4-major/bin/../lib/gcc/arm-none-eabi/9.2.1/../../../../arm-none-eabi/lib/thumb/v7e-m/nofp\libg.a(lib_a-strtol.o)
 .text          0x0000061c        0x0 c:/ti/ccs1250/ccs/tools/compiler/gcc-arm-none-eabi-9-2019-q4-major/bin/../lib/gcc/arm-none-eabi/9.2.1/../../../../arm-none-eabi/lib/thumb/v7e-m/nofp\libg.a(lib_a-__call_atexit.o)
 .text          0x0000061c        0x0 c:/ti/ccs1250/ccs/tools/compiler/gcc-arm-none-eabi-9-2019-q4-major/bin/../lib/gcc/arm-none-eabi/9.2.1/../../../../arm-none-eabi/lib/thumb/v7e-m/nofp\libg.a(lib_a-atexit.o)
 .text          0x0000061c        0x0 c:/ti/ccs1250/ccs/tools/compiler/gcc-arm-none-eabi-9-2019-q4-major/bin/../lib/gcc/arm-none-eabi/9.2.1/../../../../arm-none-eabi/lib/thumb/v7e-m/nofp\libg.a(lib_a-ctype_.o)
 .text          0x0000061c        0x0 c:/ti/ccs1250/ccs/tools/compiler/gcc-arm-none-eabi-9-2019-q4-major/bin/../lib/gcc/arm-none-eabi/9.2.1/../../../../arm-none-eabi/lib/thumb/v7e-m/nofp\libg.a(lib_a-fini.o)
 .text          0x0000061c        0x0 c:/ti/ccs1250/ccs/tools/compiler/gcc-arm-none-eabi-9-2019-q4-major/bin/../lib/gcc/arm-none-eabi/9.2.1/../../../../arm-none-eabi/lib/thumb/v7e-m/nofp\libg.a(lib_a-lock.o)
 .text          0x0000061c        0x0 c:/ti/ccs1250/ccs/tools/compiler/gcc-arm-none-eabi-9-2019-q4-major/bin/../lib/gcc/arm-none-eabi/9.2.1/../../../../arm-none-eabi/lib/thumb/v7e-m/nofp\libg.a(lib_a-__atexit.o)
 .text          0x0000061c        0x0 c:/ti/ccs1250/ccs/tools/compiler/gcc-arm-none-eabi-9-2019-q4-major/bin/../lib/gcc/arm-none-eabi/9.2.1/../../../../arm-none-eabi/lib/thumb/v7e-m/nofp\libnosys.a(_exit.o)
 .text          0x0000061c        0x0 c:/ti/ccs1250/ccs/tools/compiler/gcc-arm-none-eabi-9-2019-q4-major/bin/../lib/gcc/arm-none-eabi/9.2.1/thumb/v7e-m/nofp/crtend.o
 .text          0x0000061c        0x0 c:/ti/ccs1250/ccs/tools/compiler/gcc-arm-none-eabi-9-2019-q4-major/bin/../lib/gcc/arm-none-eabi/9.2.1/thumb/v7e-m/nofp/crtn.o
 *(.text.*)
 .text.GPIOA_INIT
                0x0000061c       0x90 ./GPIO.o
                0x0000061c                GPIOA_INIT
 .text.GPIOB_INIT
                0x000006ac       0x98 ./GPIO.o
                0x000006ac                GPIOB_INIT
 .text.GPIOC_INIT
                0x00000744       0x6c ./GPIO.o
                0x00000744                GPIOC_INIT
 .text.GPIOD_INIT
                0x000007b0       0x84 ./GPIO.o
                0x000007b0                GPIOD_INIT
 .text.GPIOE_INIT
                0x00000834       0x58 ./GPIO.o
                0x00000834                GPIOE_INIT
 .text.GPIOF_INIT
                0x0000088c       0xc0 ./GPIO.o
                0x0000088c                GPIOF_INIT
 .text.GPIOPortA_Handler
                0x0000094c        0xc ./GPIO.o
                0x0000094c                GPIOPortA_Handler
 .text.GPIOPortB_Handler
                0x00000958        0xc ./GPIO.o
                0x00000958                GPIOPortB_Handler
 .text.GPIOPortC_Handler
                0x00000964        0xc ./GPIO.o
                0x00000964                GPIOPortC_Handler
 .text.GPIOPortF_Handler
                0x00000970        0xc ./GPIO.o
                0x00000970                GPIOPortF_Handler
 .text.keypad_init
                0x0000097c       0x1c ./keypad.o
                0x0000097c                keypad_init
 .text.isKeyPressed
                0x00000998       0x2c ./keypad.o
                0x00000998                isKeyPressed
 .text.readkey  0x000009c4       0xb8 ./keypad.o
                0x000009c4                readkey
 .text.delay_1_Ms
                0x00000a7c       0x3a ./keypad.o
                0x00000a7c                delay_1_Ms
 *fill*         0x00000ab6        0x2 
 .text.SSD_init
                0x00000ab8       0x5c ./main.o
                0x00000ab8                SSD_init
 .text.main     0x00000b14      0x40c ./main.o
                0x00000b14                main
 .text.SSD_Display
                0x00000f20      0x31c ./main.o
                0x00000f20                SSD_Display
 .text.UART0_Transmitter
                0x0000123c       0x30 ./main.o
                0x0000123c                UART0_Transmitter
 .text.printstring
                0x0000126c       0x2a ./main.o
                0x0000126c                printstring
 *fill*         0x00001296        0x2 
 .text.command_parser
                0x00001298      0x4cc ./main.o
                0x00001298                command_parser
 .text.delayMs  0x00001764      0x220 ./main.o
                0x00001764                delayMs
 .text.wait     0x00001984       0x3e ./main.o
                0x00001984                wait
 *fill*         0x000019c2        0x2 
 .text.ResetISR
                0x000019c4       0x6c ./tm4c123gh6pm_startup_ccs_gcc.o
                0x000019c4                ResetISR
 .text.NmiSR    0x00001a30        0x6 ./tm4c123gh6pm_startup_ccs_gcc.o
 .text.FaultISR
                0x00001a36        0x6 ./tm4c123gh6pm_startup_ccs_gcc.o
 .text.IntDefaultHandler
                0x00001a3c        0x6 ./tm4c123gh6pm_startup_ccs_gcc.o
 *fill*         0x00001a42        0x2 
 .text.GPIOPortF_Handler
                0x00001a44       0xdc ./tm4c123gh6pm_startup_ccs_gcc.o
 .text._GPIOIntNumberGet
                0x00001b20       0x44 C:/Users/basat/Downloads/uart/uart/libdriver.a(gpio.o)
 .text.GPIODirModeSet
                0x00001b64       0x26 C:/Users/basat/Downloads/uart/uart/libdriver.a(gpio.o)
                0x00001b64                GPIODirModeSet
 .text.GPIODirModeGet
                0x00001b8a       0x26 C:/Users/basat/Downloads/uart/uart/libdriver.a(gpio.o)
                0x00001b8a                GPIODirModeGet
 .text.GPIOIntTypeSet
                0x00001bb0       0x4e C:/Users/basat/Downloads/uart/uart/libdriver.a(gpio.o)
                0x00001bb0                GPIOIntTypeSet
 .text.GPIOIntTypeGet
                0x00001bfe       0x40 C:/Users/basat/Downloads/uart/uart/libdriver.a(gpio.o)
                0x00001bfe                GPIOIntTypeGet
 .text.GPIOPadConfigSet
                0x00001c3e      0x106 C:/Users/basat/Downloads/uart/uart/libdriver.a(gpio.o)
                0x00001c3e                GPIOPadConfigSet
 .text.GPIOPadConfigGet
                0x00001d44       0xd0 C:/Users/basat/Downloads/uart/uart/libdriver.a(gpio.o)
                0x00001d44                GPIOPadConfigGet
 .text.GPIOIntEnable
                0x00001e14        0xc C:/Users/basat/Downloads/uart/uart/libdriver.a(gpio.o)
                0x00001e14                GPIOIntEnable
 .text.GPIOIntDisable
                0x00001e20        0xe C:/Users/basat/Downloads/uart/uart/libdriver.a(gpio.o)
                0x00001e20                GPIOIntDisable
 .text.GPIOIntStatus
                0x00001e2e        0xe C:/Users/basat/Downloads/uart/uart/libdriver.a(gpio.o)
                0x00001e2e                GPIOIntStatus
 .text.GPIOIntClear
                0x00001e3c        0x6 C:/Users/basat/Downloads/uart/uart/libdriver.a(gpio.o)
                0x00001e3c                GPIOIntClear
 .text.GPIOIntRegister
                0x00001e42       0x1c C:/Users/basat/Downloads/uart/uart/libdriver.a(gpio.o)
                0x00001e42                GPIOIntRegister
 .text.GPIOIntUnregister
                0x00001e5e       0x16 C:/Users/basat/Downloads/uart/uart/libdriver.a(gpio.o)
                0x00001e5e                GPIOIntUnregister
 .text.GPIOPinRead
                0x00001e74        0x6 C:/Users/basat/Downloads/uart/uart/libdriver.a(gpio.o)
                0x00001e74                GPIOPinRead
 .text.GPIOPinWrite
                0x00001e7a        0x6 C:/Users/basat/Downloads/uart/uart/libdriver.a(gpio.o)
                0x00001e7a                GPIOPinWrite
 .text.GPIOPinTypeADC
                0x00001e80       0x18 C:/Users/basat/Downloads/uart/uart/libdriver.a(gpio.o)
                0x00001e80                GPIOPinTypeADC
 .text.GPIOPinTypeCAN
                0x00001e98       0x18 C:/Users/basat/Downloads/uart/uart/libdriver.a(gpio.o)
                0x00001e98                GPIOPinTypeCAN
 .text.GPIOPinTypeComparator
                0x00001eb0        0x4 C:/Users/basat/Downloads/uart/uart/libdriver.a(gpio.o)
                0x00001eb0                GPIOPinTypeComparator
 .text.GPIOPinTypeEPI
                0x00001eb4        0x4 C:/Users/basat/Downloads/uart/uart/libdriver.a(gpio.o)
                0x00001eb4                GPIOPinTypeEPI
 .text.GPIOPinTypeEthernetLED
                0x00001eb8        0x4 C:/Users/basat/Downloads/uart/uart/libdriver.a(gpio.o)
                0x00001eb8                GPIOPinTypeEthernetLED
 .text.GPIOPinTypeEthernetMII
                0x00001ebc        0x4 C:/Users/basat/Downloads/uart/uart/libdriver.a(gpio.o)
                0x00001ebc                GPIOPinTypeEthernetMII
 .text.GPIOPinTypeGPIOInput
                0x00001ec0       0x18 C:/Users/basat/Downloads/uart/uart/libdriver.a(gpio.o)
                0x00001ec0                GPIOPinTypeGPIOInput
 .text.GPIOPinTypeGPIOOutput
                0x00001ed8       0x18 C:/Users/basat/Downloads/uart/uart/libdriver.a(gpio.o)
                0x00001ed8                GPIOPinTypeGPIOOutput
 .text.GPIOPinTypeGPIOOutputOD
                0x00001ef0       0x18 C:/Users/basat/Downloads/uart/uart/libdriver.a(gpio.o)
                0x00001ef0                GPIOPinTypeGPIOOutputOD
 .text.GPIOPinTypeI2C
                0x00001f08       0x18 C:/Users/basat/Downloads/uart/uart/libdriver.a(gpio.o)
                0x00001f08                GPIOPinTypeI2C
 .text.GPIOPinTypeI2CSCL
                0x00001f20       0x18 C:/Users/basat/Downloads/uart/uart/libdriver.a(gpio.o)
                0x00001f20                GPIOPinTypeI2CSCL
 .text.GPIOPinTypeLCD
                0x00001f38        0x4 C:/Users/basat/Downloads/uart/uart/libdriver.a(gpio.o)
                0x00001f38                GPIOPinTypeLCD
 .text.GPIOPinTypeLPC
                0x00001f3c        0x4 C:/Users/basat/Downloads/uart/uart/libdriver.a(gpio.o)
                0x00001f3c                GPIOPinTypeLPC
 .text.GPIOPinTypePECIRx
                0x00001f40        0x4 C:/Users/basat/Downloads/uart/uart/libdriver.a(gpio.o)
                0x00001f40                GPIOPinTypePECIRx
 .text.GPIOPinTypePECITx
                0x00001f44        0x4 C:/Users/basat/Downloads/uart/uart/libdriver.a(gpio.o)
                0x00001f44                GPIOPinTypePECITx
 .text.GPIOPinTypePWM
                0x00001f48        0x4 C:/Users/basat/Downloads/uart/uart/libdriver.a(gpio.o)
                0x00001f48                GPIOPinTypePWM
 .text.GPIOPinTypeQEI
                0x00001f4c       0x18 C:/Users/basat/Downloads/uart/uart/libdriver.a(gpio.o)
                0x00001f4c                GPIOPinTypeQEI
 .text.GPIOPinTypeSSI
                0x00001f64        0x4 C:/Users/basat/Downloads/uart/uart/libdriver.a(gpio.o)
                0x00001f64                GPIOPinTypeSSI
 .text.GPIOPinTypeTimer
                0x00001f68        0x4 C:/Users/basat/Downloads/uart/uart/libdriver.a(gpio.o)
                0x00001f68                GPIOPinTypeTimer
 .text.GPIOPinTypeUART
                0x00001f6c        0x4 C:/Users/basat/Downloads/uart/uart/libdriver.a(gpio.o)
                0x00001f6c                GPIOPinTypeUART
 .text.GPIOPinTypeUSBAnalog
                0x00001f70        0x4 C:/Users/basat/Downloads/uart/uart/libdriver.a(gpio.o)
                0x00001f70                GPIOPinTypeUSBAnalog
 .text.GPIOPinTypeUSBDigital
                0x00001f74        0x4 C:/Users/basat/Downloads/uart/uart/libdriver.a(gpio.o)
                0x00001f74                GPIOPinTypeUSBDigital
 .text.GPIOPinTypeWakeHigh
                0x00001f78       0x1a C:/Users/basat/Downloads/uart/uart/libdriver.a(gpio.o)
                0x00001f78                GPIOPinTypeWakeHigh
 .text.GPIOPinTypeWakeLow
                0x00001f92       0x1a C:/Users/basat/Downloads/uart/uart/libdriver.a(gpio.o)
                0x00001f92                GPIOPinTypeWakeLow
 .text.GPIOPinTypeKBRow
                0x00001fac        0x4 C:/Users/basat/Downloads/uart/uart/libdriver.a(gpio.o)
                0x00001fac                GPIOPinTypeKBRow
 .text.GPIOPinTypeKBColumn
                0x00001fb0        0x4 C:/Users/basat/Downloads/uart/uart/libdriver.a(gpio.o)
                0x00001fb0                GPIOPinTypeKBColumn
 .text.GPIOPinTypeLEDSeq
                0x00001fb4        0x4 C:/Users/basat/Downloads/uart/uart/libdriver.a(gpio.o)
                0x00001fb4                GPIOPinTypeLEDSeq
 .text.GPIOPinTypeCIR
                0x00001fb8        0x4 C:/Users/basat/Downloads/uart/uart/libdriver.a(gpio.o)
                0x00001fb8                GPIOPinTypeCIR
 .text.GPIOPinWakeStatus
                0x00001fbc        0x6 C:/Users/basat/Downloads/uart/uart/libdriver.a(gpio.o)
                0x00001fbc                GPIOPinWakeStatus
 *fill*         0x00001fc2        0x2 
 .text.GPIOPinConfigure
                0x00001fc4       0x44 C:/Users/basat/Downloads/uart/uart/libdriver.a(gpio.o)
                0x00001fc4                GPIOPinConfigure
 .text.GPIODMATriggerEnable
                0x00002008        0xc C:/Users/basat/Downloads/uart/uart/libdriver.a(gpio.o)
                0x00002008                GPIODMATriggerEnable
 .text.GPIODMATriggerDisable
                0x00002014        0xe C:/Users/basat/Downloads/uart/uart/libdriver.a(gpio.o)
                0x00002014                GPIODMATriggerDisable
 .text.GPIOADCTriggerEnable
                0x00002022        0xc C:/Users/basat/Downloads/uart/uart/libdriver.a(gpio.o)
                0x00002022                GPIOADCTriggerEnable
 .text.GPIOADCTriggerDisable
                0x0000202e        0xe C:/Users/basat/Downloads/uart/uart/libdriver.a(gpio.o)
                0x0000202e                GPIOADCTriggerDisable
 .text._IntDefaultHandler
                0x0000203c        0x2 C:/Users/basat/Downloads/uart/uart/libdriver.a(interrupt.o)
 .text.IntMasterEnable
                0x0000203e        0xe C:/Users/basat/Downloads/uart/uart/libdriver.a(interrupt.o)
                0x0000203e                IntMasterEnable
 .text.IntMasterDisable
                0x0000204c        0xe C:/Users/basat/Downloads/uart/uart/libdriver.a(interrupt.o)
                0x0000204c                IntMasterDisable
 *fill*         0x0000205a        0x2 
 .text.IntRegister
                0x0000205c       0x38 C:/Users/basat/Downloads/uart/uart/libdriver.a(interrupt.o)
                0x0000205c                IntRegister
 .text.IntUnregister
                0x00002094       0x14 C:/Users/basat/Downloads/uart/uart/libdriver.a(interrupt.o)
                0x00002094                IntUnregister
 .text.IntPriorityGroupingSet
                0x000020a8       0x1c C:/Users/basat/Downloads/uart/uart/libdriver.a(interrupt.o)
                0x000020a8                IntPriorityGroupingSet
 .text.IntPriorityGroupingGet
                0x000020c4       0x24 C:/Users/basat/Downloads/uart/uart/libdriver.a(interrupt.o)
                0x000020c4                IntPriorityGroupingGet
 .text.IntPrioritySet
                0x000020e8       0x28 C:/Users/basat/Downloads/uart/uart/libdriver.a(interrupt.o)
                0x000020e8                IntPrioritySet
 .text.IntPriorityGet
                0x00002110       0x1c C:/Users/basat/Downloads/uart/uart/libdriver.a(interrupt.o)
                0x00002110                IntPriorityGet
 .text.IntEnable
                0x0000212c       0x60 C:/Users/basat/Downloads/uart/uart/libdriver.a(interrupt.o)
                0x0000212c                IntEnable
 .text.IntDisable
                0x0000218c       0x60 C:/Users/basat/Downloads/uart/uart/libdriver.a(interrupt.o)
                0x0000218c                IntDisable
 .text.IntIsEnabled
                0x000021ec       0x64 C:/Users/basat/Downloads/uart/uart/libdriver.a(interrupt.o)
                0x000021ec                IntIsEnabled
 .text.IntPendSet
                0x00002250       0x50 C:/Users/basat/Downloads/uart/uart/libdriver.a(interrupt.o)
                0x00002250                IntPendSet
 .text.IntPendClear
                0x000022a0       0x40 C:/Users/basat/Downloads/uart/uart/libdriver.a(interrupt.o)
                0x000022a0                IntPendClear
 .text.IntPriorityMaskSet
                0x000022e0        0x4 C:/Users/basat/Downloads/uart/uart/libdriver.a(interrupt.o)
                0x000022e0                IntPriorityMaskSet
 .text.IntPriorityMaskGet
                0x000022e4        0x4 C:/Users/basat/Downloads/uart/uart/libdriver.a(interrupt.o)
                0x000022e4                IntPriorityMaskGet
 .text.IntTrigger
                0x000022e8        0xc C:/Users/basat/Downloads/uart/uart/libdriver.a(interrupt.o)
                0x000022e8                IntTrigger
 .text._SysCtlMemTimingGet
                0x000022f4       0x64 C:/Users/basat/Downloads/uart/uart/libdriver.a(sysctl.o)
 .text.SysCtlSRAMSizeGet
                0x00002358       0x10 C:/Users/basat/Downloads/uart/uart/libdriver.a(sysctl.o)
                0x00002358                SysCtlSRAMSizeGet
 .text.SysCtlFlashSizeGet
                0x00002368       0x44 C:/Users/basat/Downloads/uart/uart/libdriver.a(sysctl.o)
                0x00002368                SysCtlFlashSizeGet
 .text.SysCtlFlashSectorSizeGet
                0x000023ac       0x38 C:/Users/basat/Downloads/uart/uart/libdriver.a(sysctl.o)
                0x000023ac                SysCtlFlashSectorSizeGet
 .text.SysCtlPeripheralPresent
                0x000023e4       0x24 C:/Users/basat/Downloads/uart/uart/libdriver.a(sysctl.o)
                0x000023e4                SysCtlPeripheralPresent
 .text.SysCtlPeripheralReady
                0x00002408       0x24 C:/Users/basat/Downloads/uart/uart/libdriver.a(sysctl.o)
                0x00002408                SysCtlPeripheralReady
 .text.SysCtlPeripheralPowerOn
                0x0000242c       0x20 C:/Users/basat/Downloads/uart/uart/libdriver.a(sysctl.o)
                0x0000242c                SysCtlPeripheralPowerOn
 .text.SysCtlPeripheralPowerOff
                0x0000244c       0x20 C:/Users/basat/Downloads/uart/uart/libdriver.a(sysctl.o)
                0x0000244c                SysCtlPeripheralPowerOff
 .text.SysCtlPeripheralReset
                0x0000246c       0x38 C:/Users/basat/Downloads/uart/uart/libdriver.a(sysctl.o)
                0x0000246c                SysCtlPeripheralReset
 .text.SysCtlPeripheralEnable
                0x000024a4       0x20 C:/Users/basat/Downloads/uart/uart/libdriver.a(sysctl.o)
                0x000024a4                SysCtlPeripheralEnable
 .text.SysCtlPeripheralDisable
                0x000024c4       0x20 C:/Users/basat/Downloads/uart/uart/libdriver.a(sysctl.o)
                0x000024c4                SysCtlPeripheralDisable
 .text.SysCtlPeripheralSleepEnable
                0x000024e4       0x20 C:/Users/basat/Downloads/uart/uart/libdriver.a(sysctl.o)
                0x000024e4                SysCtlPeripheralSleepEnable
 .text.SysCtlPeripheralSleepDisable
                0x00002504       0x20 C:/Users/basat/Downloads/uart/uart/libdriver.a(sysctl.o)
                0x00002504                SysCtlPeripheralSleepDisable
 .text.SysCtlPeripheralDeepSleepEnable
                0x00002524       0x20 C:/Users/basat/Downloads/uart/uart/libdriver.a(sysctl.o)
                0x00002524                SysCtlPeripheralDeepSleepEnable
 .text.SysCtlPeripheralDeepSleepDisable
                0x00002544       0x20 C:/Users/basat/Downloads/uart/uart/libdriver.a(sysctl.o)
                0x00002544                SysCtlPeripheralDeepSleepDisable
 .text.SysCtlPeripheralClockGating
                0x00002564       0x48 C:/Users/basat/Downloads/uart/uart/libdriver.a(sysctl.o)
                0x00002564                SysCtlPeripheralClockGating
 .text.SysCtlIntRegister
                0x000025ac       0x14 C:/Users/basat/Downloads/uart/uart/libdriver.a(sysctl.o)
                0x000025ac                SysCtlIntRegister
 .text.SysCtlIntUnregister
                0x000025c0       0x12 C:/Users/basat/Downloads/uart/uart/libdriver.a(sysctl.o)
                0x000025c0                SysCtlIntUnregister
 *fill*         0x000025d2        0x2 
 .text.SysCtlIntEnable
                0x000025d4       0x10 C:/Users/basat/Downloads/uart/uart/libdriver.a(sysctl.o)
                0x000025d4                SysCtlIntEnable
 .text.SysCtlIntDisable
                0x000025e4       0x10 C:/Users/basat/Downloads/uart/uart/libdriver.a(sysctl.o)
                0x000025e4                SysCtlIntDisable
 .text.SysCtlIntClear
                0x000025f4        0xc C:/Users/basat/Downloads/uart/uart/libdriver.a(sysctl.o)
                0x000025f4                SysCtlIntClear
 .text.SysCtlIntStatus
                0x00002600       0x14 C:/Users/basat/Downloads/uart/uart/libdriver.a(sysctl.o)
                0x00002600                SysCtlIntStatus
 .text.SysCtlLDOSleepSet
                0x00002614        0xc C:/Users/basat/Downloads/uart/uart/libdriver.a(sysctl.o)
                0x00002614                SysCtlLDOSleepSet
 .text.SysCtlLDOSleepGet
                0x00002620        0xc C:/Users/basat/Downloads/uart/uart/libdriver.a(sysctl.o)
                0x00002620                SysCtlLDOSleepGet
 .text.SysCtlLDODeepSleepSet
                0x0000262c        0xc C:/Users/basat/Downloads/uart/uart/libdriver.a(sysctl.o)
                0x0000262c                SysCtlLDODeepSleepSet
 .text.SysCtlLDODeepSleepGet
                0x00002638        0xc C:/Users/basat/Downloads/uart/uart/libdriver.a(sysctl.o)
                0x00002638                SysCtlLDODeepSleepGet
 .text.SysCtlSleepPowerSet
                0x00002644        0xc C:/Users/basat/Downloads/uart/uart/libdriver.a(sysctl.o)
                0x00002644                SysCtlSleepPowerSet
 .text.SysCtlDeepSleepPowerSet
                0x00002650        0xc C:/Users/basat/Downloads/uart/uart/libdriver.a(sysctl.o)
                0x00002650                SysCtlDeepSleepPowerSet
 .text.SysCtlReset
                0x0000265c       0x10 C:/Users/basat/Downloads/uart/uart/libdriver.a(sysctl.o)
                0x0000265c                SysCtlReset
 .text.SysCtlSleep
                0x0000266c        0x4 C:/Users/basat/Downloads/uart/uart/libdriver.a(sysctl.o)
                0x0000266c                SysCtlSleep
 .text.SysCtlDeepSleep
                0x00002670       0x20 C:/Users/basat/Downloads/uart/uart/libdriver.a(sysctl.o)
                0x00002670                SysCtlDeepSleep
 .text.SysCtlResetCauseGet
                0x00002690        0xc C:/Users/basat/Downloads/uart/uart/libdriver.a(sysctl.o)
                0x00002690                SysCtlResetCauseGet
 .text.SysCtlResetCauseClear
                0x0000269c       0x10 C:/Users/basat/Downloads/uart/uart/libdriver.a(sysctl.o)
                0x0000269c                SysCtlResetCauseClear
 .text.SysCtlDelay
                0x000026ac        0x8 C:/Users/basat/Downloads/uart/uart/libdriver.a(sysctl.o)
                0x000026ac                SysCtlDelay
 .text.SysCtlMOSCConfigSet
                0x000026b4        0xc C:/Users/basat/Downloads/uart/uart/libdriver.a(sysctl.o)
                0x000026b4                SysCtlMOSCConfigSet
 .text.SysCtlPIOSCCalibrate
                0x000026c0       0x48 C:/Users/basat/Downloads/uart/uart/libdriver.a(sysctl.o)
                0x000026c0                SysCtlPIOSCCalibrate
 .text.SysCtlResetBehaviorSet
                0x00002708        0xc C:/Users/basat/Downloads/uart/uart/libdriver.a(sysctl.o)
                0x00002708                SysCtlResetBehaviorSet
 .text.SysCtlResetBehaviorGet
                0x00002714        0xc C:/Users/basat/Downloads/uart/uart/libdriver.a(sysctl.o)
                0x00002714                SysCtlResetBehaviorGet
 .text.SysCtlClockFreqSet
                0x00002720      0x234 C:/Users/basat/Downloads/uart/uart/libdriver.a(sysctl.o)
                0x00002720                SysCtlClockFreqSet
 .text.SysCtlClockSet
                0x00002954      0x114 C:/Users/basat/Downloads/uart/uart/libdriver.a(sysctl.o)
                0x00002954                SysCtlClockSet
 .text.SysCtlClockGet
                0x00002a68      0x160 C:/Users/basat/Downloads/uart/uart/libdriver.a(sysctl.o)
                0x00002a68                SysCtlClockGet
 .text.SysCtlDeepSleepClockSet
                0x00002bc8        0xc C:/Users/basat/Downloads/uart/uart/libdriver.a(sysctl.o)
                0x00002bc8                SysCtlDeepSleepClockSet
 .text.SysCtlDeepSleepClockConfigSet
                0x00002bd4       0x60 C:/Users/basat/Downloads/uart/uart/libdriver.a(sysctl.o)
                0x00002bd4                SysCtlDeepSleepClockConfigSet
 .text.SysCtlPWMClockSet
                0x00002c34       0x14 C:/Users/basat/Downloads/uart/uart/libdriver.a(sysctl.o)
                0x00002c34                SysCtlPWMClockSet
 .text.SysCtlPWMClockGet
                0x00002c48       0x18 C:/Users/basat/Downloads/uart/uart/libdriver.a(sysctl.o)
                0x00002c48                SysCtlPWMClockGet
 .text.SysCtlGPIOAHBEnable
                0x00002c60       0x18 C:/Users/basat/Downloads/uart/uart/libdriver.a(sysctl.o)
                0x00002c60                SysCtlGPIOAHBEnable
 .text.SysCtlGPIOAHBDisable
                0x00002c78       0x1c C:/Users/basat/Downloads/uart/uart/libdriver.a(sysctl.o)
                0x00002c78                SysCtlGPIOAHBDisable
 .text.SysCtlUSBPLLEnable
                0x00002c94       0x10 C:/Users/basat/Downloads/uart/uart/libdriver.a(sysctl.o)
                0x00002c94                SysCtlUSBPLLEnable
 .text.SysCtlUSBPLLDisable
                0x00002ca4       0x10 C:/Users/basat/Downloads/uart/uart/libdriver.a(sysctl.o)
                0x00002ca4                SysCtlUSBPLLDisable
 .text.SysCtlVoltageEventConfig
                0x00002cb4        0xc C:/Users/basat/Downloads/uart/uart/libdriver.a(sysctl.o)
                0x00002cb4                SysCtlVoltageEventConfig
 .text.SysCtlVoltageEventStatus
                0x00002cc0        0xc C:/Users/basat/Downloads/uart/uart/libdriver.a(sysctl.o)
                0x00002cc0                SysCtlVoltageEventStatus
 .text.SysCtlVoltageEventClear
                0x00002ccc       0x10 C:/Users/basat/Downloads/uart/uart/libdriver.a(sysctl.o)
                0x00002ccc                SysCtlVoltageEventClear
 .text.SysCtlNMIStatus
                0x00002cdc        0xc C:/Users/basat/Downloads/uart/uart/libdriver.a(sysctl.o)
                0x00002cdc                SysCtlNMIStatus
 .text.SysCtlNMIClear
                0x00002ce8       0x10 C:/Users/basat/Downloads/uart/uart/libdriver.a(sysctl.o)
                0x00002ce8                SysCtlNMIClear
 .text.SysCtlClockOutConfig
                0x00002cf8       0x10 C:/Users/basat/Downloads/uart/uart/libdriver.a(sysctl.o)
                0x00002cf8                SysCtlClockOutConfig
 .text.SysCtlAltClkConfig
                0x00002d08        0xc C:/Users/basat/Downloads/uart/uart/libdriver.a(sysctl.o)
                0x00002d08                SysCtlAltClkConfig
 .text._UARTIntNumberGet
                0x00002d14       0x44 C:/Users/basat/Downloads/uart/uart/libdriver.a(uart.o)
 .text.UARTParityModeSet
                0x00002d58        0xc C:/Users/basat/Downloads/uart/uart/libdriver.a(uart.o)
                0x00002d58                UARTParityModeSet
 .text.UARTParityModeGet
                0x00002d64        0x8 C:/Users/basat/Downloads/uart/uart/libdriver.a(uart.o)
                0x00002d64                UARTParityModeGet
 .text.UARTFIFOLevelSet
                0x00002d6c        0x6 C:/Users/basat/Downloads/uart/uart/libdriver.a(uart.o)
                0x00002d6c                UARTFIFOLevelSet
 .text.UARTFIFOLevelGet
                0x00002d72       0x10 C:/Users/basat/Downloads/uart/uart/libdriver.a(uart.o)
                0x00002d72                UARTFIFOLevelGet
 .text.UARTConfigGetExpClk
                0x00002d82       0x26 C:/Users/basat/Downloads/uart/uart/libdriver.a(uart.o)
                0x00002d82                UARTConfigGetExpClk
 .text.UARTEnable
                0x00002da8       0x16 C:/Users/basat/Downloads/uart/uart/libdriver.a(uart.o)
                0x00002da8                UARTEnable
 .text.UARTDisable
                0x00002dbe       0x1c C:/Users/basat/Downloads/uart/uart/libdriver.a(uart.o)
                0x00002dbe                UARTDisable
 .text.UARTConfigSetExpClk
                0x00002dda       0x46 C:/Users/basat/Downloads/uart/uart/libdriver.a(uart.o)
                0x00002dda                UARTConfigSetExpClk
 .text.UARTFIFOEnable
                0x00002e20        0xa C:/Users/basat/Downloads/uart/uart/libdriver.a(uart.o)
                0x00002e20                UARTFIFOEnable
 .text.UARTFIFODisable
                0x00002e2a        0xa C:/Users/basat/Downloads/uart/uart/libdriver.a(uart.o)
                0x00002e2a                UARTFIFODisable
 .text.UARTEnableSIR
                0x00002e34       0x12 C:/Users/basat/Downloads/uart/uart/libdriver.a(uart.o)
                0x00002e34                UARTEnableSIR
 .text.UARTDisableSIR
                0x00002e46        0xa C:/Users/basat/Downloads/uart/uart/libdriver.a(uart.o)
                0x00002e46                UARTDisableSIR
 .text.UARTSmartCardEnable
                0x00002e50       0x16 C:/Users/basat/Downloads/uart/uart/libdriver.a(uart.o)
                0x00002e50                UARTSmartCardEnable
 .text.UARTSmartCardDisable
                0x00002e66        0xa C:/Users/basat/Downloads/uart/uart/libdriver.a(uart.o)
                0x00002e66                UARTSmartCardDisable
 .text.UARTModemControlSet
                0x00002e70        0xc C:/Users/basat/Downloads/uart/uart/libdriver.a(uart.o)
                0x00002e70                UARTModemControlSet
 .text.UARTModemControlClear
                0x00002e7c        0xe C:/Users/basat/Downloads/uart/uart/libdriver.a(uart.o)
                0x00002e7c                UARTModemControlClear
 .text.UARTModemControlGet
                0x00002e8a        0x8 C:/Users/basat/Downloads/uart/uart/libdriver.a(uart.o)
                0x00002e8a                UARTModemControlGet
 .text.UARTModemStatusGet
                0x00002e92        0xc C:/Users/basat/Downloads/uart/uart/libdriver.a(uart.o)
                0x00002e92                UARTModemStatusGet
 .text.UARTFlowControlSet
                0x00002e9e        0xc C:/Users/basat/Downloads/uart/uart/libdriver.a(uart.o)
                0x00002e9e                UARTFlowControlSet
 .text.UARTFlowControlGet
                0x00002eaa        0x8 C:/Users/basat/Downloads/uart/uart/libdriver.a(uart.o)
                0x00002eaa                UARTFlowControlGet
 .text.UARTTxIntModeSet
                0x00002eb2        0xc C:/Users/basat/Downloads/uart/uart/libdriver.a(uart.o)
                0x00002eb2                UARTTxIntModeSet
 .text.UARTTxIntModeGet
                0x00002ebe        0x8 C:/Users/basat/Downloads/uart/uart/libdriver.a(uart.o)
                0x00002ebe                UARTTxIntModeGet
 .text.UARTCharsAvail
                0x00002ec6        0xc C:/Users/basat/Downloads/uart/uart/libdriver.a(uart.o)
                0x00002ec6                UARTCharsAvail
 .text.UARTSpaceAvail
                0x00002ed2        0xc C:/Users/basat/Downloads/uart/uart/libdriver.a(uart.o)
                0x00002ed2                UARTSpaceAvail
 .text.UARTCharGetNonBlocking
                0x00002ede        0xe C:/Users/basat/Downloads/uart/uart/libdriver.a(uart.o)
                0x00002ede                UARTCharGetNonBlocking
 .text.UARTCharGet
                0x00002eec        0xa C:/Users/basat/Downloads/uart/uart/libdriver.a(uart.o)
                0x00002eec                UARTCharGet
 .text.UARTCharPutNonBlocking
                0x00002ef6        0xe C:/Users/basat/Downloads/uart/uart/libdriver.a(uart.o)
                0x00002ef6                UARTCharPutNonBlocking
 .text.UARTCharPut
                0x00002f04        0xa C:/Users/basat/Downloads/uart/uart/libdriver.a(uart.o)
                0x00002f04                UARTCharPut
 .text.UARTBreakCtl
                0x00002f0e       0x12 C:/Users/basat/Downloads/uart/uart/libdriver.a(uart.o)
                0x00002f0e                UARTBreakCtl
 .text.UARTBusy
                0x00002f20        0x8 C:/Users/basat/Downloads/uart/uart/libdriver.a(uart.o)
                0x00002f20                UARTBusy
 .text.UARTIntRegister
                0x00002f28       0x1c C:/Users/basat/Downloads/uart/uart/libdriver.a(uart.o)
                0x00002f28                UARTIntRegister
 .text.UARTIntUnregister
                0x00002f44       0x16 C:/Users/basat/Downloads/uart/uart/libdriver.a(uart.o)
                0x00002f44                UARTIntUnregister
 .text.UARTIntEnable
                0x00002f5a        0x8 C:/Users/basat/Downloads/uart/uart/libdriver.a(uart.o)
                0x00002f5a                UARTIntEnable
 .text.UARTIntDisable
                0x00002f62        0xa C:/Users/basat/Downloads/uart/uart/libdriver.a(uart.o)
                0x00002f62                UARTIntDisable
 .text.UARTIntStatus
                0x00002f6c        0xa C:/Users/basat/Downloads/uart/uart/libdriver.a(uart.o)
                0x00002f6c                UARTIntStatus
 .text.UARTIntClear
                0x00002f76        0x4 C:/Users/basat/Downloads/uart/uart/libdriver.a(uart.o)
                0x00002f76                UARTIntClear
 .text.UARTDMAEnable
                0x00002f7a        0x8 C:/Users/basat/Downloads/uart/uart/libdriver.a(uart.o)
                0x00002f7a                UARTDMAEnable
 .text.UARTDMADisable
                0x00002f82        0xa C:/Users/basat/Downloads/uart/uart/libdriver.a(uart.o)
                0x00002f82                UARTDMADisable
 .text.UARTRxErrorGet
                0x00002f8c        0x8 C:/Users/basat/Downloads/uart/uart/libdriver.a(uart.o)
                0x00002f8c                UARTRxErrorGet
 .text.UARTRxErrorClear
                0x00002f94        0x6 C:/Users/basat/Downloads/uart/uart/libdriver.a(uart.o)
                0x00002f94                UARTRxErrorClear
 .text.UARTClockSourceSet
                0x00002f9a        0x6 C:/Users/basat/Downloads/uart/uart/libdriver.a(uart.o)
                0x00002f9a                UARTClockSourceSet
 .text.UARTClockSourceGet
                0x00002fa0        0x6 C:/Users/basat/Downloads/uart/uart/libdriver.a(uart.o)
                0x00002fa0                UARTClockSourceGet
 .text.UART9BitEnable
                0x00002fa6        0xe C:/Users/basat/Downloads/uart/uart/libdriver.a(uart.o)
                0x00002fa6                UART9BitEnable
 .text.UART9BitDisable
                0x00002fb4        0xe C:/Users/basat/Downloads/uart/uart/libdriver.a(uart.o)
                0x00002fb4                UART9BitDisable
 .text.UART9BitAddrSet
                0x00002fc2        0xa C:/Users/basat/Downloads/uart/uart/libdriver.a(uart.o)
                0x00002fc2                UART9BitAddrSet
 .text.UART9BitAddrSend
                0x00002fcc       0x2c C:/Users/basat/Downloads/uart/uart/libdriver.a(uart.o)
                0x00002fcc                UART9BitAddrSend
 .text.CPUcpsid
                0x00002ff8        0x8 C:/Users/basat/Downloads/uart/uart/libdriver.a(cpu.o)
                0x00002ff8                CPUcpsid
 .text.CPUprimask
                0x00003000        0x6 C:/Users/basat/Downloads/uart/uart/libdriver.a(cpu.o)
                0x00003000                CPUprimask
 .text.CPUcpsie
                0x00003006        0x8 C:/Users/basat/Downloads/uart/uart/libdriver.a(cpu.o)
                0x00003006                CPUcpsie
 .text.CPUwfi   0x0000300e        0x4 C:/Users/basat/Downloads/uart/uart/libdriver.a(cpu.o)
                0x0000300e                CPUwfi
 .text.CPUbasepriSet
                0x00003012        0x6 C:/Users/basat/Downloads/uart/uart/libdriver.a(cpu.o)
                0x00003012                CPUbasepriSet
 .text.CPUbasepriGet
                0x00003018        0x6 C:/Users/basat/Downloads/uart/uart/libdriver.a(cpu.o)
                0x00003018                CPUbasepriGet
 *fill*         0x0000301e        0x2 
 .text.atoi     0x00003020        0x8 c:/ti/ccs1250/ccs/tools/compiler/gcc-arm-none-eabi-9-2019-q4-major/bin/../lib/gcc/arm-none-eabi/9.2.1/../../../../arm-none-eabi/lib/thumb/v7e-m/nofp\libg.a(lib_a-atoi.o)
                0x00003020                atoi
 .text._atoi_r  0x00003028        0x8 c:/ti/ccs1250/ccs/tools/compiler/gcc-arm-none-eabi-9-2019-q4-major/bin/../lib/gcc/arm-none-eabi/9.2.1/../../../../arm-none-eabi/lib/thumb/v7e-m/nofp\libg.a(lib_a-atoi.o)
                0x00003028                _atoi_r
 .text.exit     0x00003030       0x20 c:/ti/ccs1250/ccs/tools/compiler/gcc-arm-none-eabi-9-2019-q4-major/bin/../lib/gcc/arm-none-eabi/9.2.1/../../../../arm-none-eabi/lib/thumb/v7e-m/nofp\libg.a(lib_a-exit.o)
                0x00003030                exit
 .text.__libc_init_array
                0x00003050       0x48 c:/ti/ccs1250/ccs/tools/compiler/gcc-arm-none-eabi-9-2019-q4-major/bin/../lib/gcc/arm-none-eabi/9.2.1/../../../../arm-none-eabi/lib/thumb/v7e-m/nofp\libg.a(lib_a-init.o)
                0x00003050                __libc_init_array
 .text.memset   0x00003098       0xa0 c:/ti/ccs1250/ccs/tools/compiler/gcc-arm-none-eabi-9-2019-q4-major/bin/../lib/gcc/arm-none-eabi/9.2.1/../../../../arm-none-eabi/lib/thumb/v7e-m/nofp\libg.a(lib_a-memset.o)
                0x00003098                memset
 .text._strtol_l.isra.0
                0x00003138      0x10c c:/ti/ccs1250/ccs/tools/compiler/gcc-arm-none-eabi-9-2019-q4-major/bin/../lib/gcc/arm-none-eabi/9.2.1/../../../../arm-none-eabi/lib/thumb/v7e-m/nofp\libg.a(lib_a-strtol.o)
 .text._strtol_r
                0x00003244        0x4 c:/ti/ccs1250/ccs/tools/compiler/gcc-arm-none-eabi-9-2019-q4-major/bin/../lib/gcc/arm-none-eabi/9.2.1/../../../../arm-none-eabi/lib/thumb/v7e-m/nofp\libg.a(lib_a-strtol.o)
                0x00003244                _strtol_r
 .text.strtol_l
                0x00003248       0x18 c:/ti/ccs1250/ccs/tools/compiler/gcc-arm-none-eabi-9-2019-q4-major/bin/../lib/gcc/arm-none-eabi/9.2.1/../../../../arm-none-eabi/lib/thumb/v7e-m/nofp\libg.a(lib_a-strtol.o)
                0x00003248                strtol_l
 .text.strtol   0x00003260       0x18 c:/ti/ccs1250/ccs/tools/compiler/gcc-arm-none-eabi-9-2019-q4-major/bin/../lib/gcc/arm-none-eabi/9.2.1/../../../../arm-none-eabi/lib/thumb/v7e-m/nofp\libg.a(lib_a-strtol.o)
                0x00003260                strtol
 .text.startup.register_fini
                0x00003278       0x14 c:/ti/ccs1250/ccs/tools/compiler/gcc-arm-none-eabi-9-2019-q4-major/bin/../lib/gcc/arm-none-eabi/9.2.1/../../../../arm-none-eabi/lib/thumb/v7e-m/nofp\libg.a(lib_a-__call_atexit.o)
 .text.__call_exitprocs
                0x0000328c       0xc4 c:/ti/ccs1250/ccs/tools/compiler/gcc-arm-none-eabi-9-2019-q4-major/bin/../lib/gcc/arm-none-eabi/9.2.1/../../../../arm-none-eabi/lib/thumb/v7e-m/nofp\libg.a(lib_a-__call_atexit.o)
                0x0000328c                __call_exitprocs
 .text.atexit   0x00003350        0xc c:/ti/ccs1250/ccs/tools/compiler/gcc-arm-none-eabi-9-2019-q4-major/bin/../lib/gcc/arm-none-eabi/9.2.1/../../../../arm-none-eabi/lib/thumb/v7e-m/nofp\libg.a(lib_a-atexit.o)
                0x00003350                atexit
 .text.__libc_fini_array
                0x0000335c       0x2c c:/ti/ccs1250/ccs/tools/compiler/gcc-arm-none-eabi-9-2019-q4-major/bin/../lib/gcc/arm-none-eabi/9.2.1/../../../../arm-none-eabi/lib/thumb/v7e-m/nofp\libg.a(lib_a-fini.o)
                0x0000335c                __libc_fini_array
 .text.__retarget_lock_init
                0x00003388        0x4 c:/ti/ccs1250/ccs/tools/compiler/gcc-arm-none-eabi-9-2019-q4-major/bin/../lib/gcc/arm-none-eabi/9.2.1/../../../../arm-none-eabi/lib/thumb/v7e-m/nofp\libg.a(lib_a-lock.o)
                0x00003388                __retarget_lock_init
 .text.__retarget_lock_init_recursive
                0x0000338c        0x4 c:/ti/ccs1250/ccs/tools/compiler/gcc-arm-none-eabi-9-2019-q4-major/bin/../lib/gcc/arm-none-eabi/9.2.1/../../../../arm-none-eabi/lib/thumb/v7e-m/nofp\libg.a(lib_a-lock.o)
                0x0000338c                __retarget_lock_init_recursive
 .text.__retarget_lock_close
                0x00003390        0x4 c:/ti/ccs1250/ccs/tools/compiler/gcc-arm-none-eabi-9-2019-q4-major/bin/../lib/gcc/arm-none-eabi/9.2.1/../../../../arm-none-eabi/lib/thumb/v7e-m/nofp\libg.a(lib_a-lock.o)
                0x00003390                __retarget_lock_close
 .text.__retarget_lock_close_recursive
                0x00003394        0x4 c:/ti/ccs1250/ccs/tools/compiler/gcc-arm-none-eabi-9-2019-q4-major/bin/../lib/gcc/arm-none-eabi/9.2.1/../../../../arm-none-eabi/lib/thumb/v7e-m/nofp\libg.a(lib_a-lock.o)
                0x00003394                __retarget_lock_close_recursive
 .text.__retarget_lock_acquire
                0x00003398        0x4 c:/ti/ccs1250/ccs/tools/compiler/gcc-arm-none-eabi-9-2019-q4-major/bin/../lib/gcc/arm-none-eabi/9.2.1/../../../../arm-none-eabi/lib/thumb/v7e-m/nofp\libg.a(lib_a-lock.o)
                0x00003398                __retarget_lock_acquire
 .text.__retarget_lock_acquire_recursive
                0x0000339c        0x4 c:/ti/ccs1250/ccs/tools/compiler/gcc-arm-none-eabi-9-2019-q4-major/bin/../lib/gcc/arm-none-eabi/9.2.1/../../../../arm-none-eabi/lib/thumb/v7e-m/nofp\libg.a(lib_a-lock.o)
                0x0000339c                __retarget_lock_acquire_recursive
 .text.__retarget_lock_try_acquire
                0x000033a0        0x4 c:/ti/ccs1250/ccs/tools/compiler/gcc-arm-none-eabi-9-2019-q4-major/bin/../lib/gcc/arm-none-eabi/9.2.1/../../../../arm-none-eabi/lib/thumb/v7e-m/nofp\libg.a(lib_a-lock.o)
                0x000033a0                __retarget_lock_try_acquire
 .text.__retarget_lock_try_acquire_recursive
                0x000033a4        0x4 c:/ti/ccs1250/ccs/tools/compiler/gcc-arm-none-eabi-9-2019-q4-major/bin/../lib/gcc/arm-none-eabi/9.2.1/../../../../arm-none-eabi/lib/thumb/v7e-m/nofp\libg.a(lib_a-lock.o)
                0x000033a4                __retarget_lock_try_acquire_recursive
 .text.__retarget_lock_release
                0x000033a8        0x4 c:/ti/ccs1250/ccs/tools/compiler/gcc-arm-none-eabi-9-2019-q4-major/bin/../lib/gcc/arm-none-eabi/9.2.1/../../../../arm-none-eabi/lib/thumb/v7e-m/nofp\libg.a(lib_a-lock.o)
                0x000033a8                __retarget_lock_release
 .text.__retarget_lock_release_recursive
                0x000033ac        0x4 c:/ti/ccs1250/ccs/tools/compiler/gcc-arm-none-eabi-9-2019-q4-major/bin/../lib/gcc/arm-none-eabi/9.2.1/../../../../arm-none-eabi/lib/thumb/v7e-m/nofp\libg.a(lib_a-lock.o)
                0x000033ac                __retarget_lock_release_recursive
 .text.__register_exitproc
                0x000033b0       0x8c c:/ti/ccs1250/ccs/tools/compiler/gcc-arm-none-eabi-9-2019-q4-major/bin/../lib/gcc/arm-none-eabi/9.2.1/../../../../arm-none-eabi/lib/thumb/v7e-m/nofp\libg.a(lib_a-__atexit.o)
                0x000033b0                __register_exitproc
 .text._exit    0x0000343c        0x4 c:/ti/ccs1250/ccs/tools/compiler/gcc-arm-none-eabi-9-2019-q4-major/bin/../lib/gcc/arm-none-eabi/9.2.1/../../../../arm-none-eabi/lib/thumb/v7e-m/nofp\libnosys.a(_exit.o)
                0x0000343c                _exit
                0x00003440                . = ALIGN (0x4)
 *(.ctors)
                0x00003440                . = ALIGN (0x4)
 *(.dtors)
                0x00003440                . = ALIGN (0x4)
                0x00003440                __init_array_start = .
 *(.init_array*)
 .init_array    0x00003440        0x4 c:/ti/ccs1250/ccs/tools/compiler/gcc-arm-none-eabi-9-2019-q4-major/bin/../lib/gcc/arm-none-eabi/9.2.1/thumb/v7e-m/nofp/crtbegin.o
 .init_array.00000
                0x00003444        0x4 c:/ti/ccs1250/ccs/tools/compiler/gcc-arm-none-eabi-9-2019-q4-major/bin/../lib/gcc/arm-none-eabi/9.2.1/../../../../arm-none-eabi/lib/thumb/v7e-m/nofp\libg.a(lib_a-__call_atexit.o)
                0x00003448                __init_array_end = .
 *(.init)
 .init          0x00003448        0x4 c:/ti/ccs1250/ccs/tools/compiler/gcc-arm-none-eabi-9-2019-q4-major/bin/../lib/gcc/arm-none-eabi/9.2.1/thumb/v7e-m/nofp/crti.o
                0x00003448                _init
 .init          0x0000344c        0x8 c:/ti/ccs1250/ccs/tools/compiler/gcc-arm-none-eabi-9-2019-q4-major/bin/../lib/gcc/arm-none-eabi/9.2.1/thumb/v7e-m/nofp/crtn.o
 *(.fini*)
 .fini          0x00003454        0x4 c:/ti/ccs1250/ccs/tools/compiler/gcc-arm-none-eabi-9-2019-q4-major/bin/../lib/gcc/arm-none-eabi/9.2.1/thumb/v7e-m/nofp/crti.o
                0x00003454                _fini
 .fini_array    0x00003458        0x4 c:/ti/ccs1250/ccs/tools/compiler/gcc-arm-none-eabi-9-2019-q4-major/bin/../lib/gcc/arm-none-eabi/9.2.1/thumb/v7e-m/nofp/crtbegin.o
 .fini          0x0000345c        0x8 c:/ti/ccs1250/ccs/tools/compiler/gcc-arm-none-eabi-9-2019-q4-major/bin/../lib/gcc/arm-none-eabi/9.2.1/thumb/v7e-m/nofp/crtn.o
                [!provide]                PROVIDE (__etext = .)
                [!provide]                PROVIDE (_etext = .)
                [!provide]                PROVIDE (etext = .)

.glue_7         0x00003464        0x0
 .glue_7        0x00003464        0x0 linker stubs

.glue_7t        0x00003464        0x0
 .glue_7t       0x00003464        0x0 linker stubs

.vfp11_veneer   0x00003464        0x0
 .vfp11_veneer  0x00003464        0x0 linker stubs

.v4_bx          0x00003464        0x0
 .v4_bx         0x00003464        0x0 linker stubs

.iplt           0x00003464        0x0
 .iplt          0x00003464        0x0 c:/ti/ccs1250/ccs/tools/compiler/gcc-arm-none-eabi-9-2019-q4-major/bin/../lib/gcc/arm-none-eabi/9.2.1/thumb/v7e-m/nofp/crtbegin.o

.rodata         0x00003464      0x85d
 *(.rodata)
 .rodata        0x00003464      0x1f8 ./main.o
 *(.rodata*)
 .rodata.g_ppui32GPIOIntMapBlizzard
                0x0000365c       0xc0 C:/Users/basat/Downloads/uart/uart/libdriver.a(gpio.o)
 .rodata.g_ppui32GPIOIntMapSnowflake
                0x0000371c       0xc0 C:/Users/basat/Downloads/uart/uart/libdriver.a(gpio.o)
 .rodata.g_pui32GPIOBaseAddrs
                0x000037dc       0x90 C:/Users/basat/Downloads/uart/uart/libdriver.a(gpio.o)
 .rodata.g_pui32Dii16Regs
                0x0000386c       0x14 C:/Users/basat/Downloads/uart/uart/libdriver.a(interrupt.o)
 .rodata.g_pui32EnRegs
                0x00003880       0x14 C:/Users/basat/Downloads/uart/uart/libdriver.a(interrupt.o)
 .rodata.g_pui32PendRegs
                0x00003894       0x14 C:/Users/basat/Downloads/uart/uart/libdriver.a(interrupt.o)
 .rodata.g_pui32Priority
                0x000038a8       0x20 C:/Users/basat/Downloads/uart/uart/libdriver.a(interrupt.o)
 .rodata.g_pui32Regs
                0x000038c8       0x9c C:/Users/basat/Downloads/uart/uart/libdriver.a(interrupt.o)
 .rodata.g_pui32UnpendRegs
                0x00003964       0x14 C:/Users/basat/Downloads/uart/uart/libdriver.a(interrupt.o)
 .rodata.g_pppui32XTALtoVCO
                0x00003978      0x120 C:/Users/basat/Downloads/uart/uart/libdriver.a(sysctl.o)
 .rodata.g_pui32VCOFrequencies
                0x00003a98        0x8 C:/Users/basat/Downloads/uart/uart/libdriver.a(sysctl.o)
 .rodata.g_pui32Xtals
                0x00003aa0       0x6c C:/Users/basat/Downloads/uart/uart/libdriver.a(sysctl.o)
 .rodata.g_sXTALtoMEMTIM
                0x00003b0c       0x30 C:/Users/basat/Downloads/uart/uart/libdriver.a(sysctl.o)
 .rodata.g_ppui32UARTIntMap
                0x00003b3c       0x40 C:/Users/basat/Downloads/uart/uart/libdriver.a(uart.o)
 .rodata.g_ppui32UARTIntMapSnowflake
                0x00003b7c       0x40 C:/Users/basat/Downloads/uart/uart/libdriver.a(uart.o)
 .rodata._global_impure_ptr
                0x00003bbc        0x4 c:/ti/ccs1250/ccs/tools/compiler/gcc-arm-none-eabi-9-2019-q4-major/bin/../lib/gcc/arm-none-eabi/9.2.1/../../../../arm-none-eabi/lib/thumb/v7e-m/nofp\libg.a(lib_a-impure.o)
                0x00003bbc                _global_impure_ptr
 .rodata._ctype_
                0x00003bc0      0x101 c:/ti/ccs1250/ccs/tools/compiler/gcc-arm-none-eabi-9-2019-q4-major/bin/../lib/gcc/arm-none-eabi/9.2.1/../../../../arm-none-eabi/lib/thumb/v7e-m/nofp\libg.a(lib_a-ctype_.o)
                0x00003bc0                _ctype_

.eh_frame       0x00003cc4        0x4
 .eh_frame      0x00003cc4        0x0 c:/ti/ccs1250/ccs/tools/compiler/gcc-arm-none-eabi-9-2019-q4-major/bin/../lib/gcc/arm-none-eabi/9.2.1/thumb/v7e-m/nofp/crtbegin.o
 .eh_frame      0x00003cc4        0x4 c:/ti/ccs1250/ccs/tools/compiler/gcc-arm-none-eabi-9-2019-q4-major/bin/../lib/gcc/arm-none-eabi/9.2.1/thumb/v7e-m/nofp/crtend.o

.data           0x20000000      0x444 load address 0x00003cc8
                0x00003cc8                __data_load__ = LOADADDR (.data)
                0x20000000                __data_start__ = .
 *(.data)
 .data          0x20000000        0x0 c:/ti/ccs1250/ccs/tools/compiler/gcc-arm-none-eabi-9-2019-q4-major/bin/../lib/gcc/arm-none-eabi/9.2.1/thumb/v7e-m/nofp/crti.o
 .data          0x20000000        0x4 c:/ti/ccs1250/ccs/tools/compiler/gcc-arm-none-eabi-9-2019-q4-major/bin/../lib/gcc/arm-none-eabi/9.2.1/thumb/v7e-m/nofp/crtbegin.o
                0x20000000                __dso_handle
 .data          0x20000004        0x0 c:/ti/ccs1250/ccs/tools/compiler/gcc-arm-none-eabi-9-2019-q4-major/bin/../lib/gcc/arm-none-eabi/9.2.1/../../../../arm-none-eabi/lib/thumb/v7e-m/nofp/crt0.o
 .data          0x20000004        0x0 ./GPIO.o
 .data          0x20000004        0x0 ./keypad.o
 .data          0x20000004        0x0 ./main.o
 .data          0x20000004        0x0 ./tm4c123gh6pm_startup_ccs_gcc.o
 .data          0x20000004        0x0 C:/Users/basat/Downloads/uart/uart/libdriver.a(gpio.o)
 .data          0x20000004        0x0 C:/Users/basat/Downloads/uart/uart/libdriver.a(interrupt.o)
 .data          0x20000004        0x0 C:/Users/basat/Downloads/uart/uart/libdriver.a(sysctl.o)
 .data          0x20000004        0x0 C:/Users/basat/Downloads/uart/uart/libdriver.a(uart.o)
 .data          0x20000004        0x0 C:/Users/basat/Downloads/uart/uart/libdriver.a(cpu.o)
 .data          0x20000004        0x0 c:/ti/ccs1250/ccs/tools/compiler/gcc-arm-none-eabi-9-2019-q4-major/bin/../lib/gcc/arm-none-eabi/9.2.1/../../../../arm-none-eabi/lib/thumb/v7e-m/nofp\libg.a(lib_a-atoi.o)
 .data          0x20000004        0x0 c:/ti/ccs1250/ccs/tools/compiler/gcc-arm-none-eabi-9-2019-q4-major/bin/../lib/gcc/arm-none-eabi/9.2.1/../../../../arm-none-eabi/lib/thumb/v7e-m/nofp\libg.a(lib_a-exit.o)
 .data          0x20000004        0x0 c:/ti/ccs1250/ccs/tools/compiler/gcc-arm-none-eabi-9-2019-q4-major/bin/../lib/gcc/arm-none-eabi/9.2.1/../../../../arm-none-eabi/lib/thumb/v7e-m/nofp\libg.a(lib_a-impure.o)
 .data          0x20000004        0x0 c:/ti/ccs1250/ccs/tools/compiler/gcc-arm-none-eabi-9-2019-q4-major/bin/../lib/gcc/arm-none-eabi/9.2.1/../../../../arm-none-eabi/lib/thumb/v7e-m/nofp\libg.a(lib_a-init.o)
 .data          0x20000004        0x0 c:/ti/ccs1250/ccs/tools/compiler/gcc-arm-none-eabi-9-2019-q4-major/bin/../lib/gcc/arm-none-eabi/9.2.1/../../../../arm-none-eabi/lib/thumb/v7e-m/nofp\libg.a(lib_a-memset.o)
 .data          0x20000004        0x0 c:/ti/ccs1250/ccs/tools/compiler/gcc-arm-none-eabi-9-2019-q4-major/bin/../lib/gcc/arm-none-eabi/9.2.1/../../../../arm-none-eabi/lib/thumb/v7e-m/nofp\libg.a(lib_a-strcmp.o)
 .data          0x20000004        0x0 c:/ti/ccs1250/ccs/tools/compiler/gcc-arm-none-eabi-9-2019-q4-major/bin/../lib/gcc/arm-none-eabi/9.2.1/../../../../arm-none-eabi/lib/thumb/v7e-m/nofp\libg.a(lib_a-strtol.o)
 .data          0x20000004        0x0 c:/ti/ccs1250/ccs/tools/compiler/gcc-arm-none-eabi-9-2019-q4-major/bin/../lib/gcc/arm-none-eabi/9.2.1/../../../../arm-none-eabi/lib/thumb/v7e-m/nofp\libg.a(lib_a-__call_atexit.o)
 .data          0x20000004        0x0 c:/ti/ccs1250/ccs/tools/compiler/gcc-arm-none-eabi-9-2019-q4-major/bin/../lib/gcc/arm-none-eabi/9.2.1/../../../../arm-none-eabi/lib/thumb/v7e-m/nofp\libg.a(lib_a-atexit.o)
 .data          0x20000004        0x0 c:/ti/ccs1250/ccs/tools/compiler/gcc-arm-none-eabi-9-2019-q4-major/bin/../lib/gcc/arm-none-eabi/9.2.1/../../../../arm-none-eabi/lib/thumb/v7e-m/nofp\libg.a(lib_a-ctype_.o)
 .data          0x20000004        0x0 c:/ti/ccs1250/ccs/tools/compiler/gcc-arm-none-eabi-9-2019-q4-major/bin/../lib/gcc/arm-none-eabi/9.2.1/../../../../arm-none-eabi/lib/thumb/v7e-m/nofp\libg.a(lib_a-fini.o)
 .data          0x20000004        0x0 c:/ti/ccs1250/ccs/tools/compiler/gcc-arm-none-eabi-9-2019-q4-major/bin/../lib/gcc/arm-none-eabi/9.2.1/../../../../arm-none-eabi/lib/thumb/v7e-m/nofp\libg.a(lib_a-lock.o)
 .data          0x20000004        0x0 c:/ti/ccs1250/ccs/tools/compiler/gcc-arm-none-eabi-9-2019-q4-major/bin/../lib/gcc/arm-none-eabi/9.2.1/../../../../arm-none-eabi/lib/thumb/v7e-m/nofp\libg.a(lib_a-__atexit.o)
 .data          0x20000004        0x0 c:/ti/ccs1250/ccs/tools/compiler/gcc-arm-none-eabi-9-2019-q4-major/bin/../lib/gcc/arm-none-eabi/9.2.1/../../../../arm-none-eabi/lib/thumb/v7e-m/nofp\libnosys.a(_exit.o)
 .data          0x20000004        0x0 c:/ti/ccs1250/ccs/tools/compiler/gcc-arm-none-eabi-9-2019-q4-major/bin/../lib/gcc/arm-none-eabi/9.2.1/thumb/v7e-m/nofp/crtend.o
 .data          0x20000004        0x0 c:/ti/ccs1250/ccs/tools/compiler/gcc-arm-none-eabi-9-2019-q4-major/bin/../lib/gcc/arm-none-eabi/9.2.1/thumb/v7e-m/nofp/crtn.o
 *(.data*)
 .data.speed_count
                0x20000004        0x4 ./main.o
                0x20000004                speed_count
 .data.counter  0x20000008        0x4 ./main.o
                0x20000008                counter
 .data.pos0_data
                0x2000000c        0x1 ./main.o
                0x2000000c                pos0_data
 .data.pos1_data
                0x2000000d        0x1 ./main.o
                0x2000000d                pos1_data
 .data.pos2_data
                0x2000000e        0x1 ./main.o
                0x2000000e                pos2_data
 .data.pos3_data
                0x2000000f        0x1 ./main.o
                0x2000000f                pos3_data
 .data.resume_pause
                0x20000010        0x1 ./main.o
                0x20000010                resume_pause
 .data.start_stop
                0x20000011        0x1 ./main.o
                0x20000011                start_stop
 *fill*         0x20000012        0x2 
 .data._impure_ptr
                0x20000014        0x4 c:/ti/ccs1250/ccs/tools/compiler/gcc-arm-none-eabi-9-2019-q4-major/bin/../lib/gcc/arm-none-eabi/9.2.1/../../../../arm-none-eabi/lib/thumb/v7e-m/nofp\libg.a(lib_a-impure.o)
                0x20000014                _impure_ptr
 .data.impure_data
                0x20000018      0x428 c:/ti/ccs1250/ccs/tools/compiler/gcc-arm-none-eabi-9-2019-q4-major/bin/../lib/gcc/arm-none-eabi/9.2.1/../../../../arm-none-eabi/lib/thumb/v7e-m/nofp\libg.a(lib_a-impure.o)
 .data.__atexit_recursive_mutex
                0x20000440        0x4 c:/ti/ccs1250/ccs/tools/compiler/gcc-arm-none-eabi-9-2019-q4-major/bin/../lib/gcc/arm-none-eabi/9.2.1/../../../../arm-none-eabi/lib/thumb/v7e-m/nofp\libg.a(lib_a-__call_atexit.o)
                0x20000440                __atexit_recursive_mutex
                0x20000444                . = ALIGN (0x4)
                0x20000444                __data_end__ = .

.igot.plt       0x20000444        0x0 load address 0x0000410c
 .igot.plt      0x20000444        0x0 c:/ti/ccs1250/ccs/tools/compiler/gcc-arm-none-eabi-9-2019-q4-major/bin/../lib/gcc/arm-none-eabi/9.2.1/thumb/v7e-m/nofp/crtbegin.o

vtable          0x20000800      0x26c load address 0x0000410c
 vtable         0x20000800      0x26c C:/Users/basat/Downloads/uart/uart/libdriver.a(interrupt.o)

.ARM.exidx      0x00004378        0x8
                0x00004378                __exidx_start = .
 *(.ARM.exidx* .gnu.linkonce.armexidx.*)
 .ARM.exidx     0x00004378        0x8 c:/ti/ccs1250/ccs/tools/compiler/gcc-arm-none-eabi-9-2019-q4-major/bin/../lib/gcc/arm-none-eabi/9.2.1/../../../../arm-none-eabi/lib/thumb/v7e-m/nofp/crt0.o
                0x00004380                __exidx_end = .

.ARM.extab      0x00004380        0x0
 *(.ARM.extab* .gnu.linkonce.armextab.*)
 .ARM.extab     0x00004380        0x0 c:/ti/ccs1250/ccs/tools/compiler/gcc-arm-none-eabi-9-2019-q4-major/bin/../lib/gcc/arm-none-eabi/9.2.1/../../../../arm-none-eabi/lib/thumb/v7e-m/nofp/crt0.o

.rel.dyn        0x00004380        0x0
 .rel.iplt      0x00004380        0x0 c:/ti/ccs1250/ccs/tools/compiler/gcc-arm-none-eabi-9-2019-q4-major/bin/../lib/gcc/arm-none-eabi/9.2.1/thumb/v7e-m/nofp/crtbegin.o

.bss            0x20000a6c      0x2e0
                0x20000a6c                __bss_start__ = .
 *(.shbss)
 *(.bss)
 .bss           0x20000a6c        0x0 c:/ti/ccs1250/ccs/tools/compiler/gcc-arm-none-eabi-9-2019-q4-major/bin/../lib/gcc/arm-none-eabi/9.2.1/thumb/v7e-m/nofp/crti.o
 .bss           0x20000a6c       0x1c c:/ti/ccs1250/ccs/tools/compiler/gcc-arm-none-eabi-9-2019-q4-major/bin/../lib/gcc/arm-none-eabi/9.2.1/thumb/v7e-m/nofp/crtbegin.o
 .bss           0x20000a88        0x0 c:/ti/ccs1250/ccs/tools/compiler/gcc-arm-none-eabi-9-2019-q4-major/bin/../lib/gcc/arm-none-eabi/9.2.1/../../../../arm-none-eabi/lib/thumb/v7e-m/nofp/crt0.o
 .bss           0x20000a88        0x0 ./GPIO.o
 .bss           0x20000a88        0x0 ./keypad.o
 .bss           0x20000a88        0x0 ./main.o
 .bss           0x20000a88        0x0 ./tm4c123gh6pm_startup_ccs_gcc.o
 .bss           0x20000a88        0x0 C:/Users/basat/Downloads/uart/uart/libdriver.a(gpio.o)
 .bss           0x20000a88        0x0 C:/Users/basat/Downloads/uart/uart/libdriver.a(interrupt.o)
 .bss           0x20000a88        0x0 C:/Users/basat/Downloads/uart/uart/libdriver.a(sysctl.o)
 .bss           0x20000a88        0x0 C:/Users/basat/Downloads/uart/uart/libdriver.a(uart.o)
 .bss           0x20000a88        0x0 C:/Users/basat/Downloads/uart/uart/libdriver.a(cpu.o)
 .bss           0x20000a88        0x0 c:/ti/ccs1250/ccs/tools/compiler/gcc-arm-none-eabi-9-2019-q4-major/bin/../lib/gcc/arm-none-eabi/9.2.1/../../../../arm-none-eabi/lib/thumb/v7e-m/nofp\libg.a(lib_a-atoi.o)
 .bss           0x20000a88        0x0 c:/ti/ccs1250/ccs/tools/compiler/gcc-arm-none-eabi-9-2019-q4-major/bin/../lib/gcc/arm-none-eabi/9.2.1/../../../../arm-none-eabi/lib/thumb/v7e-m/nofp\libg.a(lib_a-exit.o)
 .bss           0x20000a88        0x0 c:/ti/ccs1250/ccs/tools/compiler/gcc-arm-none-eabi-9-2019-q4-major/bin/../lib/gcc/arm-none-eabi/9.2.1/../../../../arm-none-eabi/lib/thumb/v7e-m/nofp\libg.a(lib_a-impure.o)
 .bss           0x20000a88        0x0 c:/ti/ccs1250/ccs/tools/compiler/gcc-arm-none-eabi-9-2019-q4-major/bin/../lib/gcc/arm-none-eabi/9.2.1/../../../../arm-none-eabi/lib/thumb/v7e-m/nofp\libg.a(lib_a-init.o)
 .bss           0x20000a88        0x0 c:/ti/ccs1250/ccs/tools/compiler/gcc-arm-none-eabi-9-2019-q4-major/bin/../lib/gcc/arm-none-eabi/9.2.1/../../../../arm-none-eabi/lib/thumb/v7e-m/nofp\libg.a(lib_a-memset.o)
 .bss           0x20000a88        0x0 c:/ti/ccs1250/ccs/tools/compiler/gcc-arm-none-eabi-9-2019-q4-major/bin/../lib/gcc/arm-none-eabi/9.2.1/../../../../arm-none-eabi/lib/thumb/v7e-m/nofp\libg.a(lib_a-strcmp.o)
 .bss           0x20000a88        0x0 c:/ti/ccs1250/ccs/tools/compiler/gcc-arm-none-eabi-9-2019-q4-major/bin/../lib/gcc/arm-none-eabi/9.2.1/../../../../arm-none-eabi/lib/thumb/v7e-m/nofp\libg.a(lib_a-strtol.o)
 .bss           0x20000a88        0x0 c:/ti/ccs1250/ccs/tools/compiler/gcc-arm-none-eabi-9-2019-q4-major/bin/../lib/gcc/arm-none-eabi/9.2.1/../../../../arm-none-eabi/lib/thumb/v7e-m/nofp\libg.a(lib_a-__call_atexit.o)
 .bss           0x20000a88        0x0 c:/ti/ccs1250/ccs/tools/compiler/gcc-arm-none-eabi-9-2019-q4-major/bin/../lib/gcc/arm-none-eabi/9.2.1/../../../../arm-none-eabi/lib/thumb/v7e-m/nofp\libg.a(lib_a-atexit.o)
 .bss           0x20000a88        0x0 c:/ti/ccs1250/ccs/tools/compiler/gcc-arm-none-eabi-9-2019-q4-major/bin/../lib/gcc/arm-none-eabi/9.2.1/../../../../arm-none-eabi/lib/thumb/v7e-m/nofp\libg.a(lib_a-ctype_.o)
 .bss           0x20000a88        0x0 c:/ti/ccs1250/ccs/tools/compiler/gcc-arm-none-eabi-9-2019-q4-major/bin/../lib/gcc/arm-none-eabi/9.2.1/../../../../arm-none-eabi/lib/thumb/v7e-m/nofp\libg.a(lib_a-fini.o)
 .bss           0x20000a88        0x0 c:/ti/ccs1250/ccs/tools/compiler/gcc-arm-none-eabi-9-2019-q4-major/bin/../lib/gcc/arm-none-eabi/9.2.1/../../../../arm-none-eabi/lib/thumb/v7e-m/nofp\libg.a(lib_a-lock.o)
 .bss           0x20000a88        0x0 c:/ti/ccs1250/ccs/tools/compiler/gcc-arm-none-eabi-9-2019-q4-major/bin/../lib/gcc/arm-none-eabi/9.2.1/../../../../arm-none-eabi/lib/thumb/v7e-m/nofp\libg.a(lib_a-__atexit.o)
 .bss           0x20000a88        0x0 c:/ti/ccs1250/ccs/tools/compiler/gcc-arm-none-eabi-9-2019-q4-major/bin/../lib/gcc/arm-none-eabi/9.2.1/../../../../arm-none-eabi/lib/thumb/v7e-m/nofp\libnosys.a(_exit.o)
 .bss           0x20000a88        0x0 c:/ti/ccs1250/ccs/tools/compiler/gcc-arm-none-eabi-9-2019-q4-major/bin/../lib/gcc/arm-none-eabi/9.2.1/thumb/v7e-m/nofp/crtend.o
 .bss           0x20000a88        0x0 c:/ti/ccs1250/ccs/tools/compiler/gcc-arm-none-eabi-9-2019-q4-major/bin/../lib/gcc/arm-none-eabi/9.2.1/thumb/v7e-m/nofp/crtn.o
 *(.bss.*)
 .bss.num       0x20000a88        0x4 ./keypad.o
                0x20000a88                num
 .bss.data      0x20000a8c        0x4 ./main.o
                0x20000a8c                data
 .bss.led_type  0x20000a90        0x4 ./main.o
                0x20000a90                led_type
 .bss.update    0x20000a94        0x4 ./main.o
                0x20000a94                update
 .bss.cmd_mode  0x20000a98        0x4 ./main.o
                0x20000a98                cmd_mode
 .bss.command_index
                0x20000a9c        0x4 ./main.o
                0x20000a9c                command_index
 .bss.led_cycle_count
                0x20000aa0        0x4 ./main.o
                0x20000aa0                led_cycle_count
 .bss.flag      0x20000aa4        0x4 ./main.o
                0x20000aa4                flag
 .bss.valid     0x20000aa8        0x4 ./main.o
                0x20000aa8                valid
 .bss.command_type
                0x20000aac        0x1 ./main.o
                0x20000aac                command_type
 *fill*         0x20000aad        0x3 
 .bss.pui32Stack
                0x20000ab0      0x200 ./tm4c123gh6pm_startup_ccs_gcc.o
 *(COMMON)
 COMMON         0x20000cb0       0x14 ./keypad.o
                0x20000cb0                str
 COMMON         0x20000cc4       0x62 ./main.o
                0x20000cc4                parsed_cmnd1
                0x20000ccc                modify_cmnd
                0x20000cec                rx_val
                0x20000d0c                parsed_cmnd2
                0x20000d14                command_rxd
                0x20000d18                parsed_data
                0x20000d20                parsed_cmnd
 *fill*         0x20000d26        0x2 
 COMMON         0x20000d28       0x21 c:/ti/ccs1250/ccs/tools/compiler/gcc-arm-none-eabi-9-2019-q4-major/bin/../lib/gcc/arm-none-eabi/9.2.1/../../../../arm-none-eabi/lib/thumb/v7e-m/nofp\libg.a(lib_a-lock.o)
                0x20000d28                __lock___atexit_recursive_mutex
                0x20000d2c                __lock___arc4random_mutex
                0x20000d30                __lock___env_recursive_mutex
                0x20000d34                __lock___sinit_recursive_mutex
                0x20000d38                __lock___malloc_recursive_mutex
                0x20000d3c                __lock___at_quick_exit_mutex
                0x20000d40                __lock___dd_hash_mutex
                0x20000d44                __lock___tz_mutex
                0x20000d48                __lock___sfp_recursive_mutex
                0x20000d4c                . = ALIGN (0x4)
 *fill*         0x20000d49        0x3 
                0x20000d4c                __bss_end__ = .

.heap           0x20000d4c        0x0
                0x20000d4c                __heap_start__ = .
                0x20000d4c                end = __heap_start__
                0x20000d4c                _end = end
                0x20000d4c                __end = end
 *(.heap)
                0x20000d4c                __heap_end__ = .
                0x20000d4c                __HeapLimit = __heap_end__

.stack          0x20000d50        0x0
                0x20000d50                _stack = .
                0x20000d50                __stack = .
 *(.stack)
START GROUP
LOAD C:/Users/basat/Downloads/uart/uart/libdriver.a
END GROUP
START GROUP
LOAD c:/ti/ccs1250/ccs/tools/compiler/gcc-arm-none-eabi-9-2019-q4-major/bin/../lib/gcc/arm-none-eabi/9.2.1/thumb/v7e-m/nofp\libgcc.a
LOAD c:/ti/ccs1250/ccs/tools/compiler/gcc-arm-none-eabi-9-2019-q4-major/bin/../lib/gcc/arm-none-eabi/9.2.1/../../../../arm-none-eabi/lib/thumb/v7e-m/nofp\libg.a
LOAD c:/ti/ccs1250/ccs/tools/compiler/gcc-arm-none-eabi-9-2019-q4-major/bin/../lib/gcc/arm-none-eabi/9.2.1/../../../../arm-none-eabi/lib/thumb/v7e-m/nofp\libc.a
END GROUP
START GROUP
LOAD c:/ti/ccs1250/ccs/tools/compiler/gcc-arm-none-eabi-9-2019-q4-major/bin/../lib/gcc/arm-none-eabi/9.2.1/thumb/v7e-m/nofp\libgcc.a
LOAD c:/ti/ccs1250/ccs/tools/compiler/gcc-arm-none-eabi-9-2019-q4-major/bin/../lib/gcc/arm-none-eabi/9.2.1/../../../../arm-none-eabi/lib/thumb/v7e-m/nofp\libc.a
LOAD c:/ti/ccs1250/ccs/tools/compiler/gcc-arm-none-eabi-9-2019-q4-major/bin/../lib/gcc/arm-none-eabi/9.2.1/../../../../arm-none-eabi/lib/thumb/v7e-m/nofp\libnosys.a
END GROUP
LOAD c:/ti/ccs1250/ccs/tools/compiler/gcc-arm-none-eabi-9-2019-q4-major/bin/../lib/gcc/arm-none-eabi/9.2.1/thumb/v7e-m/nofp/crtend.o
LOAD c:/ti/ccs1250/ccs/tools/compiler/gcc-arm-none-eabi-9-2019-q4-major/bin/../lib/gcc/arm-none-eabi/9.2.1/thumb/v7e-m/nofp/crtn.o
OUTPUT(keypad_ssd.out elf32-littlearm)

.ARM.attributes
                0x00000000       0x2e
 .ARM.attributes
                0x00000000       0x1e c:/ti/ccs1250/ccs/tools/compiler/gcc-arm-none-eabi-9-2019-q4-major/bin/../lib/gcc/arm-none-eabi/9.2.1/thumb/v7e-m/nofp/crti.o
 .ARM.attributes
                0x0000001e       0x2e c:/ti/ccs1250/ccs/tools/compiler/gcc-arm-none-eabi-9-2019-q4-major/bin/../lib/gcc/arm-none-eabi/9.2.1/thumb/v7e-m/nofp/crtbegin.o
 .ARM.attributes
                0x0000004c       0x1c c:/ti/ccs1250/ccs/tools/compiler/gcc-arm-none-eabi-9-2019-q4-major/bin/../lib/gcc/arm-none-eabi/9.2.1/../../../../arm-none-eabi/lib/thumb/v7e-m/nofp/crt0.o
 .ARM.attributes
                0x00000068       0x2e ./GPIO.o
 .ARM.attributes
                0x00000096       0x2e ./keypad.o
 .ARM.attributes
                0x000000c4       0x2e ./main.o
 .ARM.attributes
                0x000000f2       0x2e ./tm4c123gh6pm_startup_ccs_gcc.o
 .ARM.attributes
                0x00000120       0x32 C:/Users/basat/Downloads/uart/uart/libdriver.a(gpio.o)
 .ARM.attributes
                0x00000152       0x32 C:/Users/basat/Downloads/uart/uart/libdriver.a(interrupt.o)
 .ARM.attributes
                0x00000184       0x32 C:/Users/basat/Downloads/uart/uart/libdriver.a(sysctl.o)
 .ARM.attributes
                0x000001b6       0x32 C:/Users/basat/Downloads/uart/uart/libdriver.a(uart.o)
 .ARM.attributes
                0x000001e8       0x32 C:/Users/basat/Downloads/uart/uart/libdriver.a(cpu.o)
 .ARM.attributes
                0x0000021a       0x2e c:/ti/ccs1250/ccs/tools/compiler/gcc-arm-none-eabi-9-2019-q4-major/bin/../lib/gcc/arm-none-eabi/9.2.1/../../../../arm-none-eabi/lib/thumb/v7e-m/nofp\libg.a(lib_a-atoi.o)
 .ARM.attributes
                0x00000248       0x2e c:/ti/ccs1250/ccs/tools/compiler/gcc-arm-none-eabi-9-2019-q4-major/bin/../lib/gcc/arm-none-eabi/9.2.1/../../../../arm-none-eabi/lib/thumb/v7e-m/nofp\libg.a(lib_a-exit.o)
 .ARM.attributes
                0x00000276       0x2e c:/ti/ccs1250/ccs/tools/compiler/gcc-arm-none-eabi-9-2019-q4-major/bin/../lib/gcc/arm-none-eabi/9.2.1/../../../../arm-none-eabi/lib/thumb/v7e-m/nofp\libg.a(lib_a-impure.o)
 .ARM.attributes
                0x000002a4       0x2e c:/ti/ccs1250/ccs/tools/compiler/gcc-arm-none-eabi-9-2019-q4-major/bin/../lib/gcc/arm-none-eabi/9.2.1/../../../../arm-none-eabi/lib/thumb/v7e-m/nofp\libg.a(lib_a-init.o)
 .ARM.attributes
                0x000002d2       0x2e c:/ti/ccs1250/ccs/tools/compiler/gcc-arm-none-eabi-9-2019-q4-major/bin/../lib/gcc/arm-none-eabi/9.2.1/../../../../arm-none-eabi/lib/thumb/v7e-m/nofp\libg.a(lib_a-memset.o)
 .ARM.attributes
                0x00000300       0x1c c:/ti/ccs1250/ccs/tools/compiler/gcc-arm-none-eabi-9-2019-q4-major/bin/../lib/gcc/arm-none-eabi/9.2.1/../../../../arm-none-eabi/lib/thumb/v7e-m/nofp\libg.a(lib_a-strcmp.o)
 .ARM.attributes
                0x0000031c       0x2e c:/ti/ccs1250/ccs/tools/compiler/gcc-arm-none-eabi-9-2019-q4-major/bin/../lib/gcc/arm-none-eabi/9.2.1/../../../../arm-none-eabi/lib/thumb/v7e-m/nofp\libg.a(lib_a-strtol.o)
 .ARM.attributes
                0x0000034a       0x2e c:/ti/ccs1250/ccs/tools/compiler/gcc-arm-none-eabi-9-2019-q4-major/bin/../lib/gcc/arm-none-eabi/9.2.1/../../../../arm-none-eabi/lib/thumb/v7e-m/nofp\libg.a(lib_a-__call_atexit.o)
 .ARM.attributes
                0x00000378       0x2e c:/ti/ccs1250/ccs/tools/compiler/gcc-arm-none-eabi-9-2019-q4-major/bin/../lib/gcc/arm-none-eabi/9.2.1/../../../../arm-none-eabi/lib/thumb/v7e-m/nofp\libg.a(lib_a-atexit.o)
 .ARM.attributes
                0x000003a6       0x2e c:/ti/ccs1250/ccs/tools/compiler/gcc-arm-none-eabi-9-2019-q4-major/bin/../lib/gcc/arm-none-eabi/9.2.1/../../../../arm-none-eabi/lib/thumb/v7e-m/nofp\libg.a(lib_a-ctype_.o)
 .ARM.attributes
                0x000003d4       0x2e c:/ti/ccs1250/ccs/tools/compiler/gcc-arm-none-eabi-9-2019-q4-major/bin/../lib/gcc/arm-none-eabi/9.2.1/../../../../arm-none-eabi/lib/thumb/v7e-m/nofp\libg.a(lib_a-fini.o)
 .ARM.attributes
                0x00000402       0x2e c:/ti/ccs1250/ccs/tools/compiler/gcc-arm-none-eabi-9-2019-q4-major/bin/../lib/gcc/arm-none-eabi/9.2.1/../../../../arm-none-eabi/lib/thumb/v7e-m/nofp\libg.a(lib_a-lock.o)
 .ARM.attributes
                0x00000430       0x2e c:/ti/ccs1250/ccs/tools/compiler/gcc-arm-none-eabi-9-2019-q4-major/bin/../lib/gcc/arm-none-eabi/9.2.1/../../../../arm-none-eabi/lib/thumb/v7e-m/nofp\libg.a(lib_a-__atexit.o)
 .ARM.attributes
                0x0000045e       0x2e c:/ti/ccs1250/ccs/tools/compiler/gcc-arm-none-eabi-9-2019-q4-major/bin/../lib/gcc/arm-none-eabi/9.2.1/../../../../arm-none-eabi/lib/thumb/v7e-m/nofp\libnosys.a(_exit.o)
 .ARM.attributes
                0x0000048c       0x2e c:/ti/ccs1250/ccs/tools/compiler/gcc-arm-none-eabi-9-2019-q4-major/bin/../lib/gcc/arm-none-eabi/9.2.1/thumb/v7e-m/nofp/crtend.o
 .ARM.attributes
                0x000004ba       0x1e c:/ti/ccs1250/ccs/tools/compiler/gcc-arm-none-eabi-9-2019-q4-major/bin/../lib/gcc/arm-none-eabi/9.2.1/thumb/v7e-m/nofp/crtn.o

.comment        0x00000000       0x79
 .comment       0x00000000       0x79 ./GPIO.o
                                 0x7a (size before relaxing)
 .comment       0x00000079       0x7a ./keypad.o
 .comment       0x00000079       0x7a ./main.o
 .comment       0x00000079       0x7a ./tm4c123gh6pm_startup_ccs_gcc.o
 .comment       0x00000079       0x7a C:/Users/basat/Downloads/uart/uart/libdriver.a(gpio.o)
 .comment       0x00000079       0x7a C:/Users/basat/Downloads/uart/uart/libdriver.a(interrupt.o)
 .comment       0x00000079       0x7a C:/Users/basat/Downloads/uart/uart/libdriver.a(sysctl.o)
 .comment       0x00000079       0x7a C:/Users/basat/Downloads/uart/uart/libdriver.a(uart.o)
 .comment       0x00000079       0x7a C:/Users/basat/Downloads/uart/uart/libdriver.a(cpu.o)

.debug_info     0x00000000     0x2488
 .debug_info    0x00000000      0xa08 ./GPIO.o
 .debug_info    0x00000a08      0xa18 ./keypad.o
 .debug_info    0x00001420      0xe30 ./main.o
 .debug_info    0x00002250      0x238 ./tm4c123gh6pm_startup_ccs_gcc.o

.debug_abbrev   0x00000000      0x7c4
 .debug_abbrev  0x00000000      0x1d0 ./GPIO.o
 .debug_abbrev  0x000001d0      0x23d ./keypad.o
 .debug_abbrev  0x0000040d      0x2c5 ./main.o
 .debug_abbrev  0x000006d2       0xf2 ./tm4c123gh6pm_startup_ccs_gcc.o

.debug_aranges  0x00000000      0x138
 .debug_aranges
                0x00000000       0x68 ./GPIO.o
 .debug_aranges
                0x00000068       0x38 ./keypad.o
 .debug_aranges
                0x000000a0       0x58 ./main.o
 .debug_aranges
                0x000000f8       0x40 ./tm4c123gh6pm_startup_ccs_gcc.o

.debug_ranges   0x00000000      0x110
 .debug_ranges  0x00000000       0x58 ./GPIO.o
 .debug_ranges  0x00000058       0x28 ./keypad.o
 .debug_ranges  0x00000080       0x60 ./main.o
 .debug_ranges  0x000000e0       0x30 ./tm4c123gh6pm_startup_ccs_gcc.o

.debug_line     0x00000000     0x10fa
 .debug_line    0x00000000      0x31d ./GPIO.o
 .debug_line    0x0000031d      0x2fe ./keypad.o
 .debug_line    0x0000061b      0x8cc ./main.o
 .debug_line    0x00000ee7      0x213 ./tm4c123gh6pm_startup_ccs_gcc.o

.debug_str      0x00000000      0x818
 .debug_str     0x00000000      0x5b3 ./GPIO.o
                                0x61a (size before relaxing)
 .debug_str     0x000005b3       0x42 ./keypad.o
                                0x5c8 (size before relaxing)
 .debug_str     0x000005f5      0x168 ./main.o
                                0x705 (size before relaxing)
 .debug_str     0x0000075d       0xbb ./tm4c123gh6pm_startup_ccs_gcc.o
                                0x2c5 (size before relaxing)

.debug_frame    0x00000000      0x710
 .debug_frame   0x00000000      0x150 ./GPIO.o
 .debug_frame   0x00000150       0x98 ./keypad.o
 .debug_frame   0x000001e8      0x134 ./main.o
 .debug_frame   0x0000031c       0x9c ./tm4c123gh6pm_startup_ccs_gcc.o
 .debug_frame   0x000003b8       0x30 c:/ti/ccs1250/ccs/tools/compiler/gcc-arm-none-eabi-9-2019-q4-major/bin/../lib/gcc/arm-none-eabi/9.2.1/../../../../arm-none-eabi/lib/thumb/v7e-m/nofp\libg.a(lib_a-atoi.o)
 .debug_frame   0x000003e8       0x28 c:/ti/ccs1250/ccs/tools/compiler/gcc-arm-none-eabi-9-2019-q4-major/bin/../lib/gcc/arm-none-eabi/9.2.1/../../../../arm-none-eabi/lib/thumb/v7e-m/nofp\libg.a(lib_a-exit.o)
 .debug_frame   0x00000410       0x2c c:/ti/ccs1250/ccs/tools/compiler/gcc-arm-none-eabi-9-2019-q4-major/bin/../lib/gcc/arm-none-eabi/9.2.1/../../../../arm-none-eabi/lib/thumb/v7e-m/nofp\libg.a(lib_a-init.o)
 .debug_frame   0x0000043c       0x38 c:/ti/ccs1250/ccs/tools/compiler/gcc-arm-none-eabi-9-2019-q4-major/bin/../lib/gcc/arm-none-eabi/9.2.1/../../../../arm-none-eabi/lib/thumb/v7e-m/nofp\libg.a(lib_a-memset.o)
 .debug_frame   0x00000474       0x68 c:/ti/ccs1250/ccs/tools/compiler/gcc-arm-none-eabi-9-2019-q4-major/bin/../lib/gcc/arm-none-eabi/9.2.1/../../../../arm-none-eabi/lib/thumb/v7e-m/nofp\libg.a(lib_a-strcmp.o)
 .debug_frame   0x000004dc       0x80 c:/ti/ccs1250/ccs/tools/compiler/gcc-arm-none-eabi-9-2019-q4-major/bin/../lib/gcc/arm-none-eabi/9.2.1/../../../../arm-none-eabi/lib/thumb/v7e-m/nofp\libg.a(lib_a-strtol.o)
 .debug_frame   0x0000055c       0x5c c:/ti/ccs1250/ccs/tools/compiler/gcc-arm-none-eabi-9-2019-q4-major/bin/../lib/gcc/arm-none-eabi/9.2.1/../../../../arm-none-eabi/lib/thumb/v7e-m/nofp\libg.a(lib_a-__call_atexit.o)
 .debug_frame   0x000005b8       0x20 c:/ti/ccs1250/ccs/tools/compiler/gcc-arm-none-eabi-9-2019-q4-major/bin/../lib/gcc/arm-none-eabi/9.2.1/../../../../arm-none-eabi/lib/thumb/v7e-m/nofp\libg.a(lib_a-atexit.o)
 .debug_frame   0x000005d8       0x34 c:/ti/ccs1250/ccs/tools/compiler/gcc-arm-none-eabi-9-2019-q4-major/bin/../lib/gcc/arm-none-eabi/9.2.1/../../../../arm-none-eabi/lib/thumb/v7e-m/nofp\libg.a(lib_a-fini.o)
 .debug_frame   0x0000060c       0xb0 c:/ti/ccs1250/ccs/tools/compiler/gcc-arm-none-eabi-9-2019-q4-major/bin/../lib/gcc/arm-none-eabi/9.2.1/../../../../arm-none-eabi/lib/thumb/v7e-m/nofp\libg.a(lib_a-lock.o)
 .debug_frame   0x000006bc       0x34 c:/ti/ccs1250/ccs/tools/compiler/gcc-arm-none-eabi-9-2019-q4-major/bin/../lib/gcc/arm-none-eabi/9.2.1/../../../../arm-none-eabi/lib/thumb/v7e-m/nofp\libg.a(lib_a-__atexit.o)
 .debug_frame   0x000006f0       0x20 c:/ti/ccs1250/ccs/tools/compiler/gcc-arm-none-eabi-9-2019-q4-major/bin/../lib/gcc/arm-none-eabi/9.2.1/../../../../arm-none-eabi/lib/thumb/v7e-m/nofp\libnosys.a(_exit.o)
