Archive member included to satisfy reference by file (symbol)

C:/Users/basat/Downloads/uart/uart/libdriver.a(gpio.o)
                              ./main.o (GPIOPinTypeGPIOOutput)
C:/Users/basat/Downloads/uart/uart/libdriver.a(interrupt.o)
                              C:/Users/basat/Downloads/uart/uart/libdriver.a(gpio.o) (IntRegister)
C:/Users/basat/Downloads/uart/uart/libdriver.a(sysctl.o)
                              ./main.o (SysCtlPeripheralEnable)
C:/Users/basat/Downloads/uart/uart/libdriver.a(uart.o)
                              ./main.o (UARTConfigSetExpClk)
C:/Users/basat/Downloads/uart/uart/libdriver.a(cpu.o)
                              C:/Users/basat/Downloads/uart/uart/libdriver.a(interrupt.o) (CPUcpsid)
c:/ti/ccs1250/ccs/tools/compiler/gcc-arm-none-eabi-9-2019-q4-major/bin/../lib/gcc/arm-none-eabi/9.2.1/../../../../arm-none-eabi/lib/thumb/v7e-m/nofp\libg.a(lib_a-atoi.o)
                              ./main.o (atoi)
c:/ti/ccs1250/ccs/tools/compiler/gcc-arm-none-eabi-9-2019-q4-major/bin/../lib/gcc/arm-none-eabi/9.2.1/../../../../arm-none-eabi/lib/thumb/v7e-m/nofp\libg.a(lib_a-exit.o)
                              c:/ti/ccs1250/ccs/tools/compiler/gcc-arm-none-eabi-9-2019-q4-major/bin/../lib/gcc/arm-none-eabi/9.2.1/../../../../arm-none-eabi/lib/thumb/v7e-m/nofp/crt0.o (exit)
c:/ti/ccs1250/ccs/tools/compiler/gcc-arm-none-eabi-9-2019-q4-major/bin/../lib/gcc/arm-none-eabi/9.2.1/../../../../arm-none-eabi/lib/thumb/v7e-m/nofp\libg.a(lib_a-impure.o)
                              c:/ti/ccs1250/ccs/tools/compiler/gcc-arm-none-eabi-9-2019-q4-major/bin/../lib/gcc/arm-none-eabi/9.2.1/../../../../arm-none-eabi/lib/thumb/v7e-m/nofp\libg.a(lib_a-exit.o) (_global_impure_ptr)
c:/ti/ccs1250/ccs/tools/compiler/gcc-arm-none-eabi-9-2019-q4-major/bin/../lib/gcc/arm-none-eabi/9.2.1/../../../../arm-none-eabi/lib/thumb/v7e-m/nofp\libg.a(lib_a-init.o)
                              c:/ti/ccs1250/ccs/tools/compiler/gcc-arm-none-eabi-9-2019-q4-major/bin/../lib/gcc/arm-none-eabi/9.2.1/../../../../arm-none-eabi/lib/thumb/v7e-m/nofp/crt0.o (__libc_init_array)
c:/ti/ccs1250/ccs/tools/compiler/gcc-arm-none-eabi-9-2019-q4-major/bin/../lib/gcc/arm-none-eabi/9.2.1/../../../../arm-none-eabi/lib/thumb/v7e-m/nofp\libg.a(lib_a-memset.o)
                              c:/ti/ccs1250/ccs/tools/compiler/gcc-arm-none-eabi-9-2019-q4-major/bin/../lib/gcc/arm-none-eabi/9.2.1/../../../../arm-none-eabi/lib/thumb/v7e-m/nofp/crt0.o (memset)
c:/ti/ccs1250/ccs/tools/compiler/gcc-arm-none-eabi-9-2019-q4-major/bin/../lib/gcc/arm-none-eabi/9.2.1/../../../../arm-none-eabi/lib/thumb/v7e-m/nofp\libg.a(lib_a-strcmp.o)
                              ./main.o (strcmp)
c:/ti/ccs1250/ccs/tools/compiler/gcc-arm-none-eabi-9-2019-q4-major/bin/../lib/gcc/arm-none-eabi/9.2.1/../../../../arm-none-eabi/lib/thumb/v7e-m/nofp\libg.a(lib_a-strtol.o)
                              c:/ti/ccs1250/ccs/tools/compiler/gcc-arm-none-eabi-9-2019-q4-major/bin/../lib/gcc/arm-none-eabi/9.2.1/../../../../arm-none-eabi/lib/thumb/v7e-m/nofp\libg.a(lib_a-atoi.o) (_strtol_r)
c:/ti/ccs1250/ccs/tools/compiler/gcc-arm-none-eabi-9-2019-q4-major/bin/../lib/gcc/arm-none-eabi/9.2.1/../../../../arm-none-eabi/lib/thumb/v7e-m/nofp\libg.a(lib_a-__call_atexit.o)
                              c:/ti/ccs1250/ccs/tools/compiler/gcc-arm-none-eabi-9-2019-q4-major/bin/../lib/gcc/arm-none-eabi/9.2.1/../../../../arm-none-eabi/lib/thumb/v7e-m/nofp\libg.a(lib_a-exit.o) (__call_exitprocs)
c:/ti/ccs1250/ccs/tools/compiler/gcc-arm-none-eabi-9-2019-q4-major/bin/../lib/gcc/arm-none-eabi/9.2.1/../../../../arm-none-eabi/lib/thumb/v7e-m/nofp\libg.a(lib_a-atexit.o)
                              c:/ti/ccs1250/ccs/tools/compiler/gcc-arm-none-eabi-9-2019-q4-major/bin/../lib/gcc/arm-none-eabi/9.2.1/../../../../arm-none-eabi/lib/thumb/v7e-m/nofp\libg.a(lib_a-__call_atexit.o) (atexit)
c:/ti/ccs1250/ccs/tools/compiler/gcc-arm-none-eabi-9-2019-q4-major/bin/../lib/gcc/arm-none-eabi/9.2.1/../../../../arm-none-eabi/lib/thumb/v7e-m/nofp\libg.a(lib_a-ctype_.o)
                              c:/ti/ccs1250/ccs/tools/compiler/gcc-arm-none-eabi-9-2019-q4-major/bin/../lib/gcc/arm-none-eabi/9.2.1/../../../../arm-none-eabi/lib/thumb/v7e-m/nofp\libg.a(lib_a-strtol.o) (_ctype_)
c:/ti/ccs1250/ccs/tools/compiler/gcc-arm-none-eabi-9-2019-q4-major/bin/../lib/gcc/arm-none-eabi/9.2.1/../../../../arm-none-eabi/lib/thumb/v7e-m/nofp\libg.a(lib_a-fini.o)
                              c:/ti/ccs1250/ccs/tools/compiler/gcc-arm-none-eabi-9-2019-q4-major/bin/../lib/gcc/arm-none-eabi/9.2.1/../../../../arm-none-eabi/lib/thumb/v7e-m/nofp\libg.a(lib_a-__call_atexit.o) (__libc_fini_array)
c:/ti/ccs1250/ccs/tools/compiler/gcc-arm-none-eabi-9-2019-q4-major/bin/../lib/gcc/arm-none-eabi/9.2.1/../../../../arm-none-eabi/lib/thumb/v7e-m/nofp\libg.a(lib_a-lock.o)
                              c:/ti/ccs1250/ccs/tools/compiler/gcc-arm-none-eabi-9-2019-q4-major/bin/../lib/gcc/arm-none-eabi/9.2.1/../../../../arm-none-eabi/lib/thumb/v7e-m/nofp\libg.a(lib_a-__call_atexit.o) (__retarget_lock_acquire_recursive)
c:/ti/ccs1250/ccs/tools/compiler/gcc-arm-none-eabi-9-2019-q4-major/bin/../lib/gcc/arm-none-eabi/9.2.1/../../../../arm-none-eabi/lib/thumb/v7e-m/nofp\libg.a(lib_a-__atexit.o)
                              c:/ti/ccs1250/ccs/tools/compiler/gcc-arm-none-eabi-9-2019-q4-major/bin/../lib/gcc/arm-none-eabi/9.2.1/../../../../arm-none-eabi/lib/thumb/v7e-m/nofp\libg.a(lib_a-atexit.o) (__register_exitproc)
c:/ti/ccs1250/ccs/tools/compiler/gcc-arm-none-eabi-9-2019-q4-major/bin/../lib/gcc/arm-none-eabi/9.2.1/../../../../arm-none-eabi/lib/thumb/v7e-m/nofp\libnosys.a(_exit.o)
                              c:/ti/ccs1250/ccs/tools/compiler/gcc-arm-none-eabi-9-2019-q4-major/bin/../lib/gcc/arm-none-eabi/9.2.1/../../../../arm-none-eabi/lib/thumb/v7e-m/nofp\libg.a(lib_a-exit.o) (_exit)

Allocating common symbols
Common symbol       size              file

__lock___atexit_recursive_mutex
                    0x1               c:/ti/ccs1250/ccs/tools/compiler/gcc-arm-none-eabi-9-2019-q4-major/bin/../lib/gcc/arm-none-eabi/9.2.1/../../../../arm-none-eabi/lib/thumb/v7e-m/nofp\libg.a(lib_a-lock.o)
__lock___arc4random_mutex
                    0x1               c:/ti/ccs1250/ccs/tools/compiler/gcc-arm-none-eabi-9-2019-q4-major/bin/../lib/gcc/arm-none-eabi/9.2.1/../../../../arm-none-eabi/lib/thumb/v7e-m/nofp\libg.a(lib_a-lock.o)
parsed_cmnd1        0x5               ./main.o
start_version       0x4               ./main.o
mem_string          0xa               ./main.o
__lock___env_recursive_mutex
                    0x1               c:/ti/ccs1250/ccs/tools/compiler/gcc-arm-none-eabi-9-2019-q4-major/bin/../lib/gcc/arm-none-eabi/9.2.1/../../../../arm-none-eabi/lib/thumb/v7e-m/nofp\libg.a(lib_a-lock.o)
__lock___sinit_recursive_mutex
                    0x1               c:/ti/ccs1250/ccs/tools/compiler/gcc-arm-none-eabi-9-2019-q4-major/bin/../lib/gcc/arm-none-eabi/9.2.1/../../../../arm-none-eabi/lib/thumb/v7e-m/nofp\libg.a(lib_a-lock.o)
modify_cmnd         0x1e              ./main.o
__lock___malloc_recursive_mutex
                    0x1               c:/ti/ccs1250/ccs/tools/compiler/gcc-arm-none-eabi-9-2019-q4-major/bin/../lib/gcc/arm-none-eabi/9.2.1/../../../../arm-none-eabi/lib/thumb/v7e-m/nofp\libg.a(lib_a-lock.o)
rx_val              0x1e              ./main.o
parsed_cmnd2        0x7               ./main.o
end_version         0x4               ./main.o
command_rxd         0x4               ./main.o
__lock___at_quick_exit_mutex
                    0x1               c:/ti/ccs1250/ccs/tools/compiler/gcc-arm-none-eabi-9-2019-q4-major/bin/../lib/gcc/arm-none-eabi/9.2.1/../../../../arm-none-eabi/lib/thumb/v7e-m/nofp\libg.a(lib_a-lock.o)
str                 0x14              ./keypad.o
parsed_data         0xc               ./main.o
__lock___dd_hash_mutex
                    0x1               c:/ti/ccs1250/ccs/tools/compiler/gcc-arm-none-eabi-9-2019-q4-major/bin/../lib/gcc/arm-none-eabi/9.2.1/../../../../arm-none-eabi/lib/thumb/v7e-m/nofp\libg.a(lib_a-lock.o)
__lock___tz_mutex   0x1               c:/ti/ccs1250/ccs/tools/compiler/gcc-arm-none-eabi-9-2019-q4-major/bin/../lib/gcc/arm-none-eabi/9.2.1/../../../../arm-none-eabi/lib/thumb/v7e-m/nofp\libg.a(lib_a-lock.o)
parsed_cmnd         0x6               ./main.o
__lock___sfp_recursive_mutex
                    0x1               c:/ti/ccs1250/ccs/tools/compiler/gcc-arm-none-eabi-9-2019-q4-major/bin/../lib/gcc/arm-none-eabi/9.2.1/../../../../arm-none-eabi/lib/thumb/v7e-m/nofp\libg.a(lib_a-lock.o)

Memory Configuration

Name             Origin             Length             Attributes
FLASH            0x00000000         0x00040000         xr
SRAM             0x20000000         0x00008000         xw
*default*        0x00000000         0xffffffff

Linker script and memory map

LOAD c:/ti/ccs1250/ccs/tools/compiler/gcc-arm-none-eabi-9-2019-q4-major/bin/../lib/gcc/arm-none-eabi/9.2.1/thumb/v7e-m/nofp/crti.o
LOAD c:/ti/ccs1250/ccs/tools/compiler/gcc-arm-none-eabi-9-2019-q4-major/bin/../lib/gcc/arm-none-eabi/9.2.1/thumb/v7e-m/nofp/crtbegin.o
LOAD c:/ti/ccs1250/ccs/tools/compiler/gcc-arm-none-eabi-9-2019-q4-major/bin/../lib/gcc/arm-none-eabi/9.2.1/../../../../arm-none-eabi/lib/thumb/v7e-m/nofp/crt0.o
LOAD ./GPIO.o
LOAD ./keypad.o
LOAD ./main.o
LOAD ./tm4c123gh6pm_startup_ccs_gcc.o
                0x00000000                PROVIDE (_intvecs_base_address = 0x0)

.intvecs        0x00000000      0x26c
 *(.intvecs)
 .intvecs       0x00000000      0x26c ./tm4c123gh6pm_startup_ccs_gcc.o
                0x00000000                g_pfnVectors
                0x20000000                PROVIDE (_vtable_base_address = 0x20000000)

.vtable
 *(.vtable)

.text           0x00000280     0x3854
 CREATE_OBJECT_SYMBOLS
 *(.text)
 .text          0x00000280        0x0 c:/ti/ccs1250/ccs/tools/compiler/gcc-arm-none-eabi-9-2019-q4-major/bin/../lib/gcc/arm-none-eabi/9.2.1/thumb/v7e-m/nofp/crti.o
 .text          0x00000280       0x40 c:/ti/ccs1250/ccs/tools/compiler/gcc-arm-none-eabi-9-2019-q4-major/bin/../lib/gcc/arm-none-eabi/9.2.1/thumb/v7e-m/nofp/crtbegin.o
 .text          0x000002c0       0x74 c:/ti/ccs1250/ccs/tools/compiler/gcc-arm-none-eabi-9-2019-q4-major/bin/../lib/gcc/arm-none-eabi/9.2.1/../../../../arm-none-eabi/lib/thumb/v7e-m/nofp/crt0.o
                0x000002c0                _start
                0x000002c0                _mainCRTStartup
 .text          0x00000334        0x0 ./GPIO.o
 .text          0x00000334        0x0 ./keypad.o
 .text          0x00000334        0x0 ./main.o
 .text          0x00000334        0x0 ./tm4c123gh6pm_startup_ccs_gcc.o
 .text          0x00000334        0x0 C:/Users/basat/Downloads/uart/uart/libdriver.a(gpio.o)
 .text          0x00000334        0x0 C:/Users/basat/Downloads/uart/uart/libdriver.a(interrupt.o)
 .text          0x00000334        0x0 C:/Users/basat/Downloads/uart/uart/libdriver.a(sysctl.o)
 .text          0x00000334        0x0 C:/Users/basat/Downloads/uart/uart/libdriver.a(uart.o)
 .text          0x00000334        0x0 C:/Users/basat/Downloads/uart/uart/libdriver.a(cpu.o)
 .text          0x00000334        0x0 c:/ti/ccs1250/ccs/tools/compiler/gcc-arm-none-eabi-9-2019-q4-major/bin/../lib/gcc/arm-none-eabi/9.2.1/../../../../arm-none-eabi/lib/thumb/v7e-m/nofp\libg.a(lib_a-atoi.o)
 .text          0x00000334        0x0 c:/ti/ccs1250/ccs/tools/compiler/gcc-arm-none-eabi-9-2019-q4-major/bin/../lib/gcc/arm-none-eabi/9.2.1/../../../../arm-none-eabi/lib/thumb/v7e-m/nofp\libg.a(lib_a-exit.o)
 .text          0x00000334        0x0 c:/ti/ccs1250/ccs/tools/compiler/gcc-arm-none-eabi-9-2019-q4-major/bin/../lib/gcc/arm-none-eabi/9.2.1/../../../../arm-none-eabi/lib/thumb/v7e-m/nofp\libg.a(lib_a-impure.o)
 .text          0x00000334        0x0 c:/ti/ccs1250/ccs/tools/compiler/gcc-arm-none-eabi-9-2019-q4-major/bin/../lib/gcc/arm-none-eabi/9.2.1/../../../../arm-none-eabi/lib/thumb/v7e-m/nofp\libg.a(lib_a-init.o)
 .text          0x00000334        0x0 c:/ti/ccs1250/ccs/tools/compiler/gcc-arm-none-eabi-9-2019-q4-major/bin/../lib/gcc/arm-none-eabi/9.2.1/../../../../arm-none-eabi/lib/thumb/v7e-m/nofp\libg.a(lib_a-memset.o)
 *fill*         0x00000334        0xc 
 .text          0x00000340      0x2dc c:/ti/ccs1250/ccs/tools/compiler/gcc-arm-none-eabi-9-2019-q4-major/bin/../lib/gcc/arm-none-eabi/9.2.1/../../../../arm-none-eabi/lib/thumb/v7e-m/nofp\libg.a(lib_a-strcmp.o)
                0x00000348                strcmp
 .text          0x0000061c        0x0 c:/ti/ccs1250/ccs/tools/compiler/gcc-arm-none-eabi-9-2019-q4-major/bin/../lib/gcc/arm-none-eabi/9.2.1/../../../../arm-none-eabi/lib/thumb/v7e-m/nofp\libg.a(lib_a-strtol.o)
 .text          0x0000061c        0x0 c:/ti/ccs1250/ccs/tools/compiler/gcc-arm-none-eabi-9-2019-q4-major/bin/../lib/gcc/arm-none-eabi/9.2.1/../../../../arm-none-eabi/lib/thumb/v7e-m/nofp\libg.a(lib_a-__call_atexit.o)
 .text          0x0000061c        0x0 c:/ti/ccs1250/ccs/tools/compiler/gcc-arm-none-eabi-9-2019-q4-major/bin/../lib/gcc/arm-none-eabi/9.2.1/../../../../arm-none-eabi/lib/thumb/v7e-m/nofp\libg.a(lib_a-atexit.o)
 .text          0x0000061c        0x0 c:/ti/ccs1250/ccs/tools/compiler/gcc-arm-none-eabi-9-2019-q4-major/bin/../lib/gcc/arm-none-eabi/9.2.1/../../../../arm-none-eabi/lib/thumb/v7e-m/nofp\libg.a(lib_a-ctype_.o)
 .text          0x0000061c        0x0 c:/ti/ccs1250/ccs/tools/compiler/gcc-arm-none-eabi-9-2019-q4-major/bin/../lib/gcc/arm-none-eabi/9.2.1/../../../../arm-none-eabi/lib/thumb/v7e-m/nofp\libg.a(lib_a-fini.o)
 .text          0x0000061c        0x0 c:/ti/ccs1250/ccs/tools/compiler/gcc-arm-none-eabi-9-2019-q4-major/bin/../lib/gcc/arm-none-eabi/9.2.1/../../../../arm-none-eabi/lib/thumb/v7e-m/nofp\libg.a(lib_a-lock.o)
 .text          0x0000061c        0x0 c:/ti/ccs1250/ccs/tools/compiler/gcc-arm-none-eabi-9-2019-q4-major/bin/../lib/gcc/arm-none-eabi/9.2.1/../../../../arm-none-eabi/lib/thumb/v7e-m/nofp\libg.a(lib_a-__atexit.o)
 .text          0x0000061c        0x0 c:/ti/ccs1250/ccs/tools/compiler/gcc-arm-none-eabi-9-2019-q4-major/bin/../lib/gcc/arm-none-eabi/9.2.1/../../../../arm-none-eabi/lib/thumb/v7e-m/nofp\libnosys.a(_exit.o)
 .text          0x0000061c        0x0 c:/ti/ccs1250/ccs/tools/compiler/gcc-arm-none-eabi-9-2019-q4-major/bin/../lib/gcc/arm-none-eabi/9.2.1/thumb/v7e-m/nofp/crtend.o
 .text          0x0000061c        0x0 c:/ti/ccs1250/ccs/tools/compiler/gcc-arm-none-eabi-9-2019-q4-major/bin/../lib/gcc/arm-none-eabi/9.2.1/thumb/v7e-m/nofp/crtn.o
 *(.text.*)
 .text.GPIOA_INIT
                0x0000061c       0x90 ./GPIO.o
                0x0000061c                GPIOA_INIT
 .text.GPIOB_INIT
                0x000006ac       0x98 ./GPIO.o
                0x000006ac                GPIOB_INIT
 .text.GPIOC_INIT
                0x00000744       0x6c ./GPIO.o
                0x00000744                GPIOC_INIT
 .text.GPIOD_INIT
                0x000007b0       0x84 ./GPIO.o
                0x000007b0                GPIOD_INIT
 .text.GPIOE_INIT
                0x00000834       0x58 ./GPIO.o
                0x00000834                GPIOE_INIT
 .text.GPIOF_INIT
                0x0000088c       0xc0 ./GPIO.o
                0x0000088c                GPIOF_INIT
 .text.GPIOPortA_Handler
                0x0000094c        0xc ./GPIO.o
                0x0000094c                GPIOPortA_Handler
 .text.GPIOPortB_Handler
                0x00000958        0xc ./GPIO.o
                0x00000958                GPIOPortB_Handler
 .text.GPIOPortC_Handler
                0x00000964        0xc ./GPIO.o
                0x00000964                GPIOPortC_Handler
 .text.GPIOPortF_Handler
                0x00000970        0xc ./GPIO.o
                0x00000970                GPIOPortF_Handler
 .text.keypad_init
                0x0000097c       0x1c ./keypad.o
                0x0000097c                keypad_init
 .text.isKeyPressed
                0x00000998       0x2c ./keypad.o
                0x00000998                isKeyPressed
 .text.readkey  0x000009c4       0xb8 ./keypad.o
                0x000009c4                readkey
 .text.delay_1_Ms
                0x00000a7c       0x3a ./keypad.o
                0x00000a7c                delay_1_Ms
 .text.pow      0x00000ab6       0x38 ./main.o
                0x00000ab6                pow
 *fill*         0x00000aee        0x2 
 .text.hex_to_ascii
                0x00000af0       0x78 ./main.o
                0x00000af0                hex_to_ascii
 .text.ascii_to_hex
                0x00000b68       0xe4 ./main.o
                0x00000b68                ascii_to_hex
 .text.SSD_init
                0x00000c4c       0x5c ./main.o
                0x00000c4c                SSD_init
 .text.main     0x00000ca8      0x448 ./main.o
                0x00000ca8                main
 .text.SSD_Display
                0x000010f0      0x31c ./main.o
                0x000010f0                SSD_Display
 .text.UART0_Transmitter
                0x0000140c       0x30 ./main.o
                0x0000140c                UART0_Transmitter
 .text.printstring
                0x0000143c       0x2a ./main.o
                0x0000143c                printstring
 *fill*         0x00001466        0x2 
 .text.command_parser
                0x00001468      0x87c ./main.o
                0x00001468                command_parser
 .text.delayMs  0x00001ce4       0xf4 ./main.o
                0x00001ce4                delayMs
 .text.wait     0x00001dd8       0x3e ./main.o
                0x00001dd8                wait
 .text.delay_lcd
                0x00001e16       0x3e ./main.o
                0x00001e16                delay_lcd
 .text.LCD_Initialization
                0x00001e54       0xe4 ./main.o
                0x00001e54                LCD_Initialization
 .text.writeStringLCD
                0x00001f38       0x9c ./main.o
                0x00001f38                writeStringLCD
 .text.InstrEnablePulse
                0x00001fd4       0x24 ./main.o
                0x00001fd4                InstrEnablePulse
 .text.DataEnablePulse
                0x00001ff8       0x24 ./main.o
                0x00001ff8                DataEnablePulse
 .text.ClearLCD
                0x0000201c       0x18 ./main.o
                0x0000201c                ClearLCD
 .text.ResetISR
                0x00002034       0x6c ./tm4c123gh6pm_startup_ccs_gcc.o
                0x00002034                ResetISR
 .text.NmiSR    0x000020a0        0x6 ./tm4c123gh6pm_startup_ccs_gcc.o
 .text.FaultISR
                0x000020a6        0x6 ./tm4c123gh6pm_startup_ccs_gcc.o
 .text.IntDefaultHandler
                0x000020ac        0x6 ./tm4c123gh6pm_startup_ccs_gcc.o
 *fill*         0x000020b2        0x2 
 .text.GPIOPortF_Handler
                0x000020b4       0xdc ./tm4c123gh6pm_startup_ccs_gcc.o
 .text._GPIOIntNumberGet
                0x00002190       0x44 C:/Users/basat/Downloads/uart/uart/libdriver.a(gpio.o)
 .text.GPIODirModeSet
                0x000021d4       0x26 C:/Users/basat/Downloads/uart/uart/libdriver.a(gpio.o)
                0x000021d4                GPIODirModeSet
 .text.GPIODirModeGet
                0x000021fa       0x26 C:/Users/basat/Downloads/uart/uart/libdriver.a(gpio.o)
                0x000021fa                GPIODirModeGet
 .text.GPIOIntTypeSet
                0x00002220       0x4e C:/Users/basat/Downloads/uart/uart/libdriver.a(gpio.o)
                0x00002220                GPIOIntTypeSet
 .text.GPIOIntTypeGet
                0x0000226e       0x40 C:/Users/basat/Downloads/uart/uart/libdriver.a(gpio.o)
                0x0000226e                GPIOIntTypeGet
 .text.GPIOPadConfigSet
                0x000022ae      0x106 C:/Users/basat/Downloads/uart/uart/libdriver.a(gpio.o)
                0x000022ae                GPIOPadConfigSet
 .text.GPIOPadConfigGet
                0x000023b4       0xd0 C:/Users/basat/Downloads/uart/uart/libdriver.a(gpio.o)
                0x000023b4                GPIOPadConfigGet
 .text.GPIOIntEnable
                0x00002484        0xc C:/Users/basat/Downloads/uart/uart/libdriver.a(gpio.o)
                0x00002484                GPIOIntEnable
 .text.GPIOIntDisable
                0x00002490        0xe C:/Users/basat/Downloads/uart/uart/libdriver.a(gpio.o)
                0x00002490                GPIOIntDisable
 .text.GPIOIntStatus
                0x0000249e        0xe C:/Users/basat/Downloads/uart/uart/libdriver.a(gpio.o)
                0x0000249e                GPIOIntStatus
 .text.GPIOIntClear
                0x000024ac        0x6 C:/Users/basat/Downloads/uart/uart/libdriver.a(gpio.o)
                0x000024ac                GPIOIntClear
 .text.GPIOIntRegister
                0x000024b2       0x1c C:/Users/basat/Downloads/uart/uart/libdriver.a(gpio.o)
                0x000024b2                GPIOIntRegister
 .text.GPIOIntUnregister
                0x000024ce       0x16 C:/Users/basat/Downloads/uart/uart/libdriver.a(gpio.o)
                0x000024ce                GPIOIntUnregister
 .text.GPIOPinRead
                0x000024e4        0x6 C:/Users/basat/Downloads/uart/uart/libdriver.a(gpio.o)
                0x000024e4                GPIOPinRead
 .text.GPIOPinWrite
                0x000024ea        0x6 C:/Users/basat/Downloads/uart/uart/libdriver.a(gpio.o)
                0x000024ea                GPIOPinWrite
 .text.GPIOPinTypeADC
                0x000024f0       0x18 C:/Users/basat/Downloads/uart/uart/libdriver.a(gpio.o)
                0x000024f0                GPIOPinTypeADC
 .text.GPIOPinTypeCAN
                0x00002508       0x18 C:/Users/basat/Downloads/uart/uart/libdriver.a(gpio.o)
                0x00002508                GPIOPinTypeCAN
 .text.GPIOPinTypeComparator
                0x00002520        0x4 C:/Users/basat/Downloads/uart/uart/libdriver.a(gpio.o)
                0x00002520                GPIOPinTypeComparator
 .text.GPIOPinTypeEPI
                0x00002524        0x4 C:/Users/basat/Downloads/uart/uart/libdriver.a(gpio.o)
                0x00002524                GPIOPinTypeEPI
 .text.GPIOPinTypeEthernetLED
                0x00002528        0x4 C:/Users/basat/Downloads/uart/uart/libdriver.a(gpio.o)
                0x00002528                GPIOPinTypeEthernetLED
 .text.GPIOPinTypeEthernetMII
                0x0000252c        0x4 C:/Users/basat/Downloads/uart/uart/libdriver.a(gpio.o)
                0x0000252c                GPIOPinTypeEthernetMII
 .text.GPIOPinTypeGPIOInput
                0x00002530       0x18 C:/Users/basat/Downloads/uart/uart/libdriver.a(gpio.o)
                0x00002530                GPIOPinTypeGPIOInput
 .text.GPIOPinTypeGPIOOutput
                0x00002548       0x18 C:/Users/basat/Downloads/uart/uart/libdriver.a(gpio.o)
                0x00002548                GPIOPinTypeGPIOOutput
 .text.GPIOPinTypeGPIOOutputOD
                0x00002560       0x18 C:/Users/basat/Downloads/uart/uart/libdriver.a(gpio.o)
                0x00002560                GPIOPinTypeGPIOOutputOD
 .text.GPIOPinTypeI2C
                0x00002578       0x18 C:/Users/basat/Downloads/uart/uart/libdriver.a(gpio.o)
                0x00002578                GPIOPinTypeI2C
 .text.GPIOPinTypeI2CSCL
                0x00002590       0x18 C:/Users/basat/Downloads/uart/uart/libdriver.a(gpio.o)
                0x00002590                GPIOPinTypeI2CSCL
 .text.GPIOPinTypeLCD
                0x000025a8        0x4 C:/Users/basat/Downloads/uart/uart/libdriver.a(gpio.o)
                0x000025a8                GPIOPinTypeLCD
 .text.GPIOPinTypeLPC
                0x000025ac        0x4 C:/Users/basat/Downloads/uart/uart/libdriver.a(gpio.o)
                0x000025ac                GPIOPinTypeLPC
 .text.GPIOPinTypePECIRx
                0x000025b0        0x4 C:/Users/basat/Downloads/uart/uart/libdriver.a(gpio.o)
                0x000025b0                GPIOPinTypePECIRx
 .text.GPIOPinTypePECITx
                0x000025b4        0x4 C:/Users/basat/Downloads/uart/uart/libdriver.a(gpio.o)
                0x000025b4                GPIOPinTypePECITx
 .text.GPIOPinTypePWM
                0x000025b8        0x4 C:/Users/basat/Downloads/uart/uart/libdriver.a(gpio.o)
                0x000025b8                GPIOPinTypePWM
 .text.GPIOPinTypeQEI
                0x000025bc       0x18 C:/Users/basat/Downloads/uart/uart/libdriver.a(gpio.o)
                0x000025bc                GPIOPinTypeQEI
 .text.GPIOPinTypeSSI
                0x000025d4        0x4 C:/Users/basat/Downloads/uart/uart/libdriver.a(gpio.o)
                0x000025d4                GPIOPinTypeSSI
 .text.GPIOPinTypeTimer
                0x000025d8        0x4 C:/Users/basat/Downloads/uart/uart/libdriver.a(gpio.o)
                0x000025d8                GPIOPinTypeTimer
 .text.GPIOPinTypeUART
                0x000025dc        0x4 C:/Users/basat/Downloads/uart/uart/libdriver.a(gpio.o)
                0x000025dc                GPIOPinTypeUART
 .text.GPIOPinTypeUSBAnalog
                0x000025e0        0x4 C:/Users/basat/Downloads/uart/uart/libdriver.a(gpio.o)
                0x000025e0                GPIOPinTypeUSBAnalog
 .text.GPIOPinTypeUSBDigital
                0x000025e4        0x4 C:/Users/basat/Downloads/uart/uart/libdriver.a(gpio.o)
                0x000025e4                GPIOPinTypeUSBDigital
 .text.GPIOPinTypeWakeHigh
                0x000025e8       0x1a C:/Users/basat/Downloads/uart/uart/libdriver.a(gpio.o)
                0x000025e8                GPIOPinTypeWakeHigh
 .text.GPIOPinTypeWakeLow
                0x00002602       0x1a C:/Users/basat/Downloads/uart/uart/libdriver.a(gpio.o)
                0x00002602                GPIOPinTypeWakeLow
 .text.GPIOPinTypeKBRow
                0x0000261c        0x4 C:/Users/basat/Downloads/uart/uart/libdriver.a(gpio.o)
                0x0000261c                GPIOPinTypeKBRow
 .text.GPIOPinTypeKBColumn
                0x00002620        0x4 C:/Users/basat/Downloads/uart/uart/libdriver.a(gpio.o)
                0x00002620                GPIOPinTypeKBColumn
 .text.GPIOPinTypeLEDSeq
                0x00002624        0x4 C:/Users/basat/Downloads/uart/uart/libdriver.a(gpio.o)
                0x00002624                GPIOPinTypeLEDSeq
 .text.GPIOPinTypeCIR
                0x00002628        0x4 C:/Users/basat/Downloads/uart/uart/libdriver.a(gpio.o)
                0x00002628                GPIOPinTypeCIR
 .text.GPIOPinWakeStatus
                0x0000262c        0x6 C:/Users/basat/Downloads/uart/uart/libdriver.a(gpio.o)
                0x0000262c                GPIOPinWakeStatus
 *fill*         0x00002632        0x2 
 .text.GPIOPinConfigure
                0x00002634       0x44 C:/Users/basat/Downloads/uart/uart/libdriver.a(gpio.o)
                0x00002634                GPIOPinConfigure
 .text.GPIODMATriggerEnable
                0x00002678        0xc C:/Users/basat/Downloads/uart/uart/libdriver.a(gpio.o)
                0x00002678                GPIODMATriggerEnable
 .text.GPIODMATriggerDisable
                0x00002684        0xe C:/Users/basat/Downloads/uart/uart/libdriver.a(gpio.o)
                0x00002684                GPIODMATriggerDisable
 .text.GPIOADCTriggerEnable
                0x00002692        0xc C:/Users/basat/Downloads/uart/uart/libdriver.a(gpio.o)
                0x00002692                GPIOADCTriggerEnable
 .text.GPIOADCTriggerDisable
                0x0000269e        0xe C:/Users/basat/Downloads/uart/uart/libdriver.a(gpio.o)
                0x0000269e                GPIOADCTriggerDisable
 .text._IntDefaultHandler
                0x000026ac        0x2 C:/Users/basat/Downloads/uart/uart/libdriver.a(interrupt.o)
 .text.IntMasterEnable
                0x000026ae        0xe C:/Users/basat/Downloads/uart/uart/libdriver.a(interrupt.o)
                0x000026ae                IntMasterEnable
 .text.IntMasterDisable
                0x000026bc        0xe C:/Users/basat/Downloads/uart/uart/libdriver.a(interrupt.o)
                0x000026bc                IntMasterDisable
 *fill*         0x000026ca        0x2 
 .text.IntRegister
                0x000026cc       0x38 C:/Users/basat/Downloads/uart/uart/libdriver.a(interrupt.o)
                0x000026cc                IntRegister
 .text.IntUnregister
                0x00002704       0x14 C:/Users/basat/Downloads/uart/uart/libdriver.a(interrupt.o)
                0x00002704                IntUnregister
 .text.IntPriorityGroupingSet
                0x00002718       0x1c C:/Users/basat/Downloads/uart/uart/libdriver.a(interrupt.o)
                0x00002718                IntPriorityGroupingSet
 .text.IntPriorityGroupingGet
                0x00002734       0x24 C:/Users/basat/Downloads/uart/uart/libdriver.a(interrupt.o)
                0x00002734                IntPriorityGroupingGet
 .text.IntPrioritySet
                0x00002758       0x28 C:/Users/basat/Downloads/uart/uart/libdriver.a(interrupt.o)
                0x00002758                IntPrioritySet
 .text.IntPriorityGet
                0x00002780       0x1c C:/Users/basat/Downloads/uart/uart/libdriver.a(interrupt.o)
                0x00002780                IntPriorityGet
 .text.IntEnable
                0x0000279c       0x60 C:/Users/basat/Downloads/uart/uart/libdriver.a(interrupt.o)
                0x0000279c                IntEnable
 .text.IntDisable
                0x000027fc       0x60 C:/Users/basat/Downloads/uart/uart/libdriver.a(interrupt.o)
                0x000027fc                IntDisable
 .text.IntIsEnabled
                0x0000285c       0x64 C:/Users/basat/Downloads/uart/uart/libdriver.a(interrupt.o)
                0x0000285c                IntIsEnabled
 .text.IntPendSet
                0x000028c0       0x50 C:/Users/basat/Downloads/uart/uart/libdriver.a(interrupt.o)
                0x000028c0                IntPendSet
 .text.IntPendClear
                0x00002910       0x40 C:/Users/basat/Downloads/uart/uart/libdriver.a(interrupt.o)
                0x00002910                IntPendClear
 .text.IntPriorityMaskSet
                0x00002950        0x4 C:/Users/basat/Downloads/uart/uart/libdriver.a(interrupt.o)
                0x00002950                IntPriorityMaskSet
 .text.IntPriorityMaskGet
                0x00002954        0x4 C:/Users/basat/Downloads/uart/uart/libdriver.a(interrupt.o)
                0x00002954                IntPriorityMaskGet
 .text.IntTrigger
                0x00002958        0xc C:/Users/basat/Downloads/uart/uart/libdriver.a(interrupt.o)
                0x00002958                IntTrigger
 .text._SysCtlMemTimingGet
                0x00002964       0x64 C:/Users/basat/Downloads/uart/uart/libdriver.a(sysctl.o)
 .text.SysCtlSRAMSizeGet
                0x000029c8       0x10 C:/Users/basat/Downloads/uart/uart/libdriver.a(sysctl.o)
                0x000029c8                SysCtlSRAMSizeGet
 .text.SysCtlFlashSizeGet
                0x000029d8       0x44 C:/Users/basat/Downloads/uart/uart/libdriver.a(sysctl.o)
                0x000029d8                SysCtlFlashSizeGet
 .text.SysCtlFlashSectorSizeGet
                0x00002a1c       0x38 C:/Users/basat/Downloads/uart/uart/libdriver.a(sysctl.o)
                0x00002a1c                SysCtlFlashSectorSizeGet
 .text.SysCtlPeripheralPresent
                0x00002a54       0x24 C:/Users/basat/Downloads/uart/uart/libdriver.a(sysctl.o)
                0x00002a54                SysCtlPeripheralPresent
 .text.SysCtlPeripheralReady
                0x00002a78       0x24 C:/Users/basat/Downloads/uart/uart/libdriver.a(sysctl.o)
                0x00002a78                SysCtlPeripheralReady
 .text.SysCtlPeripheralPowerOn
                0x00002a9c       0x20 C:/Users/basat/Downloads/uart/uart/libdriver.a(sysctl.o)
                0x00002a9c                SysCtlPeripheralPowerOn
 .text.SysCtlPeripheralPowerOff
                0x00002abc       0x20 C:/Users/basat/Downloads/uart/uart/libdriver.a(sysctl.o)
                0x00002abc                SysCtlPeripheralPowerOff
 .text.SysCtlPeripheralReset
                0x00002adc       0x38 C:/Users/basat/Downloads/uart/uart/libdriver.a(sysctl.o)
                0x00002adc                SysCtlPeripheralReset
 .text.SysCtlPeripheralEnable
                0x00002b14       0x20 C:/Users/basat/Downloads/uart/uart/libdriver.a(sysctl.o)
                0x00002b14                SysCtlPeripheralEnable
 .text.SysCtlPeripheralDisable
                0x00002b34       0x20 C:/Users/basat/Downloads/uart/uart/libdriver.a(sysctl.o)
                0x00002b34                SysCtlPeripheralDisable
 .text.SysCtlPeripheralSleepEnable
                0x00002b54       0x20 C:/Users/basat/Downloads/uart/uart/libdriver.a(sysctl.o)
                0x00002b54                SysCtlPeripheralSleepEnable
 .text.SysCtlPeripheralSleepDisable
                0x00002b74       0x20 C:/Users/basat/Downloads/uart/uart/libdriver.a(sysctl.o)
                0x00002b74                SysCtlPeripheralSleepDisable
 .text.SysCtlPeripheralDeepSleepEnable
                0x00002b94       0x20 C:/Users/basat/Downloads/uart/uart/libdriver.a(sysctl.o)
                0x00002b94                SysCtlPeripheralDeepSleepEnable
 .text.SysCtlPeripheralDeepSleepDisable
                0x00002bb4       0x20 C:/Users/basat/Downloads/uart/uart/libdriver.a(sysctl.o)
                0x00002bb4                SysCtlPeripheralDeepSleepDisable
 .text.SysCtlPeripheralClockGating
                0x00002bd4       0x48 C:/Users/basat/Downloads/uart/uart/libdriver.a(sysctl.o)
                0x00002bd4                SysCtlPeripheralClockGating
 .text.SysCtlIntRegister
                0x00002c1c       0x14 C:/Users/basat/Downloads/uart/uart/libdriver.a(sysctl.o)
                0x00002c1c                SysCtlIntRegister
 .text.SysCtlIntUnregister
                0x00002c30       0x12 C:/Users/basat/Downloads/uart/uart/libdriver.a(sysctl.o)
                0x00002c30                SysCtlIntUnregister
 *fill*         0x00002c42        0x2 
 .text.SysCtlIntEnable
                0x00002c44       0x10 C:/Users/basat/Downloads/uart/uart/libdriver.a(sysctl.o)
                0x00002c44                SysCtlIntEnable
 .text.SysCtlIntDisable
                0x00002c54       0x10 C:/Users/basat/Downloads/uart/uart/libdriver.a(sysctl.o)
                0x00002c54                SysCtlIntDisable
 .text.SysCtlIntClear
                0x00002c64        0xc C:/Users/basat/Downloads/uart/uart/libdriver.a(sysctl.o)
                0x00002c64                SysCtlIntClear
 .text.SysCtlIntStatus
                0x00002c70       0x14 C:/Users/basat/Downloads/uart/uart/libdriver.a(sysctl.o)
                0x00002c70                SysCtlIntStatus
 .text.SysCtlLDOSleepSet
                0x00002c84        0xc C:/Users/basat/Downloads/uart/uart/libdriver.a(sysctl.o)
                0x00002c84                SysCtlLDOSleepSet
 .text.SysCtlLDOSleepGet
                0x00002c90        0xc C:/Users/basat/Downloads/uart/uart/libdriver.a(sysctl.o)
                0x00002c90                SysCtlLDOSleepGet
 .text.SysCtlLDODeepSleepSet
                0x00002c9c        0xc C:/Users/basat/Downloads/uart/uart/libdriver.a(sysctl.o)
                0x00002c9c                SysCtlLDODeepSleepSet
 .text.SysCtlLDODeepSleepGet
                0x00002ca8        0xc C:/Users/basat/Downloads/uart/uart/libdriver.a(sysctl.o)
                0x00002ca8                SysCtlLDODeepSleepGet
 .text.SysCtlSleepPowerSet
                0x00002cb4        0xc C:/Users/basat/Downloads/uart/uart/libdriver.a(sysctl.o)
                0x00002cb4                SysCtlSleepPowerSet
 .text.SysCtlDeepSleepPowerSet
                0x00002cc0        0xc C:/Users/basat/Downloads/uart/uart/libdriver.a(sysctl.o)
                0x00002cc0                SysCtlDeepSleepPowerSet
 .text.SysCtlReset
                0x00002ccc       0x10 C:/Users/basat/Downloads/uart/uart/libdriver.a(sysctl.o)
                0x00002ccc                SysCtlReset
 .text.SysCtlSleep
                0x00002cdc        0x4 C:/Users/basat/Downloads/uart/uart/libdriver.a(sysctl.o)
                0x00002cdc                SysCtlSleep
 .text.SysCtlDeepSleep
                0x00002ce0       0x20 C:/Users/basat/Downloads/uart/uart/libdriver.a(sysctl.o)
                0x00002ce0                SysCtlDeepSleep
 .text.SysCtlResetCauseGet
                0x00002d00        0xc C:/Users/basat/Downloads/uart/uart/libdriver.a(sysctl.o)
                0x00002d00                SysCtlResetCauseGet
 .text.SysCtlResetCauseClear
                0x00002d0c       0x10 C:/Users/basat/Downloads/uart/uart/libdriver.a(sysctl.o)
                0x00002d0c                SysCtlResetCauseClear
 .text.SysCtlDelay
                0x00002d1c        0x8 C:/Users/basat/Downloads/uart/uart/libdriver.a(sysctl.o)
                0x00002d1c                SysCtlDelay
 .text.SysCtlMOSCConfigSet
                0x00002d24        0xc C:/Users/basat/Downloads/uart/uart/libdriver.a(sysctl.o)
                0x00002d24                SysCtlMOSCConfigSet
 .text.SysCtlPIOSCCalibrate
                0x00002d30       0x48 C:/Users/basat/Downloads/uart/uart/libdriver.a(sysctl.o)
                0x00002d30                SysCtlPIOSCCalibrate
 .text.SysCtlResetBehaviorSet
                0x00002d78        0xc C:/Users/basat/Downloads/uart/uart/libdriver.a(sysctl.o)
                0x00002d78                SysCtlResetBehaviorSet
 .text.SysCtlResetBehaviorGet
                0x00002d84        0xc C:/Users/basat/Downloads/uart/uart/libdriver.a(sysctl.o)
                0x00002d84                SysCtlResetBehaviorGet
 .text.SysCtlClockFreqSet
                0x00002d90      0x234 C:/Users/basat/Downloads/uart/uart/libdriver.a(sysctl.o)
                0x00002d90                SysCtlClockFreqSet
 .text.SysCtlClockSet
                0x00002fc4      0x114 C:/Users/basat/Downloads/uart/uart/libdriver.a(sysctl.o)
                0x00002fc4                SysCtlClockSet
 .text.SysCtlClockGet
                0x000030d8      0x160 C:/Users/basat/Downloads/uart/uart/libdriver.a(sysctl.o)
                0x000030d8                SysCtlClockGet
 .text.SysCtlDeepSleepClockSet
                0x00003238        0xc C:/Users/basat/Downloads/uart/uart/libdriver.a(sysctl.o)
                0x00003238                SysCtlDeepSleepClockSet
 .text.SysCtlDeepSleepClockConfigSet
                0x00003244       0x60 C:/Users/basat/Downloads/uart/uart/libdriver.a(sysctl.o)
                0x00003244                SysCtlDeepSleepClockConfigSet
 .text.SysCtlPWMClockSet
                0x000032a4       0x14 C:/Users/basat/Downloads/uart/uart/libdriver.a(sysctl.o)
                0x000032a4                SysCtlPWMClockSet
 .text.SysCtlPWMClockGet
                0x000032b8       0x18 C:/Users/basat/Downloads/uart/uart/libdriver.a(sysctl.o)
                0x000032b8                SysCtlPWMClockGet
 .text.SysCtlGPIOAHBEnable
                0x000032d0       0x18 C:/Users/basat/Downloads/uart/uart/libdriver.a(sysctl.o)
                0x000032d0                SysCtlGPIOAHBEnable
 .text.SysCtlGPIOAHBDisable
                0x000032e8       0x1c C:/Users/basat/Downloads/uart/uart/libdriver.a(sysctl.o)
                0x000032e8                SysCtlGPIOAHBDisable
 .text.SysCtlUSBPLLEnable
                0x00003304       0x10 C:/Users/basat/Downloads/uart/uart/libdriver.a(sysctl.o)
                0x00003304                SysCtlUSBPLLEnable
 .text.SysCtlUSBPLLDisable
                0x00003314       0x10 C:/Users/basat/Downloads/uart/uart/libdriver.a(sysctl.o)
                0x00003314                SysCtlUSBPLLDisable
 .text.SysCtlVoltageEventConfig
                0x00003324        0xc C:/Users/basat/Downloads/uart/uart/libdriver.a(sysctl.o)
                0x00003324                SysCtlVoltageEventConfig
 .text.SysCtlVoltageEventStatus
                0x00003330        0xc C:/Users/basat/Downloads/uart/uart/libdriver.a(sysctl.o)
                0x00003330                SysCtlVoltageEventStatus
 .text.SysCtlVoltageEventClear
                0x0000333c       0x10 C:/Users/basat/Downloads/uart/uart/libdriver.a(sysctl.o)
                0x0000333c                SysCtlVoltageEventClear
 .text.SysCtlNMIStatus
                0x0000334c        0xc C:/Users/basat/Downloads/uart/uart/libdriver.a(sysctl.o)
                0x0000334c                SysCtlNMIStatus
 .text.SysCtlNMIClear
                0x00003358       0x10 C:/Users/basat/Downloads/uart/uart/libdriver.a(sysctl.o)
                0x00003358                SysCtlNMIClear
 .text.SysCtlClockOutConfig
                0x00003368       0x10 C:/Users/basat/Downloads/uart/uart/libdriver.a(sysctl.o)
                0x00003368                SysCtlClockOutConfig
 .text.SysCtlAltClkConfig
                0x00003378        0xc C:/Users/basat/Downloads/uart/uart/libdriver.a(sysctl.o)
                0x00003378                SysCtlAltClkConfig
 .text._UARTIntNumberGet
                0x00003384       0x44 C:/Users/basat/Downloads/uart/uart/libdriver.a(uart.o)
 .text.UARTParityModeSet
                0x000033c8        0xc C:/Users/basat/Downloads/uart/uart/libdriver.a(uart.o)
                0x000033c8                UARTParityModeSet
 .text.UARTParityModeGet
                0x000033d4        0x8 C:/Users/basat/Downloads/uart/uart/libdriver.a(uart.o)
                0x000033d4                UARTParityModeGet
 .text.UARTFIFOLevelSet
                0x000033dc        0x6 C:/Users/basat/Downloads/uart/uart/libdriver.a(uart.o)
                0x000033dc                UARTFIFOLevelSet
 .text.UARTFIFOLevelGet
                0x000033e2       0x10 C:/Users/basat/Downloads/uart/uart/libdriver.a(uart.o)
                0x000033e2                UARTFIFOLevelGet
 .text.UARTConfigGetExpClk
                0x000033f2       0x26 C:/Users/basat/Downloads/uart/uart/libdriver.a(uart.o)
                0x000033f2                UARTConfigGetExpClk
 .text.UARTEnable
                0x00003418       0x16 C:/Users/basat/Downloads/uart/uart/libdriver.a(uart.o)
                0x00003418                UARTEnable
 .text.UARTDisable
                0x0000342e       0x1c C:/Users/basat/Downloads/uart/uart/libdriver.a(uart.o)
                0x0000342e                UARTDisable
 .text.UARTConfigSetExpClk
                0x0000344a       0x46 C:/Users/basat/Downloads/uart/uart/libdriver.a(uart.o)
                0x0000344a                UARTConfigSetExpClk
 .text.UARTFIFOEnable
                0x00003490        0xa C:/Users/basat/Downloads/uart/uart/libdriver.a(uart.o)
                0x00003490                UARTFIFOEnable
 .text.UARTFIFODisable
                0x0000349a        0xa C:/Users/basat/Downloads/uart/uart/libdriver.a(uart.o)
                0x0000349a                UARTFIFODisable
 .text.UARTEnableSIR
                0x000034a4       0x12 C:/Users/basat/Downloads/uart/uart/libdriver.a(uart.o)
                0x000034a4                UARTEnableSIR
 .text.UARTDisableSIR
                0x000034b6        0xa C:/Users/basat/Downloads/uart/uart/libdriver.a(uart.o)
                0x000034b6                UARTDisableSIR
 .text.UARTSmartCardEnable
                0x000034c0       0x16 C:/Users/basat/Downloads/uart/uart/libdriver.a(uart.o)
                0x000034c0                UARTSmartCardEnable
 .text.UARTSmartCardDisable
                0x000034d6        0xa C:/Users/basat/Downloads/uart/uart/libdriver.a(uart.o)
                0x000034d6                UARTSmartCardDisable
 .text.UARTModemControlSet
                0x000034e0        0xc C:/Users/basat/Downloads/uart/uart/libdriver.a(uart.o)
                0x000034e0                UARTModemControlSet
 .text.UARTModemControlClear
                0x000034ec        0xe C:/Users/basat/Downloads/uart/uart/libdriver.a(uart.o)
                0x000034ec                UARTModemControlClear
 .text.UARTModemControlGet
                0x000034fa        0x8 C:/Users/basat/Downloads/uart/uart/libdriver.a(uart.o)
                0x000034fa                UARTModemControlGet
 .text.UARTModemStatusGet
                0x00003502        0xc C:/Users/basat/Downloads/uart/uart/libdriver.a(uart.o)
                0x00003502                UARTModemStatusGet
 .text.UARTFlowControlSet
                0x0000350e        0xc C:/Users/basat/Downloads/uart/uart/libdriver.a(uart.o)
                0x0000350e                UARTFlowControlSet
 .text.UARTFlowControlGet
                0x0000351a        0x8 C:/Users/basat/Downloads/uart/uart/libdriver.a(uart.o)
                0x0000351a                UARTFlowControlGet
 .text.UARTTxIntModeSet
                0x00003522        0xc C:/Users/basat/Downloads/uart/uart/libdriver.a(uart.o)
                0x00003522                UARTTxIntModeSet
 .text.UARTTxIntModeGet
                0x0000352e        0x8 C:/Users/basat/Downloads/uart/uart/libdriver.a(uart.o)
                0x0000352e                UARTTxIntModeGet
 .text.UARTCharsAvail
                0x00003536        0xc C:/Users/basat/Downloads/uart/uart/libdriver.a(uart.o)
                0x00003536                UARTCharsAvail
 .text.UARTSpaceAvail
                0x00003542        0xc C:/Users/basat/Downloads/uart/uart/libdriver.a(uart.o)
                0x00003542                UARTSpaceAvail
 .text.UARTCharGetNonBlocking
                0x0000354e        0xe C:/Users/basat/Downloads/uart/uart/libdriver.a(uart.o)
                0x0000354e                UARTCharGetNonBlocking
 .text.UARTCharGet
                0x0000355c        0xa C:/Users/basat/Downloads/uart/uart/libdriver.a(uart.o)
                0x0000355c                UARTCharGet
 .text.UARTCharPutNonBlocking
                0x00003566        0xe C:/Users/basat/Downloads/uart/uart/libdriver.a(uart.o)
                0x00003566                UARTCharPutNonBlocking
 .text.UARTCharPut
                0x00003574        0xa C:/Users/basat/Downloads/uart/uart/libdriver.a(uart.o)
                0x00003574                UARTCharPut
 .text.UARTBreakCtl
                0x0000357e       0x12 C:/Users/basat/Downloads/uart/uart/libdriver.a(uart.o)
                0x0000357e                UARTBreakCtl
 .text.UARTBusy
                0x00003590        0x8 C:/Users/basat/Downloads/uart/uart/libdriver.a(uart.o)
                0x00003590                UARTBusy
 .text.UARTIntRegister
                0x00003598       0x1c C:/Users/basat/Downloads/uart/uart/libdriver.a(uart.o)
                0x00003598                UARTIntRegister
 .text.UARTIntUnregister
                0x000035b4       0x16 C:/Users/basat/Downloads/uart/uart/libdriver.a(uart.o)
                0x000035b4                UARTIntUnregister
 .text.UARTIntEnable
                0x000035ca        0x8 C:/Users/basat/Downloads/uart/uart/libdriver.a(uart.o)
                0x000035ca                UARTIntEnable
 .text.UARTIntDisable
                0x000035d2        0xa C:/Users/basat/Downloads/uart/uart/libdriver.a(uart.o)
                0x000035d2                UARTIntDisable
 .text.UARTIntStatus
                0x000035dc        0xa C:/Users/basat/Downloads/uart/uart/libdriver.a(uart.o)
                0x000035dc                UARTIntStatus
 .text.UARTIntClear
                0x000035e6        0x4 C:/Users/basat/Downloads/uart/uart/libdriver.a(uart.o)
                0x000035e6                UARTIntClear
 .text.UARTDMAEnable
                0x000035ea        0x8 C:/Users/basat/Downloads/uart/uart/libdriver.a(uart.o)
                0x000035ea                UARTDMAEnable
 .text.UARTDMADisable
                0x000035f2        0xa C:/Users/basat/Downloads/uart/uart/libdriver.a(uart.o)
                0x000035f2                UARTDMADisable
 .text.UARTRxErrorGet
                0x000035fc        0x8 C:/Users/basat/Downloads/uart/uart/libdriver.a(uart.o)
                0x000035fc                UARTRxErrorGet
 .text.UARTRxErrorClear
                0x00003604        0x6 C:/Users/basat/Downloads/uart/uart/libdriver.a(uart.o)
                0x00003604                UARTRxErrorClear
 .text.UARTClockSourceSet
                0x0000360a        0x6 C:/Users/basat/Downloads/uart/uart/libdriver.a(uart.o)
                0x0000360a                UARTClockSourceSet
 .text.UARTClockSourceGet
                0x00003610        0x6 C:/Users/basat/Downloads/uart/uart/libdriver.a(uart.o)
                0x00003610                UARTClockSourceGet
 .text.UART9BitEnable
                0x00003616        0xe C:/Users/basat/Downloads/uart/uart/libdriver.a(uart.o)
                0x00003616                UART9BitEnable
 .text.UART9BitDisable
                0x00003624        0xe C:/Users/basat/Downloads/uart/uart/libdriver.a(uart.o)
                0x00003624                UART9BitDisable
 .text.UART9BitAddrSet
                0x00003632        0xa C:/Users/basat/Downloads/uart/uart/libdriver.a(uart.o)
                0x00003632                UART9BitAddrSet
 .text.UART9BitAddrSend
                0x0000363c       0x2c C:/Users/basat/Downloads/uart/uart/libdriver.a(uart.o)
                0x0000363c                UART9BitAddrSend
 .text.CPUcpsid
                0x00003668        0x8 C:/Users/basat/Downloads/uart/uart/libdriver.a(cpu.o)
                0x00003668                CPUcpsid
 .text.CPUprimask
                0x00003670        0x6 C:/Users/basat/Downloads/uart/uart/libdriver.a(cpu.o)
                0x00003670                CPUprimask
 .text.CPUcpsie
                0x00003676        0x8 C:/Users/basat/Downloads/uart/uart/libdriver.a(cpu.o)
                0x00003676                CPUcpsie
 .text.CPUwfi   0x0000367e        0x4 C:/Users/basat/Downloads/uart/uart/libdriver.a(cpu.o)
                0x0000367e                CPUwfi
 .text.CPUbasepriSet
                0x00003682        0x6 C:/Users/basat/Downloads/uart/uart/libdriver.a(cpu.o)
                0x00003682                CPUbasepriSet
 .text.CPUbasepriGet
                0x00003688        0x6 C:/Users/basat/Downloads/uart/uart/libdriver.a(cpu.o)
                0x00003688                CPUbasepriGet
 *fill*         0x0000368e        0x2 
 .text.atoi     0x00003690        0x8 c:/ti/ccs1250/ccs/tools/compiler/gcc-arm-none-eabi-9-2019-q4-major/bin/../lib/gcc/arm-none-eabi/9.2.1/../../../../arm-none-eabi/lib/thumb/v7e-m/nofp\libg.a(lib_a-atoi.o)
                0x00003690                atoi
 .text._atoi_r  0x00003698        0x8 c:/ti/ccs1250/ccs/tools/compiler/gcc-arm-none-eabi-9-2019-q4-major/bin/../lib/gcc/arm-none-eabi/9.2.1/../../../../arm-none-eabi/lib/thumb/v7e-m/nofp\libg.a(lib_a-atoi.o)
                0x00003698                _atoi_r
 .text.exit     0x000036a0       0x20 c:/ti/ccs1250/ccs/tools/compiler/gcc-arm-none-eabi-9-2019-q4-major/bin/../lib/gcc/arm-none-eabi/9.2.1/../../../../arm-none-eabi/lib/thumb/v7e-m/nofp\libg.a(lib_a-exit.o)
                0x000036a0                exit
 .text.__libc_init_array
                0x000036c0       0x48 c:/ti/ccs1250/ccs/tools/compiler/gcc-arm-none-eabi-9-2019-q4-major/bin/../lib/gcc/arm-none-eabi/9.2.1/../../../../arm-none-eabi/lib/thumb/v7e-m/nofp\libg.a(lib_a-init.o)
                0x000036c0                __libc_init_array
 .text.memset   0x00003708       0xa0 c:/ti/ccs1250/ccs/tools/compiler/gcc-arm-none-eabi-9-2019-q4-major/bin/../lib/gcc/arm-none-eabi/9.2.1/../../../../arm-none-eabi/lib/thumb/v7e-m/nofp\libg.a(lib_a-memset.o)
                0x00003708                memset
 .text._strtol_l.isra.0
                0x000037a8      0x10c c:/ti/ccs1250/ccs/tools/compiler/gcc-arm-none-eabi-9-2019-q4-major/bin/../lib/gcc/arm-none-eabi/9.2.1/../../../../arm-none-eabi/lib/thumb/v7e-m/nofp\libg.a(lib_a-strtol.o)
 .text._strtol_r
                0x000038b4        0x4 c:/ti/ccs1250/ccs/tools/compiler/gcc-arm-none-eabi-9-2019-q4-major/bin/../lib/gcc/arm-none-eabi/9.2.1/../../../../arm-none-eabi/lib/thumb/v7e-m/nofp\libg.a(lib_a-strtol.o)
                0x000038b4                _strtol_r
 .text.strtol_l
                0x000038b8       0x18 c:/ti/ccs1250/ccs/tools/compiler/gcc-arm-none-eabi-9-2019-q4-major/bin/../lib/gcc/arm-none-eabi/9.2.1/../../../../arm-none-eabi/lib/thumb/v7e-m/nofp\libg.a(lib_a-strtol.o)
                0x000038b8                strtol_l
 .text.strtol   0x000038d0       0x18 c:/ti/ccs1250/ccs/tools/compiler/gcc-arm-none-eabi-9-2019-q4-major/bin/../lib/gcc/arm-none-eabi/9.2.1/../../../../arm-none-eabi/lib/thumb/v7e-m/nofp\libg.a(lib_a-strtol.o)
                0x000038d0                strtol
 .text.startup.register_fini
                0x000038e8       0x14 c:/ti/ccs1250/ccs/tools/compiler/gcc-arm-none-eabi-9-2019-q4-major/bin/../lib/gcc/arm-none-eabi/9.2.1/../../../../arm-none-eabi/lib/thumb/v7e-m/nofp\libg.a(lib_a-__call_atexit.o)
 .text.__call_exitprocs
                0x000038fc       0xc4 c:/ti/ccs1250/ccs/tools/compiler/gcc-arm-none-eabi-9-2019-q4-major/bin/../lib/gcc/arm-none-eabi/9.2.1/../../../../arm-none-eabi/lib/thumb/v7e-m/nofp\libg.a(lib_a-__call_atexit.o)
                0x000038fc                __call_exitprocs
 .text.atexit   0x000039c0        0xc c:/ti/ccs1250/ccs/tools/compiler/gcc-arm-none-eabi-9-2019-q4-major/bin/../lib/gcc/arm-none-eabi/9.2.1/../../../../arm-none-eabi/lib/thumb/v7e-m/nofp\libg.a(lib_a-atexit.o)
                0x000039c0                atexit
 .text.__libc_fini_array
                0x000039cc       0x2c c:/ti/ccs1250/ccs/tools/compiler/gcc-arm-none-eabi-9-2019-q4-major/bin/../lib/gcc/arm-none-eabi/9.2.1/../../../../arm-none-eabi/lib/thumb/v7e-m/nofp\libg.a(lib_a-fini.o)
                0x000039cc                __libc_fini_array
 .text.__retarget_lock_init
                0x000039f8        0x4 c:/ti/ccs1250/ccs/tools/compiler/gcc-arm-none-eabi-9-2019-q4-major/bin/../lib/gcc/arm-none-eabi/9.2.1/../../../../arm-none-eabi/lib/thumb/v7e-m/nofp\libg.a(lib_a-lock.o)
                0x000039f8                __retarget_lock_init
 .text.__retarget_lock_init_recursive
                0x000039fc        0x4 c:/ti/ccs1250/ccs/tools/compiler/gcc-arm-none-eabi-9-2019-q4-major/bin/../lib/gcc/arm-none-eabi/9.2.1/../../../../arm-none-eabi/lib/thumb/v7e-m/nofp\libg.a(lib_a-lock.o)
                0x000039fc                __retarget_lock_init_recursive
 .text.__retarget_lock_close
                0x00003a00        0x4 c:/ti/ccs1250/ccs/tools/compiler/gcc-arm-none-eabi-9-2019-q4-major/bin/../lib/gcc/arm-none-eabi/9.2.1/../../../../arm-none-eabi/lib/thumb/v7e-m/nofp\libg.a(lib_a-lock.o)
                0x00003a00                __retarget_lock_close
 .text.__retarget_lock_close_recursive
                0x00003a04        0x4 c:/ti/ccs1250/ccs/tools/compiler/gcc-arm-none-eabi-9-2019-q4-major/bin/../lib/gcc/arm-none-eabi/9.2.1/../../../../arm-none-eabi/lib/thumb/v7e-m/nofp\libg.a(lib_a-lock.o)
                0x00003a04                __retarget_lock_close_recursive
 .text.__retarget_lock_acquire
                0x00003a08        0x4 c:/ti/ccs1250/ccs/tools/compiler/gcc-arm-none-eabi-9-2019-q4-major/bin/../lib/gcc/arm-none-eabi/9.2.1/../../../../arm-none-eabi/lib/thumb/v7e-m/nofp\libg.a(lib_a-lock.o)
                0x00003a08                __retarget_lock_acquire
 .text.__retarget_lock_acquire_recursive
                0x00003a0c        0x4 c:/ti/ccs1250/ccs/tools/compiler/gcc-arm-none-eabi-9-2019-q4-major/bin/../lib/gcc/arm-none-eabi/9.2.1/../../../../arm-none-eabi/lib/thumb/v7e-m/nofp\libg.a(lib_a-lock.o)
                0x00003a0c                __retarget_lock_acquire_recursive
 .text.__retarget_lock_try_acquire
                0x00003a10        0x4 c:/ti/ccs1250/ccs/tools/compiler/gcc-arm-none-eabi-9-2019-q4-major/bin/../lib/gcc/arm-none-eabi/9.2.1/../../../../arm-none-eabi/lib/thumb/v7e-m/nofp\libg.a(lib_a-lock.o)
                0x00003a10                __retarget_lock_try_acquire
 .text.__retarget_lock_try_acquire_recursive
                0x00003a14        0x4 c:/ti/ccs1250/ccs/tools/compiler/gcc-arm-none-eabi-9-2019-q4-major/bin/../lib/gcc/arm-none-eabi/9.2.1/../../../../arm-none-eabi/lib/thumb/v7e-m/nofp\libg.a(lib_a-lock.o)
                0x00003a14                __retarget_lock_try_acquire_recursive
 .text.__retarget_lock_release
                0x00003a18        0x4 c:/ti/ccs1250/ccs/tools/compiler/gcc-arm-none-eabi-9-2019-q4-major/bin/../lib/gcc/arm-none-eabi/9.2.1/../../../../arm-none-eabi/lib/thumb/v7e-m/nofp\libg.a(lib_a-lock.o)
                0x00003a18                __retarget_lock_release
 .text.__retarget_lock_release_recursive
                0x00003a1c        0x4 c:/ti/ccs1250/ccs/tools/compiler/gcc-arm-none-eabi-9-2019-q4-major/bin/../lib/gcc/arm-none-eabi/9.2.1/../../../../arm-none-eabi/lib/thumb/v7e-m/nofp\libg.a(lib_a-lock.o)
                0x00003a1c                __retarget_lock_release_recursive
 .text.__register_exitproc
                0x00003a20       0x8c c:/ti/ccs1250/ccs/tools/compiler/gcc-arm-none-eabi-9-2019-q4-major/bin/../lib/gcc/arm-none-eabi/9.2.1/../../../../arm-none-eabi/lib/thumb/v7e-m/nofp\libg.a(lib_a-__atexit.o)
                0x00003a20                __register_exitproc
 .text._exit    0x00003aac        0x4 c:/ti/ccs1250/ccs/tools/compiler/gcc-arm-none-eabi-9-2019-q4-major/bin/../lib/gcc/arm-none-eabi/9.2.1/../../../../arm-none-eabi/lib/thumb/v7e-m/nofp\libnosys.a(_exit.o)
                0x00003aac                _exit
                0x00003ab0                . = ALIGN (0x4)
 *(.ctors)
                0x00003ab0                . = ALIGN (0x4)
 *(.dtors)
                0x00003ab0                . = ALIGN (0x4)
                0x00003ab0                __init_array_start = .
 *(.init_array*)
 .init_array    0x00003ab0        0x4 c:/ti/ccs1250/ccs/tools/compiler/gcc-arm-none-eabi-9-2019-q4-major/bin/../lib/gcc/arm-none-eabi/9.2.1/thumb/v7e-m/nofp/crtbegin.o
 .init_array.00000
                0x00003ab4        0x4 c:/ti/ccs1250/ccs/tools/compiler/gcc-arm-none-eabi-9-2019-q4-major/bin/../lib/gcc/arm-none-eabi/9.2.1/../../../../arm-none-eabi/lib/thumb/v7e-m/nofp\libg.a(lib_a-__call_atexit.o)
                0x00003ab8                __init_array_end = .
 *(.init)
 .init          0x00003ab8        0x4 c:/ti/ccs1250/ccs/tools/compiler/gcc-arm-none-eabi-9-2019-q4-major/bin/../lib/gcc/arm-none-eabi/9.2.1/thumb/v7e-m/nofp/crti.o
                0x00003ab8                _init
 .init          0x00003abc        0x8 c:/ti/ccs1250/ccs/tools/compiler/gcc-arm-none-eabi-9-2019-q4-major/bin/../lib/gcc/arm-none-eabi/9.2.1/thumb/v7e-m/nofp/crtn.o
 *(.fini*)
 .fini          0x00003ac4        0x4 c:/ti/ccs1250/ccs/tools/compiler/gcc-arm-none-eabi-9-2019-q4-major/bin/../lib/gcc/arm-none-eabi/9.2.1/thumb/v7e-m/nofp/crti.o
                0x00003ac4                _fini
 .fini_array    0x00003ac8        0x4 c:/ti/ccs1250/ccs/tools/compiler/gcc-arm-none-eabi-9-2019-q4-major/bin/../lib/gcc/arm-none-eabi/9.2.1/thumb/v7e-m/nofp/crtbegin.o
 .fini          0x00003acc        0x8 c:/ti/ccs1250/ccs/tools/compiler/gcc-arm-none-eabi-9-2019-q4-major/bin/../lib/gcc/arm-none-eabi/9.2.1/thumb/v7e-m/nofp/crtn.o
                [!provide]                PROVIDE (__etext = .)
                [!provide]                PROVIDE (_etext = .)
                [!provide]                PROVIDE (etext = .)

.glue_7         0x00003ad4        0x0
 .glue_7        0x00003ad4        0x0 linker stubs

.glue_7t        0x00003ad4        0x0
 .glue_7t       0x00003ad4        0x0 linker stubs

.vfp11_veneer   0x00003ad4        0x0
 .vfp11_veneer  0x00003ad4        0x0 linker stubs

.v4_bx          0x00003ad4        0x0
 .v4_bx         0x00003ad4        0x0 linker stubs

.iplt           0x00003ad4        0x0
 .iplt          0x00003ad4        0x0 c:/ti/ccs1250/ccs/tools/compiler/gcc-arm-none-eabi-9-2019-q4-major/bin/../lib/gcc/arm-none-eabi/9.2.1/thumb/v7e-m/nofp/crtbegin.o

.rodata         0x00003ad4      0x939
 *(.rodata)
 .rodata        0x00003ad4      0x2d3 ./main.o
 *(.rodata*)
 *fill*         0x00003da7        0x1 
 .rodata.g_ppui32GPIOIntMapBlizzard
                0x00003da8       0xc0 C:/Users/basat/Downloads/uart/uart/libdriver.a(gpio.o)
 .rodata.g_ppui32GPIOIntMapSnowflake
                0x00003e68       0xc0 C:/Users/basat/Downloads/uart/uart/libdriver.a(gpio.o)
 .rodata.g_pui32GPIOBaseAddrs
                0x00003f28       0x90 C:/Users/basat/Downloads/uart/uart/libdriver.a(gpio.o)
 .rodata.g_pui32Dii16Regs
                0x00003fb8       0x14 C:/Users/basat/Downloads/uart/uart/libdriver.a(interrupt.o)
 .rodata.g_pui32EnRegs
                0x00003fcc       0x14 C:/Users/basat/Downloads/uart/uart/libdriver.a(interrupt.o)
 .rodata.g_pui32PendRegs
                0x00003fe0       0x14 C:/Users/basat/Downloads/uart/uart/libdriver.a(interrupt.o)
 .rodata.g_pui32Priority
                0x00003ff4       0x20 C:/Users/basat/Downloads/uart/uart/libdriver.a(interrupt.o)
 .rodata.g_pui32Regs
                0x00004014       0x9c C:/Users/basat/Downloads/uart/uart/libdriver.a(interrupt.o)
 .rodata.g_pui32UnpendRegs
                0x000040b0       0x14 C:/Users/basat/Downloads/uart/uart/libdriver.a(interrupt.o)
 .rodata.g_pppui32XTALtoVCO
                0x000040c4      0x120 C:/Users/basat/Downloads/uart/uart/libdriver.a(sysctl.o)
 .rodata.g_pui32VCOFrequencies
                0x000041e4        0x8 C:/Users/basat/Downloads/uart/uart/libdriver.a(sysctl.o)
 .rodata.g_pui32Xtals
                0x000041ec       0x6c C:/Users/basat/Downloads/uart/uart/libdriver.a(sysctl.o)
 .rodata.g_sXTALtoMEMTIM
                0x00004258       0x30 C:/Users/basat/Downloads/uart/uart/libdriver.a(sysctl.o)
 .rodata.g_ppui32UARTIntMap
                0x00004288       0x40 C:/Users/basat/Downloads/uart/uart/libdriver.a(uart.o)
 .rodata.g_ppui32UARTIntMapSnowflake
                0x000042c8       0x40 C:/Users/basat/Downloads/uart/uart/libdriver.a(uart.o)
 .rodata._global_impure_ptr
                0x00004308        0x4 c:/ti/ccs1250/ccs/tools/compiler/gcc-arm-none-eabi-9-2019-q4-major/bin/../lib/gcc/arm-none-eabi/9.2.1/../../../../arm-none-eabi/lib/thumb/v7e-m/nofp\libg.a(lib_a-impure.o)
                0x00004308                _global_impure_ptr
 .rodata._ctype_
                0x0000430c      0x101 c:/ti/ccs1250/ccs/tools/compiler/gcc-arm-none-eabi-9-2019-q4-major/bin/../lib/gcc/arm-none-eabi/9.2.1/../../../../arm-none-eabi/lib/thumb/v7e-m/nofp\libg.a(lib_a-ctype_.o)
                0x0000430c                _ctype_

.eh_frame       0x00004410        0x4
 .eh_frame      0x00004410        0x0 c:/ti/ccs1250/ccs/tools/compiler/gcc-arm-none-eabi-9-2019-q4-major/bin/../lib/gcc/arm-none-eabi/9.2.1/thumb/v7e-m/nofp/crtbegin.o
 .eh_frame      0x00004410        0x4 c:/ti/ccs1250/ccs/tools/compiler/gcc-arm-none-eabi-9-2019-q4-major/bin/../lib/gcc/arm-none-eabi/9.2.1/thumb/v7e-m/nofp/crtend.o

.data           0x20000000      0x444 load address 0x00004414
                0x00004414                __data_load__ = LOADADDR (.data)
                0x20000000                __data_start__ = .
 *(.data)
 .data          0x20000000        0x0 c:/ti/ccs1250/ccs/tools/compiler/gcc-arm-none-eabi-9-2019-q4-major/bin/../lib/gcc/arm-none-eabi/9.2.1/thumb/v7e-m/nofp/crti.o
 .data          0x20000000        0x4 c:/ti/ccs1250/ccs/tools/compiler/gcc-arm-none-eabi-9-2019-q4-major/bin/../lib/gcc/arm-none-eabi/9.2.1/thumb/v7e-m/nofp/crtbegin.o
                0x20000000                __dso_handle
 .data          0x20000004        0x0 c:/ti/ccs1250/ccs/tools/compiler/gcc-arm-none-eabi-9-2019-q4-major/bin/../lib/gcc/arm-none-eabi/9.2.1/../../../../arm-none-eabi/lib/thumb/v7e-m/nofp/crt0.o
 .data          0x20000004        0x0 ./GPIO.o
 .data          0x20000004        0x0 ./keypad.o
 .data          0x20000004        0x0 ./main.o
 .data          0x20000004        0x0 ./tm4c123gh6pm_startup_ccs_gcc.o
 .data          0x20000004        0x0 C:/Users/basat/Downloads/uart/uart/libdriver.a(gpio.o)
 .data          0x20000004        0x0 C:/Users/basat/Downloads/uart/uart/libdriver.a(interrupt.o)
 .data          0x20000004        0x0 C:/Users/basat/Downloads/uart/uart/libdriver.a(sysctl.o)
 .data          0x20000004        0x0 C:/Users/basat/Downloads/uart/uart/libdriver.a(uart.o)
 .data          0x20000004        0x0 C:/Users/basat/Downloads/uart/uart/libdriver.a(cpu.o)
 .data          0x20000004        0x0 c:/ti/ccs1250/ccs/tools/compiler/gcc-arm-none-eabi-9-2019-q4-major/bin/../lib/gcc/arm-none-eabi/9.2.1/../../../../arm-none-eabi/lib/thumb/v7e-m/nofp\libg.a(lib_a-atoi.o)
 .data          0x20000004        0x0 c:/ti/ccs1250/ccs/tools/compiler/gcc-arm-none-eabi-9-2019-q4-major/bin/../lib/gcc/arm-none-eabi/9.2.1/../../../../arm-none-eabi/lib/thumb/v7e-m/nofp\libg.a(lib_a-exit.o)
 .data          0x20000004        0x0 c:/ti/ccs1250/ccs/tools/compiler/gcc-arm-none-eabi-9-2019-q4-major/bin/../lib/gcc/arm-none-eabi/9.2.1/../../../../arm-none-eabi/lib/thumb/v7e-m/nofp\libg.a(lib_a-impure.o)
 .data          0x20000004        0x0 c:/ti/ccs1250/ccs/tools/compiler/gcc-arm-none-eabi-9-2019-q4-major/bin/../lib/gcc/arm-none-eabi/9.2.1/../../../../arm-none-eabi/lib/thumb/v7e-m/nofp\libg.a(lib_a-init.o)
 .data          0x20000004        0x0 c:/ti/ccs1250/ccs/tools/compiler/gcc-arm-none-eabi-9-2019-q4-major/bin/../lib/gcc/arm-none-eabi/9.2.1/../../../../arm-none-eabi/lib/thumb/v7e-m/nofp\libg.a(lib_a-memset.o)
 .data          0x20000004        0x0 c:/ti/ccs1250/ccs/tools/compiler/gcc-arm-none-eabi-9-2019-q4-major/bin/../lib/gcc/arm-none-eabi/9.2.1/../../../../arm-none-eabi/lib/thumb/v7e-m/nofp\libg.a(lib_a-strcmp.o)
 .data          0x20000004        0x0 c:/ti/ccs1250/ccs/tools/compiler/gcc-arm-none-eabi-9-2019-q4-major/bin/../lib/gcc/arm-none-eabi/9.2.1/../../../../arm-none-eabi/lib/thumb/v7e-m/nofp\libg.a(lib_a-strtol.o)
 .data          0x20000004        0x0 c:/ti/ccs1250/ccs/tools/compiler/gcc-arm-none-eabi-9-2019-q4-major/bin/../lib/gcc/arm-none-eabi/9.2.1/../../../../arm-none-eabi/lib/thumb/v7e-m/nofp\libg.a(lib_a-__call_atexit.o)
 .data          0x20000004        0x0 c:/ti/ccs1250/ccs/tools/compiler/gcc-arm-none-eabi-9-2019-q4-major/bin/../lib/gcc/arm-none-eabi/9.2.1/../../../../arm-none-eabi/lib/thumb/v7e-m/nofp\libg.a(lib_a-atexit.o)
 .data          0x20000004        0x0 c:/ti/ccs1250/ccs/tools/compiler/gcc-arm-none-eabi-9-2019-q4-major/bin/../lib/gcc/arm-none-eabi/9.2.1/../../../../arm-none-eabi/lib/thumb/v7e-m/nofp\libg.a(lib_a-ctype_.o)
 .data          0x20000004        0x0 c:/ti/ccs1250/ccs/tools/compiler/gcc-arm-none-eabi-9-2019-q4-major/bin/../lib/gcc/arm-none-eabi/9.2.1/../../../../arm-none-eabi/lib/thumb/v7e-m/nofp\libg.a(lib_a-fini.o)
 .data          0x20000004        0x0 c:/ti/ccs1250/ccs/tools/compiler/gcc-arm-none-eabi-9-2019-q4-major/bin/../lib/gcc/arm-none-eabi/9.2.1/../../../../arm-none-eabi/lib/thumb/v7e-m/nofp\libg.a(lib_a-lock.o)
 .data          0x20000004        0x0 c:/ti/ccs1250/ccs/tools/compiler/gcc-arm-none-eabi-9-2019-q4-major/bin/../lib/gcc/arm-none-eabi/9.2.1/../../../../arm-none-eabi/lib/thumb/v7e-m/nofp\libg.a(lib_a-__atexit.o)
 .data          0x20000004        0x0 c:/ti/ccs1250/ccs/tools/compiler/gcc-arm-none-eabi-9-2019-q4-major/bin/../lib/gcc/arm-none-eabi/9.2.1/../../../../arm-none-eabi/lib/thumb/v7e-m/nofp\libnosys.a(_exit.o)
 .data          0x20000004        0x0 c:/ti/ccs1250/ccs/tools/compiler/gcc-arm-none-eabi-9-2019-q4-major/bin/../lib/gcc/arm-none-eabi/9.2.1/thumb/v7e-m/nofp/crtend.o
 .data          0x20000004        0x0 c:/ti/ccs1250/ccs/tools/compiler/gcc-arm-none-eabi-9-2019-q4-major/bin/../lib/gcc/arm-none-eabi/9.2.1/thumb/v7e-m/nofp/crtn.o
 *(.data*)
 .data.speed_count
                0x20000004        0x4 ./main.o
                0x20000004                speed_count
 .data.counter  0x20000008        0x4 ./main.o
                0x20000008                counter
 .data.pos0_data
                0x2000000c        0x1 ./main.o
                0x2000000c                pos0_data
 .data.pos1_data
                0x2000000d        0x1 ./main.o
                0x2000000d                pos1_data
 .data.pos2_data
                0x2000000e        0x1 ./main.o
                0x2000000e                pos2_data
 .data.pos3_data
                0x2000000f        0x1 ./main.o
                0x2000000f                pos3_data
 .data.resume_pause
                0x20000010        0x1 ./main.o
                0x20000010                resume_pause
 .data.start_stop
                0x20000011        0x1 ./main.o
                0x20000011                start_stop
 *fill*         0x20000012        0x2 
 .data._impure_ptr
                0x20000014        0x4 c:/ti/ccs1250/ccs/tools/compiler/gcc-arm-none-eabi-9-2019-q4-major/bin/../lib/gcc/arm-none-eabi/9.2.1/../../../../arm-none-eabi/lib/thumb/v7e-m/nofp\libg.a(lib_a-impure.o)
                0x20000014                _impure_ptr
 .data.impure_data
                0x20000018      0x428 c:/ti/ccs1250/ccs/tools/compiler/gcc-arm-none-eabi-9-2019-q4-major/bin/../lib/gcc/arm-none-eabi/9.2.1/../../../../arm-none-eabi/lib/thumb/v7e-m/nofp\libg.a(lib_a-impure.o)
 .data.__atexit_recursive_mutex
                0x20000440        0x4 c:/ti/ccs1250/ccs/tools/compiler/gcc-arm-none-eabi-9-2019-q4-major/bin/../lib/gcc/arm-none-eabi/9.2.1/../../../../arm-none-eabi/lib/thumb/v7e-m/nofp\libg.a(lib_a-__call_atexit.o)
                0x20000440                __atexit_recursive_mutex
                0x20000444                . = ALIGN (0x4)
                0x20000444                __data_end__ = .

.igot.plt       0x20000444        0x0 load address 0x00004858
 .igot.plt      0x20000444        0x0 c:/ti/ccs1250/ccs/tools/compiler/gcc-arm-none-eabi-9-2019-q4-major/bin/../lib/gcc/arm-none-eabi/9.2.1/thumb/v7e-m/nofp/crtbegin.o

vtable          0x20000800      0x26c load address 0x00004858
 vtable         0x20000800      0x26c C:/Users/basat/Downloads/uart/uart/libdriver.a(interrupt.o)

.ARM.exidx      0x00004ac4        0x8
                0x00004ac4                __exidx_start = .
 *(.ARM.exidx* .gnu.linkonce.armexidx.*)
 .ARM.exidx     0x00004ac4        0x8 c:/ti/ccs1250/ccs/tools/compiler/gcc-arm-none-eabi-9-2019-q4-major/bin/../lib/gcc/arm-none-eabi/9.2.1/../../../../arm-none-eabi/lib/thumb/v7e-m/nofp/crt0.o
                0x00004acc                __exidx_end = .

.ARM.extab      0x00004acc        0x0
 *(.ARM.extab* .gnu.linkonce.armextab.*)
 .ARM.extab     0x00004acc        0x0 c:/ti/ccs1250/ccs/tools/compiler/gcc-arm-none-eabi-9-2019-q4-major/bin/../lib/gcc/arm-none-eabi/9.2.1/../../../../arm-none-eabi/lib/thumb/v7e-m/nofp/crt0.o

.rel.dyn        0x00004acc        0x0
 .rel.iplt      0x00004acc        0x0 c:/ti/ccs1250/ccs/tools/compiler/gcc-arm-none-eabi-9-2019-q4-major/bin/../lib/gcc/arm-none-eabi/9.2.1/thumb/v7e-m/nofp/crtbegin.o

.bss            0x20000a6c      0x2fc
                0x20000a6c                __bss_start__ = .
 *(.shbss)
 *(.bss)
 .bss           0x20000a6c        0x0 c:/ti/ccs1250/ccs/tools/compiler/gcc-arm-none-eabi-9-2019-q4-major/bin/../lib/gcc/arm-none-eabi/9.2.1/thumb/v7e-m/nofp/crti.o
 .bss           0x20000a6c       0x1c c:/ti/ccs1250/ccs/tools/compiler/gcc-arm-none-eabi-9-2019-q4-major/bin/../lib/gcc/arm-none-eabi/9.2.1/thumb/v7e-m/nofp/crtbegin.o
 .bss           0x20000a88        0x0 c:/ti/ccs1250/ccs/tools/compiler/gcc-arm-none-eabi-9-2019-q4-major/bin/../lib/gcc/arm-none-eabi/9.2.1/../../../../arm-none-eabi/lib/thumb/v7e-m/nofp/crt0.o
 .bss           0x20000a88        0x0 ./GPIO.o
 .bss           0x20000a88        0x0 ./keypad.o
 .bss           0x20000a88        0x0 ./main.o
 .bss           0x20000a88        0x0 ./tm4c123gh6pm_startup_ccs_gcc.o
 .bss           0x20000a88        0x0 C:/Users/basat/Downloads/uart/uart/libdriver.a(gpio.o)
 .bss           0x20000a88        0x0 C:/Users/basat/Downloads/uart/uart/libdriver.a(interrupt.o)
 .bss           0x20000a88        0x0 C:/Users/basat/Downloads/uart/uart/libdriver.a(sysctl.o)
 .bss           0x20000a88        0x0 C:/Users/basat/Downloads/uart/uart/libdriver.a(uart.o)
 .bss           0x20000a88        0x0 C:/Users/basat/Downloads/uart/uart/libdriver.a(cpu.o)
 .bss           0x20000a88        0x0 c:/ti/ccs1250/ccs/tools/compiler/gcc-arm-none-eabi-9-2019-q4-major/bin/../lib/gcc/arm-none-eabi/9.2.1/../../../../arm-none-eabi/lib/thumb/v7e-m/nofp\libg.a(lib_a-atoi.o)
 .bss           0x20000a88        0x0 c:/ti/ccs1250/ccs/tools/compiler/gcc-arm-none-eabi-9-2019-q4-major/bin/../lib/gcc/arm-none-eabi/9.2.1/../../../../arm-none-eabi/lib/thumb/v7e-m/nofp\libg.a(lib_a-exit.o)
 .bss           0x20000a88        0x0 c:/ti/ccs1250/ccs/tools/compiler/gcc-arm-none-eabi-9-2019-q4-major/bin/../lib/gcc/arm-none-eabi/9.2.1/../../../../arm-none-eabi/lib/thumb/v7e-m/nofp\libg.a(lib_a-impure.o)
 .bss           0x20000a88        0x0 c:/ti/ccs1250/ccs/tools/compiler/gcc-arm-none-eabi-9-2019-q4-major/bin/../lib/gcc/arm-none-eabi/9.2.1/../../../../arm-none-eabi/lib/thumb/v7e-m/nofp\libg.a(lib_a-init.o)
 .bss           0x20000a88        0x0 c:/ti/ccs1250/ccs/tools/compiler/gcc-arm-none-eabi-9-2019-q4-major/bin/../lib/gcc/arm-none-eabi/9.2.1/../../../../arm-none-eabi/lib/thumb/v7e-m/nofp\libg.a(lib_a-memset.o)
 .bss           0x20000a88        0x0 c:/ti/ccs1250/ccs/tools/compiler/gcc-arm-none-eabi-9-2019-q4-major/bin/../lib/gcc/arm-none-eabi/9.2.1/../../../../arm-none-eabi/lib/thumb/v7e-m/nofp\libg.a(lib_a-strcmp.o)
 .bss           0x20000a88        0x0 c:/ti/ccs1250/ccs/tools/compiler/gcc-arm-none-eabi-9-2019-q4-major/bin/../lib/gcc/arm-none-eabi/9.2.1/../../../../arm-none-eabi/lib/thumb/v7e-m/nofp\libg.a(lib_a-strtol.o)
 .bss           0x20000a88        0x0 c:/ti/ccs1250/ccs/tools/compiler/gcc-arm-none-eabi-9-2019-q4-major/bin/../lib/gcc/arm-none-eabi/9.2.1/../../../../arm-none-eabi/lib/thumb/v7e-m/nofp\libg.a(lib_a-__call_atexit.o)
 .bss           0x20000a88        0x0 c:/ti/ccs1250/ccs/tools/compiler/gcc-arm-none-eabi-9-2019-q4-major/bin/../lib/gcc/arm-none-eabi/9.2.1/../../../../arm-none-eabi/lib/thumb/v7e-m/nofp\libg.a(lib_a-atexit.o)
 .bss           0x20000a88        0x0 c:/ti/ccs1250/ccs/tools/compiler/gcc-arm-none-eabi-9-2019-q4-major/bin/../lib/gcc/arm-none-eabi/9.2.1/../../../../arm-none-eabi/lib/thumb/v7e-m/nofp\libg.a(lib_a-ctype_.o)
 .bss           0x20000a88        0x0 c:/ti/ccs1250/ccs/tools/compiler/gcc-arm-none-eabi-9-2019-q4-major/bin/../lib/gcc/arm-none-eabi/9.2.1/../../../../arm-none-eabi/lib/thumb/v7e-m/nofp\libg.a(lib_a-fini.o)
 .bss           0x20000a88        0x0 c:/ti/ccs1250/ccs/tools/compiler/gcc-arm-none-eabi-9-2019-q4-major/bin/../lib/gcc/arm-none-eabi/9.2.1/../../../../arm-none-eabi/lib/thumb/v7e-m/nofp\libg.a(lib_a-lock.o)
 .bss           0x20000a88        0x0 c:/ti/ccs1250/ccs/tools/compiler/gcc-arm-none-eabi-9-2019-q4-major/bin/../lib/gcc/arm-none-eabi/9.2.1/../../../../arm-none-eabi/lib/thumb/v7e-m/nofp\libg.a(lib_a-__atexit.o)
 .bss           0x20000a88        0x0 c:/ti/ccs1250/ccs/tools/compiler/gcc-arm-none-eabi-9-2019-q4-major/bin/../lib/gcc/arm-none-eabi/9.2.1/../../../../arm-none-eabi/lib/thumb/v7e-m/nofp\libnosys.a(_exit.o)
 .bss           0x20000a88        0x0 c:/ti/ccs1250/ccs/tools/compiler/gcc-arm-none-eabi-9-2019-q4-major/bin/../lib/gcc/arm-none-eabi/9.2.1/thumb/v7e-m/nofp/crtend.o
 .bss           0x20000a88        0x0 c:/ti/ccs1250/ccs/tools/compiler/gcc-arm-none-eabi-9-2019-q4-major/bin/../lib/gcc/arm-none-eabi/9.2.1/thumb/v7e-m/nofp/crtn.o
 *(.bss.*)
 .bss.num       0x20000a88        0x4 ./keypad.o
                0x20000a88                num
 .bss.data      0x20000a8c        0x4 ./main.o
                0x20000a8c                data
 .bss.led_type  0x20000a90        0x4 ./main.o
                0x20000a90                led_type
 .bss.update    0x20000a94        0x4 ./main.o
                0x20000a94                update
 .bss.cmd_mode  0x20000a98        0x4 ./main.o
                0x20000a98                cmd_mode
 .bss.command_index
                0x20000a9c        0x4 ./main.o
                0x20000a9c                command_index
 .bss.led_cycle_count
                0x20000aa0        0x4 ./main.o
                0x20000aa0                led_cycle_count
 .bss.flag      0x20000aa4        0x4 ./main.o
                0x20000aa4                flag
 .bss.valid     0x20000aa8        0x4 ./main.o
                0x20000aa8                valid
 .bss.command_type
                0x20000aac        0x1 ./main.o
                0x20000aac                command_type
 *fill*         0x20000aad        0x3 
 .bss.mem_add   0x20000ab0        0x4 ./main.o
                0x20000ab0                mem_add
 .bss.pui32Stack
                0x20000ab4      0x200 ./tm4c123gh6pm_startup_ccs_gcc.o
 *(COMMON)
 COMMON         0x20000cb4       0x14 ./keypad.o
                0x20000cb4                str
 COMMON         0x20000cc8       0x7a ./main.o
                0x20000cc8                parsed_cmnd1
                0x20000cd0                start_version
                0x20000cd4                mem_string
                0x20000ce0                modify_cmnd
                0x20000d00                rx_val
                0x20000d20                parsed_cmnd2
                0x20000d28                end_version
                0x20000d2c                command_rxd
                0x20000d30                parsed_data
                0x20000d3c                parsed_cmnd
 *fill*         0x20000d42        0x2 
 COMMON         0x20000d44       0x21 c:/ti/ccs1250/ccs/tools/compiler/gcc-arm-none-eabi-9-2019-q4-major/bin/../lib/gcc/arm-none-eabi/9.2.1/../../../../arm-none-eabi/lib/thumb/v7e-m/nofp\libg.a(lib_a-lock.o)
                0x20000d44                __lock___atexit_recursive_mutex
                0x20000d48                __lock___arc4random_mutex
                0x20000d4c                __lock___env_recursive_mutex
                0x20000d50                __lock___sinit_recursive_mutex
                0x20000d54                __lock___malloc_recursive_mutex
                0x20000d58                __lock___at_quick_exit_mutex
                0x20000d5c                __lock___dd_hash_mutex
                0x20000d60                __lock___tz_mutex
                0x20000d64                __lock___sfp_recursive_mutex
                0x20000d68                . = ALIGN (0x4)
 *fill*         0x20000d65        0x3 
                0x20000d68                __bss_end__ = .

.version        0x20000d68       0x10 load address 0x00004acc
                0x00004acc                __version_load__ = LOADADDR (.version)
                0x20000d68                __version_start__ = .
 *(.version)
 .version       0x20000d68        0xf ./main.o
                0x20000d68                version_str
 *(.version*)
                0x20000d78                . = ALIGN (0x4)
 *fill*         0x20000d77        0x1 
                0x20000d78                __version_end__ = .

.heap           0x20000d78        0x0 load address 0x00004adc
                0x20000d78                __heap_start__ = .
                0x20000d78                end = __heap_start__
                0x20000d78                _end = end
                0x20000d78                __end = end
 *(.heap)
                0x20000d78                __heap_end__ = .
                0x20000d78                __HeapLimit = __heap_end__

.stack          0x20000d78        0x0 load address 0x00004ae0
                0x20000d78                _stack = .
                0x20000d78                __stack = .
 *(.stack)
START GROUP
LOAD C:/Users/basat/Downloads/uart/uart/libdriver.a
END GROUP
START GROUP
LOAD c:/ti/ccs1250/ccs/tools/compiler/gcc-arm-none-eabi-9-2019-q4-major/bin/../lib/gcc/arm-none-eabi/9.2.1/thumb/v7e-m/nofp\libgcc.a
LOAD c:/ti/ccs1250/ccs/tools/compiler/gcc-arm-none-eabi-9-2019-q4-major/bin/../lib/gcc/arm-none-eabi/9.2.1/../../../../arm-none-eabi/lib/thumb/v7e-m/nofp\libg.a
LOAD c:/ti/ccs1250/ccs/tools/compiler/gcc-arm-none-eabi-9-2019-q4-major/bin/../lib/gcc/arm-none-eabi/9.2.1/../../../../arm-none-eabi/lib/thumb/v7e-m/nofp\libc.a
END GROUP
START GROUP
LOAD c:/ti/ccs1250/ccs/tools/compiler/gcc-arm-none-eabi-9-2019-q4-major/bin/../lib/gcc/arm-none-eabi/9.2.1/thumb/v7e-m/nofp\libgcc.a
LOAD c:/ti/ccs1250/ccs/tools/compiler/gcc-arm-none-eabi-9-2019-q4-major/bin/../lib/gcc/arm-none-eabi/9.2.1/../../../../arm-none-eabi/lib/thumb/v7e-m/nofp\libc.a
LOAD c:/ti/ccs1250/ccs/tools/compiler/gcc-arm-none-eabi-9-2019-q4-major/bin/../lib/gcc/arm-none-eabi/9.2.1/../../../../arm-none-eabi/lib/thumb/v7e-m/nofp\libnosys.a
END GROUP
LOAD c:/ti/ccs1250/ccs/tools/compiler/gcc-arm-none-eabi-9-2019-q4-major/bin/../lib/gcc/arm-none-eabi/9.2.1/thumb/v7e-m/nofp/crtend.o
LOAD c:/ti/ccs1250/ccs/tools/compiler/gcc-arm-none-eabi-9-2019-q4-major/bin/../lib/gcc/arm-none-eabi/9.2.1/thumb/v7e-m/nofp/crtn.o
OUTPUT(peek_poke_v2.out elf32-littlearm)

.ARM.attributes
                0x00000000       0x2e
 .ARM.attributes
                0x00000000       0x1e c:/ti/ccs1250/ccs/tools/compiler/gcc-arm-none-eabi-9-2019-q4-major/bin/../lib/gcc/arm-none-eabi/9.2.1/thumb/v7e-m/nofp/crti.o
 .ARM.attributes
                0x0000001e       0x2e c:/ti/ccs1250/ccs/tools/compiler/gcc-arm-none-eabi-9-2019-q4-major/bin/../lib/gcc/arm-none-eabi/9.2.1/thumb/v7e-m/nofp/crtbegin.o
 .ARM.attributes
                0x0000004c       0x1c c:/ti/ccs1250/ccs/tools/compiler/gcc-arm-none-eabi-9-2019-q4-major/bin/../lib/gcc/arm-none-eabi/9.2.1/../../../../arm-none-eabi/lib/thumb/v7e-m/nofp/crt0.o
 .ARM.attributes
                0x00000068       0x2e ./GPIO.o
 .ARM.attributes
                0x00000096       0x2e ./keypad.o
 .ARM.attributes
                0x000000c4       0x2e ./main.o
 .ARM.attributes
                0x000000f2       0x2e ./tm4c123gh6pm_startup_ccs_gcc.o
 .ARM.attributes
                0x00000120       0x32 C:/Users/basat/Downloads/uart/uart/libdriver.a(gpio.o)
 .ARM.attributes
                0x00000152       0x32 C:/Users/basat/Downloads/uart/uart/libdriver.a(interrupt.o)
 .ARM.attributes
                0x00000184       0x32 C:/Users/basat/Downloads/uart/uart/libdriver.a(sysctl.o)
 .ARM.attributes
                0x000001b6       0x32 C:/Users/basat/Downloads/uart/uart/libdriver.a(uart.o)
 .ARM.attributes
                0x000001e8       0x32 C:/Users/basat/Downloads/uart/uart/libdriver.a(cpu.o)
 .ARM.attributes
                0x0000021a       0x2e c:/ti/ccs1250/ccs/tools/compiler/gcc-arm-none-eabi-9-2019-q4-major/bin/../lib/gcc/arm-none-eabi/9.2.1/../../../../arm-none-eabi/lib/thumb/v7e-m/nofp\libg.a(lib_a-atoi.o)
 .ARM.attributes
                0x00000248       0x2e c:/ti/ccs1250/ccs/tools/compiler/gcc-arm-none-eabi-9-2019-q4-major/bin/../lib/gcc/arm-none-eabi/9.2.1/../../../../arm-none-eabi/lib/thumb/v7e-m/nofp\libg.a(lib_a-exit.o)
 .ARM.attributes
                0x00000276       0x2e c:/ti/ccs1250/ccs/tools/compiler/gcc-arm-none-eabi-9-2019-q4-major/bin/../lib/gcc/arm-none-eabi/9.2.1/../../../../arm-none-eabi/lib/thumb/v7e-m/nofp\libg.a(lib_a-impure.o)
 .ARM.attributes
                0x000002a4       0x2e c:/ti/ccs1250/ccs/tools/compiler/gcc-arm-none-eabi-9-2019-q4-major/bin/../lib/gcc/arm-none-eabi/9.2.1/../../../../arm-none-eabi/lib/thumb/v7e-m/nofp\libg.a(lib_a-init.o)
 .ARM.attributes
                0x000002d2       0x2e c:/ti/ccs1250/ccs/tools/compiler/gcc-arm-none-eabi-9-2019-q4-major/bin/../lib/gcc/arm-none-eabi/9.2.1/../../../../arm-none-eabi/lib/thumb/v7e-m/nofp\libg.a(lib_a-memset.o)
 .ARM.attributes
                0x00000300       0x1c c:/ti/ccs1250/ccs/tools/compiler/gcc-arm-none-eabi-9-2019-q4-major/bin/../lib/gcc/arm-none-eabi/9.2.1/../../../../arm-none-eabi/lib/thumb/v7e-m/nofp\libg.a(lib_a-strcmp.o)
 .ARM.attributes
                0x0000031c       0x2e c:/ti/ccs1250/ccs/tools/compiler/gcc-arm-none-eabi-9-2019-q4-major/bin/../lib/gcc/arm-none-eabi/9.2.1/../../../../arm-none-eabi/lib/thumb/v7e-m/nofp\libg.a(lib_a-strtol.o)
 .ARM.attributes
                0x0000034a       0x2e c:/ti/ccs1250/ccs/tools/compiler/gcc-arm-none-eabi-9-2019-q4-major/bin/../lib/gcc/arm-none-eabi/9.2.1/../../../../arm-none-eabi/lib/thumb/v7e-m/nofp\libg.a(lib_a-__call_atexit.o)
 .ARM.attributes
                0x00000378       0x2e c:/ti/ccs1250/ccs/tools/compiler/gcc-arm-none-eabi-9-2019-q4-major/bin/../lib/gcc/arm-none-eabi/9.2.1/../../../../arm-none-eabi/lib/thumb/v7e-m/nofp\libg.a(lib_a-atexit.o)
 .ARM.attributes
                0x000003a6       0x2e c:/ti/ccs1250/ccs/tools/compiler/gcc-arm-none-eabi-9-2019-q4-major/bin/../lib/gcc/arm-none-eabi/9.2.1/../../../../arm-none-eabi/lib/thumb/v7e-m/nofp\libg.a(lib_a-ctype_.o)
 .ARM.attributes
                0x000003d4       0x2e c:/ti/ccs1250/ccs/tools/compiler/gcc-arm-none-eabi-9-2019-q4-major/bin/../lib/gcc/arm-none-eabi/9.2.1/../../../../arm-none-eabi/lib/thumb/v7e-m/nofp\libg.a(lib_a-fini.o)
 .ARM.attributes
                0x00000402       0x2e c:/ti/ccs1250/ccs/tools/compiler/gcc-arm-none-eabi-9-2019-q4-major/bin/../lib/gcc/arm-none-eabi/9.2.1/../../../../arm-none-eabi/lib/thumb/v7e-m/nofp\libg.a(lib_a-lock.o)
 .ARM.attributes
                0x00000430       0x2e c:/ti/ccs1250/ccs/tools/compiler/gcc-arm-none-eabi-9-2019-q4-major/bin/../lib/gcc/arm-none-eabi/9.2.1/../../../../arm-none-eabi/lib/thumb/v7e-m/nofp\libg.a(lib_a-__atexit.o)
 .ARM.attributes
                0x0000045e       0x2e c:/ti/ccs1250/ccs/tools/compiler/gcc-arm-none-eabi-9-2019-q4-major/bin/../lib/gcc/arm-none-eabi/9.2.1/../../../../arm-none-eabi/lib/thumb/v7e-m/nofp\libnosys.a(_exit.o)
 .ARM.attributes
                0x0000048c       0x2e c:/ti/ccs1250/ccs/tools/compiler/gcc-arm-none-eabi-9-2019-q4-major/bin/../lib/gcc/arm-none-eabi/9.2.1/thumb/v7e-m/nofp/crtend.o
 .ARM.attributes
                0x000004ba       0x1e c:/ti/ccs1250/ccs/tools/compiler/gcc-arm-none-eabi-9-2019-q4-major/bin/../lib/gcc/arm-none-eabi/9.2.1/thumb/v7e-m/nofp/crtn.o

.comment        0x00000000       0x79
 .comment       0x00000000       0x79 ./GPIO.o
                                 0x7a (size before relaxing)
 .comment       0x00000079       0x7a ./keypad.o
 .comment       0x00000079       0x7a ./main.o
 .comment       0x00000079       0x7a ./tm4c123gh6pm_startup_ccs_gcc.o
 .comment       0x00000079       0x7a C:/Users/basat/Downloads/uart/uart/libdriver.a(gpio.o)
 .comment       0x00000079       0x7a C:/Users/basat/Downloads/uart/uart/libdriver.a(interrupt.o)
 .comment       0x00000079       0x7a C:/Users/basat/Downloads/uart/uart/libdriver.a(sysctl.o)
 .comment       0x00000079       0x7a C:/Users/basat/Downloads/uart/uart/libdriver.a(uart.o)
 .comment       0x00000079       0x7a C:/Users/basat/Downloads/uart/uart/libdriver.a(cpu.o)

.debug_info     0x00000000     0x2814
 .debug_info    0x00000000      0xa08 ./GPIO.o
 .debug_info    0x00000a08      0xa18 ./keypad.o
 .debug_info    0x00001420     0x11bc ./main.o
 .debug_info    0x000025dc      0x238 ./tm4c123gh6pm_startup_ccs_gcc.o

.debug_abbrev   0x00000000      0x825
 .debug_abbrev  0x00000000      0x1d0 ./GPIO.o
 .debug_abbrev  0x000001d0      0x23d ./keypad.o
 .debug_abbrev  0x0000040d      0x326 ./main.o
 .debug_abbrev  0x00000733       0xf2 ./tm4c123gh6pm_startup_ccs_gcc.o

.debug_aranges  0x00000000      0x180
 .debug_aranges
                0x00000000       0x68 ./GPIO.o
 .debug_aranges
                0x00000068       0x38 ./keypad.o
 .debug_aranges
                0x000000a0       0xa0 ./main.o
 .debug_aranges
                0x00000140       0x40 ./tm4c123gh6pm_startup_ccs_gcc.o

.debug_ranges   0x00000000      0x1a0
 .debug_ranges  0x00000000       0x58 ./GPIO.o
 .debug_ranges  0x00000058       0x28 ./keypad.o
 .debug_ranges  0x00000080       0xf0 ./main.o
 .debug_ranges  0x00000170       0x30 ./tm4c123gh6pm_startup_ccs_gcc.o

.debug_line     0x00000000     0x1471
 .debug_line    0x00000000      0x31d ./GPIO.o
 .debug_line    0x0000031d      0x2fe ./keypad.o
 .debug_line    0x0000061b      0xc43 ./main.o
 .debug_line    0x0000125e      0x213 ./tm4c123gh6pm_startup_ccs_gcc.o

.debug_str      0x00000000      0x911
 .debug_str     0x00000000      0x5b0 ./GPIO.o
                                0x61c (size before relaxing)
 .debug_str     0x000005b0       0x42 ./keypad.o
                                0x5ca (size before relaxing)
 .debug_str     0x000005f2      0x264 ./main.o
                                0x810 (size before relaxing)
 .debug_str     0x00000856       0xbb ./tm4c123gh6pm_startup_ccs_gcc.o
                                0x2c7 (size before relaxing)

.debug_frame    0x00000000      0x840
 .debug_frame   0x00000000      0x150 ./GPIO.o
 .debug_frame   0x00000150       0x98 ./keypad.o
 .debug_frame   0x000001e8      0x264 ./main.o
 .debug_frame   0x0000044c       0x9c ./tm4c123gh6pm_startup_ccs_gcc.o
 .debug_frame   0x000004e8       0x30 c:/ti/ccs1250/ccs/tools/compiler/gcc-arm-none-eabi-9-2019-q4-major/bin/../lib/gcc/arm-none-eabi/9.2.1/../../../../arm-none-eabi/lib/thumb/v7e-m/nofp\libg.a(lib_a-atoi.o)
 .debug_frame   0x00000518       0x28 c:/ti/ccs1250/ccs/tools/compiler/gcc-arm-none-eabi-9-2019-q4-major/bin/../lib/gcc/arm-none-eabi/9.2.1/../../../../arm-none-eabi/lib/thumb/v7e-m/nofp\libg.a(lib_a-exit.o)
 .debug_frame   0x00000540       0x2c c:/ti/ccs1250/ccs/tools/compiler/gcc-arm-none-eabi-9-2019-q4-major/bin/../lib/gcc/arm-none-eabi/9.2.1/../../../../arm-none-eabi/lib/thumb/v7e-m/nofp\libg.a(lib_a-init.o)
 .debug_frame   0x0000056c       0x38 c:/ti/ccs1250/ccs/tools/compiler/gcc-arm-none-eabi-9-2019-q4-major/bin/../lib/gcc/arm-none-eabi/9.2.1/../../../../arm-none-eabi/lib/thumb/v7e-m/nofp\libg.a(lib_a-memset.o)
 .debug_frame   0x000005a4       0x68 c:/ti/ccs1250/ccs/tools/compiler/gcc-arm-none-eabi-9-2019-q4-major/bin/../lib/gcc/arm-none-eabi/9.2.1/../../../../arm-none-eabi/lib/thumb/v7e-m/nofp\libg.a(lib_a-strcmp.o)
 .debug_frame   0x0000060c       0x80 c:/ti/ccs1250/ccs/tools/compiler/gcc-arm-none-eabi-9-2019-q4-major/bin/../lib/gcc/arm-none-eabi/9.2.1/../../../../arm-none-eabi/lib/thumb/v7e-m/nofp\libg.a(lib_a-strtol.o)
 .debug_frame   0x0000068c       0x5c c:/ti/ccs1250/ccs/tools/compiler/gcc-arm-none-eabi-9-2019-q4-major/bin/../lib/gcc/arm-none-eabi/9.2.1/../../../../arm-none-eabi/lib/thumb/v7e-m/nofp\libg.a(lib_a-__call_atexit.o)
 .debug_frame   0x000006e8       0x20 c:/ti/ccs1250/ccs/tools/compiler/gcc-arm-none-eabi-9-2019-q4-major/bin/../lib/gcc/arm-none-eabi/9.2.1/../../../../arm-none-eabi/lib/thumb/v7e-m/nofp\libg.a(lib_a-atexit.o)
 .debug_frame   0x00000708       0x34 c:/ti/ccs1250/ccs/tools/compiler/gcc-arm-none-eabi-9-2019-q4-major/bin/../lib/gcc/arm-none-eabi/9.2.1/../../../../arm-none-eabi/lib/thumb/v7e-m/nofp\libg.a(lib_a-fini.o)
 .debug_frame   0x0000073c       0xb0 c:/ti/ccs1250/ccs/tools/compiler/gcc-arm-none-eabi-9-2019-q4-major/bin/../lib/gcc/arm-none-eabi/9.2.1/../../../../arm-none-eabi/lib/thumb/v7e-m/nofp\libg.a(lib_a-lock.o)
 .debug_frame   0x000007ec       0x34 c:/ti/ccs1250/ccs/tools/compiler/gcc-arm-none-eabi-9-2019-q4-major/bin/../lib/gcc/arm-none-eabi/9.2.1/../../../../arm-none-eabi/lib/thumb/v7e-m/nofp\libg.a(lib_a-__atexit.o)
 .debug_frame   0x00000820       0x20 c:/ti/ccs1250/ccs/tools/compiler/gcc-arm-none-eabi-9-2019-q4-major/bin/../lib/gcc/arm-none-eabi/9.2.1/../../../../arm-none-eabi/lib/thumb/v7e-m/nofp\libnosys.a(_exit.o)
