Archive member included to satisfy reference by file (symbol)

C:/Users/basat/Downloads/uart/uart/libdriver.a(gpio.o)
                              ./main.o (GPIOPinTypeGPIOOutput)
C:/Users/basat/Downloads/uart/uart/libdriver.a(interrupt.o)
                              C:/Users/basat/Downloads/uart/uart/libdriver.a(gpio.o) (IntRegister)
C:/Users/basat/Downloads/uart/uart/libdriver.a(sysctl.o)
                              ./main.o (SysCtlPeripheralEnable)
C:/Users/basat/Downloads/uart/uart/libdriver.a(systick.o)
                              ./main.o (SysTickEnable)
C:/Users/basat/Downloads/uart/uart/libdriver.a(uart.o)
                              ./main.o (UARTConfigSetExpClk)
C:/Users/basat/Downloads/uart/uart/libdriver.a(cpu.o)
                              C:/Users/basat/Downloads/uart/uart/libdriver.a(interrupt.o) (CPUcpsid)
c:/ti/ccs1250/ccs/tools/compiler/gcc-arm-none-eabi-9-2019-q4-major/bin/../lib/gcc/arm-none-eabi/9.2.1/../../../../arm-none-eabi/lib/thumb/v7e-m/nofp\libg.a(lib_a-exit.o)
                              c:/ti/ccs1250/ccs/tools/compiler/gcc-arm-none-eabi-9-2019-q4-major/bin/../lib/gcc/arm-none-eabi/9.2.1/../../../../arm-none-eabi/lib/thumb/v7e-m/nofp/crt0.o (exit)
c:/ti/ccs1250/ccs/tools/compiler/gcc-arm-none-eabi-9-2019-q4-major/bin/../lib/gcc/arm-none-eabi/9.2.1/../../../../arm-none-eabi/lib/thumb/v7e-m/nofp\libg.a(lib_a-impure.o)
                              c:/ti/ccs1250/ccs/tools/compiler/gcc-arm-none-eabi-9-2019-q4-major/bin/../lib/gcc/arm-none-eabi/9.2.1/../../../../arm-none-eabi/lib/thumb/v7e-m/nofp\libg.a(lib_a-exit.o) (_global_impure_ptr)
c:/ti/ccs1250/ccs/tools/compiler/gcc-arm-none-eabi-9-2019-q4-major/bin/../lib/gcc/arm-none-eabi/9.2.1/../../../../arm-none-eabi/lib/thumb/v7e-m/nofp\libg.a(lib_a-init.o)
                              c:/ti/ccs1250/ccs/tools/compiler/gcc-arm-none-eabi-9-2019-q4-major/bin/../lib/gcc/arm-none-eabi/9.2.1/../../../../arm-none-eabi/lib/thumb/v7e-m/nofp/crt0.o (__libc_init_array)
c:/ti/ccs1250/ccs/tools/compiler/gcc-arm-none-eabi-9-2019-q4-major/bin/../lib/gcc/arm-none-eabi/9.2.1/../../../../arm-none-eabi/lib/thumb/v7e-m/nofp\libg.a(lib_a-memcpy.o)
                              ./main.o (memcpy)
c:/ti/ccs1250/ccs/tools/compiler/gcc-arm-none-eabi-9-2019-q4-major/bin/../lib/gcc/arm-none-eabi/9.2.1/../../../../arm-none-eabi/lib/thumb/v7e-m/nofp\libg.a(lib_a-memset.o)
                              c:/ti/ccs1250/ccs/tools/compiler/gcc-arm-none-eabi-9-2019-q4-major/bin/../lib/gcc/arm-none-eabi/9.2.1/../../../../arm-none-eabi/lib/thumb/v7e-m/nofp/crt0.o (memset)
c:/ti/ccs1250/ccs/tools/compiler/gcc-arm-none-eabi-9-2019-q4-major/bin/../lib/gcc/arm-none-eabi/9.2.1/../../../../arm-none-eabi/lib/thumb/v7e-m/nofp\libg.a(lib_a-strcmp.o)
                              ./main.o (strcmp)
c:/ti/ccs1250/ccs/tools/compiler/gcc-arm-none-eabi-9-2019-q4-major/bin/../lib/gcc/arm-none-eabi/9.2.1/../../../../arm-none-eabi/lib/thumb/v7e-m/nofp\libg.a(lib_a-__call_atexit.o)
                              c:/ti/ccs1250/ccs/tools/compiler/gcc-arm-none-eabi-9-2019-q4-major/bin/../lib/gcc/arm-none-eabi/9.2.1/../../../../arm-none-eabi/lib/thumb/v7e-m/nofp\libg.a(lib_a-exit.o) (__call_exitprocs)
c:/ti/ccs1250/ccs/tools/compiler/gcc-arm-none-eabi-9-2019-q4-major/bin/../lib/gcc/arm-none-eabi/9.2.1/../../../../arm-none-eabi/lib/thumb/v7e-m/nofp\libg.a(lib_a-atexit.o)
                              c:/ti/ccs1250/ccs/tools/compiler/gcc-arm-none-eabi-9-2019-q4-major/bin/../lib/gcc/arm-none-eabi/9.2.1/../../../../arm-none-eabi/lib/thumb/v7e-m/nofp\libg.a(lib_a-__call_atexit.o) (atexit)
c:/ti/ccs1250/ccs/tools/compiler/gcc-arm-none-eabi-9-2019-q4-major/bin/../lib/gcc/arm-none-eabi/9.2.1/../../../../arm-none-eabi/lib/thumb/v7e-m/nofp\libg.a(lib_a-fini.o)
                              c:/ti/ccs1250/ccs/tools/compiler/gcc-arm-none-eabi-9-2019-q4-major/bin/../lib/gcc/arm-none-eabi/9.2.1/../../../../arm-none-eabi/lib/thumb/v7e-m/nofp\libg.a(lib_a-__call_atexit.o) (__libc_fini_array)
c:/ti/ccs1250/ccs/tools/compiler/gcc-arm-none-eabi-9-2019-q4-major/bin/../lib/gcc/arm-none-eabi/9.2.1/../../../../arm-none-eabi/lib/thumb/v7e-m/nofp\libg.a(lib_a-lock.o)
                              c:/ti/ccs1250/ccs/tools/compiler/gcc-arm-none-eabi-9-2019-q4-major/bin/../lib/gcc/arm-none-eabi/9.2.1/../../../../arm-none-eabi/lib/thumb/v7e-m/nofp\libg.a(lib_a-__call_atexit.o) (__retarget_lock_acquire_recursive)
c:/ti/ccs1250/ccs/tools/compiler/gcc-arm-none-eabi-9-2019-q4-major/bin/../lib/gcc/arm-none-eabi/9.2.1/../../../../arm-none-eabi/lib/thumb/v7e-m/nofp\libg.a(lib_a-__atexit.o)
                              c:/ti/ccs1250/ccs/tools/compiler/gcc-arm-none-eabi-9-2019-q4-major/bin/../lib/gcc/arm-none-eabi/9.2.1/../../../../arm-none-eabi/lib/thumb/v7e-m/nofp\libg.a(lib_a-atexit.o) (__register_exitproc)
c:/ti/ccs1250/ccs/tools/compiler/gcc-arm-none-eabi-9-2019-q4-major/bin/../lib/gcc/arm-none-eabi/9.2.1/../../../../arm-none-eabi/lib/thumb/v7e-m/nofp\libnosys.a(_exit.o)
                              c:/ti/ccs1250/ccs/tools/compiler/gcc-arm-none-eabi-9-2019-q4-major/bin/../lib/gcc/arm-none-eabi/9.2.1/../../../../arm-none-eabi/lib/thumb/v7e-m/nofp\libg.a(lib_a-exit.o) (_exit)

Allocating common symbols
Common symbol       size              file

__lock___atexit_recursive_mutex
                    0x1               c:/ti/ccs1250/ccs/tools/compiler/gcc-arm-none-eabi-9-2019-q4-major/bin/../lib/gcc/arm-none-eabi/9.2.1/../../../../arm-none-eabi/lib/thumb/v7e-m/nofp\libg.a(lib_a-lock.o)
__lock___arc4random_mutex
                    0x1               c:/ti/ccs1250/ccs/tools/compiler/gcc-arm-none-eabi-9-2019-q4-major/bin/../lib/gcc/arm-none-eabi/9.2.1/../../../../arm-none-eabi/lib/thumb/v7e-m/nofp\libg.a(lib_a-lock.o)
parsed_cmnd1        0x5               ./main.o
start_version       0x4               ./main.o
mem_string          0xa               ./main.o
__lock___env_recursive_mutex
                    0x1               c:/ti/ccs1250/ccs/tools/compiler/gcc-arm-none-eabi-9-2019-q4-major/bin/../lib/gcc/arm-none-eabi/9.2.1/../../../../arm-none-eabi/lib/thumb/v7e-m/nofp\libg.a(lib_a-lock.o)
__lock___sinit_recursive_mutex
                    0x1               c:/ti/ccs1250/ccs/tools/compiler/gcc-arm-none-eabi-9-2019-q4-major/bin/../lib/gcc/arm-none-eabi/9.2.1/../../../../arm-none-eabi/lib/thumb/v7e-m/nofp\libg.a(lib_a-lock.o)
modify_cmnd         0x1e              ./main.o
__lock___malloc_recursive_mutex
                    0x1               c:/ti/ccs1250/ccs/tools/compiler/gcc-arm-none-eabi-9-2019-q4-major/bin/../lib/gcc/arm-none-eabi/9.2.1/../../../../arm-none-eabi/lib/thumb/v7e-m/nofp\libg.a(lib_a-lock.o)
rx_val              0x1e              ./main.o
parsed_cmnd2        0x7               ./main.o
end_version         0x4               ./main.o
command_rxd         0x4               ./main.o
__lock___at_quick_exit_mutex
                    0x1               c:/ti/ccs1250/ccs/tools/compiler/gcc-arm-none-eabi-9-2019-q4-major/bin/../lib/gcc/arm-none-eabi/9.2.1/../../../../arm-none-eabi/lib/thumb/v7e-m/nofp\libg.a(lib_a-lock.o)
str                 0x14              ./keypad.o
parsed_data         0xc               ./main.o
__lock___dd_hash_mutex
                    0x1               c:/ti/ccs1250/ccs/tools/compiler/gcc-arm-none-eabi-9-2019-q4-major/bin/../lib/gcc/arm-none-eabi/9.2.1/../../../../arm-none-eabi/lib/thumb/v7e-m/nofp\libg.a(lib_a-lock.o)
__lock___tz_mutex   0x1               c:/ti/ccs1250/ccs/tools/compiler/gcc-arm-none-eabi-9-2019-q4-major/bin/../lib/gcc/arm-none-eabi/9.2.1/../../../../arm-none-eabi/lib/thumb/v7e-m/nofp\libg.a(lib_a-lock.o)
parsed_cmnd         0x6               ./main.o
__lock___sfp_recursive_mutex
                    0x1               c:/ti/ccs1250/ccs/tools/compiler/gcc-arm-none-eabi-9-2019-q4-major/bin/../lib/gcc/arm-none-eabi/9.2.1/../../../../arm-none-eabi/lib/thumb/v7e-m/nofp\libg.a(lib_a-lock.o)

Memory Configuration

Name             Origin             Length             Attributes
FLASH            0x00000000         0x00040000         xr
SRAM             0x20000000         0x00008000         xw
*default*        0x00000000         0xffffffff

Linker script and memory map

LOAD c:/ti/ccs1250/ccs/tools/compiler/gcc-arm-none-eabi-9-2019-q4-major/bin/../lib/gcc/arm-none-eabi/9.2.1/thumb/v7e-m/nofp/crti.o
LOAD c:/ti/ccs1250/ccs/tools/compiler/gcc-arm-none-eabi-9-2019-q4-major/bin/../lib/gcc/arm-none-eabi/9.2.1/thumb/v7e-m/nofp/crtbegin.o
LOAD c:/ti/ccs1250/ccs/tools/compiler/gcc-arm-none-eabi-9-2019-q4-major/bin/../lib/gcc/arm-none-eabi/9.2.1/../../../../arm-none-eabi/lib/thumb/v7e-m/nofp/crt0.o
LOAD ./GPIO.o
LOAD ./keypad.o
LOAD ./main.o
LOAD ./tm4c123gh6pm_startup_ccs_gcc.o
                0x00000000                PROVIDE (_intvecs_base_address = 0x0)

.intvecs        0x00000000      0x26c
 *(.intvecs)
 .intvecs       0x00000000      0x26c ./tm4c123gh6pm_startup_ccs_gcc.o
                0x00000000                g_pfnVectors
                0x20000000                PROVIDE (_vtable_base_address = 0x20000000)

.vtable
 *(.vtable)

.text           0x00000280     0x3a60
 CREATE_OBJECT_SYMBOLS
 *(.text)
 .text          0x00000280        0x0 c:/ti/ccs1250/ccs/tools/compiler/gcc-arm-none-eabi-9-2019-q4-major/bin/../lib/gcc/arm-none-eabi/9.2.1/thumb/v7e-m/nofp/crti.o
 .text          0x00000280       0x40 c:/ti/ccs1250/ccs/tools/compiler/gcc-arm-none-eabi-9-2019-q4-major/bin/../lib/gcc/arm-none-eabi/9.2.1/thumb/v7e-m/nofp/crtbegin.o
 .text          0x000002c0       0x74 c:/ti/ccs1250/ccs/tools/compiler/gcc-arm-none-eabi-9-2019-q4-major/bin/../lib/gcc/arm-none-eabi/9.2.1/../../../../arm-none-eabi/lib/thumb/v7e-m/nofp/crt0.o
                0x000002c0                _start
                0x000002c0                _mainCRTStartup
 .text          0x00000334        0x0 ./GPIO.o
 .text          0x00000334        0x0 ./keypad.o
 .text          0x00000334        0x0 ./main.o
 .text          0x00000334        0x0 ./tm4c123gh6pm_startup_ccs_gcc.o
 .text          0x00000334        0x0 C:/Users/basat/Downloads/uart/uart/libdriver.a(gpio.o)
 .text          0x00000334        0x0 C:/Users/basat/Downloads/uart/uart/libdriver.a(interrupt.o)
 .text          0x00000334        0x0 C:/Users/basat/Downloads/uart/uart/libdriver.a(sysctl.o)
 .text          0x00000334        0x0 C:/Users/basat/Downloads/uart/uart/libdriver.a(systick.o)
 .text          0x00000334        0x0 C:/Users/basat/Downloads/uart/uart/libdriver.a(uart.o)
 .text          0x00000334        0x0 C:/Users/basat/Downloads/uart/uart/libdriver.a(cpu.o)
 .text          0x00000334        0x0 c:/ti/ccs1250/ccs/tools/compiler/gcc-arm-none-eabi-9-2019-q4-major/bin/../lib/gcc/arm-none-eabi/9.2.1/../../../../arm-none-eabi/lib/thumb/v7e-m/nofp\libg.a(lib_a-exit.o)
 .text          0x00000334        0x0 c:/ti/ccs1250/ccs/tools/compiler/gcc-arm-none-eabi-9-2019-q4-major/bin/../lib/gcc/arm-none-eabi/9.2.1/../../../../arm-none-eabi/lib/thumb/v7e-m/nofp\libg.a(lib_a-impure.o)
 .text          0x00000334        0x0 c:/ti/ccs1250/ccs/tools/compiler/gcc-arm-none-eabi-9-2019-q4-major/bin/../lib/gcc/arm-none-eabi/9.2.1/../../../../arm-none-eabi/lib/thumb/v7e-m/nofp\libg.a(lib_a-init.o)
 .text          0x00000334      0x134 c:/ti/ccs1250/ccs/tools/compiler/gcc-arm-none-eabi-9-2019-q4-major/bin/../lib/gcc/arm-none-eabi/9.2.1/../../../../arm-none-eabi/lib/thumb/v7e-m/nofp\libg.a(lib_a-memcpy.o)
                0x00000334                memcpy
 .text          0x00000468        0x0 c:/ti/ccs1250/ccs/tools/compiler/gcc-arm-none-eabi-9-2019-q4-major/bin/../lib/gcc/arm-none-eabi/9.2.1/../../../../arm-none-eabi/lib/thumb/v7e-m/nofp\libg.a(lib_a-memset.o)
 *fill*         0x00000468       0x18 
 .text          0x00000480      0x2dc c:/ti/ccs1250/ccs/tools/compiler/gcc-arm-none-eabi-9-2019-q4-major/bin/../lib/gcc/arm-none-eabi/9.2.1/../../../../arm-none-eabi/lib/thumb/v7e-m/nofp\libg.a(lib_a-strcmp.o)
                0x00000488                strcmp
 .text          0x0000075c        0x0 c:/ti/ccs1250/ccs/tools/compiler/gcc-arm-none-eabi-9-2019-q4-major/bin/../lib/gcc/arm-none-eabi/9.2.1/../../../../arm-none-eabi/lib/thumb/v7e-m/nofp\libg.a(lib_a-__call_atexit.o)
 .text          0x0000075c        0x0 c:/ti/ccs1250/ccs/tools/compiler/gcc-arm-none-eabi-9-2019-q4-major/bin/../lib/gcc/arm-none-eabi/9.2.1/../../../../arm-none-eabi/lib/thumb/v7e-m/nofp\libg.a(lib_a-atexit.o)
 .text          0x0000075c        0x0 c:/ti/ccs1250/ccs/tools/compiler/gcc-arm-none-eabi-9-2019-q4-major/bin/../lib/gcc/arm-none-eabi/9.2.1/../../../../arm-none-eabi/lib/thumb/v7e-m/nofp\libg.a(lib_a-fini.o)
 .text          0x0000075c        0x0 c:/ti/ccs1250/ccs/tools/compiler/gcc-arm-none-eabi-9-2019-q4-major/bin/../lib/gcc/arm-none-eabi/9.2.1/../../../../arm-none-eabi/lib/thumb/v7e-m/nofp\libg.a(lib_a-lock.o)
 .text          0x0000075c        0x0 c:/ti/ccs1250/ccs/tools/compiler/gcc-arm-none-eabi-9-2019-q4-major/bin/../lib/gcc/arm-none-eabi/9.2.1/../../../../arm-none-eabi/lib/thumb/v7e-m/nofp\libg.a(lib_a-__atexit.o)
 .text          0x0000075c        0x0 c:/ti/ccs1250/ccs/tools/compiler/gcc-arm-none-eabi-9-2019-q4-major/bin/../lib/gcc/arm-none-eabi/9.2.1/../../../../arm-none-eabi/lib/thumb/v7e-m/nofp\libnosys.a(_exit.o)
 .text          0x0000075c        0x0 c:/ti/ccs1250/ccs/tools/compiler/gcc-arm-none-eabi-9-2019-q4-major/bin/../lib/gcc/arm-none-eabi/9.2.1/thumb/v7e-m/nofp/crtend.o
 .text          0x0000075c        0x0 c:/ti/ccs1250/ccs/tools/compiler/gcc-arm-none-eabi-9-2019-q4-major/bin/../lib/gcc/arm-none-eabi/9.2.1/thumb/v7e-m/nofp/crtn.o
 *(.text.*)
 .text.GPIOA_INIT
                0x0000075c       0x90 ./GPIO.o
                0x0000075c                GPIOA_INIT
 .text.GPIOB_INIT
                0x000007ec       0x98 ./GPIO.o
                0x000007ec                GPIOB_INIT
 .text.GPIOC_INIT
                0x00000884       0x6c ./GPIO.o
                0x00000884                GPIOC_INIT
 .text.GPIOD_INIT
                0x000008f0       0x84 ./GPIO.o
                0x000008f0                GPIOD_INIT
 .text.GPIOE_INIT
                0x00000974       0x58 ./GPIO.o
                0x00000974                GPIOE_INIT
 .text.GPIOF_INIT
                0x000009cc       0xc0 ./GPIO.o
                0x000009cc                GPIOF_INIT
 .text.GPIOPortA_Handler
                0x00000a8c        0xc ./GPIO.o
                0x00000a8c                GPIOPortA_Handler
 .text.GPIOPortB_Handler
                0x00000a98        0xc ./GPIO.o
                0x00000a98                GPIOPortB_Handler
 .text.GPIOPortC_Handler
                0x00000aa4        0xc ./GPIO.o
                0x00000aa4                GPIOPortC_Handler
 .text.GPIOPortF_Handler
                0x00000ab0        0xc ./GPIO.o
                0x00000ab0                GPIOPortF_Handler
 .text.keypad_init
                0x00000abc       0x1c ./keypad.o
                0x00000abc                keypad_init
 .text.isKeyPressed
                0x00000ad8       0x2c ./keypad.o
                0x00000ad8                isKeyPressed
 .text.readkey  0x00000b04       0xb8 ./keypad.o
                0x00000b04                readkey
 .text.delay_1_Ms
                0x00000bbc       0x3a ./keypad.o
                0x00000bbc                delay_1_Ms
 *fill*         0x00000bf6        0x2 
 .text.SysTick_Handler
                0x00000bf8       0x80 ./main.o
                0x00000bf8                SysTick_Handler
 .text.SSD_init
                0x00000c78       0x5c ./main.o
                0x00000c78                SSD_init
 .text.check_win
                0x00000cd4      0x14c ./main.o
                0x00000cd4                check_win
 .text.main     0x00000e20      0x5d4 ./main.o
                0x00000e20                main
 .text.SSD_Display
                0x000013f4      0x354 ./main.o
                0x000013f4                SSD_Display
 .text.UART0_Transmitter
                0x00001748       0x30 ./main.o
                0x00001748                UART0_Transmitter
 .text.printstring
                0x00001778       0x2a ./main.o
                0x00001778                printstring
 *fill*         0x000017a2        0x2 
 .text.command_parser
                0x000017a4      0x59c ./main.o
                0x000017a4                command_parser
 .text.delayMs  0x00001d40      0x2e4 ./main.o
                0x00001d40                delayMs
 .text.wait     0x00002024       0x3e ./main.o
                0x00002024                wait
 .text.delay_lcd
                0x00002062       0x3e ./main.o
                0x00002062                delay_lcd
 .text.LCD_Initialization
                0x000020a0       0xe4 ./main.o
                0x000020a0                LCD_Initialization
 .text.writeStringLCD
                0x00002184       0x9c ./main.o
                0x00002184                writeStringLCD
 .text.InstrEnablePulse
                0x00002220       0x24 ./main.o
                0x00002220                InstrEnablePulse
 .text.DataEnablePulse
                0x00002244       0x24 ./main.o
                0x00002244                DataEnablePulse
 .text.ClearLCD
                0x00002268       0x18 ./main.o
                0x00002268                ClearLCD
 .text.ResetISR
                0x00002280       0x6c ./tm4c123gh6pm_startup_ccs_gcc.o
                0x00002280                ResetISR
 .text.NmiSR    0x000022ec        0x6 ./tm4c123gh6pm_startup_ccs_gcc.o
 .text.FaultISR
                0x000022f2        0x6 ./tm4c123gh6pm_startup_ccs_gcc.o
 .text.IntDefaultHandler
                0x000022f8        0x6 ./tm4c123gh6pm_startup_ccs_gcc.o
 *fill*         0x000022fe        0x2 
 .text.GPIOPortF_Handler
                0x00002300       0xdc ./tm4c123gh6pm_startup_ccs_gcc.o
 .text.GPIOPortC_Handler
                0x000023dc       0x7c ./tm4c123gh6pm_startup_ccs_gcc.o
 .text._GPIOIntNumberGet
                0x00002458       0x44 C:/Users/basat/Downloads/uart/uart/libdriver.a(gpio.o)
 .text.GPIODirModeSet
                0x0000249c       0x26 C:/Users/basat/Downloads/uart/uart/libdriver.a(gpio.o)
                0x0000249c                GPIODirModeSet
 .text.GPIODirModeGet
                0x000024c2       0x26 C:/Users/basat/Downloads/uart/uart/libdriver.a(gpio.o)
                0x000024c2                GPIODirModeGet
 .text.GPIOIntTypeSet
                0x000024e8       0x4e C:/Users/basat/Downloads/uart/uart/libdriver.a(gpio.o)
                0x000024e8                GPIOIntTypeSet
 .text.GPIOIntTypeGet
                0x00002536       0x40 C:/Users/basat/Downloads/uart/uart/libdriver.a(gpio.o)
                0x00002536                GPIOIntTypeGet
 .text.GPIOPadConfigSet
                0x00002576      0x106 C:/Users/basat/Downloads/uart/uart/libdriver.a(gpio.o)
                0x00002576                GPIOPadConfigSet
 .text.GPIOPadConfigGet
                0x0000267c       0xd0 C:/Users/basat/Downloads/uart/uart/libdriver.a(gpio.o)
                0x0000267c                GPIOPadConfigGet
 .text.GPIOIntEnable
                0x0000274c        0xc C:/Users/basat/Downloads/uart/uart/libdriver.a(gpio.o)
                0x0000274c                GPIOIntEnable
 .text.GPIOIntDisable
                0x00002758        0xe C:/Users/basat/Downloads/uart/uart/libdriver.a(gpio.o)
                0x00002758                GPIOIntDisable
 .text.GPIOIntStatus
                0x00002766        0xe C:/Users/basat/Downloads/uart/uart/libdriver.a(gpio.o)
                0x00002766                GPIOIntStatus
 .text.GPIOIntClear
                0x00002774        0x6 C:/Users/basat/Downloads/uart/uart/libdriver.a(gpio.o)
                0x00002774                GPIOIntClear
 .text.GPIOIntRegister
                0x0000277a       0x1c C:/Users/basat/Downloads/uart/uart/libdriver.a(gpio.o)
                0x0000277a                GPIOIntRegister
 .text.GPIOIntUnregister
                0x00002796       0x16 C:/Users/basat/Downloads/uart/uart/libdriver.a(gpio.o)
                0x00002796                GPIOIntUnregister
 .text.GPIOPinRead
                0x000027ac        0x6 C:/Users/basat/Downloads/uart/uart/libdriver.a(gpio.o)
                0x000027ac                GPIOPinRead
 .text.GPIOPinWrite
                0x000027b2        0x6 C:/Users/basat/Downloads/uart/uart/libdriver.a(gpio.o)
                0x000027b2                GPIOPinWrite
 .text.GPIOPinTypeADC
                0x000027b8       0x18 C:/Users/basat/Downloads/uart/uart/libdriver.a(gpio.o)
                0x000027b8                GPIOPinTypeADC
 .text.GPIOPinTypeCAN
                0x000027d0       0x18 C:/Users/basat/Downloads/uart/uart/libdriver.a(gpio.o)
                0x000027d0                GPIOPinTypeCAN
 .text.GPIOPinTypeComparator
                0x000027e8        0x4 C:/Users/basat/Downloads/uart/uart/libdriver.a(gpio.o)
                0x000027e8                GPIOPinTypeComparator
 .text.GPIOPinTypeEPI
                0x000027ec        0x4 C:/Users/basat/Downloads/uart/uart/libdriver.a(gpio.o)
                0x000027ec                GPIOPinTypeEPI
 .text.GPIOPinTypeEthernetLED
                0x000027f0        0x4 C:/Users/basat/Downloads/uart/uart/libdriver.a(gpio.o)
                0x000027f0                GPIOPinTypeEthernetLED
 .text.GPIOPinTypeEthernetMII
                0x000027f4        0x4 C:/Users/basat/Downloads/uart/uart/libdriver.a(gpio.o)
                0x000027f4                GPIOPinTypeEthernetMII
 .text.GPIOPinTypeGPIOInput
                0x000027f8       0x18 C:/Users/basat/Downloads/uart/uart/libdriver.a(gpio.o)
                0x000027f8                GPIOPinTypeGPIOInput
 .text.GPIOPinTypeGPIOOutput
                0x00002810       0x18 C:/Users/basat/Downloads/uart/uart/libdriver.a(gpio.o)
                0x00002810                GPIOPinTypeGPIOOutput
 .text.GPIOPinTypeGPIOOutputOD
                0x00002828       0x18 C:/Users/basat/Downloads/uart/uart/libdriver.a(gpio.o)
                0x00002828                GPIOPinTypeGPIOOutputOD
 .text.GPIOPinTypeI2C
                0x00002840       0x18 C:/Users/basat/Downloads/uart/uart/libdriver.a(gpio.o)
                0x00002840                GPIOPinTypeI2C
 .text.GPIOPinTypeI2CSCL
                0x00002858       0x18 C:/Users/basat/Downloads/uart/uart/libdriver.a(gpio.o)
                0x00002858                GPIOPinTypeI2CSCL
 .text.GPIOPinTypeLCD
                0x00002870        0x4 C:/Users/basat/Downloads/uart/uart/libdriver.a(gpio.o)
                0x00002870                GPIOPinTypeLCD
 .text.GPIOPinTypeLPC
                0x00002874        0x4 C:/Users/basat/Downloads/uart/uart/libdriver.a(gpio.o)
                0x00002874                GPIOPinTypeLPC
 .text.GPIOPinTypePECIRx
                0x00002878        0x4 C:/Users/basat/Downloads/uart/uart/libdriver.a(gpio.o)
                0x00002878                GPIOPinTypePECIRx
 .text.GPIOPinTypePECITx
                0x0000287c        0x4 C:/Users/basat/Downloads/uart/uart/libdriver.a(gpio.o)
                0x0000287c                GPIOPinTypePECITx
 .text.GPIOPinTypePWM
                0x00002880        0x4 C:/Users/basat/Downloads/uart/uart/libdriver.a(gpio.o)
                0x00002880                GPIOPinTypePWM
 .text.GPIOPinTypeQEI
                0x00002884       0x18 C:/Users/basat/Downloads/uart/uart/libdriver.a(gpio.o)
                0x00002884                GPIOPinTypeQEI
 .text.GPIOPinTypeSSI
                0x0000289c        0x4 C:/Users/basat/Downloads/uart/uart/libdriver.a(gpio.o)
                0x0000289c                GPIOPinTypeSSI
 .text.GPIOPinTypeTimer
                0x000028a0        0x4 C:/Users/basat/Downloads/uart/uart/libdriver.a(gpio.o)
                0x000028a0                GPIOPinTypeTimer
 .text.GPIOPinTypeUART
                0x000028a4        0x4 C:/Users/basat/Downloads/uart/uart/libdriver.a(gpio.o)
                0x000028a4                GPIOPinTypeUART
 .text.GPIOPinTypeUSBAnalog
                0x000028a8        0x4 C:/Users/basat/Downloads/uart/uart/libdriver.a(gpio.o)
                0x000028a8                GPIOPinTypeUSBAnalog
 .text.GPIOPinTypeUSBDigital
                0x000028ac        0x4 C:/Users/basat/Downloads/uart/uart/libdriver.a(gpio.o)
                0x000028ac                GPIOPinTypeUSBDigital
 .text.GPIOPinTypeWakeHigh
                0x000028b0       0x1a C:/Users/basat/Downloads/uart/uart/libdriver.a(gpio.o)
                0x000028b0                GPIOPinTypeWakeHigh
 .text.GPIOPinTypeWakeLow
                0x000028ca       0x1a C:/Users/basat/Downloads/uart/uart/libdriver.a(gpio.o)
                0x000028ca                GPIOPinTypeWakeLow
 .text.GPIOPinTypeKBRow
                0x000028e4        0x4 C:/Users/basat/Downloads/uart/uart/libdriver.a(gpio.o)
                0x000028e4                GPIOPinTypeKBRow
 .text.GPIOPinTypeKBColumn
                0x000028e8        0x4 C:/Users/basat/Downloads/uart/uart/libdriver.a(gpio.o)
                0x000028e8                GPIOPinTypeKBColumn
 .text.GPIOPinTypeLEDSeq
                0x000028ec        0x4 C:/Users/basat/Downloads/uart/uart/libdriver.a(gpio.o)
                0x000028ec                GPIOPinTypeLEDSeq
 .text.GPIOPinTypeCIR
                0x000028f0        0x4 C:/Users/basat/Downloads/uart/uart/libdriver.a(gpio.o)
                0x000028f0                GPIOPinTypeCIR
 .text.GPIOPinWakeStatus
                0x000028f4        0x6 C:/Users/basat/Downloads/uart/uart/libdriver.a(gpio.o)
                0x000028f4                GPIOPinWakeStatus
 *fill*         0x000028fa        0x2 
 .text.GPIOPinConfigure
                0x000028fc       0x44 C:/Users/basat/Downloads/uart/uart/libdriver.a(gpio.o)
                0x000028fc                GPIOPinConfigure
 .text.GPIODMATriggerEnable
                0x00002940        0xc C:/Users/basat/Downloads/uart/uart/libdriver.a(gpio.o)
                0x00002940                GPIODMATriggerEnable
 .text.GPIODMATriggerDisable
                0x0000294c        0xe C:/Users/basat/Downloads/uart/uart/libdriver.a(gpio.o)
                0x0000294c                GPIODMATriggerDisable
 .text.GPIOADCTriggerEnable
                0x0000295a        0xc C:/Users/basat/Downloads/uart/uart/libdriver.a(gpio.o)
                0x0000295a                GPIOADCTriggerEnable
 .text.GPIOADCTriggerDisable
                0x00002966        0xe C:/Users/basat/Downloads/uart/uart/libdriver.a(gpio.o)
                0x00002966                GPIOADCTriggerDisable
 .text._IntDefaultHandler
                0x00002974        0x2 C:/Users/basat/Downloads/uart/uart/libdriver.a(interrupt.o)
 .text.IntMasterEnable
                0x00002976        0xe C:/Users/basat/Downloads/uart/uart/libdriver.a(interrupt.o)
                0x00002976                IntMasterEnable
 .text.IntMasterDisable
                0x00002984        0xe C:/Users/basat/Downloads/uart/uart/libdriver.a(interrupt.o)
                0x00002984                IntMasterDisable
 *fill*         0x00002992        0x2 
 .text.IntRegister
                0x00002994       0x38 C:/Users/basat/Downloads/uart/uart/libdriver.a(interrupt.o)
                0x00002994                IntRegister
 .text.IntUnregister
                0x000029cc       0x14 C:/Users/basat/Downloads/uart/uart/libdriver.a(interrupt.o)
                0x000029cc                IntUnregister
 .text.IntPriorityGroupingSet
                0x000029e0       0x1c C:/Users/basat/Downloads/uart/uart/libdriver.a(interrupt.o)
                0x000029e0                IntPriorityGroupingSet
 .text.IntPriorityGroupingGet
                0x000029fc       0x24 C:/Users/basat/Downloads/uart/uart/libdriver.a(interrupt.o)
                0x000029fc                IntPriorityGroupingGet
 .text.IntPrioritySet
                0x00002a20       0x28 C:/Users/basat/Downloads/uart/uart/libdriver.a(interrupt.o)
                0x00002a20                IntPrioritySet
 .text.IntPriorityGet
                0x00002a48       0x1c C:/Users/basat/Downloads/uart/uart/libdriver.a(interrupt.o)
                0x00002a48                IntPriorityGet
 .text.IntEnable
                0x00002a64       0x60 C:/Users/basat/Downloads/uart/uart/libdriver.a(interrupt.o)
                0x00002a64                IntEnable
 .text.IntDisable
                0x00002ac4       0x60 C:/Users/basat/Downloads/uart/uart/libdriver.a(interrupt.o)
                0x00002ac4                IntDisable
 .text.IntIsEnabled
                0x00002b24       0x64 C:/Users/basat/Downloads/uart/uart/libdriver.a(interrupt.o)
                0x00002b24                IntIsEnabled
 .text.IntPendSet
                0x00002b88       0x50 C:/Users/basat/Downloads/uart/uart/libdriver.a(interrupt.o)
                0x00002b88                IntPendSet
 .text.IntPendClear
                0x00002bd8       0x40 C:/Users/basat/Downloads/uart/uart/libdriver.a(interrupt.o)
                0x00002bd8                IntPendClear
 .text.IntPriorityMaskSet
                0x00002c18        0x4 C:/Users/basat/Downloads/uart/uart/libdriver.a(interrupt.o)
                0x00002c18                IntPriorityMaskSet
 .text.IntPriorityMaskGet
                0x00002c1c        0x4 C:/Users/basat/Downloads/uart/uart/libdriver.a(interrupt.o)
                0x00002c1c                IntPriorityMaskGet
 .text.IntTrigger
                0x00002c20        0xc C:/Users/basat/Downloads/uart/uart/libdriver.a(interrupt.o)
                0x00002c20                IntTrigger
 .text._SysCtlMemTimingGet
                0x00002c2c       0x64 C:/Users/basat/Downloads/uart/uart/libdriver.a(sysctl.o)
 .text.SysCtlSRAMSizeGet
                0x00002c90       0x10 C:/Users/basat/Downloads/uart/uart/libdriver.a(sysctl.o)
                0x00002c90                SysCtlSRAMSizeGet
 .text.SysCtlFlashSizeGet
                0x00002ca0       0x44 C:/Users/basat/Downloads/uart/uart/libdriver.a(sysctl.o)
                0x00002ca0                SysCtlFlashSizeGet
 .text.SysCtlFlashSectorSizeGet
                0x00002ce4       0x38 C:/Users/basat/Downloads/uart/uart/libdriver.a(sysctl.o)
                0x00002ce4                SysCtlFlashSectorSizeGet
 .text.SysCtlPeripheralPresent
                0x00002d1c       0x24 C:/Users/basat/Downloads/uart/uart/libdriver.a(sysctl.o)
                0x00002d1c                SysCtlPeripheralPresent
 .text.SysCtlPeripheralReady
                0x00002d40       0x24 C:/Users/basat/Downloads/uart/uart/libdriver.a(sysctl.o)
                0x00002d40                SysCtlPeripheralReady
 .text.SysCtlPeripheralPowerOn
                0x00002d64       0x20 C:/Users/basat/Downloads/uart/uart/libdriver.a(sysctl.o)
                0x00002d64                SysCtlPeripheralPowerOn
 .text.SysCtlPeripheralPowerOff
                0x00002d84       0x20 C:/Users/basat/Downloads/uart/uart/libdriver.a(sysctl.o)
                0x00002d84                SysCtlPeripheralPowerOff
 .text.SysCtlPeripheralReset
                0x00002da4       0x38 C:/Users/basat/Downloads/uart/uart/libdriver.a(sysctl.o)
                0x00002da4                SysCtlPeripheralReset
 .text.SysCtlPeripheralEnable
                0x00002ddc       0x20 C:/Users/basat/Downloads/uart/uart/libdriver.a(sysctl.o)
                0x00002ddc                SysCtlPeripheralEnable
 .text.SysCtlPeripheralDisable
                0x00002dfc       0x20 C:/Users/basat/Downloads/uart/uart/libdriver.a(sysctl.o)
                0x00002dfc                SysCtlPeripheralDisable
 .text.SysCtlPeripheralSleepEnable
                0x00002e1c       0x20 C:/Users/basat/Downloads/uart/uart/libdriver.a(sysctl.o)
                0x00002e1c                SysCtlPeripheralSleepEnable
 .text.SysCtlPeripheralSleepDisable
                0x00002e3c       0x20 C:/Users/basat/Downloads/uart/uart/libdriver.a(sysctl.o)
                0x00002e3c                SysCtlPeripheralSleepDisable
 .text.SysCtlPeripheralDeepSleepEnable
                0x00002e5c       0x20 C:/Users/basat/Downloads/uart/uart/libdriver.a(sysctl.o)
                0x00002e5c                SysCtlPeripheralDeepSleepEnable
 .text.SysCtlPeripheralDeepSleepDisable
                0x00002e7c       0x20 C:/Users/basat/Downloads/uart/uart/libdriver.a(sysctl.o)
                0x00002e7c                SysCtlPeripheralDeepSleepDisable
 .text.SysCtlPeripheralClockGating
                0x00002e9c       0x48 C:/Users/basat/Downloads/uart/uart/libdriver.a(sysctl.o)
                0x00002e9c                SysCtlPeripheralClockGating
 .text.SysCtlIntRegister
                0x00002ee4       0x14 C:/Users/basat/Downloads/uart/uart/libdriver.a(sysctl.o)
                0x00002ee4                SysCtlIntRegister
 .text.SysCtlIntUnregister
                0x00002ef8       0x12 C:/Users/basat/Downloads/uart/uart/libdriver.a(sysctl.o)
                0x00002ef8                SysCtlIntUnregister
 *fill*         0x00002f0a        0x2 
 .text.SysCtlIntEnable
                0x00002f0c       0x10 C:/Users/basat/Downloads/uart/uart/libdriver.a(sysctl.o)
                0x00002f0c                SysCtlIntEnable
 .text.SysCtlIntDisable
                0x00002f1c       0x10 C:/Users/basat/Downloads/uart/uart/libdriver.a(sysctl.o)
                0x00002f1c                SysCtlIntDisable
 .text.SysCtlIntClear
                0x00002f2c        0xc C:/Users/basat/Downloads/uart/uart/libdriver.a(sysctl.o)
                0x00002f2c                SysCtlIntClear
 .text.SysCtlIntStatus
                0x00002f38       0x14 C:/Users/basat/Downloads/uart/uart/libdriver.a(sysctl.o)
                0x00002f38                SysCtlIntStatus
 .text.SysCtlLDOSleepSet
                0x00002f4c        0xc C:/Users/basat/Downloads/uart/uart/libdriver.a(sysctl.o)
                0x00002f4c                SysCtlLDOSleepSet
 .text.SysCtlLDOSleepGet
                0x00002f58        0xc C:/Users/basat/Downloads/uart/uart/libdriver.a(sysctl.o)
                0x00002f58                SysCtlLDOSleepGet
 .text.SysCtlLDODeepSleepSet
                0x00002f64        0xc C:/Users/basat/Downloads/uart/uart/libdriver.a(sysctl.o)
                0x00002f64                SysCtlLDODeepSleepSet
 .text.SysCtlLDODeepSleepGet
                0x00002f70        0xc C:/Users/basat/Downloads/uart/uart/libdriver.a(sysctl.o)
                0x00002f70                SysCtlLDODeepSleepGet
 .text.SysCtlSleepPowerSet
                0x00002f7c        0xc C:/Users/basat/Downloads/uart/uart/libdriver.a(sysctl.o)
                0x00002f7c                SysCtlSleepPowerSet
 .text.SysCtlDeepSleepPowerSet
                0x00002f88        0xc C:/Users/basat/Downloads/uart/uart/libdriver.a(sysctl.o)
                0x00002f88                SysCtlDeepSleepPowerSet
 .text.SysCtlReset
                0x00002f94       0x10 C:/Users/basat/Downloads/uart/uart/libdriver.a(sysctl.o)
                0x00002f94                SysCtlReset
 .text.SysCtlSleep
                0x00002fa4        0x4 C:/Users/basat/Downloads/uart/uart/libdriver.a(sysctl.o)
                0x00002fa4                SysCtlSleep
 .text.SysCtlDeepSleep
                0x00002fa8       0x20 C:/Users/basat/Downloads/uart/uart/libdriver.a(sysctl.o)
                0x00002fa8                SysCtlDeepSleep
 .text.SysCtlResetCauseGet
                0x00002fc8        0xc C:/Users/basat/Downloads/uart/uart/libdriver.a(sysctl.o)
                0x00002fc8                SysCtlResetCauseGet
 .text.SysCtlResetCauseClear
                0x00002fd4       0x10 C:/Users/basat/Downloads/uart/uart/libdriver.a(sysctl.o)
                0x00002fd4                SysCtlResetCauseClear
 .text.SysCtlDelay
                0x00002fe4        0x8 C:/Users/basat/Downloads/uart/uart/libdriver.a(sysctl.o)
                0x00002fe4                SysCtlDelay
 .text.SysCtlMOSCConfigSet
                0x00002fec        0xc C:/Users/basat/Downloads/uart/uart/libdriver.a(sysctl.o)
                0x00002fec                SysCtlMOSCConfigSet
 .text.SysCtlPIOSCCalibrate
                0x00002ff8       0x48 C:/Users/basat/Downloads/uart/uart/libdriver.a(sysctl.o)
                0x00002ff8                SysCtlPIOSCCalibrate
 .text.SysCtlResetBehaviorSet
                0x00003040        0xc C:/Users/basat/Downloads/uart/uart/libdriver.a(sysctl.o)
                0x00003040                SysCtlResetBehaviorSet
 .text.SysCtlResetBehaviorGet
                0x0000304c        0xc C:/Users/basat/Downloads/uart/uart/libdriver.a(sysctl.o)
                0x0000304c                SysCtlResetBehaviorGet
 .text.SysCtlClockFreqSet
                0x00003058      0x234 C:/Users/basat/Downloads/uart/uart/libdriver.a(sysctl.o)
                0x00003058                SysCtlClockFreqSet
 .text.SysCtlClockSet
                0x0000328c      0x114 C:/Users/basat/Downloads/uart/uart/libdriver.a(sysctl.o)
                0x0000328c                SysCtlClockSet
 .text.SysCtlClockGet
                0x000033a0      0x160 C:/Users/basat/Downloads/uart/uart/libdriver.a(sysctl.o)
                0x000033a0                SysCtlClockGet
 .text.SysCtlDeepSleepClockSet
                0x00003500        0xc C:/Users/basat/Downloads/uart/uart/libdriver.a(sysctl.o)
                0x00003500                SysCtlDeepSleepClockSet
 .text.SysCtlDeepSleepClockConfigSet
                0x0000350c       0x60 C:/Users/basat/Downloads/uart/uart/libdriver.a(sysctl.o)
                0x0000350c                SysCtlDeepSleepClockConfigSet
 .text.SysCtlPWMClockSet
                0x0000356c       0x14 C:/Users/basat/Downloads/uart/uart/libdriver.a(sysctl.o)
                0x0000356c                SysCtlPWMClockSet
 .text.SysCtlPWMClockGet
                0x00003580       0x18 C:/Users/basat/Downloads/uart/uart/libdriver.a(sysctl.o)
                0x00003580                SysCtlPWMClockGet
 .text.SysCtlGPIOAHBEnable
                0x00003598       0x18 C:/Users/basat/Downloads/uart/uart/libdriver.a(sysctl.o)
                0x00003598                SysCtlGPIOAHBEnable
 .text.SysCtlGPIOAHBDisable
                0x000035b0       0x1c C:/Users/basat/Downloads/uart/uart/libdriver.a(sysctl.o)
                0x000035b0                SysCtlGPIOAHBDisable
 .text.SysCtlUSBPLLEnable
                0x000035cc       0x10 C:/Users/basat/Downloads/uart/uart/libdriver.a(sysctl.o)
                0x000035cc                SysCtlUSBPLLEnable
 .text.SysCtlUSBPLLDisable
                0x000035dc       0x10 C:/Users/basat/Downloads/uart/uart/libdriver.a(sysctl.o)
                0x000035dc                SysCtlUSBPLLDisable
 .text.SysCtlVoltageEventConfig
                0x000035ec        0xc C:/Users/basat/Downloads/uart/uart/libdriver.a(sysctl.o)
                0x000035ec                SysCtlVoltageEventConfig
 .text.SysCtlVoltageEventStatus
                0x000035f8        0xc C:/Users/basat/Downloads/uart/uart/libdriver.a(sysctl.o)
                0x000035f8                SysCtlVoltageEventStatus
 .text.SysCtlVoltageEventClear
                0x00003604       0x10 C:/Users/basat/Downloads/uart/uart/libdriver.a(sysctl.o)
                0x00003604                SysCtlVoltageEventClear
 .text.SysCtlNMIStatus
                0x00003614        0xc C:/Users/basat/Downloads/uart/uart/libdriver.a(sysctl.o)
                0x00003614                SysCtlNMIStatus
 .text.SysCtlNMIClear
                0x00003620       0x10 C:/Users/basat/Downloads/uart/uart/libdriver.a(sysctl.o)
                0x00003620                SysCtlNMIClear
 .text.SysCtlClockOutConfig
                0x00003630       0x10 C:/Users/basat/Downloads/uart/uart/libdriver.a(sysctl.o)
                0x00003630                SysCtlClockOutConfig
 .text.SysCtlAltClkConfig
                0x00003640        0xc C:/Users/basat/Downloads/uart/uart/libdriver.a(sysctl.o)
                0x00003640                SysCtlAltClkConfig
 .text.SysTickEnable
                0x0000364c       0x10 C:/Users/basat/Downloads/uart/uart/libdriver.a(systick.o)
                0x0000364c                SysTickEnable
 .text.SysTickDisable
                0x0000365c       0x10 C:/Users/basat/Downloads/uart/uart/libdriver.a(systick.o)
                0x0000365c                SysTickDisable
 .text.SysTickIntRegister
                0x0000366c       0x1c C:/Users/basat/Downloads/uart/uart/libdriver.a(systick.o)
                0x0000366c                SysTickIntRegister
 .text.SysTickIntUnregister
                0x00003688       0x14 C:/Users/basat/Downloads/uart/uart/libdriver.a(systick.o)
                0x00003688                SysTickIntUnregister
 .text.SysTickIntEnable
                0x0000369c       0x10 C:/Users/basat/Downloads/uart/uart/libdriver.a(systick.o)
                0x0000369c                SysTickIntEnable
 .text.SysTickIntDisable
                0x000036ac       0x10 C:/Users/basat/Downloads/uart/uart/libdriver.a(systick.o)
                0x000036ac                SysTickIntDisable
 .text.SysTickPeriodSet
                0x000036bc        0xc C:/Users/basat/Downloads/uart/uart/libdriver.a(systick.o)
                0x000036bc                SysTickPeriodSet
 .text.SysTickPeriodGet
                0x000036c8        0xc C:/Users/basat/Downloads/uart/uart/libdriver.a(systick.o)
                0x000036c8                SysTickPeriodGet
 .text.SysTickValueGet
                0x000036d4        0xc C:/Users/basat/Downloads/uart/uart/libdriver.a(systick.o)
                0x000036d4                SysTickValueGet
 .text._UARTIntNumberGet
                0x000036e0       0x44 C:/Users/basat/Downloads/uart/uart/libdriver.a(uart.o)
 .text.UARTParityModeSet
                0x00003724        0xc C:/Users/basat/Downloads/uart/uart/libdriver.a(uart.o)
                0x00003724                UARTParityModeSet
 .text.UARTParityModeGet
                0x00003730        0x8 C:/Users/basat/Downloads/uart/uart/libdriver.a(uart.o)
                0x00003730                UARTParityModeGet
 .text.UARTFIFOLevelSet
                0x00003738        0x6 C:/Users/basat/Downloads/uart/uart/libdriver.a(uart.o)
                0x00003738                UARTFIFOLevelSet
 .text.UARTFIFOLevelGet
                0x0000373e       0x10 C:/Users/basat/Downloads/uart/uart/libdriver.a(uart.o)
                0x0000373e                UARTFIFOLevelGet
 .text.UARTConfigGetExpClk
                0x0000374e       0x26 C:/Users/basat/Downloads/uart/uart/libdriver.a(uart.o)
                0x0000374e                UARTConfigGetExpClk
 .text.UARTEnable
                0x00003774       0x16 C:/Users/basat/Downloads/uart/uart/libdriver.a(uart.o)
                0x00003774                UARTEnable
 .text.UARTDisable
                0x0000378a       0x1c C:/Users/basat/Downloads/uart/uart/libdriver.a(uart.o)
                0x0000378a                UARTDisable
 .text.UARTConfigSetExpClk
                0x000037a6       0x46 C:/Users/basat/Downloads/uart/uart/libdriver.a(uart.o)
                0x000037a6                UARTConfigSetExpClk
 .text.UARTFIFOEnable
                0x000037ec        0xa C:/Users/basat/Downloads/uart/uart/libdriver.a(uart.o)
                0x000037ec                UARTFIFOEnable
 .text.UARTFIFODisable
                0x000037f6        0xa C:/Users/basat/Downloads/uart/uart/libdriver.a(uart.o)
                0x000037f6                UARTFIFODisable
 .text.UARTEnableSIR
                0x00003800       0x12 C:/Users/basat/Downloads/uart/uart/libdriver.a(uart.o)
                0x00003800                UARTEnableSIR
 .text.UARTDisableSIR
                0x00003812        0xa C:/Users/basat/Downloads/uart/uart/libdriver.a(uart.o)
                0x00003812                UARTDisableSIR
 .text.UARTSmartCardEnable
                0x0000381c       0x16 C:/Users/basat/Downloads/uart/uart/libdriver.a(uart.o)
                0x0000381c                UARTSmartCardEnable
 .text.UARTSmartCardDisable
                0x00003832        0xa C:/Users/basat/Downloads/uart/uart/libdriver.a(uart.o)
                0x00003832                UARTSmartCardDisable
 .text.UARTModemControlSet
                0x0000383c        0xc C:/Users/basat/Downloads/uart/uart/libdriver.a(uart.o)
                0x0000383c                UARTModemControlSet
 .text.UARTModemControlClear
                0x00003848        0xe C:/Users/basat/Downloads/uart/uart/libdriver.a(uart.o)
                0x00003848                UARTModemControlClear
 .text.UARTModemControlGet
                0x00003856        0x8 C:/Users/basat/Downloads/uart/uart/libdriver.a(uart.o)
                0x00003856                UARTModemControlGet
 .text.UARTModemStatusGet
                0x0000385e        0xc C:/Users/basat/Downloads/uart/uart/libdriver.a(uart.o)
                0x0000385e                UARTModemStatusGet
 .text.UARTFlowControlSet
                0x0000386a        0xc C:/Users/basat/Downloads/uart/uart/libdriver.a(uart.o)
                0x0000386a                UARTFlowControlSet
 .text.UARTFlowControlGet
                0x00003876        0x8 C:/Users/basat/Downloads/uart/uart/libdriver.a(uart.o)
                0x00003876                UARTFlowControlGet
 .text.UARTTxIntModeSet
                0x0000387e        0xc C:/Users/basat/Downloads/uart/uart/libdriver.a(uart.o)
                0x0000387e                UARTTxIntModeSet
 .text.UARTTxIntModeGet
                0x0000388a        0x8 C:/Users/basat/Downloads/uart/uart/libdriver.a(uart.o)
                0x0000388a                UARTTxIntModeGet
 .text.UARTCharsAvail
                0x00003892        0xc C:/Users/basat/Downloads/uart/uart/libdriver.a(uart.o)
                0x00003892                UARTCharsAvail
 .text.UARTSpaceAvail
                0x0000389e        0xc C:/Users/basat/Downloads/uart/uart/libdriver.a(uart.o)
                0x0000389e                UARTSpaceAvail
 .text.UARTCharGetNonBlocking
                0x000038aa        0xe C:/Users/basat/Downloads/uart/uart/libdriver.a(uart.o)
                0x000038aa                UARTCharGetNonBlocking
 .text.UARTCharGet
                0x000038b8        0xa C:/Users/basat/Downloads/uart/uart/libdriver.a(uart.o)
                0x000038b8                UARTCharGet
 .text.UARTCharPutNonBlocking
                0x000038c2        0xe C:/Users/basat/Downloads/uart/uart/libdriver.a(uart.o)
                0x000038c2                UARTCharPutNonBlocking
 .text.UARTCharPut
                0x000038d0        0xa C:/Users/basat/Downloads/uart/uart/libdriver.a(uart.o)
                0x000038d0                UARTCharPut
 .text.UARTBreakCtl
                0x000038da       0x12 C:/Users/basat/Downloads/uart/uart/libdriver.a(uart.o)
                0x000038da                UARTBreakCtl
 .text.UARTBusy
                0x000038ec        0x8 C:/Users/basat/Downloads/uart/uart/libdriver.a(uart.o)
                0x000038ec                UARTBusy
 .text.UARTIntRegister
                0x000038f4       0x1c C:/Users/basat/Downloads/uart/uart/libdriver.a(uart.o)
                0x000038f4                UARTIntRegister
 .text.UARTIntUnregister
                0x00003910       0x16 C:/Users/basat/Downloads/uart/uart/libdriver.a(uart.o)
                0x00003910                UARTIntUnregister
 .text.UARTIntEnable
                0x00003926        0x8 C:/Users/basat/Downloads/uart/uart/libdriver.a(uart.o)
                0x00003926                UARTIntEnable
 .text.UARTIntDisable
                0x0000392e        0xa C:/Users/basat/Downloads/uart/uart/libdriver.a(uart.o)
                0x0000392e                UARTIntDisable
 .text.UARTIntStatus
                0x00003938        0xa C:/Users/basat/Downloads/uart/uart/libdriver.a(uart.o)
                0x00003938                UARTIntStatus
 .text.UARTIntClear
                0x00003942        0x4 C:/Users/basat/Downloads/uart/uart/libdriver.a(uart.o)
                0x00003942                UARTIntClear
 .text.UARTDMAEnable
                0x00003946        0x8 C:/Users/basat/Downloads/uart/uart/libdriver.a(uart.o)
                0x00003946                UARTDMAEnable
 .text.UARTDMADisable
                0x0000394e        0xa C:/Users/basat/Downloads/uart/uart/libdriver.a(uart.o)
                0x0000394e                UARTDMADisable
 .text.UARTRxErrorGet
                0x00003958        0x8 C:/Users/basat/Downloads/uart/uart/libdriver.a(uart.o)
                0x00003958                UARTRxErrorGet
 .text.UARTRxErrorClear
                0x00003960        0x6 C:/Users/basat/Downloads/uart/uart/libdriver.a(uart.o)
                0x00003960                UARTRxErrorClear
 .text.UARTClockSourceSet
                0x00003966        0x6 C:/Users/basat/Downloads/uart/uart/libdriver.a(uart.o)
                0x00003966                UARTClockSourceSet
 .text.UARTClockSourceGet
                0x0000396c        0x6 C:/Users/basat/Downloads/uart/uart/libdriver.a(uart.o)
                0x0000396c                UARTClockSourceGet
 .text.UART9BitEnable
                0x00003972        0xe C:/Users/basat/Downloads/uart/uart/libdriver.a(uart.o)
                0x00003972                UART9BitEnable
 .text.UART9BitDisable
                0x00003980        0xe C:/Users/basat/Downloads/uart/uart/libdriver.a(uart.o)
                0x00003980                UART9BitDisable
 .text.UART9BitAddrSet
                0x0000398e        0xa C:/Users/basat/Downloads/uart/uart/libdriver.a(uart.o)
                0x0000398e                UART9BitAddrSet
 .text.UART9BitAddrSend
                0x00003998       0x2c C:/Users/basat/Downloads/uart/uart/libdriver.a(uart.o)
                0x00003998                UART9BitAddrSend
 .text.CPUcpsid
                0x000039c4        0x8 C:/Users/basat/Downloads/uart/uart/libdriver.a(cpu.o)
                0x000039c4                CPUcpsid
 .text.CPUprimask
                0x000039cc        0x6 C:/Users/basat/Downloads/uart/uart/libdriver.a(cpu.o)
                0x000039cc                CPUprimask
 .text.CPUcpsie
                0x000039d2        0x8 C:/Users/basat/Downloads/uart/uart/libdriver.a(cpu.o)
                0x000039d2                CPUcpsie
 .text.CPUwfi   0x000039da        0x4 C:/Users/basat/Downloads/uart/uart/libdriver.a(cpu.o)
                0x000039da                CPUwfi
 .text.CPUbasepriSet
                0x000039de        0x6 C:/Users/basat/Downloads/uart/uart/libdriver.a(cpu.o)
                0x000039de                CPUbasepriSet
 .text.CPUbasepriGet
                0x000039e4        0x6 C:/Users/basat/Downloads/uart/uart/libdriver.a(cpu.o)
                0x000039e4                CPUbasepriGet
 *fill*         0x000039ea        0x2 
 .text.exit     0x000039ec       0x20 c:/ti/ccs1250/ccs/tools/compiler/gcc-arm-none-eabi-9-2019-q4-major/bin/../lib/gcc/arm-none-eabi/9.2.1/../../../../arm-none-eabi/lib/thumb/v7e-m/nofp\libg.a(lib_a-exit.o)
                0x000039ec                exit
 .text.__libc_init_array
                0x00003a0c       0x48 c:/ti/ccs1250/ccs/tools/compiler/gcc-arm-none-eabi-9-2019-q4-major/bin/../lib/gcc/arm-none-eabi/9.2.1/../../../../arm-none-eabi/lib/thumb/v7e-m/nofp\libg.a(lib_a-init.o)
                0x00003a0c                __libc_init_array
 .text.memset   0x00003a54       0xa0 c:/ti/ccs1250/ccs/tools/compiler/gcc-arm-none-eabi-9-2019-q4-major/bin/../lib/gcc/arm-none-eabi/9.2.1/../../../../arm-none-eabi/lib/thumb/v7e-m/nofp\libg.a(lib_a-memset.o)
                0x00003a54                memset
 .text.startup.register_fini
                0x00003af4       0x14 c:/ti/ccs1250/ccs/tools/compiler/gcc-arm-none-eabi-9-2019-q4-major/bin/../lib/gcc/arm-none-eabi/9.2.1/../../../../arm-none-eabi/lib/thumb/v7e-m/nofp\libg.a(lib_a-__call_atexit.o)
 .text.__call_exitprocs
                0x00003b08       0xc4 c:/ti/ccs1250/ccs/tools/compiler/gcc-arm-none-eabi-9-2019-q4-major/bin/../lib/gcc/arm-none-eabi/9.2.1/../../../../arm-none-eabi/lib/thumb/v7e-m/nofp\libg.a(lib_a-__call_atexit.o)
                0x00003b08                __call_exitprocs
 .text.atexit   0x00003bcc        0xc c:/ti/ccs1250/ccs/tools/compiler/gcc-arm-none-eabi-9-2019-q4-major/bin/../lib/gcc/arm-none-eabi/9.2.1/../../../../arm-none-eabi/lib/thumb/v7e-m/nofp\libg.a(lib_a-atexit.o)
                0x00003bcc                atexit
 .text.__libc_fini_array
                0x00003bd8       0x2c c:/ti/ccs1250/ccs/tools/compiler/gcc-arm-none-eabi-9-2019-q4-major/bin/../lib/gcc/arm-none-eabi/9.2.1/../../../../arm-none-eabi/lib/thumb/v7e-m/nofp\libg.a(lib_a-fini.o)
                0x00003bd8                __libc_fini_array
 .text.__retarget_lock_init
                0x00003c04        0x4 c:/ti/ccs1250/ccs/tools/compiler/gcc-arm-none-eabi-9-2019-q4-major/bin/../lib/gcc/arm-none-eabi/9.2.1/../../../../arm-none-eabi/lib/thumb/v7e-m/nofp\libg.a(lib_a-lock.o)
                0x00003c04                __retarget_lock_init
 .text.__retarget_lock_init_recursive
                0x00003c08        0x4 c:/ti/ccs1250/ccs/tools/compiler/gcc-arm-none-eabi-9-2019-q4-major/bin/../lib/gcc/arm-none-eabi/9.2.1/../../../../arm-none-eabi/lib/thumb/v7e-m/nofp\libg.a(lib_a-lock.o)
                0x00003c08                __retarget_lock_init_recursive
 .text.__retarget_lock_close
                0x00003c0c        0x4 c:/ti/ccs1250/ccs/tools/compiler/gcc-arm-none-eabi-9-2019-q4-major/bin/../lib/gcc/arm-none-eabi/9.2.1/../../../../arm-none-eabi/lib/thumb/v7e-m/nofp\libg.a(lib_a-lock.o)
                0x00003c0c                __retarget_lock_close
 .text.__retarget_lock_close_recursive
                0x00003c10        0x4 c:/ti/ccs1250/ccs/tools/compiler/gcc-arm-none-eabi-9-2019-q4-major/bin/../lib/gcc/arm-none-eabi/9.2.1/../../../../arm-none-eabi/lib/thumb/v7e-m/nofp\libg.a(lib_a-lock.o)
                0x00003c10                __retarget_lock_close_recursive
 .text.__retarget_lock_acquire
                0x00003c14        0x4 c:/ti/ccs1250/ccs/tools/compiler/gcc-arm-none-eabi-9-2019-q4-major/bin/../lib/gcc/arm-none-eabi/9.2.1/../../../../arm-none-eabi/lib/thumb/v7e-m/nofp\libg.a(lib_a-lock.o)
                0x00003c14                __retarget_lock_acquire
 .text.__retarget_lock_acquire_recursive
                0x00003c18        0x4 c:/ti/ccs1250/ccs/tools/compiler/gcc-arm-none-eabi-9-2019-q4-major/bin/../lib/gcc/arm-none-eabi/9.2.1/../../../../arm-none-eabi/lib/thumb/v7e-m/nofp\libg.a(lib_a-lock.o)
                0x00003c18                __retarget_lock_acquire_recursive
 .text.__retarget_lock_try_acquire
                0x00003c1c        0x4 c:/ti/ccs1250/ccs/tools/compiler/gcc-arm-none-eabi-9-2019-q4-major/bin/../lib/gcc/arm-none-eabi/9.2.1/../../../../arm-none-eabi/lib/thumb/v7e-m/nofp\libg.a(lib_a-lock.o)
                0x00003c1c                __retarget_lock_try_acquire
 .text.__retarget_lock_try_acquire_recursive
                0x00003c20        0x4 c:/ti/ccs1250/ccs/tools/compiler/gcc-arm-none-eabi-9-2019-q4-major/bin/../lib/gcc/arm-none-eabi/9.2.1/../../../../arm-none-eabi/lib/thumb/v7e-m/nofp\libg.a(lib_a-lock.o)
                0x00003c20                __retarget_lock_try_acquire_recursive
 .text.__retarget_lock_release
                0x00003c24        0x4 c:/ti/ccs1250/ccs/tools/compiler/gcc-arm-none-eabi-9-2019-q4-major/bin/../lib/gcc/arm-none-eabi/9.2.1/../../../../arm-none-eabi/lib/thumb/v7e-m/nofp\libg.a(lib_a-lock.o)
                0x00003c24                __retarget_lock_release
 .text.__retarget_lock_release_recursive
                0x00003c28        0x4 c:/ti/ccs1250/ccs/tools/compiler/gcc-arm-none-eabi-9-2019-q4-major/bin/../lib/gcc/arm-none-eabi/9.2.1/../../../../arm-none-eabi/lib/thumb/v7e-m/nofp\libg.a(lib_a-lock.o)
                0x00003c28                __retarget_lock_release_recursive
 .text.__register_exitproc
                0x00003c2c       0x8c c:/ti/ccs1250/ccs/tools/compiler/gcc-arm-none-eabi-9-2019-q4-major/bin/../lib/gcc/arm-none-eabi/9.2.1/../../../../arm-none-eabi/lib/thumb/v7e-m/nofp\libg.a(lib_a-__atexit.o)
                0x00003c2c                __register_exitproc
 .text._exit    0x00003cb8        0x4 c:/ti/ccs1250/ccs/tools/compiler/gcc-arm-none-eabi-9-2019-q4-major/bin/../lib/gcc/arm-none-eabi/9.2.1/../../../../arm-none-eabi/lib/thumb/v7e-m/nofp\libnosys.a(_exit.o)
                0x00003cb8                _exit
                0x00003cbc                . = ALIGN (0x4)
 *(.ctors)
                0x00003cbc                . = ALIGN (0x4)
 *(.dtors)
                0x00003cbc                . = ALIGN (0x4)
                0x00003cbc                __init_array_start = .
 *(.init_array*)
 .init_array    0x00003cbc        0x4 c:/ti/ccs1250/ccs/tools/compiler/gcc-arm-none-eabi-9-2019-q4-major/bin/../lib/gcc/arm-none-eabi/9.2.1/thumb/v7e-m/nofp/crtbegin.o
 .init_array.00000
                0x00003cc0        0x4 c:/ti/ccs1250/ccs/tools/compiler/gcc-arm-none-eabi-9-2019-q4-major/bin/../lib/gcc/arm-none-eabi/9.2.1/../../../../arm-none-eabi/lib/thumb/v7e-m/nofp\libg.a(lib_a-__call_atexit.o)
                0x00003cc4                __init_array_end = .
 *(.init)
 .init          0x00003cc4        0x4 c:/ti/ccs1250/ccs/tools/compiler/gcc-arm-none-eabi-9-2019-q4-major/bin/../lib/gcc/arm-none-eabi/9.2.1/thumb/v7e-m/nofp/crti.o
                0x00003cc4                _init
 .init          0x00003cc8        0x8 c:/ti/ccs1250/ccs/tools/compiler/gcc-arm-none-eabi-9-2019-q4-major/bin/../lib/gcc/arm-none-eabi/9.2.1/thumb/v7e-m/nofp/crtn.o
 *(.fini*)
 .fini          0x00003cd0        0x4 c:/ti/ccs1250/ccs/tools/compiler/gcc-arm-none-eabi-9-2019-q4-major/bin/../lib/gcc/arm-none-eabi/9.2.1/thumb/v7e-m/nofp/crti.o
                0x00003cd0                _fini
 .fini_array    0x00003cd4        0x4 c:/ti/ccs1250/ccs/tools/compiler/gcc-arm-none-eabi-9-2019-q4-major/bin/../lib/gcc/arm-none-eabi/9.2.1/thumb/v7e-m/nofp/crtbegin.o
 .fini          0x00003cd8        0x8 c:/ti/ccs1250/ccs/tools/compiler/gcc-arm-none-eabi-9-2019-q4-major/bin/../lib/gcc/arm-none-eabi/9.2.1/thumb/v7e-m/nofp/crtn.o
                [!provide]                PROVIDE (__etext = .)
                [!provide]                PROVIDE (_etext = .)
                [!provide]                PROVIDE (etext = .)

.glue_7         0x00003ce0        0x0
 .glue_7        0x00003ce0        0x0 linker stubs

.glue_7t        0x00003ce0        0x0
 .glue_7t       0x00003ce0        0x0 linker stubs

.vfp11_veneer   0x00003ce0        0x0
 .vfp11_veneer  0x00003ce0        0x0 linker stubs

.v4_bx          0x00003ce0        0x0
 .v4_bx         0x00003ce0        0x0 linker stubs

.iplt           0x00003ce0        0x0
 .iplt          0x00003ce0        0x0 c:/ti/ccs1250/ccs/tools/compiler/gcc-arm-none-eabi-9-2019-q4-major/bin/../lib/gcc/arm-none-eabi/9.2.1/thumb/v7e-m/nofp/crtbegin.o

.rodata         0x00003ce0      0x8f8
 *(.rodata)
 .rodata        0x00003ce0      0x394 ./main.o
 *(.rodata*)
 .rodata.g_ppui32GPIOIntMapBlizzard
                0x00004074       0xc0 C:/Users/basat/Downloads/uart/uart/libdriver.a(gpio.o)
 .rodata.g_ppui32GPIOIntMapSnowflake
                0x00004134       0xc0 C:/Users/basat/Downloads/uart/uart/libdriver.a(gpio.o)
 .rodata.g_pui32GPIOBaseAddrs
                0x000041f4       0x90 C:/Users/basat/Downloads/uart/uart/libdriver.a(gpio.o)
 .rodata.g_pui32Dii16Regs
                0x00004284       0x14 C:/Users/basat/Downloads/uart/uart/libdriver.a(interrupt.o)
 .rodata.g_pui32EnRegs
                0x00004298       0x14 C:/Users/basat/Downloads/uart/uart/libdriver.a(interrupt.o)
 .rodata.g_pui32PendRegs
                0x000042ac       0x14 C:/Users/basat/Downloads/uart/uart/libdriver.a(interrupt.o)
 .rodata.g_pui32Priority
                0x000042c0       0x20 C:/Users/basat/Downloads/uart/uart/libdriver.a(interrupt.o)
 .rodata.g_pui32Regs
                0x000042e0       0x9c C:/Users/basat/Downloads/uart/uart/libdriver.a(interrupt.o)
 .rodata.g_pui32UnpendRegs
                0x0000437c       0x14 C:/Users/basat/Downloads/uart/uart/libdriver.a(interrupt.o)
 .rodata.g_pppui32XTALtoVCO
                0x00004390      0x120 C:/Users/basat/Downloads/uart/uart/libdriver.a(sysctl.o)
 .rodata.g_pui32VCOFrequencies
                0x000044b0        0x8 C:/Users/basat/Downloads/uart/uart/libdriver.a(sysctl.o)
 .rodata.g_pui32Xtals
                0x000044b8       0x6c C:/Users/basat/Downloads/uart/uart/libdriver.a(sysctl.o)
 .rodata.g_sXTALtoMEMTIM
                0x00004524       0x30 C:/Users/basat/Downloads/uart/uart/libdriver.a(sysctl.o)
 .rodata.g_ppui32UARTIntMap
                0x00004554       0x40 C:/Users/basat/Downloads/uart/uart/libdriver.a(uart.o)
 .rodata.g_ppui32UARTIntMapSnowflake
                0x00004594       0x40 C:/Users/basat/Downloads/uart/uart/libdriver.a(uart.o)
 .rodata._global_impure_ptr
                0x000045d4        0x4 c:/ti/ccs1250/ccs/tools/compiler/gcc-arm-none-eabi-9-2019-q4-major/bin/../lib/gcc/arm-none-eabi/9.2.1/../../../../arm-none-eabi/lib/thumb/v7e-m/nofp\libg.a(lib_a-impure.o)
                0x000045d4                _global_impure_ptr

.eh_frame       0x000045d8        0x4
 .eh_frame      0x000045d8        0x0 c:/ti/ccs1250/ccs/tools/compiler/gcc-arm-none-eabi-9-2019-q4-major/bin/../lib/gcc/arm-none-eabi/9.2.1/thumb/v7e-m/nofp/crtbegin.o
 .eh_frame      0x000045d8        0x4 c:/ti/ccs1250/ccs/tools/compiler/gcc-arm-none-eabi-9-2019-q4-major/bin/../lib/gcc/arm-none-eabi/9.2.1/thumb/v7e-m/nofp/crtend.o

.data           0x20000000      0x454 load address 0x000045dc
                0x000045dc                __data_load__ = LOADADDR (.data)
                0x20000000                __data_start__ = .
 *(.data)
 .data          0x20000000        0x0 c:/ti/ccs1250/ccs/tools/compiler/gcc-arm-none-eabi-9-2019-q4-major/bin/../lib/gcc/arm-none-eabi/9.2.1/thumb/v7e-m/nofp/crti.o
 .data          0x20000000        0x4 c:/ti/ccs1250/ccs/tools/compiler/gcc-arm-none-eabi-9-2019-q4-major/bin/../lib/gcc/arm-none-eabi/9.2.1/thumb/v7e-m/nofp/crtbegin.o
                0x20000000                __dso_handle
 .data          0x20000004        0x0 c:/ti/ccs1250/ccs/tools/compiler/gcc-arm-none-eabi-9-2019-q4-major/bin/../lib/gcc/arm-none-eabi/9.2.1/../../../../arm-none-eabi/lib/thumb/v7e-m/nofp/crt0.o
 .data          0x20000004        0x0 ./GPIO.o
 .data          0x20000004        0x0 ./keypad.o
 .data          0x20000004        0x0 ./main.o
 .data          0x20000004        0x0 ./tm4c123gh6pm_startup_ccs_gcc.o
 .data          0x20000004        0x0 C:/Users/basat/Downloads/uart/uart/libdriver.a(gpio.o)
 .data          0x20000004        0x0 C:/Users/basat/Downloads/uart/uart/libdriver.a(interrupt.o)
 .data          0x20000004        0x0 C:/Users/basat/Downloads/uart/uart/libdriver.a(sysctl.o)
 .data          0x20000004        0x0 C:/Users/basat/Downloads/uart/uart/libdriver.a(systick.o)
 .data          0x20000004        0x0 C:/Users/basat/Downloads/uart/uart/libdriver.a(uart.o)
 .data          0x20000004        0x0 C:/Users/basat/Downloads/uart/uart/libdriver.a(cpu.o)
 .data          0x20000004        0x0 c:/ti/ccs1250/ccs/tools/compiler/gcc-arm-none-eabi-9-2019-q4-major/bin/../lib/gcc/arm-none-eabi/9.2.1/../../../../arm-none-eabi/lib/thumb/v7e-m/nofp\libg.a(lib_a-exit.o)
 .data          0x20000004        0x0 c:/ti/ccs1250/ccs/tools/compiler/gcc-arm-none-eabi-9-2019-q4-major/bin/../lib/gcc/arm-none-eabi/9.2.1/../../../../arm-none-eabi/lib/thumb/v7e-m/nofp\libg.a(lib_a-impure.o)
 .data          0x20000004        0x0 c:/ti/ccs1250/ccs/tools/compiler/gcc-arm-none-eabi-9-2019-q4-major/bin/../lib/gcc/arm-none-eabi/9.2.1/../../../../arm-none-eabi/lib/thumb/v7e-m/nofp\libg.a(lib_a-init.o)
 .data          0x20000004        0x0 c:/ti/ccs1250/ccs/tools/compiler/gcc-arm-none-eabi-9-2019-q4-major/bin/../lib/gcc/arm-none-eabi/9.2.1/../../../../arm-none-eabi/lib/thumb/v7e-m/nofp\libg.a(lib_a-memcpy.o)
 .data          0x20000004        0x0 c:/ti/ccs1250/ccs/tools/compiler/gcc-arm-none-eabi-9-2019-q4-major/bin/../lib/gcc/arm-none-eabi/9.2.1/../../../../arm-none-eabi/lib/thumb/v7e-m/nofp\libg.a(lib_a-memset.o)
 .data          0x20000004        0x0 c:/ti/ccs1250/ccs/tools/compiler/gcc-arm-none-eabi-9-2019-q4-major/bin/../lib/gcc/arm-none-eabi/9.2.1/../../../../arm-none-eabi/lib/thumb/v7e-m/nofp\libg.a(lib_a-strcmp.o)
 .data          0x20000004        0x0 c:/ti/ccs1250/ccs/tools/compiler/gcc-arm-none-eabi-9-2019-q4-major/bin/../lib/gcc/arm-none-eabi/9.2.1/../../../../arm-none-eabi/lib/thumb/v7e-m/nofp\libg.a(lib_a-__call_atexit.o)
 .data          0x20000004        0x0 c:/ti/ccs1250/ccs/tools/compiler/gcc-arm-none-eabi-9-2019-q4-major/bin/../lib/gcc/arm-none-eabi/9.2.1/../../../../arm-none-eabi/lib/thumb/v7e-m/nofp\libg.a(lib_a-atexit.o)
 .data          0x20000004        0x0 c:/ti/ccs1250/ccs/tools/compiler/gcc-arm-none-eabi-9-2019-q4-major/bin/../lib/gcc/arm-none-eabi/9.2.1/../../../../arm-none-eabi/lib/thumb/v7e-m/nofp\libg.a(lib_a-fini.o)
 .data          0x20000004        0x0 c:/ti/ccs1250/ccs/tools/compiler/gcc-arm-none-eabi-9-2019-q4-major/bin/../lib/gcc/arm-none-eabi/9.2.1/../../../../arm-none-eabi/lib/thumb/v7e-m/nofp\libg.a(lib_a-lock.o)
 .data          0x20000004        0x0 c:/ti/ccs1250/ccs/tools/compiler/gcc-arm-none-eabi-9-2019-q4-major/bin/../lib/gcc/arm-none-eabi/9.2.1/../../../../arm-none-eabi/lib/thumb/v7e-m/nofp\libg.a(lib_a-__atexit.o)
 .data          0x20000004        0x0 c:/ti/ccs1250/ccs/tools/compiler/gcc-arm-none-eabi-9-2019-q4-major/bin/../lib/gcc/arm-none-eabi/9.2.1/../../../../arm-none-eabi/lib/thumb/v7e-m/nofp\libnosys.a(_exit.o)
 .data          0x20000004        0x0 c:/ti/ccs1250/ccs/tools/compiler/gcc-arm-none-eabi-9-2019-q4-major/bin/../lib/gcc/arm-none-eabi/9.2.1/thumb/v7e-m/nofp/crtend.o
 .data          0x20000004        0x0 c:/ti/ccs1250/ccs/tools/compiler/gcc-arm-none-eabi-9-2019-q4-major/bin/../lib/gcc/arm-none-eabi/9.2.1/thumb/v7e-m/nofp/crtn.o
 *(.data*)
 .data.ttt      0x20000004        0x9 ./main.o
                0x20000004                ttt
 *fill*         0x2000000d        0x3 
 .data.speed_count
                0x20000010        0x4 ./main.o
                0x20000010                speed_count
 .data.counter  0x20000014        0x4 ./main.o
                0x20000014                counter
 .data.pos0_data
                0x20000018        0x1 ./main.o
                0x20000018                pos0_data
 .data.pos1_data
                0x20000019        0x1 ./main.o
                0x20000019                pos1_data
 .data.pos2_data
                0x2000001a        0x1 ./main.o
                0x2000001a                pos2_data
 .data.pos3_data
                0x2000001b        0x1 ./main.o
                0x2000001b                pos3_data
 .data.data1    0x2000001c        0x1 ./main.o
                0x2000001c                data1
 .data.resume_pause
                0x2000001d        0x1 ./main.o
                0x2000001d                resume_pause
 *fill*         0x2000001e        0x2 
 .data._impure_ptr
                0x20000020        0x4 c:/ti/ccs1250/ccs/tools/compiler/gcc-arm-none-eabi-9-2019-q4-major/bin/../lib/gcc/arm-none-eabi/9.2.1/../../../../arm-none-eabi/lib/thumb/v7e-m/nofp\libg.a(lib_a-impure.o)
                0x20000020                _impure_ptr
 *fill*         0x20000024        0x4 
 .data.impure_data
                0x20000028      0x428 c:/ti/ccs1250/ccs/tools/compiler/gcc-arm-none-eabi-9-2019-q4-major/bin/../lib/gcc/arm-none-eabi/9.2.1/../../../../arm-none-eabi/lib/thumb/v7e-m/nofp\libg.a(lib_a-impure.o)
 .data.__atexit_recursive_mutex
                0x20000450        0x4 c:/ti/ccs1250/ccs/tools/compiler/gcc-arm-none-eabi-9-2019-q4-major/bin/../lib/gcc/arm-none-eabi/9.2.1/../../../../arm-none-eabi/lib/thumb/v7e-m/nofp\libg.a(lib_a-__call_atexit.o)
                0x20000450                __atexit_recursive_mutex
                0x20000454                . = ALIGN (0x4)
                0x20000454                __data_end__ = .

.igot.plt       0x20000454        0x0 load address 0x00004a30
 .igot.plt      0x20000454        0x0 c:/ti/ccs1250/ccs/tools/compiler/gcc-arm-none-eabi-9-2019-q4-major/bin/../lib/gcc/arm-none-eabi/9.2.1/thumb/v7e-m/nofp/crtbegin.o

vtable          0x20000800      0x26c load address 0x00004a30
 vtable         0x20000800      0x26c C:/Users/basat/Downloads/uart/uart/libdriver.a(interrupt.o)

.ARM.exidx      0x00004c9c        0x8
                0x00004c9c                __exidx_start = .
 *(.ARM.exidx* .gnu.linkonce.armexidx.*)
 .ARM.exidx     0x00004c9c        0x8 c:/ti/ccs1250/ccs/tools/compiler/gcc-arm-none-eabi-9-2019-q4-major/bin/../lib/gcc/arm-none-eabi/9.2.1/../../../../arm-none-eabi/lib/thumb/v7e-m/nofp/crt0.o
                0x00004ca4                __exidx_end = .

.ARM.extab      0x00004ca4        0x0
 *(.ARM.extab* .gnu.linkonce.armextab.*)
 .ARM.extab     0x00004ca4        0x0 c:/ti/ccs1250/ccs/tools/compiler/gcc-arm-none-eabi-9-2019-q4-major/bin/../lib/gcc/arm-none-eabi/9.2.1/../../../../arm-none-eabi/lib/thumb/v7e-m/nofp/crt0.o

.rel.dyn        0x00004ca4        0x0
 .rel.iplt      0x00004ca4        0x0 c:/ti/ccs1250/ccs/tools/compiler/gcc-arm-none-eabi-9-2019-q4-major/bin/../lib/gcc/arm-none-eabi/9.2.1/thumb/v7e-m/nofp/crtbegin.o

.bss            0x20000a6c      0x324
                0x20000a6c                __bss_start__ = .
 *(.shbss)
 *(.bss)
 .bss           0x20000a6c        0x0 c:/ti/ccs1250/ccs/tools/compiler/gcc-arm-none-eabi-9-2019-q4-major/bin/../lib/gcc/arm-none-eabi/9.2.1/thumb/v7e-m/nofp/crti.o
 .bss           0x20000a6c       0x1c c:/ti/ccs1250/ccs/tools/compiler/gcc-arm-none-eabi-9-2019-q4-major/bin/../lib/gcc/arm-none-eabi/9.2.1/thumb/v7e-m/nofp/crtbegin.o
 .bss           0x20000a88        0x0 c:/ti/ccs1250/ccs/tools/compiler/gcc-arm-none-eabi-9-2019-q4-major/bin/../lib/gcc/arm-none-eabi/9.2.1/../../../../arm-none-eabi/lib/thumb/v7e-m/nofp/crt0.o
 .bss           0x20000a88        0x0 ./GPIO.o
 .bss           0x20000a88        0x0 ./keypad.o
 .bss           0x20000a88        0x0 ./main.o
 .bss           0x20000a88        0x0 ./tm4c123gh6pm_startup_ccs_gcc.o
 .bss           0x20000a88        0x0 C:/Users/basat/Downloads/uart/uart/libdriver.a(gpio.o)
 .bss           0x20000a88        0x0 C:/Users/basat/Downloads/uart/uart/libdriver.a(interrupt.o)
 .bss           0x20000a88        0x0 C:/Users/basat/Downloads/uart/uart/libdriver.a(sysctl.o)
 .bss           0x20000a88        0x0 C:/Users/basat/Downloads/uart/uart/libdriver.a(systick.o)
 .bss           0x20000a88        0x0 C:/Users/basat/Downloads/uart/uart/libdriver.a(uart.o)
 .bss           0x20000a88        0x0 C:/Users/basat/Downloads/uart/uart/libdriver.a(cpu.o)
 .bss           0x20000a88        0x0 c:/ti/ccs1250/ccs/tools/compiler/gcc-arm-none-eabi-9-2019-q4-major/bin/../lib/gcc/arm-none-eabi/9.2.1/../../../../arm-none-eabi/lib/thumb/v7e-m/nofp\libg.a(lib_a-exit.o)
 .bss           0x20000a88        0x0 c:/ti/ccs1250/ccs/tools/compiler/gcc-arm-none-eabi-9-2019-q4-major/bin/../lib/gcc/arm-none-eabi/9.2.1/../../../../arm-none-eabi/lib/thumb/v7e-m/nofp\libg.a(lib_a-impure.o)
 .bss           0x20000a88        0x0 c:/ti/ccs1250/ccs/tools/compiler/gcc-arm-none-eabi-9-2019-q4-major/bin/../lib/gcc/arm-none-eabi/9.2.1/../../../../arm-none-eabi/lib/thumb/v7e-m/nofp\libg.a(lib_a-init.o)
 .bss           0x20000a88        0x0 c:/ti/ccs1250/ccs/tools/compiler/gcc-arm-none-eabi-9-2019-q4-major/bin/../lib/gcc/arm-none-eabi/9.2.1/../../../../arm-none-eabi/lib/thumb/v7e-m/nofp\libg.a(lib_a-memcpy.o)
 .bss           0x20000a88        0x0 c:/ti/ccs1250/ccs/tools/compiler/gcc-arm-none-eabi-9-2019-q4-major/bin/../lib/gcc/arm-none-eabi/9.2.1/../../../../arm-none-eabi/lib/thumb/v7e-m/nofp\libg.a(lib_a-memset.o)
 .bss           0x20000a88        0x0 c:/ti/ccs1250/ccs/tools/compiler/gcc-arm-none-eabi-9-2019-q4-major/bin/../lib/gcc/arm-none-eabi/9.2.1/../../../../arm-none-eabi/lib/thumb/v7e-m/nofp\libg.a(lib_a-strcmp.o)
 .bss           0x20000a88        0x0 c:/ti/ccs1250/ccs/tools/compiler/gcc-arm-none-eabi-9-2019-q4-major/bin/../lib/gcc/arm-none-eabi/9.2.1/../../../../arm-none-eabi/lib/thumb/v7e-m/nofp\libg.a(lib_a-__call_atexit.o)
 .bss           0x20000a88        0x0 c:/ti/ccs1250/ccs/tools/compiler/gcc-arm-none-eabi-9-2019-q4-major/bin/../lib/gcc/arm-none-eabi/9.2.1/../../../../arm-none-eabi/lib/thumb/v7e-m/nofp\libg.a(lib_a-atexit.o)
 .bss           0x20000a88        0x0 c:/ti/ccs1250/ccs/tools/compiler/gcc-arm-none-eabi-9-2019-q4-major/bin/../lib/gcc/arm-none-eabi/9.2.1/../../../../arm-none-eabi/lib/thumb/v7e-m/nofp\libg.a(lib_a-fini.o)
 .bss           0x20000a88        0x0 c:/ti/ccs1250/ccs/tools/compiler/gcc-arm-none-eabi-9-2019-q4-major/bin/../lib/gcc/arm-none-eabi/9.2.1/../../../../arm-none-eabi/lib/thumb/v7e-m/nofp\libg.a(lib_a-lock.o)
 .bss           0x20000a88        0x0 c:/ti/ccs1250/ccs/tools/compiler/gcc-arm-none-eabi-9-2019-q4-major/bin/../lib/gcc/arm-none-eabi/9.2.1/../../../../arm-none-eabi/lib/thumb/v7e-m/nofp\libg.a(lib_a-__atexit.o)
 .bss           0x20000a88        0x0 c:/ti/ccs1250/ccs/tools/compiler/gcc-arm-none-eabi-9-2019-q4-major/bin/../lib/gcc/arm-none-eabi/9.2.1/../../../../arm-none-eabi/lib/thumb/v7e-m/nofp\libnosys.a(_exit.o)
 .bss           0x20000a88        0x0 c:/ti/ccs1250/ccs/tools/compiler/gcc-arm-none-eabi-9-2019-q4-major/bin/../lib/gcc/arm-none-eabi/9.2.1/thumb/v7e-m/nofp/crtend.o
 .bss           0x20000a88        0x0 c:/ti/ccs1250/ccs/tools/compiler/gcc-arm-none-eabi-9-2019-q4-major/bin/../lib/gcc/arm-none-eabi/9.2.1/thumb/v7e-m/nofp/crtn.o
 *(.bss.*)
 .bss.num       0x20000a88        0x4 ./keypad.o
                0x20000a88                num
 .bss.data      0x20000a8c        0x4 ./main.o
                0x20000a8c                data
 .bss.led_type  0x20000a90        0x4 ./main.o
                0x20000a90                led_type
 .bss.update    0x20000a94        0x4 ./main.o
                0x20000a94                update
 .bss.cmd_mode  0x20000a98        0x4 ./main.o
                0x20000a98                cmd_mode
 .bss.command_index
                0x20000a9c        0x4 ./main.o
                0x20000a9c                command_index
 .bss.led_cycle_count
                0x20000aa0        0x4 ./main.o
                0x20000aa0                led_cycle_count
 .bss.msec      0x20000aa4        0x4 ./main.o
                0x20000aa4                msec
 .bss.sec       0x20000aa8        0x4 ./main.o
                0x20000aa8                sec
 .bss.changed   0x20000aac        0x4 ./main.o
                0x20000aac                changed
 .bss.coloumn_pressed
                0x20000ab0        0x4 ./main.o
                0x20000ab0                coloumn_pressed
 .bss.captured_time_sec
                0x20000ab4        0x4 ./main.o
                0x20000ab4                captured_time_sec
 .bss.captured_time_msec
                0x20000ab8        0x4 ./main.o
                0x20000ab8                captured_time_msec
 .bss.captured  0x20000abc        0x4 ./main.o
                0x20000abc                captured
 .bss.flag      0x20000ac0        0x4 ./main.o
                0x20000ac0                flag
 .bss.valid     0x20000ac4        0x4 ./main.o
                0x20000ac4                valid
 .bss.inputs    0x20000ac8        0x4 ./main.o
                0x20000ac8                inputs
 .bss.command_type
                0x20000acc        0x1 ./main.o
                0x20000acc                command_type
 .bss.key_pressed
                0x20000acd        0x1 ./main.o
                0x20000acd                key_pressed
 .bss.start_stop
                0x20000ace        0x1 ./main.o
                0x20000ace                start_stop
 *fill*         0x20000acf        0x1 
 .bss.mem_add   0x20000ad0        0x4 ./main.o
                0x20000ad0                mem_add
 .bss.user      0x20000ad4        0x1 ./main.o
                0x20000ad4                user
 *fill*         0x20000ad5        0x3 
 .bss.new_game  0x20000ad8        0x4 ./main.o
                0x20000ad8                new_game
 .bss.pui32Stack
                0x20000adc      0x200 ./tm4c123gh6pm_startup_ccs_gcc.o
 *(COMMON)
 COMMON         0x20000cdc       0x14 ./keypad.o
                0x20000cdc                str
 COMMON         0x20000cf0       0x7a ./main.o
                0x20000cf0                parsed_cmnd1
                0x20000cf8                start_version
                0x20000cfc                mem_string
                0x20000d08                modify_cmnd
                0x20000d28                rx_val
                0x20000d48                parsed_cmnd2
                0x20000d50                end_version
                0x20000d54                command_rxd
                0x20000d58                parsed_data
                0x20000d64                parsed_cmnd
 *fill*         0x20000d6a        0x2 
 COMMON         0x20000d6c       0x21 c:/ti/ccs1250/ccs/tools/compiler/gcc-arm-none-eabi-9-2019-q4-major/bin/../lib/gcc/arm-none-eabi/9.2.1/../../../../arm-none-eabi/lib/thumb/v7e-m/nofp\libg.a(lib_a-lock.o)
                0x20000d6c                __lock___atexit_recursive_mutex
                0x20000d70                __lock___arc4random_mutex
                0x20000d74                __lock___env_recursive_mutex
                0x20000d78                __lock___sinit_recursive_mutex
                0x20000d7c                __lock___malloc_recursive_mutex
                0x20000d80                __lock___at_quick_exit_mutex
                0x20000d84                __lock___dd_hash_mutex
                0x20000d88                __lock___tz_mutex
                0x20000d8c                __lock___sfp_recursive_mutex
                0x20000d90                . = ALIGN (0x4)
 *fill*         0x20000d8d        0x3 
                0x20000d90                __bss_end__ = .

.heap           0x20000d90        0x0
                0x20000d90                __heap_start__ = .
                0x20000d90                end = __heap_start__
                0x20000d90                _end = end
                0x20000d90                __end = end
 *(.heap)
                0x20000d90                __heap_end__ = .
                0x20000d90                __HeapLimit = __heap_end__

.stack          0x20000d90        0x0
                0x20000d90                _stack = .
                0x20000d90                __stack = .
 *(.stack)
START GROUP
LOAD C:/Users/basat/Downloads/uart/uart/libdriver.a
END GROUP
START GROUP
LOAD c:/ti/ccs1250/ccs/tools/compiler/gcc-arm-none-eabi-9-2019-q4-major/bin/../lib/gcc/arm-none-eabi/9.2.1/thumb/v7e-m/nofp\libgcc.a
LOAD c:/ti/ccs1250/ccs/tools/compiler/gcc-arm-none-eabi-9-2019-q4-major/bin/../lib/gcc/arm-none-eabi/9.2.1/../../../../arm-none-eabi/lib/thumb/v7e-m/nofp\libg.a
LOAD c:/ti/ccs1250/ccs/tools/compiler/gcc-arm-none-eabi-9-2019-q4-major/bin/../lib/gcc/arm-none-eabi/9.2.1/../../../../arm-none-eabi/lib/thumb/v7e-m/nofp\libc.a
END GROUP
START GROUP
LOAD c:/ti/ccs1250/ccs/tools/compiler/gcc-arm-none-eabi-9-2019-q4-major/bin/../lib/gcc/arm-none-eabi/9.2.1/thumb/v7e-m/nofp\libgcc.a
LOAD c:/ti/ccs1250/ccs/tools/compiler/gcc-arm-none-eabi-9-2019-q4-major/bin/../lib/gcc/arm-none-eabi/9.2.1/../../../../arm-none-eabi/lib/thumb/v7e-m/nofp\libc.a
LOAD c:/ti/ccs1250/ccs/tools/compiler/gcc-arm-none-eabi-9-2019-q4-major/bin/../lib/gcc/arm-none-eabi/9.2.1/../../../../arm-none-eabi/lib/thumb/v7e-m/nofp\libnosys.a
END GROUP
LOAD c:/ti/ccs1250/ccs/tools/compiler/gcc-arm-none-eabi-9-2019-q4-major/bin/../lib/gcc/arm-none-eabi/9.2.1/thumb/v7e-m/nofp/crtend.o
LOAD c:/ti/ccs1250/ccs/tools/compiler/gcc-arm-none-eabi-9-2019-q4-major/bin/../lib/gcc/arm-none-eabi/9.2.1/thumb/v7e-m/nofp/crtn.o
OUTPUT(tic_tac_toe.out elf32-littlearm)

.ARM.attributes
                0x00000000       0x2e
 .ARM.attributes
                0x00000000       0x1e c:/ti/ccs1250/ccs/tools/compiler/gcc-arm-none-eabi-9-2019-q4-major/bin/../lib/gcc/arm-none-eabi/9.2.1/thumb/v7e-m/nofp/crti.o
 .ARM.attributes
                0x0000001e       0x2e c:/ti/ccs1250/ccs/tools/compiler/gcc-arm-none-eabi-9-2019-q4-major/bin/../lib/gcc/arm-none-eabi/9.2.1/thumb/v7e-m/nofp/crtbegin.o
 .ARM.attributes
                0x0000004c       0x1c c:/ti/ccs1250/ccs/tools/compiler/gcc-arm-none-eabi-9-2019-q4-major/bin/../lib/gcc/arm-none-eabi/9.2.1/../../../../arm-none-eabi/lib/thumb/v7e-m/nofp/crt0.o
 .ARM.attributes
                0x00000068       0x2e ./GPIO.o
 .ARM.attributes
                0x00000096       0x2e ./keypad.o
 .ARM.attributes
                0x000000c4       0x2e ./main.o
 .ARM.attributes
                0x000000f2       0x2e ./tm4c123gh6pm_startup_ccs_gcc.o
 .ARM.attributes
                0x00000120       0x32 C:/Users/basat/Downloads/uart/uart/libdriver.a(gpio.o)
 .ARM.attributes
                0x00000152       0x32 C:/Users/basat/Downloads/uart/uart/libdriver.a(interrupt.o)
 .ARM.attributes
                0x00000184       0x32 C:/Users/basat/Downloads/uart/uart/libdriver.a(sysctl.o)
 .ARM.attributes
                0x000001b6       0x32 C:/Users/basat/Downloads/uart/uart/libdriver.a(systick.o)
 .ARM.attributes
                0x000001e8       0x32 C:/Users/basat/Downloads/uart/uart/libdriver.a(uart.o)
 .ARM.attributes
                0x0000021a       0x32 C:/Users/basat/Downloads/uart/uart/libdriver.a(cpu.o)
 .ARM.attributes
                0x0000024c       0x2e c:/ti/ccs1250/ccs/tools/compiler/gcc-arm-none-eabi-9-2019-q4-major/bin/../lib/gcc/arm-none-eabi/9.2.1/../../../../arm-none-eabi/lib/thumb/v7e-m/nofp\libg.a(lib_a-exit.o)
 .ARM.attributes
                0x0000027a       0x2e c:/ti/ccs1250/ccs/tools/compiler/gcc-arm-none-eabi-9-2019-q4-major/bin/../lib/gcc/arm-none-eabi/9.2.1/../../../../arm-none-eabi/lib/thumb/v7e-m/nofp\libg.a(lib_a-impure.o)
 .ARM.attributes
                0x000002a8       0x2e c:/ti/ccs1250/ccs/tools/compiler/gcc-arm-none-eabi-9-2019-q4-major/bin/../lib/gcc/arm-none-eabi/9.2.1/../../../../arm-none-eabi/lib/thumb/v7e-m/nofp\libg.a(lib_a-init.o)
 .ARM.attributes
                0x000002d6       0x1c c:/ti/ccs1250/ccs/tools/compiler/gcc-arm-none-eabi-9-2019-q4-major/bin/../lib/gcc/arm-none-eabi/9.2.1/../../../../arm-none-eabi/lib/thumb/v7e-m/nofp\libg.a(lib_a-memcpy.o)
 .ARM.attributes
                0x000002f2       0x2e c:/ti/ccs1250/ccs/tools/compiler/gcc-arm-none-eabi-9-2019-q4-major/bin/../lib/gcc/arm-none-eabi/9.2.1/../../../../arm-none-eabi/lib/thumb/v7e-m/nofp\libg.a(lib_a-memset.o)
 .ARM.attributes
                0x00000320       0x1c c:/ti/ccs1250/ccs/tools/compiler/gcc-arm-none-eabi-9-2019-q4-major/bin/../lib/gcc/arm-none-eabi/9.2.1/../../../../arm-none-eabi/lib/thumb/v7e-m/nofp\libg.a(lib_a-strcmp.o)
 .ARM.attributes
                0x0000033c       0x2e c:/ti/ccs1250/ccs/tools/compiler/gcc-arm-none-eabi-9-2019-q4-major/bin/../lib/gcc/arm-none-eabi/9.2.1/../../../../arm-none-eabi/lib/thumb/v7e-m/nofp\libg.a(lib_a-__call_atexit.o)
 .ARM.attributes
                0x0000036a       0x2e c:/ti/ccs1250/ccs/tools/compiler/gcc-arm-none-eabi-9-2019-q4-major/bin/../lib/gcc/arm-none-eabi/9.2.1/../../../../arm-none-eabi/lib/thumb/v7e-m/nofp\libg.a(lib_a-atexit.o)
 .ARM.attributes
                0x00000398       0x2e c:/ti/ccs1250/ccs/tools/compiler/gcc-arm-none-eabi-9-2019-q4-major/bin/../lib/gcc/arm-none-eabi/9.2.1/../../../../arm-none-eabi/lib/thumb/v7e-m/nofp\libg.a(lib_a-fini.o)
 .ARM.attributes
                0x000003c6       0x2e c:/ti/ccs1250/ccs/tools/compiler/gcc-arm-none-eabi-9-2019-q4-major/bin/../lib/gcc/arm-none-eabi/9.2.1/../../../../arm-none-eabi/lib/thumb/v7e-m/nofp\libg.a(lib_a-lock.o)
 .ARM.attributes
                0x000003f4       0x2e c:/ti/ccs1250/ccs/tools/compiler/gcc-arm-none-eabi-9-2019-q4-major/bin/../lib/gcc/arm-none-eabi/9.2.1/../../../../arm-none-eabi/lib/thumb/v7e-m/nofp\libg.a(lib_a-__atexit.o)
 .ARM.attributes
                0x00000422       0x2e c:/ti/ccs1250/ccs/tools/compiler/gcc-arm-none-eabi-9-2019-q4-major/bin/../lib/gcc/arm-none-eabi/9.2.1/../../../../arm-none-eabi/lib/thumb/v7e-m/nofp\libnosys.a(_exit.o)
 .ARM.attributes
                0x00000450       0x2e c:/ti/ccs1250/ccs/tools/compiler/gcc-arm-none-eabi-9-2019-q4-major/bin/../lib/gcc/arm-none-eabi/9.2.1/thumb/v7e-m/nofp/crtend.o
 .ARM.attributes
                0x0000047e       0x1e c:/ti/ccs1250/ccs/tools/compiler/gcc-arm-none-eabi-9-2019-q4-major/bin/../lib/gcc/arm-none-eabi/9.2.1/thumb/v7e-m/nofp/crtn.o

.comment        0x00000000       0x79
 .comment       0x00000000       0x79 ./GPIO.o
                                 0x7a (size before relaxing)
 .comment       0x00000079       0x7a ./keypad.o
 .comment       0x00000079       0x7a ./main.o
 .comment       0x00000079       0x7a ./tm4c123gh6pm_startup_ccs_gcc.o
 .comment       0x00000079       0x7a C:/Users/basat/Downloads/uart/uart/libdriver.a(gpio.o)
 .comment       0x00000079       0x7a C:/Users/basat/Downloads/uart/uart/libdriver.a(interrupt.o)
 .comment       0x00000079       0x7a C:/Users/basat/Downloads/uart/uart/libdriver.a(sysctl.o)
 .comment       0x00000079       0x7a C:/Users/basat/Downloads/uart/uart/libdriver.a(systick.o)
 .comment       0x00000079       0x7a C:/Users/basat/Downloads/uart/uart/libdriver.a(uart.o)
 .comment       0x00000079       0x7a C:/Users/basat/Downloads/uart/uart/libdriver.a(cpu.o)

.debug_info     0x00000000     0x28d6
 .debug_info    0x00000000      0xa08 ./GPIO.o
 .debug_info    0x00000a08      0xa18 ./keypad.o
 .debug_info    0x00001420     0x120f ./main.o
 .debug_info    0x0000262f      0x2a7 ./tm4c123gh6pm_startup_ccs_gcc.o

.debug_abbrev   0x00000000      0x804
 .debug_abbrev  0x00000000      0x1d0 ./GPIO.o
 .debug_abbrev  0x000001d0      0x23d ./keypad.o
 .debug_abbrev  0x0000040d      0x2f2 ./main.o
 .debug_abbrev  0x000006ff      0x105 ./tm4c123gh6pm_startup_ccs_gcc.o

.debug_aranges  0x00000000      0x180
 .debug_aranges
                0x00000000       0x68 ./GPIO.o
 .debug_aranges
                0x00000068       0x38 ./keypad.o
 .debug_aranges
                0x000000a0       0x98 ./main.o
 .debug_aranges
                0x00000138       0x48 ./tm4c123gh6pm_startup_ccs_gcc.o

.debug_ranges   0x00000000      0x170
 .debug_ranges  0x00000000       0x58 ./GPIO.o
 .debug_ranges  0x00000058       0x28 ./keypad.o
 .debug_ranges  0x00000080       0xb8 ./main.o
 .debug_ranges  0x00000138       0x38 ./tm4c123gh6pm_startup_ccs_gcc.o

.debug_line     0x00000000     0x1551
 .debug_line    0x00000000      0x31d ./GPIO.o
 .debug_line    0x0000031d      0x2fe ./keypad.o
 .debug_line    0x0000061b      0xccc ./main.o
 .debug_line    0x000012e7      0x26a ./tm4c123gh6pm_startup_ccs_gcc.o

.debug_str      0x00000000      0x92d
 .debug_str     0x00000000      0x5af ./GPIO.o
                                0x61b (size before relaxing)
 .debug_str     0x000005af       0x42 ./keypad.o
                                0x5c9 (size before relaxing)
 .debug_str     0x000005f1      0x281 ./main.o
                                0x82a (size before relaxing)
 .debug_str     0x00000872       0xbb ./tm4c123gh6pm_startup_ccs_gcc.o
                                0x31b (size before relaxing)

.debug_frame    0x00000000      0x78c
 .debug_frame   0x00000000      0x150 ./GPIO.o
 .debug_frame   0x00000150       0x98 ./keypad.o
 .debug_frame   0x000001e8      0x240 ./main.o
 .debug_frame   0x00000428       0xbc ./tm4c123gh6pm_startup_ccs_gcc.o
 .debug_frame   0x000004e4       0x28 c:/ti/ccs1250/ccs/tools/compiler/gcc-arm-none-eabi-9-2019-q4-major/bin/../lib/gcc/arm-none-eabi/9.2.1/../../../../arm-none-eabi/lib/thumb/v7e-m/nofp\libg.a(lib_a-exit.o)
 .debug_frame   0x0000050c       0x2c c:/ti/ccs1250/ccs/tools/compiler/gcc-arm-none-eabi-9-2019-q4-major/bin/../lib/gcc/arm-none-eabi/9.2.1/../../../../arm-none-eabi/lib/thumb/v7e-m/nofp\libg.a(lib_a-init.o)
 .debug_frame   0x00000538       0x38 c:/ti/ccs1250/ccs/tools/compiler/gcc-arm-none-eabi-9-2019-q4-major/bin/../lib/gcc/arm-none-eabi/9.2.1/../../../../arm-none-eabi/lib/thumb/v7e-m/nofp\libg.a(lib_a-memset.o)
 .debug_frame   0x00000570       0x68 c:/ti/ccs1250/ccs/tools/compiler/gcc-arm-none-eabi-9-2019-q4-major/bin/../lib/gcc/arm-none-eabi/9.2.1/../../../../arm-none-eabi/lib/thumb/v7e-m/nofp\libg.a(lib_a-strcmp.o)
 .debug_frame   0x000005d8       0x5c c:/ti/ccs1250/ccs/tools/compiler/gcc-arm-none-eabi-9-2019-q4-major/bin/../lib/gcc/arm-none-eabi/9.2.1/../../../../arm-none-eabi/lib/thumb/v7e-m/nofp\libg.a(lib_a-__call_atexit.o)
 .debug_frame   0x00000634       0x20 c:/ti/ccs1250/ccs/tools/compiler/gcc-arm-none-eabi-9-2019-q4-major/bin/../lib/gcc/arm-none-eabi/9.2.1/../../../../arm-none-eabi/lib/thumb/v7e-m/nofp\libg.a(lib_a-atexit.o)
 .debug_frame   0x00000654       0x34 c:/ti/ccs1250/ccs/tools/compiler/gcc-arm-none-eabi-9-2019-q4-major/bin/../lib/gcc/arm-none-eabi/9.2.1/../../../../arm-none-eabi/lib/thumb/v7e-m/nofp\libg.a(lib_a-fini.o)
 .debug_frame   0x00000688       0xb0 c:/ti/ccs1250/ccs/tools/compiler/gcc-arm-none-eabi-9-2019-q4-major/bin/../lib/gcc/arm-none-eabi/9.2.1/../../../../arm-none-eabi/lib/thumb/v7e-m/nofp\libg.a(lib_a-lock.o)
 .debug_frame   0x00000738       0x34 c:/ti/ccs1250/ccs/tools/compiler/gcc-arm-none-eabi-9-2019-q4-major/bin/../lib/gcc/arm-none-eabi/9.2.1/../../../../arm-none-eabi/lib/thumb/v7e-m/nofp\libg.a(lib_a-__atexit.o)
 .debug_frame   0x0000076c       0x20 c:/ti/ccs1250/ccs/tools/compiler/gcc-arm-none-eabi-9-2019-q4-major/bin/../lib/gcc/arm-none-eabi/9.2.1/../../../../arm-none-eabi/lib/thumb/v7e-m/nofp\libnosys.a(_exit.o)
